The normalize layer is contained in the network
Epoch #0, Learning rate: 0.01
train_accuracy 0.000
one epoch duration:0.3386549949645996
PASS FT
Epoch #0, Learning rate: 0.01
one epoch duration:0.027416706085205078
PASS RL
Epoch #0, Learning rate: 0.01
train_accuracy 0.000
one epoch duration:0.01919865608215332
PASS GA
  0%|          | 0/1 [00:00<?, ?it/s]100%|██████████| 1/1 [00:00<00:00, 41.05it/s]
  0%|          | 0/1 [00:00<?, ?it/s]100%|██████████| 1/1 [00:00<00:00, 92.09it/s]
  0%|          | 0/4 [00:00<?, ?it/s]100%|██████████| 4/4 [00:00<00:00, 60.41it/s]
PASS wfisher
Epoch #0, Learning rate: 0.01
train_accuracy 0.000
one epoch duration:0.01528310775756836
PASS boundary_expanding
Epoch #0, Learning rate: 0.01
train_accuracy 0.000
one epoch duration:0.029709577560424805
PASS boundary_shrink
Epoch #0, Learning rate: 0.01
train_accuracy 0.000
one epoch duration:0.026100873947143555
PASS FT_l1
Epoch #0, Learning rate: 0.01
one epoch duration:0.055689334869384766
PASS RL_proximal
PASS MMU
