[2026-09-09T19:33:47Z] === cifar10 -> results/classification_benchmark/cifar10 ===
[2026-09-09T21:09:23Z] cifar10 cnn class seed42 exit=0
[2026-09-09T22:55:32Z] cifar10 cnn instance seed42 exit=0
[2026-09-09T23:41:30Z] cifar10 resnet18 class seed42 exit=0
[2026-09-10T00:04:37Z] cifar10 resnet18 instance seed42 exit=0
[2026-09-10T01:27:33Z] cifar10 cnn subclass seed42 exit=0
[2026-09-10T03:10:34Z] cifar10 resnet18 subclass seed42 exit=0
[2026-09-10T03:39:40Z] cifar10 cnn instance seed43 exit=0
[2026-09-10T05:03:26Z] cifar10 cnn class seed43 exit=0
[2026-09-10T06:16:10Z] cifar10 resnet18 class seed43 exit=0
[2026-09-10T06:19:59Z] cifar10 resnet18 instance seed43 exit=0
[2026-09-10T07:35:43Z] cifar10 cnn subclass seed43 exit=0
[2026-09-10T09:43:32Z] cifar10 resnet18 subclass seed43 exit=0
[2026-09-10T10:00:48Z] cifar10 cnn instance seed44 exit=0
[2026-09-10T11:37:18Z] cifar10 cnn class seed44 exit=0
[2026-09-10T12:37:54Z] cifar10 resnet18 instance seed44 exit=0
[2026-09-10T12:38:51Z] cifar10 resnet18 class seed44 exit=0
[2026-09-10T13:49:52Z] cifar10 cnn subclass seed44 exit=0
[2026-09-10T14:51:56Z] cifar10 resnet18 subclass seed44 exit=0
[2026-09-10T14:51:56Z] === cifar10 COMPLETE ===
[2026-09-10T14:51:56Z] === rti -> results/classification_benchmark/rti ===
[2026-09-10T16:52:40Z] rti cnn class seed42 exit=0
[2026-09-10T18:51:12Z] rti cnn instance seed42 exit=0
[2026-09-10T19:46:34Z] rti resnet18 class seed42 exit=0
[2026-09-10T20:22:42Z] rti resnet18 instance seed42 exit=0
[2026-09-10T21:56:28Z] rti cnn subclass seed42 exit=0
[2026-09-11T00:02:12Z] rti resnet18 subclass seed42 exit=0
[2026-09-11T00:41:02Z] rti cnn instance seed43 exit=0
[2026-09-11T02:07:44Z] rti cnn class seed43 exit=0
[2026-09-11T03:21:42Z] rti resnet18 instance seed43 exit=0
[2026-09-11T03:42:28Z] rti resnet18 class seed43 exit=0
[2026-09-11T04:51:59Z] rti cnn subclass seed43 exit=0
[2026-09-11T07:06:57Z] rti resnet18 subclass seed43 exit=0
[2026-09-11T07:42:47Z] rti cnn instance seed44 exit=0
[2026-09-11T09:12:45Z] rti cnn class seed44 exit=0
[2026-09-11T10:10:08Z] rti resnet18 instance seed44 exit=0
[2026-09-11T10:55:16Z] rti resnet18 class seed44 exit=0
[2026-09-11T12:03:22Z] rti cnn subclass seed44 exit=0
[2026-09-11T13:13:16Z] rti resnet18 subclass seed44 exit=0
[2026-09-11T13:13:16Z] === rti COMPLETE ===
[2026-09-11T13:13:17Z] === cifar100 -> results/classification_benchmark/cifar100 ===
[2026-09-11T14:55:16Z] cifar100 cnn class seed42 exit=0
[2026-09-11T16:51:54Z] cifar100 cnn instance seed42 exit=0
[2026-09-11T17:22:45Z] cifar100 resnet18 class seed42 exit=0
[2026-09-11T18:24:02Z] cifar100 resnet18 instance seed42 exit=0
[2026-09-11T19:36:01Z] cifar100 cnn subclass seed42 exit=0
[2026-09-11T20:58:39Z] cifar100 resnet18 subclass seed42 exit=0
[2026-09-11T22:04:24Z] cifar100 cnn instance seed43 exit=0
[2026-09-11T22:40:41Z] cifar100 cnn class seed43 exit=0
[2026-09-12T00:27:37Z] cifar100 resnet18 instance seed43 exit=0
[2026-09-12T00:33:27Z] cifar100 resnet18 class seed43 exit=0
[2026-09-12T01:08:14Z] cifar100 cnn subclass seed43 exit=0
[2026-09-12T03:48:22Z] cifar100 resnet18 subclass seed43 exit=0
[2026-09-12T04:19:00Z] cifar100 cnn instance seed44 exit=0
[2026-09-12T05:34:51Z] cifar100 cnn class seed44 exit=0
[2026-09-12T06:03:03Z] cifar100 resnet18 instance seed44 exit=0
[2026-09-12T06:48:59Z] cifar100 resnet18 class seed44 exit=0
[2026-09-12T07:42:42Z] cifar100 cnn subclass seed44 exit=0
[2026-09-12T08:30:50Z] cifar100 resnet18 subclass seed44 exit=0
[2026-09-12T08:30:50Z] === cifar100 COMPLETE ===
CAMPAIGN COMPLETE
