Dataset information: CIFAR-10	 45000 images for training 	 5000 images for validation	
10000 images for testing	 no normalize applied in data_transform
Data augmentation = randomcrop(32,4) + randomhorizontalflip
Dataset information: CIFAR-10	 45000 images for training 	 5000 images for validation	
10000 images for testing	 no normalize applied in data_transform
Data augmentation = randomcrop(32,4) + randomhorizontalflip
setup random seed = 2
The normalize layer is contained in the network
setup random seed = 2
setup random seed = 2
GOOD TEACHER 10 0
GOOD TEACHER 10 1
GOOD TEACHER 10 2
GOOD TEACHER 10 3
GOOD TEACHER 10 4
setup random seed = 2
CLASSIFICATION 10 MMU {'epoch': 0, 'loss': 0.004392108099488249, 'seconds': 13.942289113998413}
CLASSIFICATION 10 MMU {'epoch': 1, 'loss': 0.004147014787139476, 'seconds': 27.795947313308716}
CLASSIFICATION 10 MMU {'epoch': 2, 'loss': 0.004022072243603802, 'seconds': 41.69422197341919}
CLASSIFICATION 10 MMU {'epoch': 3, 'loss': 0.004052872117169482, 'seconds': 55.48521566390991}
CLASSIFICATION 10 MMU {'epoch': 4, 'loss': 0.004040648055163288, 'seconds': 69.1226019859314}
setup random seed = 2
CLASSIFICATION 10 Attraction only {'epoch': 0, 'loss': 0.002735098868567473, 'seconds': 13.721703290939331}
CLASSIFICATION 10 Attraction only {'epoch': 1, 'loss': 0.002492237159595737, 'seconds': 27.54459309577942}
CLASSIFICATION 10 Attraction only {'epoch': 2, 'loss': 0.0023533384778402135, 'seconds': 41.57471251487732}
CLASSIFICATION 10 Attraction only {'epoch': 3, 'loss': 0.0024427718786030725, 'seconds': 55.50548505783081}
CLASSIFICATION 10 Attraction only {'epoch': 4, 'loss': 0.002363835743323859, 'seconds': 69.34199452400208}
setup random seed = 2
CLASSIFICATION 10 Full-width SCRUB control {'epoch': 0, 'loss': 0.053421233528814976, 'seconds': 7.010665416717529}
CLASSIFICATION 10 Full-width SCRUB control {'epoch': 1, 'loss': 0.07698150663841632, 'seconds': 13.81283187866211}
CLASSIFICATION 10 Full-width SCRUB control {'epoch': 2, 'loss': 0.046707228405998565, 'seconds': 20.083141565322876}
CLASSIFICATION 10 Full-width SCRUB control {'epoch': 3, 'loss': 0.04309857781367295, 'seconds': 26.623459815979004}
CLASSIFICATION 10 Full-width SCRUB control {'epoch': 4, 'loss': 0.04257107864620176, 'seconds': 33.17300081253052}
METRICS 10 Source {'UA': 0.0, 'RA': 100.0, 'TA': 94.61999535560608, 'MIA': 0.022222222222223476, 'Df_accuracy': 100.0, 'Dr_accuracy': 100.0, 'Test_accuracy': 94.61999535560608, 'seconds': 1031.4562584779924, 'teacher_seconds': 0, 'checkpoint': 'salun_protocol/classification/seed2/source.pt'}
METRICS 10 Retrain {'UA': 5.733335018157959, 'RA': 100.0, 'TA': 94.44999694824219, 'MIA': 13.488888888888884, 'Df_accuracy': 94.26666498184204, 'Dr_accuracy': 100.0, 'Test_accuracy': 94.44999694824219, 'seconds': 934.4201085959794, 'teacher_seconds': 0, 'checkpoint': 'salun_protocol/classification/seed2/forget10/retrain.pt'}
METRICS 10 SalUn {'UA': 0.577777624130249, 'RA': 99.98518824577332, 'TA': 94.41999793052673, 'MIA': 12.377777777777776, 'Df_accuracy': 99.42222237586975, 'Dr_accuracy': 99.98518824577332, 'Test_accuracy': 94.41999793052673, 'seconds': 62.57628208200913, 'teacher_seconds': 0, 'checkpoint': 'salun_protocol/classification/seed2/forget10/SalUn.pt'}
METRICS 10 Retain FT teacher {'UA': 0.0, 'RA': 100.0, 'TA': 94.73999738693237, 'MIA': 0.15555555555555323, 'Df_accuracy': 100.0, 'Dr_accuracy': 100.0, 'Test_accuracy': 94.73999738693237, 'seconds': 18.66271734237671, 'teacher_seconds': 0, 'checkpoint': '$MMU_WORK/mmu2t_strengthening/classification/forget10/good_teacher.pt'}
METRICS 10 MMU {'UA': 0.0, 'RA': 100.0, 'TA': 94.62999701499939, 'MIA': 0.04444444444444695, 'Df_accuracy': 100.0, 'Dr_accuracy': 100.0, 'Test_accuracy': 94.62999701499939, 'seconds': 69.12818908691406, 'teacher_seconds': 18.66271734237671, 'checkpoint': '$MMU_WORK/mmu2t_strengthening/classification/forget10/MMU.pt'}
METRICS 10 Attraction only {'UA': 0.0, 'RA': 100.0, 'TA': 94.61999535560608, 'MIA': 0.04444444444444695, 'Df_accuracy': 100.0, 'Dr_accuracy': 100.0, 'Test_accuracy': 94.61999535560608, 'seconds': 69.34395003318787, 'teacher_seconds': 18.66271734237671, 'checkpoint': '$MMU_WORK/mmu2t_strengthening/classification/forget10/Attraction_only.pt'}
METRICS 10 Full-width SCRUB control {'UA': 0.0, 'RA': 100.0, 'TA': 94.6399986743927, 'MIA': 0.04444444444444695, 'Df_accuracy': 100.0, 'Dr_accuracy': 100.0, 'Test_accuracy': 94.6399986743927, 'seconds': 33.1750967502594, 'teacher_seconds': 0, 'checkpoint': '$MMU_WORK/mmu2t_strengthening/classification/forget10/Full-width_SCRUB_control.pt'}
setup random seed = 2
GOOD TEACHER 50 0
GOOD TEACHER 50 1
GOOD TEACHER 50 2
GOOD TEACHER 50 3
GOOD TEACHER 50 4
setup random seed = 2
CLASSIFICATION 50 MMU {'epoch': 0, 'loss': 0.004002806632673706, 'seconds': 7.692692995071411}
CLASSIFICATION 50 MMU {'epoch': 1, 'loss': 0.0038650429236109962, 'seconds': 15.485722064971924}
CLASSIFICATION 50 MMU {'epoch': 2, 'loss': 0.00407219853580252, 'seconds': 23.07970690727234}
CLASSIFICATION 50 MMU {'epoch': 3, 'loss': 0.003843157155312259, 'seconds': 30.791566848754883}
CLASSIFICATION 50 MMU {'epoch': 4, 'loss': 0.0038619222812650896, 'seconds': 38.581435680389404}
setup random seed = 2
CLASSIFICATION 50 Attraction only {'epoch': 0, 'loss': 0.0023189207038905642, 'seconds': 7.843212127685547}
CLASSIFICATION 50 Attraction only {'epoch': 1, 'loss': 0.0022300237416691907, 'seconds': 15.573259353637695}
CLASSIFICATION 50 Attraction only {'epoch': 2, 'loss': 0.0023954326144038614, 'seconds': 23.299256563186646}
CLASSIFICATION 50 Attraction only {'epoch': 3, 'loss': 0.002196694998102347, 'seconds': 30.96540665626526}
CLASSIFICATION 50 Attraction only {'epoch': 4, 'loss': 0.0021727958717912606, 'seconds': 38.604029417037964}
setup random seed = 2
CLASSIFICATION 50 Full-width SCRUB control {'epoch': 0, 'loss': 9.174986045468938, 'seconds': 6.482028961181641}
CLASSIFICATION 50 Full-width SCRUB control {'epoch': 1, 'loss': 31.972777355800975, 'seconds': 12.94578766822815}
CLASSIFICATION 50 Full-width SCRUB control {'epoch': 2, 'loss': 10.845155217430808, 'seconds': 16.560914516448975}
CLASSIFICATION 50 Full-width SCRUB control {'epoch': 3, 'loss': 10.180136767300693, 'seconds': 20.161169052124023}
CLASSIFICATION 50 Full-width SCRUB control {'epoch': 4, 'loss': 9.84623908996582, 'seconds': 23.767056226730347}
METRICS 50 Source {'UA': 0.0, 'RA': 100.0, 'TA': 94.61999535560608, 'MIA': 0.07111111111111068, 'Df_accuracy': 100.0, 'Dr_accuracy': 100.0, 'Test_accuracy': 94.61999535560608, 'seconds': 1031.4562584779924, 'teacher_seconds': 0, 'checkpoint': 'salun_protocol/classification/seed2/source.pt'}
METRICS 50 Retrain {'UA': 7.417774200439453, 'RA': 100.0, 'TA': 91.839998960495, 'MIA': 18.386666666666663, 'Df_accuracy': 92.58222579956055, 'Dr_accuracy': 100.0, 'Test_accuracy': 91.839998960495, 'seconds': 528.5569415739737, 'teacher_seconds': 0, 'checkpoint': 'salun_protocol/classification/seed2/forget50/retrain.pt'}
METRICS 50 SalUn {'UA': 0.64888596534729, 'RA': 99.83111023902893, 'TA': 93.4499979019165, 'MIA': 10.351111111111111, 'Df_accuracy': 99.35111403465271, 'Dr_accuracy': 99.83111023902893, 'Test_accuracy': 93.4499979019165, 'seconds': 65.18785619502887, 'teacher_seconds': 0, 'checkpoint': 'salun_protocol/classification/seed2/forget50/SalUn.pt'}
METRICS 50 Retain FT teacher {'UA': 0.008887052536010742, 'RA': 100.0, 'TA': 94.61999535560608, 'MIA': 0.19111111111110857, 'Df_accuracy': 99.99111294746399, 'Dr_accuracy': 100.0, 'Test_accuracy': 94.61999535560608, 'seconds': 10.266511917114258, 'teacher_seconds': 0, 'checkpoint': '$MMU_WORK/mmu2t_strengthening/classification/forget50/good_teacher.pt'}
METRICS 50 MMU {'UA': 0.0044405460357666016, 'RA': 100.0, 'TA': 94.65999603271484, 'MIA': 0.06666666666667043, 'Df_accuracy': 99.99555945396423, 'Dr_accuracy': 100.0, 'Test_accuracy': 94.65999603271484, 'seconds': 38.58340287208557, 'teacher_seconds': 10.266511917114258, 'checkpoint': '$MMU_WORK/mmu2t_strengthening/classification/forget50/MMU.pt'}
METRICS 50 Attraction only {'UA': 0.0044405460357666016, 'RA': 100.0, 'TA': 94.72000002861023, 'MIA': 0.07111111111111068, 'Df_accuracy': 99.99555945396423, 'Dr_accuracy': 100.0, 'Test_accuracy': 94.72000002861023, 'seconds': 38.60589289665222, 'teacher_seconds': 10.266511917114258, 'checkpoint': '$MMU_WORK/mmu2t_strengthening/classification/forget50/Attraction_only.pt'}
METRICS 50 Full-width SCRUB control {'UA': 68.21333169937134, 'RA': 32.42666721343994, 'TA': 32.70999789237976, 'MIA': 46.85333333333334, 'Df_accuracy': 31.786668300628662, 'Dr_accuracy': 32.42666721343994, 'Test_accuracy': 32.70999789237976, 'seconds': 23.769115447998047, 'teacher_seconds': 0, 'checkpoint': '$MMU_WORK/mmu2t_strengthening/classification/forget50/Full-width_SCRUB_control.pt'}
CLASSIFICATION COMPLETE
