MMU MMU {'step': 1, 'attraction': 0.0010639969259500504, 'hinge': 0.0020000000949949026, 'retain': 0.0799870565533638, 'loss': 0.08305105566978455, 'gradient_norm': 0.04413369297981262, 'seconds': 0.3963627815246582}
MMU MMU {'step': 100, 'attraction': 0.0006194463348947465, 'hinge': 0.0, 'retain': 0.09718357026576996, 'loss': 0.0978030189871788, 'gradient_norm': 0.10932253301143646, 'seconds': 10.38365912437439}
MMU MMU {'step': 200, 'attraction': 0.0004966810811311007, 'hinge': 0.0, 'retain': 0.07844267040491104, 'loss': 0.07893934845924377, 'gradient_norm': 0.11535945534706116, 'seconds': 20.572266101837158}
MMU MMU {'step': 250, 'attraction': 0.000428686267696321, 'hinge': 0.00016956008039414883, 'retain': 0.07037558406591415, 'loss': 0.07097382843494415, 'gradient_norm': 0.16671673953533173, 'seconds': 25.728651523590088}
MMU MMU {'step': 300, 'attraction': 0.0004884537192992866, 'hinge': 0.0, 'retain': 0.0738058090209961, 'loss': 0.07429426163434982, 'gradient_norm': 0.05918020009994507, 'seconds': 30.936246633529663}
MMU MMU {'step': 400, 'attraction': 0.0005161230219528079, 'hinge': 9.767652954906225e-05, 'retain': 0.06776797771453857, 'loss': 0.06838177889585495, 'gradient_norm': 0.16850227117538452, 'seconds': 41.02216935157776}
MMU MMU {'step': 500, 'attraction': 0.0003970518009737134, 'hinge': 0.0002989424392580986, 'retain': 0.07869438827037811, 'loss': 0.07939038425683975, 'gradient_norm': 0.06320971995592117, 'seconds': 51.260836362838745}
MMU MMU {'step': 600, 'attraction': 0.000505187432281673, 'hinge': 0.0, 'retain': 0.13191168010234833, 'loss': 0.13241687417030334, 'gradient_norm': 0.1437361240386963, 'seconds': 61.56914734840393}
MMU MMU {'step': 700, 'attraction': 0.00042311009019613266, 'hinge': 0.00011604372411966324, 'retain': 0.08651731163263321, 'loss': 0.087056465446949, 'gradient_norm': 0.19113104045391083, 'seconds': 71.98095941543579}
MMU MMU {'step': 800, 'attraction': 0.0004628836177289486, 'hinge': 0.0, 'retain': 0.09980016946792603, 'loss': 0.10026305168867111, 'gradient_norm': 0.21922710537910461, 'seconds': 82.40050625801086}
MMU MMU {'step': 900, 'attraction': 0.00039472366916015744, 'hinge': 0.0002146897604689002, 'retain': 0.09730232506990433, 'loss': 0.09791173785924911, 'gradient_norm': 0.101406030356884, 'seconds': 92.96811056137085}
MMU MMU {'step': 1000, 'attraction': 0.00033099629217758775, 'hinge': 0.000573354191146791, 'retain': 0.05862349271774292, 'loss': 0.059527844190597534, 'gradient_norm': 0.1554289311170578, 'seconds': 103.54682540893555}
ABLATION DONE 0 MMU
Attraction_only Attraction only {'step': 1, 'attraction': 0.0010639969259500504, 'hinge': 0.0, 'retain': 0.0799870565533638, 'loss': 0.0810510516166687, 'gradient_norm': 0.044133689254522324, 'seconds': 0.10609984397888184}
Attraction_only Attraction only {'step': 100, 'attraction': 0.0002118701086146757, 'hinge': 0.0, 'retain': 0.0970534086227417, 'loss': 0.09726528078317642, 'gradient_norm': 0.08883840590715408, 'seconds': 10.816373825073242}
Attraction_only Attraction only {'step': 200, 'attraction': 0.00021408952306956053, 'hinge': 0.0, 'retain': 0.078350730240345, 'loss': 0.07856482267379761, 'gradient_norm': 0.1372583955526352, 'seconds': 21.59297275543213}
Attraction_only Attraction only {'step': 250, 'attraction': 0.00014970984193496406, 'hinge': 0.0, 'retain': 0.07029003649950027, 'loss': 0.07043974846601486, 'gradient_norm': 0.18395991623401642, 'seconds': 27.00131607055664}
Attraction_only Attraction only {'step': 300, 'attraction': 0.00016134208999574184, 'hinge': 0.0, 'retain': 0.07374819368124008, 'loss': 0.07390953600406647, 'gradient_norm': 0.07815556228160858, 'seconds': 32.41891527175903}
Attraction_only Attraction only {'step': 400, 'attraction': 0.0001628633326618001, 'hinge': 0.0, 'retain': 0.06764128804206848, 'loss': 0.06780415028333664, 'gradient_norm': 0.18335701525211334, 'seconds': 43.15972185134888}
Attraction_only Attraction only {'step': 500, 'attraction': 0.0001379779278067872, 'hinge': 0.0, 'retain': 0.0786232203245163, 'loss': 0.07876119762659073, 'gradient_norm': 0.11174476146697998, 'seconds': 53.98651075363159}
Attraction_only Attraction only {'step': 600, 'attraction': 0.00021722195378970355, 'hinge': 0.0, 'retain': 0.1317387968301773, 'loss': 0.13195602595806122, 'gradient_norm': 0.1407320201396942, 'seconds': 64.7562928199768}
Attraction_only Attraction only {'step': 700, 'attraction': 0.00013399469025898725, 'hinge': 0.0, 'retain': 0.08641345053911209, 'loss': 0.08654744178056717, 'gradient_norm': 0.13817211985588074, 'seconds': 75.55921244621277}
Attraction_only Attraction only {'step': 800, 'attraction': 0.0002157452399842441, 'hinge': 0.0, 'retain': 0.09971747547388077, 'loss': 0.09993322193622589, 'gradient_norm': 0.13234946131706238, 'seconds': 86.28215098381042}
Attraction_only Attraction only {'step': 900, 'attraction': 0.0001626010925974697, 'hinge': 0.0, 'retain': 0.09723564237356186, 'loss': 0.09739824384450912, 'gradient_norm': 0.08146478235721588, 'seconds': 97.06754803657532}
Attraction_only Attraction only {'step': 1000, 'attraction': 0.00011559617996681482, 'hinge': 0.0, 'retain': 0.05850866809487343, 'loss': 0.0586242638528347, 'gradient_norm': 0.08694108575582504, 'seconds': 107.81073379516602}
ABLATION DONE 0 Attraction only
Nested_MMU Nested MMU {'step': 1, 'attraction': 0.08140252841015656, 'hinge': 0.0006666666983316342, 'retain': 0.5804746076464653, 'loss': 0.2208479382097721, 'gradient_norm': 1.8042526245117188, 'seconds': 0.24036908149719238}
Nested_MMU Nested MMU {'step': 100, 'attraction': 0.0036196731962263584, 'hinge': 8.648804699381193e-06, 'retain': 0.11895645658175151, 'loss': 0.04086159293850263, 'gradient_norm': 0.0769137293100357, 'seconds': 24.04664134979248}
Nested_MMU Nested MMU {'step': 200, 'attraction': 0.002525836694985628, 'hinge': 2.5123668213685352e-05, 'retain': 0.08800562471151352, 'loss': 0.030185529341300327, 'gradient_norm': 0.07525936514139175, 'seconds': 48.016191482543945}
Nested_MMU Nested MMU {'step': 250, 'attraction': 0.0016132930371289451, 'hinge': 0.00011021923273801804, 'retain': 0.07756775120894115, 'loss': 0.026430421819289524, 'gradient_norm': 0.131130650639534, 'seconds': 60.05675506591797}
Nested_MMU Nested MMU {'step': 300, 'attraction': 0.0016589572187513113, 'hinge': 0.0, 'retain': 0.08102439095576604, 'loss': 0.027561116963624954, 'gradient_norm': 0.09234672784805298, 'seconds': 72.10457348823547}
Nested_MMU Nested MMU {'step': 400, 'attraction': 0.0015790602192282677, 'hinge': 0.0, 'retain': 0.07302710910638173, 'loss': 0.024868724246819813, 'gradient_norm': 0.14358223974704742, 'seconds': 96.00205278396606}
Nested_MMU Nested MMU {'step': 500, 'attraction': 0.001169376230488221, 'hinge': 0.00015778858990718922, 'retain': 0.0839018647869428, 'loss': 0.02840967724720637, 'gradient_norm': 0.08396142721176147, 'seconds': 120.05324983596802}
Nested_MMU Nested MMU {'step': 600, 'attraction': 0.001393018348608166, 'hinge': 0.0, 'retain': 0.1383147140343984, 'loss': 0.0465692455569903, 'gradient_norm': 0.1362980157136917, 'seconds': 143.98228549957275}
Nested_MMU Nested MMU {'step': 700, 'attraction': 0.000988060744324078, 'hinge': 6.857479456812143e-05, 'retain': 0.09124837319056193, 'loss': 0.030768337349096935, 'gradient_norm': 0.1352887749671936, 'seconds': 168.05347681045532}
Nested_MMU Nested MMU {'step': 800, 'attraction': 0.0015783077881981928, 'hinge': 0.0, 'retain': 0.10356942812601726, 'loss': 0.03504924724499384, 'gradient_norm': 0.12890484929084778, 'seconds': 191.94157338142395}
Nested_MMU Nested MMU {'step': 900, 'attraction': 0.0009480745842059454, 'hinge': 6.818394952764113e-05, 'retain': 0.10141556958357494, 'loss': 0.03414394458134969, 'gradient_norm': 0.09373075515031815, 'seconds': 215.9785590171814}
Nested_MMU Nested MMU {'step': 1000, 'attraction': 0.0008398418043119212, 'hinge': 0.00033053825609385967, 'retain': 0.060992829501628876, 'loss': 0.02072107046842575, 'gradient_norm': 0.07035590708255768, 'seconds': 239.92331647872925}
ABLATION DONE 0 Nested MMU
Nested_attraction Nested attraction {'step': 1, 'attraction': 0.08140252841015656, 'hinge': 0.0, 'retain': 0.5804746076464653, 'loss': 0.2206257153302431, 'gradient_norm': 1.8042526245117188, 'seconds': 0.23990941047668457}
Nested_attraction Nested attraction {'step': 100, 'attraction': 0.003619389763722817, 'hinge': 0.0, 'retain': 0.11895845830440521, 'loss': 0.040859283258517586, 'gradient_norm': 0.0756753608584404, 'seconds': 24.022847414016724}
Nested_attraction Nested attraction {'step': 200, 'attraction': 0.0024860769820710025, 'hinge': 0.0, 'retain': 0.08787378172079723, 'loss': 0.030119953056176502, 'gradient_norm': 0.08619026839733124, 'seconds': 47.98275899887085}
Nested_attraction Nested attraction {'step': 250, 'attraction': 0.001568622945342213, 'hinge': 0.0, 'retain': 0.07745823264122009, 'loss': 0.02634228579699993, 'gradient_norm': 0.15275529026985168, 'seconds': 60.01258873939514}
Nested_attraction Nested attraction {'step': 300, 'attraction': 0.0015859277530883749, 'hinge': 0.0, 'retain': 0.08090357979138692, 'loss': 0.027496503045161564, 'gradient_norm': 0.10503820329904556, 'seconds': 72.05247449874878}
Nested_attraction Nested attraction {'step': 400, 'attraction': 0.0013533643990134199, 'hinge': 0.0, 'retain': 0.07293340563774109, 'loss': 0.024762257933616638, 'gradient_norm': 0.150456041097641, 'seconds': 95.94262528419495}
Nested_attraction Nested attraction {'step': 500, 'attraction': 0.0010768768843263388, 'hinge': 0.0, 'retain': 0.08380234489838283, 'loss': 0.028293074419101078, 'gradient_norm': 0.08828474581241608, 'seconds': 119.99943852424622}
Nested_attraction Nested attraction {'step': 600, 'attraction': 0.0012922800378873944, 'hinge': 0.0, 'retain': 0.13825411597887674, 'loss': 0.04651546602447828, 'gradient_norm': 0.2234441190958023, 'seconds': 143.95959758758545}
Nested_attraction Nested attraction {'step': 700, 'attraction': 0.0008226947684306651, 'hinge': 0.0, 'retain': 0.09109944105148315, 'loss': 0.030640713249643643, 'gradient_norm': 0.08971703052520752, 'seconds': 168.03271532058716}
Nested_attraction Nested attraction {'step': 800, 'attraction': 0.0013692597664582233, 'hinge': 0.0, 'retain': 0.10350049038728078, 'loss': 0.0349565843741099, 'gradient_norm': 0.132406085729599, 'seconds': 191.9782702922821}
Nested_attraction Nested attraction {'step': 900, 'attraction': 0.0008040550746954978, 'hinge': 0.0, 'retain': 0.1012938196460406, 'loss': 0.034032625456651054, 'gradient_norm': 0.09518607705831528, 'seconds': 216.06610369682312}
Nested_attraction Nested attraction {'step': 1000, 'attraction': 0.0006965325737837702, 'hinge': 0.0, 'retain': 0.06093290075659752, 'loss': 0.020543145015835762, 'gradient_norm': 0.13505537807941437, 'seconds': 240.03539776802063}
ABLATION DONE 0 Nested attraction
Random_mask Random mask {'step': 1, 'attraction': 0.0010639969259500504, 'hinge': 0.0, 'retain': 0.08013457804918289, 'loss': 0.08119857311248779, 'gradient_norm': 0.04413767531514168, 'seconds': 0.07647275924682617}
Random_mask Random mask {'step': 100, 'attraction': 0.0004007642564829439, 'hinge': 0.0, 'retain': 0.095216765999794, 'loss': 0.09561753273010254, 'gradient_norm': 0.08459877222776413, 'seconds': 8.026460886001587}
Random_mask Random mask {'step': 200, 'attraction': 0.0001546417479403317, 'hinge': 0.0, 'retain': 0.07437721639871597, 'loss': 0.07453186064958572, 'gradient_norm': 0.07780122756958008, 'seconds': 16.048195123672485}
Random_mask Random mask {'step': 250, 'attraction': 0.00018324276607017964, 'hinge': 0.0, 'retain': 0.08970189094543457, 'loss': 0.08988513052463531, 'gradient_norm': 0.06264418363571167, 'seconds': 20.066380262374878}
Random_mask Random mask {'step': 300, 'attraction': 0.00015565971261821687, 'hinge': 0.0, 'retain': 0.09130841493606567, 'loss': 0.0914640724658966, 'gradient_norm': 0.048947758972644806, 'seconds': 24.09605598449707}
Random_mask Random mask {'step': 400, 'attraction': 0.00014193070819601417, 'hinge': 0.0, 'retain': 0.09511741995811462, 'loss': 0.09525935351848602, 'gradient_norm': 0.05514639988541603, 'seconds': 32.07707333564758}
Random_mask Random mask {'step': 500, 'attraction': 8.962499850895256e-05, 'hinge': 0.0, 'retain': 0.10015687346458435, 'loss': 0.10024649649858475, 'gradient_norm': 0.05140687897801399, 'seconds': 40.11219072341919}
Random_mask Random mask {'step': 600, 'attraction': 5.860156306880526e-05, 'hinge': 0.0, 'retain': 0.07989689707756042, 'loss': 0.07995549589395523, 'gradient_norm': 0.06170323118567467, 'seconds': 48.115217447280884}
Random_mask Random mask {'step': 700, 'attraction': 7.087500125635415e-05, 'hinge': 0.0, 'retain': 0.07650503516197205, 'loss': 0.07657591253519058, 'gradient_norm': 0.08763618767261505, 'seconds': 56.147292137145996}
Random_mask Random mask {'step': 800, 'attraction': 5.6064433010760695e-05, 'hinge': 0.0, 'retain': 0.0817602351307869, 'loss': 0.08181630074977875, 'gradient_norm': 0.08027632534503937, 'seconds': 64.12303924560547}
Random_mask Random mask {'step': 900, 'attraction': 5.926194353378378e-05, 'hinge': 0.0, 'retain': 0.08996821939945221, 'loss': 0.09002748131752014, 'gradient_norm': 0.06469820439815521, 'seconds': 72.14613962173462}
Random_mask Random mask {'step': 1000, 'attraction': 2.8106223908253014e-05, 'hinge': 0.0, 'retain': 0.10721685737371445, 'loss': 0.10724496096372604, 'gradient_norm': 0.08508165925741196, 'seconds': 80.13269758224487}
ABLATION DONE 0 Random mask
SalUn SalUn {'step': 1, 'attraction': 0.0010639969259500504, 'hinge': 0.0, 'retain': 0.08013457804918289, 'loss': 0.08119857311248779, 'gradient_norm': 0.04413767531514168, 'seconds': 0.07404470443725586}
SalUn SalUn {'step': 100, 'attraction': 0.00036051456118002534, 'hinge': 0.0, 'retain': 0.09563074260950089, 'loss': 0.09599125385284424, 'gradient_norm': 0.19945289194583893, 'seconds': 8.028848886489868}
SalUn SalUn {'step': 200, 'attraction': 0.0001363997143926099, 'hinge': 0.0, 'retain': 0.07452446222305298, 'loss': 0.07466086000204086, 'gradient_norm': 0.07819683849811554, 'seconds': 16.042677640914917}
SalUn SalUn {'step': 250, 'attraction': 0.0001725281763356179, 'hinge': 0.0, 'retain': 0.0898311510682106, 'loss': 0.09000367671251297, 'gradient_norm': 0.07459300011396408, 'seconds': 20.059295654296875}
SalUn SalUn {'step': 300, 'attraction': 0.00015410257037729025, 'hinge': 0.0, 'retain': 0.0915299504995346, 'loss': 0.09168405085802078, 'gradient_norm': 0.08921604603528976, 'seconds': 24.091909646987915}
SalUn SalUn {'step': 400, 'attraction': 0.00013068933913018554, 'hinge': 0.0, 'retain': 0.09532641619443893, 'loss': 0.09545710682868958, 'gradient_norm': 0.08054433763027191, 'seconds': 32.072091579437256}
SalUn SalUn {'step': 500, 'attraction': 9.124027565121651e-05, 'hinge': 0.0, 'retain': 0.10047002881765366, 'loss': 0.10056126862764359, 'gradient_norm': 0.09385626763105392, 'seconds': 40.11107587814331}
SalUn SalUn {'step': 600, 'attraction': 5.243572377366945e-05, 'hinge': 0.0, 'retain': 0.08013021945953369, 'loss': 0.08018265664577484, 'gradient_norm': 0.08953366428613663, 'seconds': 48.1177191734314}
SalUn SalUn {'step': 700, 'attraction': 7.259206904564053e-05, 'hinge': 0.0, 'retain': 0.0766255110502243, 'loss': 0.07669810205698013, 'gradient_norm': 0.10228051245212555, 'seconds': 56.15942668914795}
SalUn SalUn {'step': 800, 'attraction': 6.242140079848468e-05, 'hinge': 0.0, 'retain': 0.08197091519832611, 'loss': 0.08203333616256714, 'gradient_norm': 0.07283399254083633, 'seconds': 64.14688372612}
SalUn SalUn {'step': 900, 'attraction': 5.8709149016067386e-05, 'hinge': 0.0, 'retain': 0.09020021557807922, 'loss': 0.09025892615318298, 'gradient_norm': 0.090453140437603, 'seconds': 72.19006896018982}
SalUn SalUn {'step': 1000, 'attraction': 2.834443876054138e-05, 'hinge': 0.0, 'retain': 0.10741390287876129, 'loss': 0.10744224488735199, 'gradient_norm': 0.0714263990521431, 'seconds': 80.19282412528992}
ABLATION DONE 0 SalUn
MMU MMU {'step': 1, 'attraction': 0.002032228745520115, 'hinge': 0.0020000000949949026, 'retain': 0.07932364195585251, 'loss': 0.0833558738231659, 'gradient_norm': 0.04246087372303009, 'seconds': 0.1055595874786377}
MMU MMU {'step': 100, 'attraction': 0.0003950775135308504, 'hinge': 0.0, 'retain': 0.09744090586900711, 'loss': 0.0978359803557396, 'gradient_norm': 0.06523063778877258, 'seconds': 10.79935073852539}
MMU MMU {'step': 200, 'attraction': 0.00029603519942611456, 'hinge': 0.0, 'retain': 0.0839744433760643, 'loss': 0.08427047729492188, 'gradient_norm': 0.06799711287021637, 'seconds': 21.572155237197876}
MMU MMU {'step': 250, 'attraction': 0.00021458393894135952, 'hinge': 0.0, 'retain': 0.06151913106441498, 'loss': 0.06173371523618698, 'gradient_norm': 0.13160742819309235, 'seconds': 26.978256464004517}
MMU MMU {'step': 300, 'attraction': 0.00020690355449914932, 'hinge': 0.0, 'retain': 0.07386034727096558, 'loss': 0.07406724989414215, 'gradient_norm': 0.06699847429990768, 'seconds': 32.40177297592163}
MMU MMU {'step': 400, 'attraction': 0.00020973534265067428, 'hinge': 0.0, 'retain': 0.06126629561185837, 'loss': 0.061476029455661774, 'gradient_norm': 0.1761297583580017, 'seconds': 43.14494228363037}
MMU MMU {'step': 500, 'attraction': 0.00017251195095013827, 'hinge': 0.00024800747632980347, 'retain': 0.07850063592195511, 'loss': 0.07892115414142609, 'gradient_norm': 0.11575371026992798, 'seconds': 53.94563913345337}
MMU MMU {'step': 600, 'attraction': 0.00016859003517311066, 'hinge': 0.0, 'retain': 0.1384487748146057, 'loss': 0.1386173665523529, 'gradient_norm': 0.11112946271896362, 'seconds': 64.70804572105408}
MMU MMU {'step': 700, 'attraction': 0.0001779842423275113, 'hinge': 0.0, 'retain': 0.08212848752737045, 'loss': 0.08230647444725037, 'gradient_norm': 0.09010429680347443, 'seconds': 75.50632858276367}
MMU MMU {'step': 800, 'attraction': 0.0003345712029840797, 'hinge': 0.0, 'retain': 0.09628618508577347, 'loss': 0.09662075340747833, 'gradient_norm': 0.19979383051395416, 'seconds': 86.23252391815186}
MMU MMU {'step': 900, 'attraction': 0.00016582582611590624, 'hinge': 0.00021311244927346706, 'retain': 0.10304496437311172, 'loss': 0.10342390090227127, 'gradient_norm': 0.08298051357269287, 'seconds': 97.03112244606018}
MMU MMU {'step': 1000, 'attraction': 0.00018992298282682896, 'hinge': 3.035622648894787e-05, 'retain': 0.06242058053612709, 'loss': 0.06264086067676544, 'gradient_norm': 0.12289172410964966, 'seconds': 107.78030967712402}
ABLATION DONE 1 MMU
Attraction_only Attraction only {'step': 1, 'attraction': 0.002032228745520115, 'hinge': 0.0, 'retain': 0.07932364195585251, 'loss': 0.08135586977005005, 'gradient_norm': 0.04246087372303009, 'seconds': 0.1048588752746582}
Attraction_only Attraction only {'step': 100, 'attraction': 0.00028517283499240875, 'hinge': 0.0, 'retain': 0.09735200554132462, 'loss': 0.09763717651367188, 'gradient_norm': 0.07456324994564056, 'seconds': 10.806971311569214}
Attraction_only Attraction only {'step': 200, 'attraction': 0.00024400190159212798, 'hinge': 0.0, 'retain': 0.08393004536628723, 'loss': 0.08417404443025589, 'gradient_norm': 0.06243324652314186, 'seconds': 21.58800745010376}
Attraction_only Attraction only {'step': 250, 'attraction': 0.00018184303189627826, 'hinge': 0.0, 'retain': 0.06149096041917801, 'loss': 0.06167280301451683, 'gradient_norm': 0.10878119617700577, 'seconds': 26.996171712875366}
Attraction_only Attraction only {'step': 300, 'attraction': 0.0001856574381235987, 'hinge': 0.0, 'retain': 0.07387924939393997, 'loss': 0.07406491041183472, 'gradient_norm': 0.10597745329141617, 'seconds': 32.41771054267883}
Attraction_only Attraction only {'step': 400, 'attraction': 0.00018153045675717294, 'hinge': 0.0, 'retain': 0.06123688817024231, 'loss': 0.06141841784119606, 'gradient_norm': 0.13551385700702667, 'seconds': 43.16654133796692}
Attraction_only Attraction only {'step': 500, 'attraction': 0.00015401095151901245, 'hinge': 0.0, 'retain': 0.07846658676862717, 'loss': 0.07862059772014618, 'gradient_norm': 0.1254083514213562, 'seconds': 53.97757315635681}
Attraction_only Attraction only {'step': 600, 'attraction': 0.00016391467943321913, 'hinge': 0.0, 'retain': 0.13844378292560577, 'loss': 0.1386076956987381, 'gradient_norm': 0.13327278196811676, 'seconds': 64.74337387084961}
Attraction_only Attraction only {'step': 700, 'attraction': 0.0001379182649543509, 'hinge': 0.0, 'retain': 0.08210083842277527, 'loss': 0.08223875612020493, 'gradient_norm': 0.08718673139810562, 'seconds': 75.54376220703125}
Attraction_only Attraction only {'step': 800, 'attraction': 0.00025203777477145195, 'hinge': 0.0, 'retain': 0.09630544483661652, 'loss': 0.09655748307704926, 'gradient_norm': 0.21631430089473724, 'seconds': 86.26504039764404}
Attraction_only Attraction only {'step': 900, 'attraction': 0.00015045423060655594, 'hinge': 0.0, 'retain': 0.1029619351029396, 'loss': 0.10311239212751389, 'gradient_norm': 0.08836116641759872, 'seconds': 97.06568694114685}
Attraction_only Attraction only {'step': 1000, 'attraction': 0.0001566503633512184, 'hinge': 0.0, 'retain': 0.062346506863832474, 'loss': 0.0625031590461731, 'gradient_norm': 0.10791435837745667, 'seconds': 107.81384348869324}
ABLATION DONE 1 Attraction only
Nested_MMU Nested MMU {'step': 1, 'attraction': 0.08454019483178854, 'hinge': 0.0006666666983316342, 'retain': 0.5801035836338997, 'loss': 0.221770154312253, 'gradient_norm': 1.7740929126739502, 'seconds': 0.23987483978271484}
Nested_MMU Nested MMU {'step': 100, 'attraction': 0.003876148102184137, 'hinge': 0.0, 'retain': 0.11915306746959686, 'loss': 0.04100973904132843, 'gradient_norm': 0.0805739313364029, 'seconds': 24.100918531417847}
Nested_MMU Nested MMU {'step': 200, 'attraction': 0.0025034198382248483, 'hinge': 0.0, 'retain': 0.0938610111673673, 'loss': 0.03212147826949755, 'gradient_norm': 0.06274152547121048, 'seconds': 48.12349057197571}
Nested_MMU Nested MMU {'step': 250, 'attraction': 0.002040988067165017, 'hinge': 0.0, 'retain': 0.06889330099026363, 'loss': 0.023644763355453808, 'gradient_norm': 0.18007580935955048, 'seconds': 60.1797399520874}
Nested_MMU Nested MMU {'step': 300, 'attraction': 0.0017339748640855153, 'hinge': 0.0, 'retain': 0.08055018881956737, 'loss': 0.027428054561217625, 'gradient_norm': 0.14118801057338715, 'seconds': 72.25352787971497}
Nested_MMU Nested MMU {'step': 400, 'attraction': 0.00157123109480987, 'hinge': 0.0, 'retain': 0.0662825455268224, 'loss': 0.0226179255793492, 'gradient_norm': 0.16023118793964386, 'seconds': 96.21105289459229}
Nested_MMU Nested MMU {'step': 500, 'attraction': 0.0011284990468993783, 'hinge': 6.54178826759259e-05, 'retain': 0.08275617162386577, 'loss': 0.02798336371779442, 'gradient_norm': 0.09594964236021042, 'seconds': 120.29888987541199}
Nested_MMU Nested MMU {'step': 600, 'attraction': 0.001046771804491679, 'hinge': 0.0, 'retain': 0.14451466500759125, 'loss': 0.048520480593045555, 'gradient_norm': 0.14082548022270203, 'seconds': 144.32325172424316}
Nested_MMU Nested MMU {'step': 700, 'attraction': 0.0008575185590113202, 'hinge': 7.508477816979091e-06, 'retain': 0.08583021660645802, 'loss': 0.028898415466149647, 'gradient_norm': 0.09653765708208084, 'seconds': 168.4145369529724}
Nested_MMU Nested MMU {'step': 800, 'attraction': 0.0012523811310529709, 'hinge': 0.0, 'retain': 0.10050660620133083, 'loss': 0.03391966472069422, 'gradient_norm': 0.1750711053609848, 'seconds': 192.36202788352966}
Nested_MMU Nested MMU {'step': 900, 'attraction': 0.0008833379251882434, 'hinge': 2.1843550105889637e-05, 'retain': 0.10669032980998357, 'loss': 0.03586517150203387, 'gradient_norm': 0.07575643062591553, 'seconds': 216.4574465751648}
Nested_MMU Nested MMU {'step': 1000, 'attraction': 0.0007249318975179145, 'hinge': 7.651435832182566e-06, 'retain': 0.06513856103022893, 'loss': 0.021957047283649445, 'gradient_norm': 0.12049360573291779, 'seconds': 240.45812487602234}
ABLATION DONE 1 Nested MMU
Nested_attraction Nested attraction {'step': 1, 'attraction': 0.08454019483178854, 'hinge': 0.0, 'retain': 0.5801035836338997, 'loss': 0.221547931432724, 'gradient_norm': 1.7740929126739502, 'seconds': 0.24010396003723145}
Nested_attraction Nested attraction {'step': 100, 'attraction': 0.0038755661031852164, 'hinge': 0.0, 'retain': 0.11914701014757156, 'loss': 0.04100752746065458, 'gradient_norm': 0.07433765381574631, 'seconds': 24.135469675064087}
Nested_attraction Nested attraction {'step': 200, 'attraction': 0.0025000959479560456, 'hinge': 0.0, 'retain': 0.09385450681050618, 'loss': 0.03211820311844349, 'gradient_norm': 0.068426214158535, 'seconds': 48.19011330604553}
Nested_attraction Nested attraction {'step': 250, 'attraction': 0.0020437653874978423, 'hinge': 0.0, 'retain': 0.06888361771901448, 'loss': 0.02364246112604936, 'gradient_norm': 0.1785060614347458, 'seconds': 60.26604080200195}
Nested_attraction Nested attraction {'step': 300, 'attraction': 0.001733752879469345, 'hinge': 0.0, 'retain': 0.0805343786875407, 'loss': 0.02742271063228448, 'gradient_norm': 0.13577507436275482, 'seconds': 72.34580397605896}
Nested_attraction Nested attraction {'step': 400, 'attraction': 0.001568695530295372, 'hinge': 0.0, 'retain': 0.06627257913351059, 'loss': 0.022613758221268654, 'gradient_norm': 0.16225647926330566, 'seconds': 96.31300163269043}
Nested_attraction Nested attraction {'step': 500, 'attraction': 0.0011291369252527754, 'hinge': 0.0, 'retain': 0.08276176452636719, 'loss': 0.027963633959492046, 'gradient_norm': 0.12966397404670715, 'seconds': 120.44087100028992}
Nested_attraction Nested attraction {'step': 600, 'attraction': 0.0010473270473691325, 'hinge': 0.0, 'retain': 0.1445064196983973, 'loss': 0.04851791759332021, 'gradient_norm': 0.16110093891620636, 'seconds': 144.45054006576538}
Nested_attraction Nested attraction {'step': 700, 'attraction': 0.0008563558221794665, 'hinge': 0.0, 'retain': 0.08583085735638936, 'loss': 0.028895738224188488, 'gradient_norm': 0.10802518576383591, 'seconds': 168.57042741775513}
Nested_attraction Nested attraction {'step': 800, 'attraction': 0.0012506725227770705, 'hinge': 0.0, 'retain': 0.10051541278759639, 'loss': 0.033922030280033745, 'gradient_norm': 0.19018910825252533, 'seconds': 192.5038983821869}
Nested_attraction Nested attraction {'step': 900, 'attraction': 0.0008791936367439727, 'hinge': 0.0, 'retain': 0.10668027152617772, 'loss': 0.03585315744082133, 'gradient_norm': 0.0949525386095047, 'seconds': 216.61271286010742}
Nested_attraction Nested attraction {'step': 1000, 'attraction': 0.0007161921724521866, 'hinge': 0.0, 'retain': 0.06513182818889618, 'loss': 0.02194934089978536, 'gradient_norm': 0.12822102010250092, 'seconds': 240.59300541877747}
ABLATION DONE 1 Nested attraction
Random_mask Random mask {'step': 1, 'attraction': 0.002032228745520115, 'hinge': 0.0, 'retain': 0.07961457222700119, 'loss': 0.08164680004119873, 'gradient_norm': 0.041908252984285355, 'seconds': 0.07404065132141113}
Random_mask Random mask {'step': 100, 'attraction': 0.0003983389469794929, 'hinge': 0.0, 'retain': 0.09133902192115784, 'loss': 0.09173735976219177, 'gradient_norm': 0.061920713633298874, 'seconds': 8.018737316131592}
Random_mask Random mask {'step': 200, 'attraction': 0.00021679524797946215, 'hinge': 0.0, 'retain': 0.0828532725572586, 'loss': 0.0830700695514679, 'gradient_norm': 0.0955575630068779, 'seconds': 16.035298347473145}
Random_mask Random mask {'step': 250, 'attraction': 0.0003095581487286836, 'hinge': 0.0, 'retain': 0.08495105057954788, 'loss': 0.08526060730218887, 'gradient_norm': 0.044877514243125916, 'seconds': 20.060479640960693}
Random_mask Random mask {'step': 300, 'attraction': 0.00022596362396143377, 'hinge': 0.0, 'retain': 0.0911688506603241, 'loss': 0.0913948118686676, 'gradient_norm': 0.04472583904862404, 'seconds': 24.10259509086609}
Random_mask Random mask {'step': 400, 'attraction': 0.0001676488172961399, 'hinge': 0.0, 'retain': 0.09450424462556839, 'loss': 0.09467189013957977, 'gradient_norm': 0.04447472468018532, 'seconds': 32.099892139434814}
Random_mask Random mask {'step': 500, 'attraction': 0.00010898149048443884, 'hinge': 0.0, 'retain': 0.09058710187673569, 'loss': 0.09069608151912689, 'gradient_norm': 0.06002458557486534, 'seconds': 40.15046763420105}
Random_mask Random mask {'step': 600, 'attraction': 5.480086474562995e-05, 'hinge': 0.0, 'retain': 0.07286515086889267, 'loss': 0.07291994988918304, 'gradient_norm': 0.07517185062170029, 'seconds': 48.177485942840576}
Random_mask Random mask {'step': 700, 'attraction': 6.391627539414912e-05, 'hinge': 0.0, 'retain': 0.07393017411231995, 'loss': 0.07399409264326096, 'gradient_norm': 0.045915283262729645, 'seconds': 56.22272229194641}
Random_mask Random mask {'step': 800, 'attraction': 6.457576819229871e-05, 'hinge': 0.0, 'retain': 0.08170271664857864, 'loss': 0.08176729083061218, 'gradient_norm': 0.1030615046620369, 'seconds': 64.21593832969666}
Random_mask Random mask {'step': 900, 'attraction': 5.8708275901153684e-05, 'hinge': 0.0, 'retain': 0.08297426253557205, 'loss': 0.08303297311067581, 'gradient_norm': 0.04025842994451523, 'seconds': 72.2563910484314}
Random_mask Random mask {'step': 1000, 'attraction': 4.695694588008337e-05, 'hinge': 0.0, 'retain': 0.10062962025403976, 'loss': 0.10067657381296158, 'gradient_norm': 0.09849975258111954, 'seconds': 80.25916767120361}
ABLATION DONE 1 Random mask
SalUn SalUn {'step': 1, 'attraction': 0.002032228745520115, 'hinge': 0.0, 'retain': 0.07961457222700119, 'loss': 0.08164680004119873, 'gradient_norm': 0.041908252984285355, 'seconds': 0.0745236873626709}
SalUn SalUn {'step': 100, 'attraction': 0.0003731311298906803, 'hinge': 0.0, 'retain': 0.09159857779741287, 'loss': 0.09197171032428741, 'gradient_norm': 0.17850230634212494, 'seconds': 8.031371593475342}
SalUn SalUn {'step': 200, 'attraction': 0.00020081820548512042, 'hinge': 0.0, 'retain': 0.08301511406898499, 'loss': 0.08321592956781387, 'gradient_norm': 0.05455608665943146, 'seconds': 16.056085348129272}
SalUn SalUn {'step': 250, 'attraction': 0.00029170146444812417, 'hinge': 0.0, 'retain': 0.0851515382528305, 'loss': 0.08544324338436127, 'gradient_norm': 0.06172865256667137, 'seconds': 20.078083753585815}
SalUn SalUn {'step': 300, 'attraction': 0.00023375758610200137, 'hinge': 0.0, 'retain': 0.09145470708608627, 'loss': 0.09168846160173416, 'gradient_norm': 0.06732118129730225, 'seconds': 24.115495681762695}
SalUn SalUn {'step': 400, 'attraction': 0.00017762300558388233, 'hinge': 0.0, 'retain': 0.09462737292051315, 'loss': 0.09480499476194382, 'gradient_norm': 0.07387764006853104, 'seconds': 32.10460042953491}
SalUn SalUn {'step': 500, 'attraction': 0.00012268875434529036, 'hinge': 0.0, 'retain': 0.09079157561063766, 'loss': 0.09091426432132721, 'gradient_norm': 0.09073224663734436, 'seconds': 40.151296615600586}
SalUn SalUn {'step': 600, 'attraction': 6.269459845498204e-05, 'hinge': 0.0, 'retain': 0.07314886897802353, 'loss': 0.07321156561374664, 'gradient_norm': 0.09214877337217331, 'seconds': 48.17964792251587}
SalUn SalUn {'step': 700, 'attraction': 7.380863826256245e-05, 'hinge': 0.0, 'retain': 0.07420254498720169, 'loss': 0.07427635043859482, 'gradient_norm': 0.172886922955513, 'seconds': 56.235177516937256}
SalUn SalUn {'step': 800, 'attraction': 7.191125769168139e-05, 'hinge': 0.0, 'retain': 0.081851527094841, 'loss': 0.08192344009876251, 'gradient_norm': 0.0697382241487503, 'seconds': 64.234694480896}
SalUn SalUn {'step': 900, 'attraction': 7.034782902337611e-05, 'hinge': 0.0, 'retain': 0.08311468362808228, 'loss': 0.08318503201007843, 'gradient_norm': 0.05176575109362602, 'seconds': 72.28478193283081}
SalUn SalUn {'step': 1000, 'attraction': 5.9393467381596565e-05, 'hinge': 0.0, 'retain': 0.10077591985464096, 'loss': 0.10083531588315964, 'gradient_norm': 0.06549767404794693, 'seconds': 80.28980135917664}
ABLATION DONE 1 SalUn
MMU MMU {'step': 1, 'attraction': 0.0006106057553552091, 'hinge': 0.0020000000949949026, 'retain': 0.07691542059183121, 'loss': 0.07952602952718735, 'gradient_norm': 0.03728536516427994, 'seconds': 0.10414910316467285}
MMU MMU {'step': 100, 'attraction': 0.0007856129668653011, 'hinge': 0.0005499882390722632, 'retain': 0.09395350515842438, 'loss': 0.09528910368680954, 'gradient_norm': 0.10237309336662292, 'seconds': 10.810023307800293}
MMU MMU {'step': 200, 'attraction': 0.0009504342451691628, 'hinge': 0.0, 'retain': 0.07587888091802597, 'loss': 0.07682931423187256, 'gradient_norm': 0.1902507096529007, 'seconds': 21.590105772018433}
MMU MMU {'step': 250, 'attraction': 0.0008203142788261175, 'hinge': 0.00011845584958791733, 'retain': 0.0645478218793869, 'loss': 0.0654865950345993, 'gradient_norm': 0.13672974705696106, 'seconds': 26.997329473495483}
MMU MMU {'step': 300, 'attraction': 0.0008122548460960388, 'hinge': 1.869630068540573e-05, 'retain': 0.06463557481765747, 'loss': 0.06546652317047119, 'gradient_norm': 0.04217573255300522, 'seconds': 32.419501543045044}
MMU MMU {'step': 400, 'attraction': 0.0008119536796584725, 'hinge': 0.0, 'retain': 0.06772966682910919, 'loss': 0.06854162365198135, 'gradient_norm': 0.18851491808891296, 'seconds': 43.168336629867554}
MMU MMU {'step': 500, 'attraction': 0.000597120844759047, 'hinge': 0.0003919841255992651, 'retain': 0.08113623410463333, 'loss': 0.08212533593177795, 'gradient_norm': 0.08591010421514511, 'seconds': 53.98730158805847}
MMU MMU {'step': 600, 'attraction': 0.0005763225490227342, 'hinge': 0.00024650758132338524, 'retain': 0.12433750927448273, 'loss': 0.1251603364944458, 'gradient_norm': 0.08093748986721039, 'seconds': 64.75898432731628}
MMU MMU {'step': 700, 'attraction': 0.0006513376138173044, 'hinge': 0.00015179195906966925, 'retain': 0.0926990956068039, 'loss': 0.0935022234916687, 'gradient_norm': 0.1227170079946518, 'seconds': 75.57130169868469}
MMU MMU {'step': 800, 'attraction': 0.0008061532862484455, 'hinge': 0.0, 'retain': 0.101268470287323, 'loss': 0.10207462310791016, 'gradient_norm': 0.1756768524646759, 'seconds': 86.31390047073364}
MMU MMU {'step': 900, 'attraction': 0.0005963142029941082, 'hinge': 0.00034243916161358356, 'retain': 0.09779591858386993, 'loss': 0.09873466938734055, 'gradient_norm': 0.13095185160636902, 'seconds': 97.12403607368469}
MMU MMU {'step': 1000, 'attraction': 0.0005873279878869653, 'hinge': 0.0004076216137036681, 'retain': 0.06113750860095024, 'loss': 0.06213245913386345, 'gradient_norm': 0.1622345745563507, 'seconds': 107.87828874588013}
ABLATION DONE 2 MMU
Attraction_only Attraction only {'step': 1, 'attraction': 0.0006106057553552091, 'hinge': 0.0, 'retain': 0.07691542059183121, 'loss': 0.0775260254740715, 'gradient_norm': 0.03728536516427994, 'seconds': 0.10501933097839355}
Attraction_only Attraction only {'step': 100, 'attraction': 0.00016177355428226292, 'hinge': 0.0, 'retain': 0.09378346055746078, 'loss': 0.09394523501396179, 'gradient_norm': 0.14809170365333557, 'seconds': 10.826239347457886}
Attraction_only Attraction only {'step': 200, 'attraction': 0.00019633036572486162, 'hinge': 0.0, 'retain': 0.0757509395480156, 'loss': 0.07594726979732513, 'gradient_norm': 0.08610057830810547, 'seconds': 21.604429721832275}
Attraction_only Attraction only {'step': 250, 'attraction': 0.00012871588114649057, 'hinge': 0.0, 'retain': 0.06441004574298859, 'loss': 0.06453876197338104, 'gradient_norm': 0.13327021896839142, 'seconds': 27.01075577735901}
Attraction_only Attraction only {'step': 300, 'attraction': 0.00015237717889249325, 'hinge': 0.0, 'retain': 0.06463098526000977, 'loss': 0.06478336453437805, 'gradient_norm': 0.0812784731388092, 'seconds': 32.433154344558716}
Attraction_only Attraction only {'step': 400, 'attraction': 0.00010340534936403856, 'hinge': 0.0, 'retain': 0.06752632558345795, 'loss': 0.06762973219156265, 'gradient_norm': 0.09232552349567413, 'seconds': 43.17152500152588}
Attraction_only Attraction only {'step': 500, 'attraction': 0.00013430284161586314, 'hinge': 0.0, 'retain': 0.08106135576963425, 'loss': 0.0811956599354744, 'gradient_norm': 0.11421987414360046, 'seconds': 53.982237339019775}
Attraction_only Attraction only {'step': 600, 'attraction': 0.00013408708036877215, 'hinge': 0.0, 'retain': 0.12421124428510666, 'loss': 0.1243453323841095, 'gradient_norm': 0.10053274780511856, 'seconds': 64.75609350204468}
Attraction_only Attraction only {'step': 700, 'attraction': 9.483440953772515e-05, 'hinge': 0.0, 'retain': 0.09262847155332565, 'loss': 0.0927233025431633, 'gradient_norm': 0.1253397911787033, 'seconds': 75.56596732139587}
Attraction_only Attraction only {'step': 800, 'attraction': 0.00028086858219467103, 'hinge': 0.0, 'retain': 0.10117358714342117, 'loss': 0.10145445913076401, 'gradient_norm': 0.14689354598522186, 'seconds': 86.30168199539185}
Attraction_only Attraction only {'step': 900, 'attraction': 0.00013438907626550645, 'hinge': 0.0, 'retain': 0.09764553606510162, 'loss': 0.09777992218732834, 'gradient_norm': 0.09427251666784286, 'seconds': 97.1098358631134}
Attraction_only Attraction only {'step': 1000, 'attraction': 0.00016576438792981207, 'hinge': 0.0, 'retain': 0.06103823706507683, 'loss': 0.06120400130748749, 'gradient_norm': 0.05842595547437668, 'seconds': 107.863924741745}
ABLATION DONE 2 Attraction only
Nested_MMU Nested MMU {'step': 1, 'attraction': 0.08084988126453634, 'hinge': 0.0006666666983316342, 'retain': 0.5772885506351789, 'loss': 0.2196017118791739, 'gradient_norm': 1.8138521909713745, 'seconds': 0.2395153045654297}
Nested_MMU Nested MMU {'step': 100, 'attraction': 0.0031587762059643865, 'hinge': 4.3369519213835396e-05, 'retain': 0.11596446235974629, 'loss': 0.03972220420837402, 'gradient_norm': 0.0835682675242424, 'seconds': 24.106537580490112}
Nested_MMU Nested MMU {'step': 200, 'attraction': 0.0017083368341748912, 'hinge': 0.00022927578538656235, 'retain': 0.08621401339769363, 'loss': 0.02938387729227543, 'gradient_norm': 0.07804541289806366, 'seconds': 48.095221519470215}
Nested_MMU Nested MMU {'step': 250, 'attraction': 0.0013719721464440227, 'hinge': 0.0003142620747288068, 'retain': 0.07215750217437744, 'loss': 0.02461457873384158, 'gradient_norm': 0.15457457304000854, 'seconds': 60.12398862838745}
Nested_MMU Nested MMU {'step': 300, 'attraction': 0.0014660758121560018, 'hinge': 0.00013148784637451172, 'retain': 0.0715032344063123, 'loss': 0.024366934473315876, 'gradient_norm': 0.04560903459787369, 'seconds': 72.16070985794067}
Nested_MMU Nested MMU {'step': 400, 'attraction': 0.0013160879025235772, 'hinge': 0.0, 'retain': 0.07417124261458714, 'loss': 0.025162442897756893, 'gradient_norm': 0.10723063349723816, 'seconds': 96.0889744758606}
Nested_MMU Nested MMU {'step': 500, 'attraction': 0.0010898571150998275, 'hinge': 0.00024506923121710617, 'retain': 0.08616447697083156, 'loss': 0.02916646810869376, 'gradient_norm': 0.11450531333684921, 'seconds': 120.20396327972412}
Nested_MMU Nested MMU {'step': 600, 'attraction': 0.0010235191439278424, 'hinge': 0.00023639097344130278, 'retain': 0.1305727461973826, 'loss': 0.04394422098994255, 'gradient_norm': 0.12000852823257446, 'seconds': 144.19798946380615}
Nested_MMU Nested MMU {'step': 700, 'attraction': 0.000926290211888651, 'hinge': 0.00019038359945019087, 'retain': 0.09708980719248454, 'loss': 0.03273549551765124, 'gradient_norm': 0.21317587792873383, 'seconds': 168.26832103729248}
Nested_MMU Nested MMU {'step': 800, 'attraction': 0.0016426699003204703, 'hinge': 0.0, 'retain': 0.1054274911681811, 'loss': 0.03569005553921064, 'gradient_norm': 0.20970328152179718, 'seconds': 192.1902368068695}
Nested_MMU Nested MMU {'step': 900, 'attraction': 0.0010026167922963698, 'hinge': 0.00015132226205120483, 'retain': 0.10150726387898128, 'loss': 0.034220402439435325, 'gradient_norm': 0.10310478508472443, 'seconds': 216.25898694992065}
Nested_MMU Nested MMU {'step': 1000, 'attraction': 0.0010583906356866162, 'hinge': 0.0002712181303650141, 'retain': 0.06378415351112683, 'loss': 0.021704588706294697, 'gradient_norm': 0.12092647701501846, 'seconds': 240.21030449867249}
ABLATION DONE 2 Nested MMU
Nested_attraction Nested attraction {'step': 1, 'attraction': 0.08084988126453634, 'hinge': 0.0, 'retain': 0.5772885506351789, 'loss': 0.2193794889996449, 'gradient_norm': 1.8138521909713745, 'seconds': 0.23840928077697754}
Nested_attraction Nested attraction {'step': 100, 'attraction': 0.0031574929986769953, 'hinge': 0.0, 'retain': 0.1159390111764272, 'loss': 0.03969883670409521, 'gradient_norm': 0.08109339326620102, 'seconds': 24.063889503479004}
Nested_attraction Nested attraction {'step': 200, 'attraction': 0.0016830026094491284, 'hinge': 0.0, 'retain': 0.08604344725608826, 'loss': 0.029242149864633877, 'gradient_norm': 0.08275041729211807, 'seconds': 48.05602407455444}
Nested_attraction Nested attraction {'step': 250, 'attraction': 0.001278839074075222, 'hinge': 0.0, 'retain': 0.07195695737997691, 'loss': 0.024411932254830997, 'gradient_norm': 0.1353386789560318, 'seconds': 60.093499183654785}
Nested_attraction Nested attraction {'step': 300, 'attraction': 0.0012849276536144316, 'hinge': 0.0, 'retain': 0.07127195845047633, 'loss': 0.024185628940661747, 'gradient_norm': 0.07689892500638962, 'seconds': 72.14760255813599}
Nested_attraction Nested attraction {'step': 400, 'attraction': 0.0008839974082851162, 'hinge': 0.0, 'retain': 0.07391079018513362, 'loss': 0.024931595971186955, 'gradient_norm': 0.08874257653951645, 'seconds': 96.0678551197052}
Nested_attraction Nested attraction {'step': 500, 'attraction': 0.0008165192751524349, 'hinge': 0.0, 'retain': 0.08595900485912959, 'loss': 0.028925176089008648, 'gradient_norm': 0.0737680047750473, 'seconds': 120.14737248420715}
Nested_attraction Nested attraction {'step': 600, 'attraction': 0.0008113173341068128, 'hinge': 0.0, 'retain': 0.13039303322633108, 'loss': 0.04373478392759959, 'gradient_norm': 0.13458621501922607, 'seconds': 144.12232780456543}
Nested_attraction Nested attraction {'step': 700, 'attraction': 0.0005894195346627384, 'hinge': 0.0, 'retain': 0.09689895063638687, 'loss': 0.032496124505996704, 'gradient_norm': 0.13348388671875, 'seconds': 168.18232083320618}
Nested_attraction Nested attraction {'step': 800, 'attraction': 0.0013116646829682093, 'hinge': 0.0, 'retain': 0.10521294921636581, 'loss': 0.03550820549329122, 'gradient_norm': 0.15350796282291412, 'seconds': 192.06881380081177}
Nested_attraction Nested attraction {'step': 900, 'attraction': 0.0006475389042558769, 'hinge': 0.0, 'retain': 0.10132165501515071, 'loss': 0.033989732464154564, 'gradient_norm': 0.09326585382223129, 'seconds': 216.10993647575378}
Nested_attraction Nested attraction {'step': 1000, 'attraction': 0.0007908259285613894, 'hinge': 0.0, 'retain': 0.06361467639605205, 'loss': 0.021468500917156536, 'gradient_norm': 0.07011911273002625, 'seconds': 240.05284309387207}
ABLATION DONE 2 Nested attraction
Random_mask Random mask {'step': 1, 'attraction': 0.0006106057553552091, 'hinge': 0.0, 'retain': 0.07710053771734238, 'loss': 0.07771114259958267, 'gradient_norm': 0.0372563935816288, 'seconds': 0.0749964714050293}
Random_mask Random mask {'step': 100, 'attraction': 0.00022509225527755916, 'hinge': 0.0, 'retain': 0.10438641160726547, 'loss': 0.10461150109767914, 'gradient_norm': 0.06172856688499451, 'seconds': 8.014655590057373}
Random_mask Random mask {'step': 200, 'attraction': 0.00015603189240209758, 'hinge': 0.0, 'retain': 0.08573772758245468, 'loss': 0.08589375764131546, 'gradient_norm': 0.08350820094347, 'seconds': 16.02034854888916}
Random_mask Random mask {'step': 250, 'attraction': 0.00016070793208200485, 'hinge': 0.0, 'retain': 0.08632075786590576, 'loss': 0.08648146688938141, 'gradient_norm': 0.060959286987781525, 'seconds': 20.0395724773407}
Random_mask Random mask {'step': 300, 'attraction': 0.000134556699777022, 'hinge': 0.0, 'retain': 0.0820406898856163, 'loss': 0.08217524737119675, 'gradient_norm': 0.03829050436615944, 'seconds': 24.067771911621094}
Random_mask Random mask {'step': 400, 'attraction': 0.00020466229761950672, 'hinge': 0.0, 'retain': 0.09947147220373154, 'loss': 0.09967613220214844, 'gradient_norm': 0.05505377799272537, 'seconds': 32.04061150550842}
Random_mask Random mask {'step': 500, 'attraction': 9.7314128652215e-05, 'hinge': 0.0, 'retain': 0.1063806414604187, 'loss': 0.10647795349359512, 'gradient_norm': 0.08131004869937897, 'seconds': 40.07230091094971}
Random_mask Random mask {'step': 600, 'attraction': 8.376733603654429e-05, 'hinge': 0.0, 'retain': 0.08040153235197067, 'loss': 0.08048529922962189, 'gradient_norm': 0.1254899501800537, 'seconds': 48.07382273674011}
Random_mask Random mask {'step': 700, 'attraction': 7.119445945136249e-05, 'hinge': 0.0, 'retain': 0.06868251413106918, 'loss': 0.06875371187925339, 'gradient_norm': 0.07195018976926804, 'seconds': 56.10399031639099}
Random_mask Random mask {'step': 800, 'attraction': 4.7384404751937836e-05, 'hinge': 0.0, 'retain': 0.0825408473610878, 'loss': 0.08258823305368423, 'gradient_norm': 0.12370236963033676, 'seconds': 64.07706809043884}
Random_mask Random mask {'step': 900, 'attraction': 6.289162411121652e-05, 'hinge': 0.0, 'retain': 0.09582515805959702, 'loss': 0.09588804841041565, 'gradient_norm': 0.11759420484304428, 'seconds': 72.11170315742493}
Random_mask Random mask {'step': 1000, 'attraction': 4.3039890442742035e-05, 'hinge': 0.0, 'retain': 0.09741508215665817, 'loss': 0.0974581241607666, 'gradient_norm': 0.0771026760339737, 'seconds': 80.10210037231445}
ABLATION DONE 2 Random mask
SalUn SalUn {'step': 1, 'attraction': 0.0006106057553552091, 'hinge': 0.0, 'retain': 0.07710053771734238, 'loss': 0.07771114259958267, 'gradient_norm': 0.0372563935816288, 'seconds': 0.0739281177520752}
SalUn SalUn {'step': 100, 'attraction': 0.00021287838171701878, 'hinge': 0.0, 'retain': 0.10473461449146271, 'loss': 0.10494749248027802, 'gradient_norm': 0.18392381072044373, 'seconds': 8.010777473449707}
SalUn SalUn {'step': 200, 'attraction': 0.00013671032502315938, 'hinge': 0.0, 'retain': 0.08604356646537781, 'loss': 0.08618027716875076, 'gradient_norm': 0.09180045872926712, 'seconds': 16.01424503326416}
SalUn SalUn {'step': 250, 'attraction': 0.00014973302313592285, 'hinge': 0.0, 'retain': 0.08642343431711197, 'loss': 0.08657316863536835, 'gradient_norm': 0.0683688297867775, 'seconds': 20.03342890739441}
SalUn SalUn {'step': 300, 'attraction': 0.00013006787048652768, 'hinge': 0.0, 'retain': 0.08225449174642563, 'loss': 0.08238455653190613, 'gradient_norm': 0.07368649542331696, 'seconds': 24.064852237701416}
SalUn SalUn {'step': 400, 'attraction': 0.00021176498557906598, 'hinge': 0.0, 'retain': 0.09960237145423889, 'loss': 0.09981413930654526, 'gradient_norm': 0.054374463856220245, 'seconds': 32.047282695770264}
SalUn SalUn {'step': 500, 'attraction': 9.797417442314327e-05, 'hinge': 0.0, 'retain': 0.10657472908496857, 'loss': 0.10667270421981812, 'gradient_norm': 0.061790723353624344, 'seconds': 40.086018562316895}
SalUn SalUn {'step': 600, 'attraction': 8.25636598165147e-05, 'hinge': 0.0, 'retain': 0.08047350496053696, 'loss': 0.08055607229471207, 'gradient_norm': 0.049769967794418335, 'seconds': 48.09788155555725}
SalUn SalUn {'step': 700, 'attraction': 7.352879038080573e-05, 'hinge': 0.0, 'retain': 0.06895172595977783, 'loss': 0.06902525573968887, 'gradient_norm': 0.10991169512271881, 'seconds': 56.132800340652466}
SalUn SalUn {'step': 800, 'attraction': 4.9554670113138855e-05, 'hinge': 0.0, 'retain': 0.08262722939252853, 'loss': 0.08267678320407867, 'gradient_norm': 0.10331957042217255, 'seconds': 64.10357141494751}
SalUn SalUn {'step': 900, 'attraction': 6.389306508935988e-05, 'hinge': 0.0, 'retain': 0.09602075815200806, 'loss': 0.09608465433120728, 'gradient_norm': 0.0651949793100357, 'seconds': 72.13334083557129}
SalUn SalUn {'step': 1000, 'attraction': 4.609659663401544e-05, 'hinge': 0.0, 'retain': 0.09764470905065536, 'loss': 0.09769080579280853, 'gradient_norm': 0.08649437129497528, 'seconds': 80.12327241897583}
ABLATION DONE 2 SalUn
MMU MMU {'step': 1, 'attraction': 0.0009015544201247394, 'hinge': 0.0020000000949949026, 'retain': 0.0799870565533638, 'loss': 0.08288861066102982, 'gradient_norm': 0.0395377017557621, 'seconds': 0.10511279106140137}
MMU MMU {'step': 100, 'attraction': 0.0007573456969112158, 'hinge': 0.0, 'retain': 0.09712882339954376, 'loss': 0.09788616746664047, 'gradient_norm': 0.15049348771572113, 'seconds': 10.795353651046753}
MMU MMU {'step': 200, 'attraction': 0.0005518496036529541, 'hinge': 0.0, 'retain': 0.0784444808959961, 'loss': 0.07899633049964905, 'gradient_norm': 0.11717833578586578, 'seconds': 21.559226274490356}
MMU MMU {'step': 250, 'attraction': 0.0005451779579743743, 'hinge': 4.558335058391094e-05, 'retain': 0.07033827155828476, 'loss': 0.07092903554439545, 'gradient_norm': 0.12376297265291214, 'seconds': 26.95825695991516}
MMU MMU {'step': 300, 'attraction': 0.0005367574631236494, 'hinge': 0.0, 'retain': 0.07396598905324936, 'loss': 0.07450274378061295, 'gradient_norm': 0.2205541729927063, 'seconds': 32.373847007751465}
MMU MMU {'step': 400, 'attraction': 0.0005828861612826586, 'hinge': 0.0, 'retain': 0.06771067529916763, 'loss': 0.06829356402158737, 'gradient_norm': 0.17364047467708588, 'seconds': 43.11626720428467}
MMU MMU {'step': 500, 'attraction': 0.00041966719436459243, 'hinge': 0.0003330426989123225, 'retain': 0.07874312251806259, 'loss': 0.07949583232402802, 'gradient_norm': 0.05992939695715904, 'seconds': 53.91579818725586}
MMU MMU {'step': 600, 'attraction': 0.0005213922704569995, 'hinge': 0.0, 'retain': 0.13187691569328308, 'loss': 0.1323983073234558, 'gradient_norm': 0.1585082709789276, 'seconds': 64.67117381095886}
MMU MMU {'step': 700, 'attraction': 0.0004709937784355134, 'hinge': 0.00013087037950754166, 'retain': 0.08651027083396912, 'loss': 0.08711213618516922, 'gradient_norm': 0.15443626046180725, 'seconds': 75.47803544998169}
MMU MMU {'step': 800, 'attraction': 0.0006147087551653385, 'hinge': 0.0, 'retain': 0.09982048720121384, 'loss': 0.10043519735336304, 'gradient_norm': 0.13378503918647766, 'seconds': 86.21328663825989}
MMU MMU {'step': 900, 'attraction': 0.00039847521111369133, 'hinge': 0.00026823149528354406, 'retain': 0.09733684360980988, 'loss': 0.09800355136394501, 'gradient_norm': 0.11783525347709656, 'seconds': 97.01814723014832}
MMU MMU {'step': 1000, 'attraction': 0.00028901369660161436, 'hinge': 0.0007377797737717628, 'retain': 0.0586189329624176, 'loss': 0.05964572727680206, 'gradient_norm': 0.1316346824169159, 'seconds': 107.77297949790955}
MMU MMU {'step': 1, 'attraction': 0.0008597392588853836, 'hinge': 0.0018534401897341013, 'retain': 0.09601181000471115, 'loss': 0.09872499108314514, 'gradient_norm': 0.12393263727426529, 'seconds': 0.09753823280334473}
MMU MMU {'step': 100, 'attraction': 0.00038088258588686585, 'hinge': 0.0002585954498499632, 'retain': 0.06518179178237915, 'loss': 0.06582126766443253, 'gradient_norm': 0.0718458965420723, 'seconds': 10.778167724609375}
MMU MMU {'step': 200, 'attraction': 0.0010279390262439847, 'hinge': 0.0, 'retain': 0.07861186563968658, 'loss': 0.07963980734348297, 'gradient_norm': 0.11380501091480255, 'seconds': 21.541805744171143}
MMU MMU {'step': 250, 'attraction': 0.00047800008906051517, 'hinge': 0.0, 'retain': 0.06819850206375122, 'loss': 0.06867650151252747, 'gradient_norm': 0.1527150571346283, 'seconds': 26.941901445388794}
MMU MMU {'step': 300, 'attraction': 0.0004411572008393705, 'hinge': 0.00010096922051161528, 'retain': 0.11786629259586334, 'loss': 0.11840841919183731, 'gradient_norm': 0.1642533838748932, 'seconds': 32.3522469997406}
MMU MMU {'step': 400, 'attraction': 0.00027280126232653856, 'hinge': 0.0003616627072915435, 'retain': 0.07166248559951782, 'loss': 0.07229694724082947, 'gradient_norm': 0.07523146271705627, 'seconds': 43.07307291030884}
MMU MMU {'step': 500, 'attraction': 0.00047654140507802367, 'hinge': 0.0, 'retain': 0.0773303210735321, 'loss': 0.07780686020851135, 'gradient_norm': 0.15117138624191284, 'seconds': 53.8660626411438}
MMU MMU {'step': 600, 'attraction': 0.0011238439474254847, 'hinge': 0.0, 'retain': 0.08248019963502884, 'loss': 0.08360404521226883, 'gradient_norm': 0.07068369537591934, 'seconds': 64.59828114509583}
MMU MMU {'step': 700, 'attraction': 0.00036905051092617214, 'hinge': 0.0001161930849775672, 'retain': 0.06965690106153488, 'loss': 0.07014214247465134, 'gradient_norm': 0.09568557888269424, 'seconds': 75.350830078125}
MMU MMU {'step': 800, 'attraction': 0.00032652317895554006, 'hinge': 0.0, 'retain': 0.09285605698823929, 'loss': 0.09318257868289948, 'gradient_norm': 0.13695977628231049, 'seconds': 86.0942907333374}
MMU MMU {'step': 900, 'attraction': 0.0004720812139566988, 'hinge': 0.0, 'retain': 0.06717831641435623, 'loss': 0.06765040010213852, 'gradient_norm': 0.19598591327667236, 'seconds': 96.88681268692017}
MMU MMU {'step': 1000, 'attraction': 0.00027008040342479944, 'hinge': 0.000542870257049799, 'retain': 0.0877792239189148, 'loss': 0.08859217166900635, 'gradient_norm': 0.11493971943855286, 'seconds': 107.59791302680969}
MMU MMU {'step': 1, 'attraction': 0.0008738834876567125, 'hinge': 0.0018787123262882233, 'retain': 0.08587722480297089, 'loss': 0.0886298194527626, 'gradient_norm': 0.15243922173976898, 'seconds': 0.09775638580322266}
MMU MMU {'step': 100, 'attraction': 0.00047885996173135936, 'hinge': 0.0002831965684890747, 'retain': 0.06951230019330978, 'loss': 0.07027435302734375, 'gradient_norm': 0.09631525725126266, 'seconds': 10.76233196258545}
MMU MMU {'step': 200, 'attraction': 0.0002860198146663606, 'hinge': 0.0006042744498699903, 'retain': 0.08602782338857651, 'loss': 0.08691811561584473, 'gradient_norm': 0.05888045206665993, 'seconds': 21.513516902923584}
MMU MMU {'step': 250, 'attraction': 0.00037332787178456783, 'hinge': 0.00014682661276310682, 'retain': 0.11198768019676208, 'loss': 0.11250783503055573, 'gradient_norm': 0.10781840980052948, 'seconds': 26.904655933380127}
MMU MMU {'step': 300, 'attraction': 0.0004406740190461278, 'hinge': 0.0, 'retain': 0.08627361804246902, 'loss': 0.08671429008245468, 'gradient_norm': 0.18007074296474457, 'seconds': 32.2816686630249}
MMU MMU {'step': 400, 'attraction': 0.0004227433237247169, 'hinge': 0.0, 'retain': 0.07361452281475067, 'loss': 0.07403726875782013, 'gradient_norm': 0.13896732032299042, 'seconds': 42.99658799171448}
MMU MMU {'step': 500, 'attraction': 0.0004464751109480858, 'hinge': 0.0, 'retain': 0.07416773587465286, 'loss': 0.07461421191692352, 'gradient_norm': 0.13039764761924744, 'seconds': 53.775925397872925}
MMU MMU {'step': 600, 'attraction': 0.0010393769480288029, 'hinge': 0.0, 'retain': 0.09819192439317703, 'loss': 0.0992313027381897, 'gradient_norm': 0.22230134904384613, 'seconds': 64.50970125198364}
MMU MMU {'step': 700, 'attraction': 0.0003561677294783294, 'hinge': 0.0002231484977528453, 'retain': 0.07626640051603317, 'loss': 0.07684572041034698, 'gradient_norm': 0.10156472027301788, 'seconds': 75.30131697654724}
MMU MMU {'step': 800, 'attraction': 0.00031057160231284797, 'hinge': 0.0, 'retain': 0.0650172233581543, 'loss': 0.06532779335975647, 'gradient_norm': 0.16143576800823212, 'seconds': 86.0399558544159}
MMU MMU {'step': 900, 'attraction': 0.00038911864976398647, 'hinge': 2.5941291823983192e-05, 'retain': 0.03622318431735039, 'loss': 0.03663824498653412, 'gradient_norm': 0.12310019880533218, 'seconds': 96.80147218704224}
MMU MMU {'step': 1000, 'attraction': 0.00037902765325270593, 'hinge': 0.0, 'retain': 0.09777453541755676, 'loss': 0.09815356135368347, 'gradient_norm': 0.07100731879472733, 'seconds': 107.53251242637634}
MMU MMU {'step': 1, 'attraction': 0.0009584608487784863, 'hinge': 0.0020000000949949026, 'retain': 0.08109305053949356, 'loss': 0.08405151218175888, 'gradient_norm': 0.033367760479450226, 'seconds': 0.09749197959899902}
MMU MMU {'step': 100, 'attraction': 0.0008315336890518665, 'hinge': 0.0001641003182157874, 'retain': 0.08271573483943939, 'loss': 0.08371137082576752, 'gradient_norm': 0.07963365316390991, 'seconds': 10.881147146224976}
MMU MMU {'step': 200, 'attraction': 0.0006478868890553713, 'hinge': 7.400522008538246e-05, 'retain': 0.08722987771034241, 'loss': 0.08795177191495895, 'gradient_norm': 0.2012188732624054, 'seconds': 21.75067639350891}
MMU MMU {'step': 250, 'attraction': 0.0005789468996226788, 'hinge': 0.00014878192450851202, 'retain': 0.09535591304302216, 'loss': 0.0960836410522461, 'gradient_norm': 0.13738280534744263, 'seconds': 27.158295154571533}
MMU MMU {'step': 300, 'attraction': 0.000549778516869992, 'hinge': 0.00022551510483026505, 'retain': 0.08191884309053421, 'loss': 0.08269413560628891, 'gradient_norm': 0.11617957800626755, 'seconds': 32.59555792808533}
MMU MMU {'step': 400, 'attraction': 0.0006844025920145214, 'hinge': 0.0, 'retain': 0.08620508015155792, 'loss': 0.08688948303461075, 'gradient_norm': 0.2207895666360855, 'seconds': 43.4549560546875}
MMU MMU {'step': 500, 'attraction': 0.0005686349468305707, 'hinge': 0.0, 'retain': 0.1007906123995781, 'loss': 0.10135924816131592, 'gradient_norm': 0.1895550787448883, 'seconds': 54.318485736846924}
MMU MMU {'step': 600, 'attraction': 0.0005072604981251061, 'hinge': 0.0, 'retain': 0.13966496288776398, 'loss': 0.14017222821712494, 'gradient_norm': 0.19352029263973236, 'seconds': 65.16776490211487}
MMU MMU {'step': 700, 'attraction': 0.0005974499508738518, 'hinge': 0.0, 'retain': 0.09967899322509766, 'loss': 0.10027644038200378, 'gradient_norm': 0.0808507427573204, 'seconds': 76.07467579841614}
MMU MMU {'step': 800, 'attraction': 0.0005153966485522687, 'hinge': 0.0, 'retain': 0.08371695876121521, 'loss': 0.08423235267400742, 'gradient_norm': 0.21065853536128998, 'seconds': 86.93280053138733}
MMU MMU {'step': 900, 'attraction': 0.0004182293778285384, 'hinge': 0.0, 'retain': 0.0605442076921463, 'loss': 0.06096243858337402, 'gradient_norm': 0.18327867984771729, 'seconds': 97.76235342025757}
MMU MMU {'step': 1000, 'attraction': 0.000537739135324955, 'hinge': 0.0, 'retain': 0.09662704914808273, 'loss': 0.09716478735208511, 'gradient_norm': 0.09789838641881943, 'seconds': 108.60825657844543}
MMU MMU {'step': 1100, 'attraction': 0.0004955834592692554, 'hinge': 3.5850098356604576e-05, 'retain': 0.0919649600982666, 'loss': 0.09249639511108398, 'gradient_norm': 0.07936441898345947, 'seconds': 119.44277930259705}
MMU MMU {'step': 1200, 'attraction': 0.000407651619752869, 'hinge': 0.00010636099614202976, 'retain': 0.08944762498140335, 'loss': 0.08996164053678513, 'gradient_norm': 0.12426909804344177, 'seconds': 130.3030424118042}
MMU MMU {'step': 1300, 'attraction': 0.00038166693411767483, 'hinge': 0.00025055313017219305, 'retain': 0.08130787312984467, 'loss': 0.08194009214639664, 'gradient_norm': 0.07471425831317902, 'seconds': 141.15737462043762}
MMU MMU {'step': 1400, 'attraction': 0.00040501446346752346, 'hinge': 0.000253959558904171, 'retain': 0.09193886071443558, 'loss': 0.0925978347659111, 'gradient_norm': 0.10319142043590546, 'seconds': 152.03445672988892}
MMU MMU {'step': 1500, 'attraction': 0.0005217650905251503, 'hinge': 0.0, 'retain': 0.0984540805220604, 'loss': 0.09897584468126297, 'gradient_norm': 0.17230181396007538, 'seconds': 162.8893871307373}
MMU MMU {'step': 1600, 'attraction': 0.0005054896464571357, 'hinge': 0.0, 'retain': 0.09998856484889984, 'loss': 0.10049405694007874, 'gradient_norm': 0.11632773280143738, 'seconds': 173.74101877212524}
MMU MMU {'step': 1700, 'attraction': 0.000506523298099637, 'hinge': 0.0, 'retain': 0.10650163888931274, 'loss': 0.10700815916061401, 'gradient_norm': 0.1686522513628006, 'seconds': 184.5734350681305}
MMU MMU {'step': 1800, 'attraction': 0.0004193527565803379, 'hinge': 4.32280357927084e-05, 'retain': 0.10456530004739761, 'loss': 0.10502788424491882, 'gradient_norm': 0.175176203250885, 'seconds': 195.41538071632385}
MMU MMU {'step': 1900, 'attraction': 0.000439266674220562, 'hinge': 0.0, 'retain': 0.07867086678743362, 'loss': 0.07911013066768646, 'gradient_norm': 0.10826563090085983, 'seconds': 206.25596451759338}
MMU MMU {'step': 2000, 'attraction': 0.00047316259588114917, 'hinge': 0.0, 'retain': 0.0905061736702919, 'loss': 0.09097933769226074, 'gradient_norm': 0.13855496048927307, 'seconds': 217.11667609214783}
MMU MMU {'step': 2100, 'attraction': 0.0003552906564436853, 'hinge': 0.0003261561505496502, 'retain': 0.09100347012281418, 'loss': 0.09168491512537003, 'gradient_norm': 0.18749241530895233, 'seconds': 227.94952368736267}
MMU MMU {'step': 2200, 'attraction': 0.00041328667430207133, 'hinge': 0.00018463819287717342, 'retain': 0.0936385840177536, 'loss': 0.09423650801181793, 'gradient_norm': 0.12061015516519547, 'seconds': 238.756178855896}
MMU MMU {'step': 2300, 'attraction': 0.0004118731594644487, 'hinge': 0.0001930000726133585, 'retain': 0.08048262447118759, 'loss': 0.08108749985694885, 'gradient_norm': 0.046685293316841125, 'seconds': 249.58445167541504}
MMU MMU {'step': 2400, 'attraction': 0.0005311159766279161, 'hinge': 0.0, 'retain': 0.10307759046554565, 'loss': 0.10360870510339737, 'gradient_norm': 0.21936534345149994, 'seconds': 260.4111692905426}
MMU MMU {'step': 2500, 'attraction': 0.000493426457978785, 'hinge': 5.423114635050297e-05, 'retain': 0.09783570468425751, 'loss': 0.0983833596110344, 'gradient_norm': 0.15712036192417145, 'seconds': 271.2211437225342}
MMU MMU {'step': 2600, 'attraction': 0.0005760143976658583, 'hinge': 0.0, 'retain': 0.09921158105134964, 'loss': 0.09978759288787842, 'gradient_norm': 0.1735355705022812, 'seconds': 282.0517165660858}
MMU MMU {'step': 2700, 'attraction': 0.0005507369060069323, 'hinge': 0.0, 'retain': 0.08905678987503052, 'loss': 0.08960752934217453, 'gradient_norm': 0.14239177107810974, 'seconds': 292.929660320282}
MMU MMU {'step': 2800, 'attraction': 0.0004116385243833065, 'hinge': 0.00011859869118779898, 'retain': 0.09362059086561203, 'loss': 0.09415082633495331, 'gradient_norm': 0.11649009585380554, 'seconds': 303.7464807033539}
MMU MMU {'step': 2900, 'attraction': 0.0003362980205565691, 'hinge': 0.00025299505796283484, 'retain': 0.0779418796300888, 'loss': 0.0785311758518219, 'gradient_norm': 0.08675530552864075, 'seconds': 314.6021649837494}
MMU MMU {'step': 3000, 'attraction': 0.0004100867663510144, 'hinge': 0.0002920598490163684, 'retain': 0.07953842729330063, 'loss': 0.08024057745933533, 'gradient_norm': 0.07399100810289383, 'seconds': 325.4518566131592}
Random_mask Random mask {'step': 1, 'attraction': 0.0009015544201247394, 'hinge': 0.0, 'retain': 0.08013457804918289, 'loss': 0.08103613555431366, 'gradient_norm': 0.03964488208293915, 'seconds': 0.0739903450012207}
Random_mask Random mask {'step': 100, 'attraction': 0.0003312525514047593, 'hinge': 0.0, 'retain': 0.09520082920789719, 'loss': 0.09553208202123642, 'gradient_norm': 0.08514417707920074, 'seconds': 7.998718500137329}
Random_mask Random mask {'step': 200, 'attraction': 0.00014348537661135197, 'hinge': 0.0, 'retain': 0.07435687631368637, 'loss': 0.07450035959482193, 'gradient_norm': 0.08160671591758728, 'seconds': 16.00165104866028}
Random_mask Random mask {'step': 250, 'attraction': 0.00019881429034285247, 'hinge': 0.0, 'retain': 0.08965212106704712, 'loss': 0.08985093235969543, 'gradient_norm': 0.06568465381860733, 'seconds': 20.014896392822266}
Random_mask Random mask {'step': 300, 'attraction': 0.00015341717517003417, 'hinge': 0.0, 'retain': 0.09132023900747299, 'loss': 0.09147365391254425, 'gradient_norm': 0.05052507296204567, 'seconds': 24.037571668624878}
Random_mask Random mask {'step': 400, 'attraction': 0.00015077574062161148, 'hinge': 0.0, 'retain': 0.09512930363416672, 'loss': 0.09528008103370667, 'gradient_norm': 0.05445150285959244, 'seconds': 32.000983476638794}
Random_mask Random mask {'step': 500, 'attraction': 0.00010388674854766577, 'hinge': 0.0, 'retain': 0.10015232861042023, 'loss': 0.10025621205568314, 'gradient_norm': 0.05203738436102867, 'seconds': 40.017635107040405}
Random_mask Random mask {'step': 600, 'attraction': 6.822570867370814e-05, 'hinge': 0.0, 'retain': 0.07991302758455276, 'loss': 0.0799812525510788, 'gradient_norm': 0.06146636977791786, 'seconds': 48.031036615371704}
Random_mask Random mask {'step': 700, 'attraction': 7.113283209037036e-05, 'hinge': 0.0, 'retain': 0.07649896293878555, 'loss': 0.07657009363174438, 'gradient_norm': 0.08497633785009384, 'seconds': 56.065863609313965}
Random_mask Random mask {'step': 800, 'attraction': 5.913161294301972e-05, 'hinge': 0.0, 'retain': 0.08184719830751419, 'loss': 0.08190633356571198, 'gradient_norm': 0.07885896414518356, 'seconds': 64.04157495498657}
Random_mask Random mask {'step': 900, 'attraction': 6.195588503032923e-05, 'hinge': 0.0, 'retain': 0.09006330370903015, 'loss': 0.09012526273727417, 'gradient_norm': 0.06401915103197098, 'seconds': 72.07497191429138}
Random_mask Random mask {'step': 1000, 'attraction': 2.3431099180015735e-05, 'hinge': 0.0, 'retain': 0.10727138072252274, 'loss': 0.10729481279850006, 'gradient_norm': 0.08844652026891708, 'seconds': 80.05914688110352}
Random_mask Random mask {'step': 1, 'attraction': 0.0009424276649951935, 'hinge': 0.0, 'retain': 0.09598088264465332, 'loss': 0.09692330658435822, 'gradient_norm': 0.08336202800273895, 'seconds': 0.07432675361633301}
Random_mask Random mask {'step': 100, 'attraction': 0.00020180767751298845, 'hinge': 0.0, 'retain': 0.090843565762043, 'loss': 0.09104537218809128, 'gradient_norm': 0.13250188529491425, 'seconds': 8.014206171035767}
Random_mask Random mask {'step': 200, 'attraction': 0.00010895463492488489, 'hinge': 0.0, 'retain': 0.09973656386137009, 'loss': 0.0998455211520195, 'gradient_norm': 0.03996230661869049, 'seconds': 16.03048348426819}
Random_mask Random mask {'step': 250, 'attraction': 9.574000432621688e-05, 'hinge': 0.0, 'retain': 0.07930806279182434, 'loss': 0.07940380275249481, 'gradient_norm': 0.0951080247759819, 'seconds': 20.054124355316162}
Random_mask Random mask {'step': 300, 'attraction': 0.00011879812518600374, 'hinge': 0.0, 'retain': 0.1203019842505455, 'loss': 0.12042078375816345, 'gradient_norm': 0.11498180031776428, 'seconds': 24.09228253364563}
Random_mask Random mask {'step': 400, 'attraction': 0.00011392696615075693, 'hinge': 0.0, 'retain': 0.10463747382164001, 'loss': 0.10475140064954758, 'gradient_norm': 0.06347126513719559, 'seconds': 32.08132600784302}
Random_mask Random mask {'step': 500, 'attraction': 7.363366603385657e-05, 'hinge': 0.0, 'retain': 0.10957523435354233, 'loss': 0.10964886844158173, 'gradient_norm': 0.05660569667816162, 'seconds': 40.112313747406006}
Random_mask Random mask {'step': 600, 'attraction': 5.993329614284448e-05, 'hinge': 0.0, 'retain': 0.09063512086868286, 'loss': 0.09069505333900452, 'gradient_norm': 0.11707806587219238, 'seconds': 48.11479139328003}
Random_mask Random mask {'step': 700, 'attraction': 5.8431585785001516e-05, 'hinge': 0.0, 'retain': 0.06795572489500046, 'loss': 0.06801415979862213, 'gradient_norm': 0.10081801563501358, 'seconds': 56.12283802032471}
Random_mask Random mask {'step': 800, 'attraction': 2.596552440081723e-05, 'hinge': 0.0, 'retain': 0.1053759828209877, 'loss': 0.10540194809436798, 'gradient_norm': 0.07108558714389801, 'seconds': 64.10684442520142}
Random_mask Random mask {'step': 900, 'attraction': 4.367307337815873e-05, 'hinge': 0.0, 'retain': 0.08460436016321182, 'loss': 0.08464803546667099, 'gradient_norm': 0.09183322638273239, 'seconds': 72.12705039978027}
Random_mask Random mask {'step': 1000, 'attraction': 1.5324751075240783e-05, 'hinge': 0.0, 'retain': 0.10577806085348129, 'loss': 0.10579338669776917, 'gradient_norm': 0.07735072076320648, 'seconds': 80.08935332298279}
Random_mask Random mask {'step': 1, 'attraction': 0.0009739209781400859, 'hinge': 0.0, 'retain': 0.08550557494163513, 'loss': 0.08647949248552322, 'gradient_norm': 0.11402034014463425, 'seconds': 0.07477712631225586}
Random_mask Random mask {'step': 100, 'attraction': 0.00041115155909210443, 'hinge': 0.0, 'retain': 0.12924420833587646, 'loss': 0.1296553611755371, 'gradient_norm': 0.1051965206861496, 'seconds': 8.012980222702026}
Random_mask Random mask {'step': 200, 'attraction': 0.00012158797471784055, 'hinge': 0.0, 'retain': 0.07379282265901566, 'loss': 0.07391440868377686, 'gradient_norm': 0.053196150809526443, 'seconds': 16.014955520629883}
Random_mask Random mask {'step': 250, 'attraction': 0.00019249266188126057, 'hinge': 0.0, 'retain': 0.09784875810146332, 'loss': 0.09804125130176544, 'gradient_norm': 0.0967591404914856, 'seconds': 20.02200436592102}
Random_mask Random mask {'step': 300, 'attraction': 0.00012749242887366563, 'hinge': 0.0, 'retain': 0.08333634585142136, 'loss': 0.08346384018659592, 'gradient_norm': 0.06689951568841934, 'seconds': 24.048593044281006}
Random_mask Random mask {'step': 400, 'attraction': 5.341269570635632e-05, 'hinge': 0.0, 'retain': 0.09503830224275589, 'loss': 0.09509171545505524, 'gradient_norm': 0.0926651805639267, 'seconds': 32.034523248672485}
Random_mask Random mask {'step': 500, 'attraction': 9.317844524048269e-05, 'hinge': 0.0, 'retain': 0.08050382137298584, 'loss': 0.08059699833393097, 'gradient_norm': 0.11841825395822525, 'seconds': 40.04712533950806}
Random_mask Random mask {'step': 600, 'attraction': 7.92711362009868e-05, 'hinge': 0.0, 'retain': 0.10309230536222458, 'loss': 0.10317157953977585, 'gradient_norm': 0.08366923034191132, 'seconds': 48.02935242652893}
Random_mask Random mask {'step': 700, 'attraction': 4.478458140511066e-05, 'hinge': 0.0, 'retain': 0.06919381767511368, 'loss': 0.06923860311508179, 'gradient_norm': 0.04654641076922417, 'seconds': 56.060631275177}
Random_mask Random mask {'step': 800, 'attraction': 3.339790055179037e-05, 'hinge': 0.0, 'retain': 0.10613761097192764, 'loss': 0.10617101192474365, 'gradient_norm': 0.07915468513965607, 'seconds': 64.0508942604065}
Random_mask Random mask {'step': 900, 'attraction': 5.834607145516202e-05, 'hinge': 0.0, 'retain': 0.08611027896404266, 'loss': 0.08616862446069717, 'gradient_norm': 0.06303305923938751, 'seconds': 72.0590226650238}
Random_mask Random mask {'step': 1000, 'attraction': 4.8833913751877844e-05, 'hinge': 0.0, 'retain': 0.0795777440071106, 'loss': 0.07962657511234283, 'gradient_norm': 0.06860004365444183, 'seconds': 80.04130339622498}
Random_mask Random mask {'step': 1, 'attraction': 0.0009584608487784863, 'hinge': 0.0, 'retain': 0.08124338090419769, 'loss': 0.08220183849334717, 'gradient_norm': 0.03345642611384392, 'seconds': 0.07392072677612305}
Random_mask Random mask {'step': 100, 'attraction': 0.00047473591985180974, 'hinge': 0.0, 'retain': 0.08058984577655792, 'loss': 0.08106458187103271, 'gradient_norm': 0.10782880336046219, 'seconds': 8.081897020339966}
Random_mask Random mask {'step': 200, 'attraction': 0.0003849991480819881, 'hinge': 0.0, 'retain': 0.09523972123861313, 'loss': 0.09562472254037857, 'gradient_norm': 0.06799174100160599, 'seconds': 16.153759002685547}
Random_mask Random mask {'step': 250, 'attraction': 0.0002939116966444999, 'hinge': 0.0, 'retain': 0.1072772741317749, 'loss': 0.10757118463516235, 'gradient_norm': 0.11394583433866501, 'seconds': 20.165656089782715}
Random_mask Random mask {'step': 300, 'attraction': 0.0002874973288271576, 'hinge': 0.0, 'retain': 0.07491651922464371, 'loss': 0.07520401477813721, 'gradient_norm': 0.0874066948890686, 'seconds': 24.213136196136475}
Random_mask Random mask {'step': 400, 'attraction': 0.00023001489171292633, 'hinge': 0.0, 'retain': 0.08940979093313217, 'loss': 0.0896398052573204, 'gradient_norm': 0.05921744927763939, 'seconds': 32.27912783622742}
Random_mask Random mask {'step': 500, 'attraction': 0.00015212147263810039, 'hinge': 0.0, 'retain': 0.09404295682907104, 'loss': 0.09419507533311844, 'gradient_norm': 0.09881660342216492, 'seconds': 40.34654235839844}
Random_mask Random mask {'step': 600, 'attraction': 0.00017275782010983676, 'hinge': 0.0, 'retain': 0.09510145336389542, 'loss': 0.09527420997619629, 'gradient_norm': 0.07943657040596008, 'seconds': 48.40187072753906}
Random_mask Random mask {'step': 700, 'attraction': 0.00010823093907674775, 'hinge': 0.0, 'retain': 0.09538501501083374, 'loss': 0.09549324959516525, 'gradient_norm': 0.10371875017881393, 'seconds': 56.50179100036621}
Random_mask Random mask {'step': 800, 'attraction': 0.0001323690958088264, 'hinge': 0.0, 'retain': 0.07290348410606384, 'loss': 0.07303585112094879, 'gradient_norm': 0.08876372873783112, 'seconds': 64.5572497844696}
Random_mask Random mask {'step': 900, 'attraction': 0.00011511860066093504, 'hinge': 0.0, 'retain': 0.09360886365175247, 'loss': 0.09372398257255554, 'gradient_norm': 0.09228185564279556, 'seconds': 72.60918855667114}
Random_mask Random mask {'step': 1000, 'attraction': 0.00010443040810059756, 'hinge': 0.0, 'retain': 0.1101035475730896, 'loss': 0.11020797491073608, 'gradient_norm': 0.08481616526842117, 'seconds': 80.6714231967926}
Random_mask Random mask {'step': 1100, 'attraction': 9.575241710990667e-05, 'hinge': 0.0, 'retain': 0.09115568548440933, 'loss': 0.091251440346241, 'gradient_norm': 0.11478646844625473, 'seconds': 88.73546528816223}
Random_mask Random mask {'step': 1200, 'attraction': 9.39550664043054e-05, 'hinge': 0.0, 'retain': 0.07881511747837067, 'loss': 0.07890906929969788, 'gradient_norm': 0.056882720440626144, 'seconds': 96.81512069702148}
Random_mask Random mask {'step': 1300, 'attraction': 7.939612260088325e-05, 'hinge': 0.0, 'retain': 0.10833882540464401, 'loss': 0.10841821879148483, 'gradient_norm': 0.10797352343797684, 'seconds': 104.88951110839844}
Random_mask Random mask {'step': 1400, 'attraction': 6.132794806035236e-05, 'hinge': 0.0, 'retain': 0.10598108172416687, 'loss': 0.10604240745306015, 'gradient_norm': 0.12589794397354126, 'seconds': 112.97186970710754}
Random_mask Random mask {'step': 1500, 'attraction': 6.717357609886676e-05, 'hinge': 0.0, 'retain': 0.08526363223791122, 'loss': 0.08533080667257309, 'gradient_norm': 0.11192651838064194, 'seconds': 121.02748036384583}
Random_mask Random mask {'step': 1600, 'attraction': 6.465832120738924e-05, 'hinge': 0.0, 'retain': 0.09852048009634018, 'loss': 0.09858513623476028, 'gradient_norm': 0.05501813441514969, 'seconds': 129.0954737663269}
Random_mask Random mask {'step': 1700, 'attraction': 6.623373337788507e-05, 'hinge': 0.0, 'retain': 0.05818130448460579, 'loss': 0.058247536420822144, 'gradient_norm': 0.04086427763104439, 'seconds': 137.1436755657196}
Random_mask Random mask {'step': 1800, 'attraction': 6.950279930606484e-05, 'hinge': 0.0, 'retain': 0.09331851452589035, 'loss': 0.09338802099227905, 'gradient_norm': 0.10208772867918015, 'seconds': 145.20328450202942}
Random_mask Random mask {'step': 1900, 'attraction': 6.411231879610568e-05, 'hinge': 0.0, 'retain': 0.08436524868011475, 'loss': 0.08442936092615128, 'gradient_norm': 0.10773058980703354, 'seconds': 153.2707018852234}
Random_mask Random mask {'step': 2000, 'attraction': 6.60662044538185e-05, 'hinge': 0.0, 'retain': 0.06469516456127167, 'loss': 0.06476122885942459, 'gradient_norm': 0.041123416274785995, 'seconds': 161.3507912158966}
Random_mask Random mask {'step': 2100, 'attraction': 5.253836206975393e-05, 'hinge': 0.0, 'retain': 0.07676293700933456, 'loss': 0.07681547850370407, 'gradient_norm': 0.07808981090784073, 'seconds': 169.41521215438843}
Random_mask Random mask {'step': 2200, 'attraction': 5.4554744565393776e-05, 'hinge': 0.0, 'retain': 0.11909955739974976, 'loss': 0.11915411055088043, 'gradient_norm': 0.08573172986507416, 'seconds': 177.45932912826538}
Random_mask Random mask {'step': 2300, 'attraction': 6.640250649070367e-05, 'hinge': 0.0, 'retain': 0.09551797062158585, 'loss': 0.09558437019586563, 'gradient_norm': 0.060583196580410004, 'seconds': 185.53591132164001}
Random_mask Random mask {'step': 2400, 'attraction': 5.243635314400308e-05, 'hinge': 0.0, 'retain': 0.10688947886228561, 'loss': 0.10694191604852676, 'gradient_norm': 0.051291968673467636, 'seconds': 193.61212253570557}
Random_mask Random mask {'step': 2500, 'attraction': 4.650116534321569e-05, 'hinge': 0.0, 'retain': 0.09307967126369476, 'loss': 0.09312617033720016, 'gradient_norm': 0.06505292654037476, 'seconds': 201.6631019115448}
Random_mask Random mask {'step': 2600, 'attraction': 3.559047036105767e-05, 'hinge': 0.0, 'retain': 0.09567811340093613, 'loss': 0.09571370482444763, 'gradient_norm': 0.07194695621728897, 'seconds': 209.72903442382812}
Random_mask Random mask {'step': 2700, 'attraction': 4.602548142429441e-05, 'hinge': 0.0, 'retain': 0.08302472531795502, 'loss': 0.08307074755430222, 'gradient_norm': 0.0946473628282547, 'seconds': 217.8288929462433}
Random_mask Random mask {'step': 2800, 'attraction': 4.217061723466031e-05, 'hinge': 0.0, 'retain': 0.05691780894994736, 'loss': 0.056959979236125946, 'gradient_norm': 0.10836982727050781, 'seconds': 225.90139412879944}
Random_mask Random mask {'step': 2900, 'attraction': 4.723058009403758e-05, 'hinge': 0.0, 'retain': 0.10413585603237152, 'loss': 0.10418308526277542, 'gradient_norm': 0.07100501656532288, 'seconds': 233.98733043670654}
Random_mask Random mask {'step': 3000, 'attraction': 3.8565529393963516e-05, 'hinge': 0.0, 'retain': 0.11868464201688766, 'loss': 0.11872320622205734, 'gradient_norm': 0.06668156385421753, 'seconds': 242.08285689353943}
SalUn SalUn {'step': 1, 'attraction': 0.0009015544201247394, 'hinge': 0.0, 'retain': 0.08013457804918289, 'loss': 0.08103613555431366, 'gradient_norm': 0.03964488208293915, 'seconds': 0.07396054267883301}
SalUn SalUn {'step': 100, 'attraction': 0.00031299132388085127, 'hinge': 0.0, 'retain': 0.09558571130037308, 'loss': 0.09589870274066925, 'gradient_norm': 0.1957850605249405, 'seconds': 8.013096332550049}
SalUn SalUn {'step': 200, 'attraction': 0.0001227636239491403, 'hinge': 0.0, 'retain': 0.07459256798028946, 'loss': 0.07471533119678497, 'gradient_norm': 0.09518444538116455, 'seconds': 16.029234886169434}
SalUn SalUn {'step': 250, 'attraction': 0.0001761318853823468, 'hinge': 0.0, 'retain': 0.08976339548826218, 'loss': 0.08993952721357346, 'gradient_norm': 0.06287255883216858, 'seconds': 20.047698974609375}
SalUn SalUn {'step': 300, 'attraction': 0.00014970100892242044, 'hinge': 0.0, 'retain': 0.09149927645921707, 'loss': 0.09164898097515106, 'gradient_norm': 0.08825034648180008, 'seconds': 24.09070062637329}
SalUn SalUn {'step': 400, 'attraction': 0.00015956764400471002, 'hinge': 0.0, 'retain': 0.09528060257434845, 'loss': 0.09544017165899277, 'gradient_norm': 0.07329867780208588, 'seconds': 32.10077381134033}
SalUn SalUn {'step': 500, 'attraction': 0.00010778984142234549, 'hinge': 0.0, 'retain': 0.1004653126001358, 'loss': 0.1005731001496315, 'gradient_norm': 0.09124374389648438, 'seconds': 40.16150760650635}
SalUn SalUn {'step': 600, 'attraction': 6.970870890654624e-05, 'hinge': 0.0, 'retain': 0.08012033998966217, 'loss': 0.08019004762172699, 'gradient_norm': 0.09398354589939117, 'seconds': 48.165316581726074}
SalUn SalUn {'step': 700, 'attraction': 7.753624231554568e-05, 'hinge': 0.0, 'retain': 0.0766439363360405, 'loss': 0.07672147452831268, 'gradient_norm': 0.1066167801618576, 'seconds': 56.19727659225464}
SalUn SalUn {'step': 800, 'attraction': 6.59861761960201e-05, 'hinge': 0.0, 'retain': 0.08203607052564621, 'loss': 0.08210206031799316, 'gradient_norm': 0.07085957378149033, 'seconds': 64.16273307800293}
SalUn SalUn {'step': 900, 'attraction': 6.710452726110816e-05, 'hinge': 0.0, 'retain': 0.09034395962953568, 'loss': 0.09041106700897217, 'gradient_norm': 0.09069464355707169, 'seconds': 72.18439269065857}
SalUn SalUn {'step': 1000, 'attraction': 2.56637686106842e-05, 'hinge': 0.0, 'retain': 0.107424795627594, 'loss': 0.1074504628777504, 'gradient_norm': 0.07016411423683167, 'seconds': 80.15500783920288}
SalUn SalUn {'step': 1, 'attraction': 0.0009555065771564841, 'hinge': 0.0, 'retain': 0.0961436927318573, 'loss': 0.0970991998910904, 'gradient_norm': 0.07169180363416672, 'seconds': 0.07458925247192383}
SalUn SalUn {'step': 100, 'attraction': 0.0001912382140289992, 'hinge': 0.0, 'retain': 0.09105584770441055, 'loss': 0.0912470892071724, 'gradient_norm': 0.13344493508338928, 'seconds': 8.000086545944214}
SalUn SalUn {'step': 200, 'attraction': 0.00011721785995177925, 'hinge': 0.0, 'retain': 0.09989430010318756, 'loss': 0.10001152008771896, 'gradient_norm': 0.05224357172846794, 'seconds': 15.983465194702148}
SalUn SalUn {'step': 250, 'attraction': 0.0001074821047950536, 'hinge': 0.0, 'retain': 0.0794878602027893, 'loss': 0.07959534227848053, 'gradient_norm': 0.12819188833236694, 'seconds': 19.989124536514282}
SalUn SalUn {'step': 300, 'attraction': 0.0001329015358351171, 'hinge': 0.0, 'retain': 0.12052556872367859, 'loss': 0.12065847218036652, 'gradient_norm': 0.09971043467521667, 'seconds': 24.010857105255127}
SalUn SalUn {'step': 400, 'attraction': 0.00013031443813815713, 'hinge': 0.0, 'retain': 0.10500919073820114, 'loss': 0.10513950884342194, 'gradient_norm': 0.16998620331287384, 'seconds': 31.96536135673523}
SalUn SalUn {'step': 500, 'attraction': 7.976280903676525e-05, 'hinge': 0.0, 'retain': 0.10981160402297974, 'loss': 0.1098913699388504, 'gradient_norm': 0.13173261284828186, 'seconds': 39.97675538063049}
SalUn SalUn {'step': 600, 'attraction': 6.959884194657207e-05, 'hinge': 0.0, 'retain': 0.09087720513343811, 'loss': 0.09094680100679398, 'gradient_norm': 0.17762044072151184, 'seconds': 47.96731686592102}
SalUn SalUn {'step': 700, 'attraction': 6.605227099498734e-05, 'hinge': 0.0, 'retain': 0.06814825534820557, 'loss': 0.0682143047451973, 'gradient_norm': 0.11150871217250824, 'seconds': 55.96382284164429}
SalUn SalUn {'step': 800, 'attraction': 2.9170985726523213e-05, 'hinge': 0.0, 'retain': 0.10563904792070389, 'loss': 0.10566821694374084, 'gradient_norm': 0.08113090693950653, 'seconds': 63.94148373603821}
SalUn SalUn {'step': 900, 'attraction': 5.1487884775269777e-05, 'hinge': 0.0, 'retain': 0.08475298434495926, 'loss': 0.0848044753074646, 'gradient_norm': 0.07554768770933151, 'seconds': 71.97138357162476}
SalUn SalUn {'step': 1000, 'attraction': 1.7993259461945854e-05, 'hinge': 0.0, 'retain': 0.10599257051944733, 'loss': 0.1060105636715889, 'gradient_norm': 0.11288578063249588, 'seconds': 79.94029998779297}
SalUn SalUn {'step': 1, 'attraction': 0.0010089634452015162, 'hinge': 0.0, 'retain': 0.0857684463262558, 'loss': 0.08677741140127182, 'gradient_norm': 0.1362505853176117, 'seconds': 0.07557415962219238}
SalUn SalUn {'step': 100, 'attraction': 0.0003829612396657467, 'hinge': 0.0, 'retain': 0.12952613830566406, 'loss': 0.12990909814834595, 'gradient_norm': 0.09807086735963821, 'seconds': 8.02418041229248}
SalUn SalUn {'step': 200, 'attraction': 0.00011165919568156824, 'hinge': 0.0, 'retain': 0.07409016042947769, 'loss': 0.07420182228088379, 'gradient_norm': 0.08980585634708405, 'seconds': 16.015218496322632}
SalUn SalUn {'step': 250, 'attraction': 0.00018264992104377598, 'hinge': 0.0, 'retain': 0.09811090677976608, 'loss': 0.09829355776309967, 'gradient_norm': 0.1005512923002243, 'seconds': 20.026556253433228}
SalUn SalUn {'step': 300, 'attraction': 0.00012192010035505518, 'hinge': 0.0, 'retain': 0.08362609893083572, 'loss': 0.08374802023172379, 'gradient_norm': 0.12041445821523666, 'seconds': 24.040842056274414}
SalUn SalUn {'step': 400, 'attraction': 4.608948074746877e-05, 'hinge': 0.0, 'retain': 0.09523230046033859, 'loss': 0.09527838975191116, 'gradient_norm': 0.13162744045257568, 'seconds': 32.02262759208679}
SalUn SalUn {'step': 500, 'attraction': 0.00010370876407250762, 'hinge': 0.0, 'retain': 0.08085841685533524, 'loss': 0.08096212893724442, 'gradient_norm': 0.16179001331329346, 'seconds': 40.051329612731934}
SalUn SalUn {'step': 600, 'attraction': 9.169768600258976e-05, 'hinge': 0.0, 'retain': 0.10335992276668549, 'loss': 0.10345161706209183, 'gradient_norm': 0.11061280220746994, 'seconds': 48.03580951690674}
SalUn SalUn {'step': 700, 'attraction': 5.145190152688883e-05, 'hinge': 0.0, 'retain': 0.069333516061306, 'loss': 0.06938496977090836, 'gradient_norm': 0.07078640908002853, 'seconds': 56.06457877159119}
SalUn SalUn {'step': 800, 'attraction': 3.925585770048201e-05, 'hinge': 0.0, 'retain': 0.10640785098075867, 'loss': 0.10644710808992386, 'gradient_norm': 0.07485512644052505, 'seconds': 64.0480420589447}
SalUn SalUn {'step': 900, 'attraction': 7.22871336620301e-05, 'hinge': 0.0, 'retain': 0.0864195004105568, 'loss': 0.08649178594350815, 'gradient_norm': 0.12228487432003021, 'seconds': 72.05737709999084}
SalUn SalUn {'step': 1000, 'attraction': 6.19122147327289e-05, 'hinge': 0.0, 'retain': 0.07968971133232117, 'loss': 0.0797516256570816, 'gradient_norm': 0.04266201704740524, 'seconds': 80.04608249664307}
SalUn SalUn {'step': 1, 'attraction': 0.0009584608487784863, 'hinge': 0.0, 'retain': 0.08124338090419769, 'loss': 0.08220183849334717, 'gradient_norm': 0.03345642611384392, 'seconds': 0.07450389862060547}
SalUn SalUn {'step': 100, 'attraction': 0.0004539159999694675, 'hinge': 0.0, 'retain': 0.08072666823863983, 'loss': 0.08118058741092682, 'gradient_norm': 0.07514160871505737, 'seconds': 8.09619402885437}
SalUn SalUn {'step': 200, 'attraction': 0.0003559220931492746, 'hinge': 0.0, 'retain': 0.09547848999500275, 'loss': 0.0958344116806984, 'gradient_norm': 0.11564426124095917, 'seconds': 16.18814778327942}
SalUn SalUn {'step': 250, 'attraction': 0.0002721613855101168, 'hinge': 0.0, 'retain': 0.10745052248239517, 'loss': 0.1077226847410202, 'gradient_norm': 0.08483210951089859, 'seconds': 20.20504140853882}
SalUn SalUn {'step': 300, 'attraction': 0.00026291533140465617, 'hinge': 0.0, 'retain': 0.0750664696097374, 'loss': 0.07532938569784164, 'gradient_norm': 0.09873159229755402, 'seconds': 24.252830505371094}
SalUn SalUn {'step': 400, 'attraction': 0.0002053954522125423, 'hinge': 0.0, 'retain': 0.08982621133327484, 'loss': 0.09003160893917084, 'gradient_norm': 0.06294704973697662, 'seconds': 32.32760977745056}
SalUn SalUn {'step': 500, 'attraction': 0.0001312288222834468, 'hinge': 0.0, 'retain': 0.0942426323890686, 'loss': 0.09437385946512222, 'gradient_norm': 0.11880897730588913, 'seconds': 40.40064764022827}
SalUn SalUn {'step': 600, 'attraction': 0.00016170743037946522, 'hinge': 0.0, 'retain': 0.09534981101751328, 'loss': 0.09551151841878891, 'gradient_norm': 0.08664871007204056, 'seconds': 48.47795391082764}
SalUn SalUn {'step': 700, 'attraction': 9.877438424155116e-05, 'hinge': 0.0, 'retain': 0.09549537301063538, 'loss': 0.0955941453576088, 'gradient_norm': 0.06192680075764656, 'seconds': 56.59228229522705}
SalUn SalUn {'step': 800, 'attraction': 0.0001207620880450122, 'hinge': 0.0, 'retain': 0.07311821728944778, 'loss': 0.07323897629976273, 'gradient_norm': 0.11205608397722244, 'seconds': 64.68161797523499}
SalUn SalUn {'step': 900, 'attraction': 0.00010807950457092375, 'hinge': 0.0, 'retain': 0.09376723319292068, 'loss': 0.09387531131505966, 'gradient_norm': 0.07337319105863571, 'seconds': 72.7482500076294}
SalUn SalUn {'step': 1000, 'attraction': 9.986515942728147e-05, 'hinge': 0.0, 'retain': 0.11040112376213074, 'loss': 0.1105009913444519, 'gradient_norm': 0.1481061428785324, 'seconds': 80.81923484802246}
SalUn SalUn {'step': 1100, 'attraction': 9.487335773883387e-05, 'hinge': 0.0, 'retain': 0.0914420410990715, 'loss': 0.09153691679239273, 'gradient_norm': 0.12805776298046112, 'seconds': 88.88667297363281}
SalUn SalUn {'step': 1200, 'attraction': 9.23557672649622e-05, 'hinge': 0.0, 'retain': 0.07907681167125702, 'loss': 0.07916916906833649, 'gradient_norm': 0.10792409628629684, 'seconds': 96.95906901359558}
SalUn SalUn {'step': 1300, 'attraction': 7.113007450243458e-05, 'hinge': 0.0, 'retain': 0.10848721861839294, 'loss': 0.10855834931135178, 'gradient_norm': 0.09728902578353882, 'seconds': 105.02555847167969}
SalUn SalUn {'step': 1400, 'attraction': 5.8926467318087816e-05, 'hinge': 0.0, 'retain': 0.10624152421951294, 'loss': 0.10630045086145401, 'gradient_norm': 0.11981790512800217, 'seconds': 113.10999274253845}
SalUn SalUn {'step': 1500, 'attraction': 6.20423088548705e-05, 'hinge': 0.0, 'retain': 0.08546174317598343, 'loss': 0.08552378416061401, 'gradient_norm': 0.13031664490699768, 'seconds': 121.18230271339417}
SalUn SalUn {'step': 1600, 'attraction': 6.285085692070425e-05, 'hinge': 0.0, 'retain': 0.09877707064151764, 'loss': 0.09883992373943329, 'gradient_norm': 0.1285562366247177, 'seconds': 129.2539885044098}
SalUn SalUn {'step': 1700, 'attraction': 6.55228432151489e-05, 'hinge': 0.0, 'retain': 0.05838559940457344, 'loss': 0.05845112353563309, 'gradient_norm': 0.143592968583107, 'seconds': 137.30540776252747}
SalUn SalUn {'step': 1800, 'attraction': 6.673260941170156e-05, 'hinge': 0.0, 'retain': 0.09369149804115295, 'loss': 0.0937582328915596, 'gradient_norm': 0.15641598403453827, 'seconds': 145.36964201927185}
SalUn SalUn {'step': 1900, 'attraction': 6.280335219344124e-05, 'hinge': 0.0, 'retain': 0.0846075564622879, 'loss': 0.08467035740613937, 'gradient_norm': 0.1382613629102707, 'seconds': 153.43371272087097}
SalUn SalUn {'step': 2000, 'attraction': 6.284969276748598e-05, 'hinge': 0.0, 'retain': 0.06483343243598938, 'loss': 0.06489628553390503, 'gradient_norm': 0.03446795046329498, 'seconds': 161.5222852230072}
SalUn SalUn {'step': 2100, 'attraction': 4.8828234866959974e-05, 'hinge': 0.0, 'retain': 0.07692138850688934, 'loss': 0.07697021961212158, 'gradient_norm': 0.07539166510105133, 'seconds': 169.5849528312683}
SalUn SalUn {'step': 2200, 'attraction': 4.972438182448968e-05, 'hinge': 0.0, 'retain': 0.11949103325605392, 'loss': 0.1195407584309578, 'gradient_norm': 0.09084799140691757, 'seconds': 177.63677144050598}
SalUn SalUn {'step': 2300, 'attraction': 6.290545570664108e-05, 'hinge': 0.0, 'retain': 0.09572912007570267, 'loss': 0.0957920253276825, 'gradient_norm': 0.11344700306653976, 'seconds': 185.70562410354614}
SalUn SalUn {'step': 2400, 'attraction': 5.0043610826833174e-05, 'hinge': 0.0, 'retain': 0.10733453929424286, 'loss': 0.1073845848441124, 'gradient_norm': 0.1037629172205925, 'seconds': 193.78092002868652}
SalUn SalUn {'step': 2500, 'attraction': 4.565629569697194e-05, 'hinge': 0.0, 'retain': 0.0932394340634346, 'loss': 0.09328509122133255, 'gradient_norm': 0.08159921318292618, 'seconds': 201.83579635620117}
SalUn SalUn {'step': 2600, 'attraction': 3.3090364013332874e-05, 'hinge': 0.0, 'retain': 0.09588628262281418, 'loss': 0.09591937065124512, 'gradient_norm': 0.1504896730184555, 'seconds': 209.90667390823364}
SalUn SalUn {'step': 2700, 'attraction': 4.452018765732646e-05, 'hinge': 0.0, 'retain': 0.08317235112190247, 'loss': 0.08321686834096909, 'gradient_norm': 0.10485043376684189, 'seconds': 218.0089614391327}
SalUn SalUn {'step': 2800, 'attraction': 4.032535071019083e-05, 'hinge': 0.0, 'retain': 0.05704857409000397, 'loss': 0.05708890035748482, 'gradient_norm': 0.12186215817928314, 'seconds': 226.06619906425476}
SalUn SalUn {'step': 2900, 'attraction': 4.5670585677726194e-05, 'hinge': 0.0, 'retain': 0.10439959913492203, 'loss': 0.10444527119398117, 'gradient_norm': 0.08247103542089462, 'seconds': 234.14324355125427}
SalUn SalUn {'step': 3000, 'attraction': 3.74880874005612e-05, 'hinge': 0.0, 'retain': 0.11878097802400589, 'loss': 0.11881846934556961, 'gradient_norm': 0.10142133384943008, 'seconds': 242.21318817138672}
GENERATION STUDY COMPLETE
