loaded shared source and Amnesiac ledger
loaded shared Retrain reference
final test: baseline {}
  Df=95.60 Dr=94.68 MIA=57.32 time=0.00s KL=0.0190
final test: retrain {}
  Df=29.90 Dr=95.01 MIA=48.61 time=357.34s KL=0.0000

finetune: 0/12 candidates complete
  [1/12] gap=22.577777777777772 Df=92.60 Dr=94.93 MIA=56.02
  [2/12] gap=22.28888888888889 Df=93.20 Dr=94.53 MIA=54.16
  [3/12] gap=21.792592592592587 Df=91.00 Dr=94.84 MIA=55.18
  [4/12] gap=22.037037037037038 Df=91.20 Dr=94.62 MIA=55.49
  [5/12] gap=16.733333333333327 Df=76.00 Dr=93.29 MIA=53.44
  [6/12] gap=18.377777777777776 Df=80.20 Dr=93.31 MIA=54.20
  [7/12] gap=14.585185185185184 Df=71.20 Dr=94.24 MIA=49.16
  [8/12] gap=13.059259259259258 Df=65.40 Dr=93.62 MIA=53.36
  [9/12] gap=9.451851851851849 Df=48.80 Dr=85.80 MIA=50.60
  [10/12] gap=9.059259259259257 Df=48.80 Dr=88.51 MIA=49.07
  [11/12] gap=3.4666666666666637 Df=33.00 Dr=87.67 MIA=51.02
  [12/12] gap=4.385185185185182 Df=23.20 Dr=91.07 MIA=52.58
final test: finetune {'lr': 0.001, 'epochs': 10}
  Df=66.90 Dr=93.39 MIA=53.47 time=63.09s KL=0.0717

ssd: 0/25 candidates complete
  [1/25] gap=22.088888888888885 Df=0.00 Dr=59.64 MIA=50.84
  [2/25] gap=17.548148148148144 Df=0.00 Dr=73.22 MIA=51.02
  [3/25] gap=5.296296296296295 Df=36.20 Dr=85.36 MIA=50.91
  [4/25] gap=22.985185185185188 Df=93.60 Dr=94.62 MIA=55.93
  [5/25] gap=23.029629629629625 Df=95.00 Dr=94.67 MIA=54.71
  [6/25] gap=19.52592592592592 Df=81.40 Dr=93.69 MIA=56.82
  [7/25] gap=19.65185185185184 Df=82.40 Dr=93.98 MIA=56.49
  [8/25] gap=20.68148148148148 Df=85.00 Dr=94.07 MIA=57.07
  [9/25] gap=22.985185185185188 Df=93.60 Dr=94.62 MIA=55.93
  [10/25] gap=23.029629629629625 Df=95.00 Dr=94.67 MIA=54.71
  [11/25] gap=22.73333333333333 Df=93.60 Dr=94.53 MIA=55.09
  [12/25] gap=22.829629629629625 Df=93.60 Dr=94.53 MIA=55.38
  [13/25] gap=22.333333333333332 Df=93.80 Dr=94.51 MIA=53.67
  [14/25] gap=23.229629629629628 Df=94.00 Dr=94.51 MIA=56.16
  [15/25] gap=23.029629629629625 Df=95.00 Dr=94.67 MIA=54.71
  [16/25] gap=23.45925925925926 Df=94.40 Dr=94.69 MIA=56.62
  [17/25] gap=23.45925925925926 Df=94.40 Dr=94.69 MIA=56.62
  [18/25] gap=23.311111111111106 Df=94.40 Dr=94.69 MIA=56.18
  [19/25] gap=23.133333333333336 Df=94.40 Dr=94.69 MIA=55.64
  [20/25] gap=23.52592592592592 Df=94.40 Dr=94.69 MIA=56.82
  [21/25] gap=23.18518518518518 Df=94.60 Dr=94.73 MIA=55.64
  [22/25] gap=23.18518518518518 Df=94.60 Dr=94.73 MIA=55.64
  [23/25] gap=23.18518518518518 Df=94.60 Dr=94.73 MIA=55.64
  [24/25] gap=23.266666666666666 Df=94.80 Dr=94.73 MIA=55.69
  [25/25] gap=23.266666666666666 Df=94.80 Dr=94.73 MIA=55.69
final test: ssd {'alpha': 5.0, 'dampening_constant': 0.1}
  Df=38.60 Dr=48.70 MIA=51.42 time=6.57s KL=0.1084

badteacher: 0/36 candidates complete
  [1/36] gap=15.985185185185186 Df=70.60 Dr=93.84 MIA=57.16
  [2/36] gap=4.229629629629625 Df=27.60 Dr=89.64 MIA=55.09
  [3/36] gap=15.399999999999997 Df=73.40 Dr=93.58 MIA=52.33
  [4/36] gap=8.022222222222219 Df=44.40 Dr=91.96 MIA=57.58
  [5/36] gap=4.525925925925925 Df=33.80 Dr=89.80 MIA=55.53
  [6/36] gap=12.051851851851845 Df=62.60 Dr=94.16 MIA=53.67
  [7/36] gap=4.037037037037032 Df=30.80 Dr=90.04 MIA=57.31
  [8/36] gap=6.481481481481481 Df=41.20 Dr=91.13 MIA=55.33
  [9/36] gap=9.688888888888885 Df=55.20 Dr=94.16 MIA=53.98
  [10/36] gap=4.911111111111104 Df=25.40 Dr=89.24 MIA=54.53
  [11/36] gap=11.629629629629624 Df=61.20 Dr=93.82 MIA=53.47
  [12/36] gap=4.903703703703703 Df=40.40 Dr=94.47 MIA=54.73
  [13/36] gap=12.785185185185183 Df=60.00 Dr=93.20 MIA=57.51
  [14/36] gap=4.207407407407409 Df=34.20 Dr=90.80 MIA=55.18
  [15/36] gap=15.207407407407407 Df=69.80 Dr=93.80 MIA=55.58
  [16/36] gap=4.466666666666664 Df=32.40 Dr=90.40 MIA=57.36
  [17/36] gap=10.125925925925927 Df=54.40 Dr=92.91 MIA=54.84
  [18/36] gap=12.318518518518518 Df=63.60 Dr=94.69 MIA=54.00
  [19/36] gap=4.125925925925924 Df=31.60 Dr=90.04 MIA=56.78
  [20/36] gap=12.970370370370368 Df=63.80 Dr=93.98 MIA=55.04
  [21/36] gap=9.14074074074074 Df=53.00 Dr=94.62 MIA=55.00
  [22/36] gap=3.9851851851851827 Df=33.80 Dr=90.38 MIA=54.49
  [23/36] gap=14.311111111111112 Df=68.00 Dr=94.22 MIA=55.11
  [24/36] gap=2.377777777777775 Df=33.20 Dr=94.18 MIA=54.07
  [25/36] gap=9.807407407407405 Df=49.80 Dr=92.38 MIA=57.96
  [26/36] gap=6.970370370370371 Df=44.80 Dr=92.62 MIA=54.69
  [27/36] gap=17.229629629629628 Df=77.40 Dr=94.33 MIA=54.58
  [28/36] gap=6.1555555555555515 Df=38.80 Dr=91.60 MIA=57.22
  [29/36] gap=13.622222222222222 Df=65.00 Dr=94.04 MIA=55.87
  [30/36] gap=12.140740740740739 Df=62.00 Dr=94.69 MIA=55.07
  [31/36] gap=5.585185185185182 Df=39.80 Dr=91.78 MIA=54.69
  [32/36] gap=14.59259259259259 Df=68.80 Dr=94.44 MIA=55.38
  [33/36] gap=11.525925925925925 Df=59.20 Dr=94.20 MIA=55.53
  [34/36] gap=7.103703703703701 Df=45.20 Dr=92.47 MIA=54.53
  [35/36] gap=10.725925925925921 Df=58.40 Dr=94.73 MIA=54.47
  [36/36] gap=8.244444444444438 Df=50.80 Dr=94.58 MIA=54.47
final test: badteacher {'temperature': 2.0, 'epochs': 10, 'lr': 0.01}
  Df=34.50 Dr=94.46 MIA=53.19 time=14.32s KL=0.0189

unsir: 0/36 candidates complete
  [1/36] gap=23.68148148148148 Df=96.40 Dr=92.38 MIA=52.98
  [2/36] gap=22.1037037037037 Df=91.60 Dr=94.18 MIA=54.84
  [3/36] gap=18.78518518518518 Df=80.20 Dr=90.47 MIA=52.58
  [4/36] gap=20.651851851851852 Df=87.40 Dr=93.16 MIA=53.67
  [5/36] gap=8.822222222222223 Df=47.00 Dr=86.16 MIA=50.33
  [6/36] gap=12.59259259259259 Df=60.20 Dr=90.09 MIA=53.62
  [7/36] gap=22.985185185185173 Df=95.60 Dr=93.40 MIA=52.71
  [8/36] gap=21.65925925925926 Df=90.40 Dr=94.47 MIA=55.00
  [9/36] gap=17.25185185185185 Df=77.20 Dr=92.07 MIA=52.58
  [10/36] gap=20.518518518518515 Df=86.40 Dr=93.58 MIA=54.69
  [11/36] gap=10.407407407407407 Df=52.80 Dr=87.62 MIA=49.91
  [12/36] gap=12.362962962962962 Df=61.40 Dr=91.33 MIA=52.98
  [13/36] gap=23.251851851851843 Df=95.20 Dr=93.51 MIA=54.02
  [14/36] gap=22.037037037037038 Df=92.20 Dr=94.58 MIA=54.44
  [15/36] gap=18.096296296296295 Df=79.20 Dr=92.44 MIA=53.49
  [16/36] gap=21.377777777777776 Df=89.40 Dr=93.91 MIA=54.60
  [17/36] gap=10.74074074074074 Df=54.80 Dr=88.38 MIA=50.16
  [18/36] gap=14.370370370370372 Df=67.40 Dr=91.69 MIA=53.36
  [19/36] gap=23.57777777777778 Df=96.20 Dr=92.27 MIA=52.76
  [20/36] gap=21.3037037037037 Df=90.60 Dr=94.33 MIA=53.60
  [21/36] gap=20.51111111111111 Df=86.20 Dr=90.71 MIA=49.91
  [22/36] gap=20.333333333333332 Df=86.60 Dr=93.22 MIA=53.58
  [23/36] gap=10.822222222222228 Df=52.40 Dr=86.76 MIA=49.13
  [24/36] gap=12.555555555555548 Df=60.20 Dr=91.60 MIA=46.89
  [25/36] gap=23.518518518518523 Df=96.20 Dr=93.04 MIA=53.36
  [26/36] gap=22.24444444444444 Df=93.00 Dr=94.29 MIA=53.98
  [27/36] gap=19.799999999999994 Df=85.60 Dr=92.20 MIA=51.96
  [28/36] gap=22.244444444444444 Df=90.60 Dr=93.67 MIA=55.76
  [29/36] gap=11.325925925925928 Df=56.20 Dr=88.49 MIA=49.69
  [30/36] gap=14.333333333333334 Df=66.60 Dr=91.73 MIA=47.82
  [31/36] gap=23.05925925925925 Df=95.20 Dr=93.27 MIA=53.20
  [32/36] gap=22.192592592592593 Df=92.80 Dr=94.53 MIA=54.27
  [33/36] gap=19.62962962962963 Df=84.60 Dr=92.67 MIA=52.91
  [34/36] gap=21.48148148148148 Df=89.80 Dr=94.02 MIA=54.62
  [35/36] gap=11.103703703703696 Df=57.00 Dr=89.56 MIA=50.09
  [36/36] gap=13.659259259259258 Df=67.40 Dr=92.02 MIA=51.56
final test: unsir {'impair_epochs': 1, 'repair_epochs': 2, 'impair_lr': 0.01, 'repair_lr': 0.01}
  Df=86.10 Dr=93.50 MIA=55.22 time=3.36s KL=0.0183

scrub: 0/24 candidates complete
  [1/24] gap=23.688888888888886 Df=95.00 Dr=94.36 MIA=56.38
  [2/24] gap=23.844444444444438 Df=95.00 Dr=94.53 MIA=57.02
  [3/24] gap=23.73333333333333 Df=95.00 Dr=94.36 MIA=56.51
  [4/24] gap=23.83703703703703 Df=95.00 Dr=94.49 MIA=56.96
  [5/24] gap=23.896296296296295 Df=94.80 Dr=94.31 MIA=57.16
  [6/24] gap=24.15555555555555 Df=95.60 Dr=94.53 MIA=57.36
  [7/24] gap=13.903703703703698 Df=64.00 Dr=90.40 MIA=47.84
  [8/24] gap=17.822222222222226 Df=80.40 Dr=92.67 MIA=51.69
  [9/24] gap=23.43703703703704 Df=93.60 Dr=94.62 MIA=57.29
  [10/24] gap=23.77037037037037 Df=95.00 Dr=94.51 MIA=56.78
  [11/24] gap=22.985185185185184 Df=93.40 Dr=94.76 MIA=56.27
  [12/24] gap=23.748148148148147 Df=95.00 Dr=94.38 MIA=56.58
  [13/24] gap=23.222222222222218 Df=94.20 Dr=94.16 MIA=55.58
  [14/24] gap=24.04444444444444 Df=95.80 Dr=94.00 MIA=56.29
  [15/24] gap=18.47407407407407 Df=51.40 Dr=62.18 MIA=49.76
  [16/24] gap=16.32592592592592 Df=64.80 Dr=83.13 MIA=48.64
  [17/24] gap=22.725925925925925 Df=92.20 Dr=95.02 MIA=56.96
  [18/24] gap=23.051851851851847 Df=93.80 Dr=94.78 MIA=56.09
  [19/24] gap=22.15555555555555 Df=91.80 Dr=94.76 MIA=55.38
  [20/24] gap=22.985185185185184 Df=93.80 Dr=94.38 MIA=55.49
  [21/24] gap=22.681481481481484 Df=93.20 Dr=93.87 MIA=54.67
  [22/24] gap=23.42222222222222 Df=94.80 Dr=93.91 MIA=55.33
  [23/24] gap=25.355555555555554 Df=18.00 Dr=32.69 MIA=51.91
  [24/24] gap=20.785185185185185 Df=45.60 Dr=49.22 MIA=49.98
final test: scrub {'msteps': 3, 'lr': 0.0005, 'epochs': 5, 'max_grad_norm': 5.0}
  Df=92.50 Dr=94.71 MIA=56.69 time=6.03s KL=0.0186

mmu: 0/96 candidates complete
  [1/96] gap=23.799999999999994 Df=95.20 Dr=94.60 MIA=56.76
  [2/96] gap=23.548148148148147 Df=94.80 Dr=94.67 MIA=56.47
  [3/96] gap=23.67407407407407 Df=95.00 Dr=94.31 MIA=56.29
  [4/96] gap=23.77037037037037 Df=94.80 Dr=94.47 MIA=56.93
  [5/96] gap=23.829629629629622 Df=95.20 Dr=94.56 MIA=56.80
  [6/96] gap=23.807407407407407 Df=95.00 Dr=94.56 MIA=56.93
  [7/96] gap=23.725925925925917 Df=95.20 Dr=94.49 MIA=56.42
  [8/96] gap=23.851851851851848 Df=95.20 Dr=94.42 MIA=56.73
  [9/96] gap=23.362962962962957 Df=94.40 Dr=94.62 MIA=56.27
  [10/96] gap=20.3037037037037 Df=84.20 Dr=94.76 MIA=57.42
  [11/96] gap=23.81481481481481 Df=94.00 Dr=94.56 MIA=57.96
  [12/96] gap=22.85925925925925 Df=92.00 Dr=94.64 MIA=57.18
  [13/96] gap=23.87407407407407 Df=95.00 Dr=94.71 MIA=57.29
  [14/96] gap=21.748148148148147 Df=88.60 Dr=94.87 MIA=57.47
  [15/96] gap=23.777777777777775 Df=94.80 Dr=94.64 MIA=57.13
  [16/96] gap=22.91851851851852 Df=92.80 Dr=94.80 MIA=56.71
  [17/96] gap=23.73333333333333 Df=94.60 Dr=94.56 MIA=57.11
  [18/96] gap=18.748148148148147 Df=80.00 Dr=94.58 MIA=56.78
  [19/96] gap=23.725925925925925 Df=94.20 Dr=94.64 MIA=57.58
  [20/96] gap=21.799999999999997 Df=89.00 Dr=94.71 MIA=57.07
  [21/96] gap=23.933333333333326 Df=94.60 Dr=94.67 MIA=57.82
  [22/96] gap=19.333333333333332 Df=87.40 Dr=94.80 MIA=51.36
  [23/96] gap=23.822222222222223 Df=94.80 Dr=94.69 MIA=57.31
  [24/96] gap=22.32592592592592 Df=90.80 Dr=94.78 MIA=56.91
  [25/96] gap=11.903703703703705 Df=54.40 Dr=85.18 MIA=52.44
  [26/96] gap=19.703703703703702 Df=84.80 Dr=93.89 MIA=54.16
  [27/96] gap=25.385185185185183 Df=4.40 Dr=49.04 MIA=47.16
  [28/96] gap=18.837037037037035 Df=79.20 Dr=89.22 MIA=52.49
  [29/96] gap=16.525925925925925 Df=73.00 Dr=89.56 MIA=52.09
  [30/96] gap=22.02962962962963 Df=91.00 Dr=94.07 MIA=55.11
  [31/96] gap=19.888888888888882 Df=54.60 Dr=62.69 MIA=53.71
  [32/96] gap=18.437037037037033 Df=81.60 Dr=92.09 MIA=51.76
  [33/96] gap=23.422222222222217 Df=94.40 Dr=94.58 MIA=56.40
  [34/96] gap=22.992592592592587 Df=93.20 Dr=94.78 MIA=56.51
  [35/96] gap=23.903703703703698 Df=95.20 Dr=94.51 MIA=56.98
  [36/96] gap=23.466666666666658 Df=94.00 Dr=94.78 MIA=57.13
  [37/96] gap=23.52592592592592 Df=94.40 Dr=94.56 MIA=56.69
  [38/96] gap=23.14074074074074 Df=93.20 Dr=94.89 MIA=57.07
  [39/96] gap=23.25185185185185 Df=94.40 Dr=94.56 MIA=55.87
  [40/96] gap=23.3037037037037 Df=93.80 Dr=94.80 MIA=56.87
  [41/96] gap=23.48888888888889 Df=94.00 Dr=94.76 MIA=57.18
  [42/96] gap=16.037037037037035 Df=71.40 Dr=93.89 MIA=56.56
  [43/96] gap=22.740740740740744 Df=92.80 Dr=94.78 MIA=56.16
  [44/96] gap=19.696296296296293 Df=83.60 Dr=94.69 MIA=56.13
  [45/96] gap=23.8074074074074 Df=94.60 Dr=94.71 MIA=57.49
  [46/96] gap=16.814814814814817 Df=79.20 Dr=94.60 MIA=51.80
  [47/96] gap=23.133333333333336 Df=93.60 Dr=94.60 MIA=56.36
  [48/96] gap=19.18518518518518 Df=85.80 Dr=94.84 MIA=52.56
  [49/96] gap=23.792592592592587 Df=94.60 Dr=94.60 MIA=57.33
  [50/96] gap=14.533333333333333 Df=68.40 Dr=94.00 MIA=55.16
  [51/96] gap=23.185185185185187 Df=94.00 Dr=94.29 MIA=55.80
  [52/96] gap=17.607407407407404 Df=77.00 Dr=94.64 MIA=56.42
  [53/96] gap=24.014814814814812 Df=95.40 Dr=94.58 MIA=57.18
  [54/96] gap=17.859259259259257 Df=79.40 Dr=94.49 MIA=54.62
  [55/96] gap=23.61481481481481 Df=94.60 Dr=94.58 MIA=56.78
  [56/96] gap=18.49629629629629 Df=81.60 Dr=94.78 MIA=54.62
  [57/96] gap=19.94074074074074 Df=32.20 Dr=37.69 MIA=51.27
  [58/96] gap=13.903703703703705 Df=67.80 Dr=92.38 MIA=52.24
  [59/96] gap=30.496296296296293 Df=15.80 Dr=18.91 MIA=50.56
  [60/96] gap=16.43703703703703 Df=2.80 Dr=77.24 MIA=54.51
  [61/96] gap=25.192592592592586 Df=0.00 Dr=51.18 MIA=50.00
  [62/96] gap=19.111111111111107 Df=83.60 Dr=93.42 MIA=53.11
  [63/96] gap=20.125925925925923 Df=32.60 Dr=37.71 MIA=50.47
  [64/96] gap=15.318518518518516 Df=71.20 Dr=91.20 MIA=51.91
  [65/96] gap=22.903703703703698 Df=91.80 Dr=94.78 MIA=57.64
  [66/96] gap=20.918518518518514 Df=86.60 Dr=94.69 MIA=56.80
  [67/96] gap=23.525925925925918 Df=94.40 Dr=94.60 MIA=56.73
  [68/96] gap=22.607407407407408 Df=91.60 Dr=94.84 MIA=57.02
  [69/96] gap=23.392592592592592 Df=93.80 Dr=94.80 MIA=57.13
  [70/96] gap=21.837037037037035 Df=89.00 Dr=94.64 MIA=57.11
  [71/96] gap=23.4074074074074 Df=94.60 Dr=94.64 MIA=56.22
  [72/96] gap=23.222222222222218 Df=93.20 Dr=94.78 MIA=57.20
  [73/96] gap=21.459259259259266 Df=90.40 Dr=94.71 MIA=54.64
  [74/96] gap=10.170370370370373 Df=52.40 Dr=92.69 MIA=56.76
  [75/96] gap=22.022222222222215 Df=90.20 Dr=94.78 MIA=56.60
  [76/96] gap=15.614814814814814 Df=73.60 Dr=94.40 MIA=53.60
  [77/96] gap=23.725925925925925 Df=94.40 Dr=94.67 MIA=57.40
  [78/96] gap=16.01481481481481 Df=72.40 Dr=94.13 MIA=55.73
  [79/96] gap=23.42962962962963 Df=93.60 Dr=94.76 MIA=57.40
  [80/96] gap=17.62222222222222 Df=80.00 Dr=94.73 MIA=53.56
  [81/96] gap=22.555555555555554 Df=92.60 Dr=94.62 MIA=55.64
  [82/96] gap=10.355555555555556 Df=55.20 Dr=93.51 MIA=55.33
  [83/96] gap=22.46666666666667 Df=91.80 Dr=94.60 MIA=56.16
  [84/96] gap=12.955555555555554 Df=62.40 Dr=93.89 MIA=56.31
  [85/96] gap=23.71111111111111 Df=94.80 Dr=94.44 MIA=56.73
  [86/96] gap=16.429629629629627 Df=73.60 Dr=94.20 MIA=55.84
  [87/96] gap=24.066666666666663 Df=95.00 Dr=94.44 MIA=57.60
  [88/96] gap=16.859259259259254 Df=76.00 Dr=94.64 MIA=55.18
  [89/96] gap=46.614814814814814 Df=92.80 Dr=19.44 MIA=49.47
  [90/96] gap=12.933333333333335 Df=60.40 Dr=88.60 MIA=48.96
  [91/96] gap=34.34814814814815 Df=1.00 Dr=22.73 MIA=49.98
  [92/96] gap=15.014814814814812 Df=7.20 Dr=75.22 MIA=52.62
  [93/96] gap=27.214814814814815 Df=47.00 Dr=30.80 MIA=50.51
  [94/96] gap=17.85185185185185 Df=80.40 Dr=92.20 MIA=51.31
  [95/96] gap=29.67407407407407 Df=0.00 Dr=37.78 MIA=49.96
  [96/96] gap=13.64444444444444 Df=59.60 Dr=86.73 MIA=47.89
final test: mmu {'msteps': 3, 'lr': 0.001, 'epochs': 5, 'head_mode': 'independent', 'weighting': 'normalised', 'max_grad_norm': 5.0}
  Df=53.80 Dr=93.58 MIA=55.44 time=7.00s KL=0.0184

salun: 0/45 candidates complete
  [1/45] gap=17.311111111111106 Df=75.60 Dr=93.76 MIA=56.04
  [2/45] gap=18.022222222222222 Df=77.00 Dr=93.71 MIA=56.73
  [3/45] gap=17.3037037037037 Df=76.80 Dr=93.22 MIA=54.29
  [4/45] gap=12.9037037037037 Df=61.40 Dr=90.47 MIA=53.73
  [5/45] gap=15.096296296296295 Df=68.20 Dr=91.27 MIA=54.31
  [6/45] gap=14.22962962962963 Df=67.20 Dr=92.00 MIA=53.44
  [7/45] gap=13.629629629629632 Df=65.40 Dr=91.98 MIA=53.42
  [8/45] gap=13.940740740740738 Df=65.60 Dr=91.11 MIA=53.29
  [9/45] gap=13.155555555555557 Df=63.80 Dr=91.13 MIA=52.76
  [10/45] gap=17.47407407407407 Df=76.00 Dr=93.71 MIA=56.09
  [11/45] gap=17.540740740740734 Df=77.80 Dr=93.67 MIA=54.44
  [12/45] gap=17.85925925925926 Df=78.20 Dr=93.42 MIA=54.76
  [13/45] gap=12.429629629629623 Df=59.60 Dr=90.64 MIA=54.29
  [14/45] gap=13.740740740740742 Df=64.60 Dr=91.80 MIA=54.38
  [15/45] gap=13.45185185185185 Df=65.20 Dr=92.44 MIA=53.56
  [16/45] gap=12.62222222222222 Df=63.40 Dr=91.67 MIA=52.09
  [17/45] gap=13.859259259259256 Df=65.80 Dr=92.11 MIA=53.84
  [18/45] gap=14.185185185185183 Df=66.40 Dr=92.36 MIA=54.47
  [19/45] gap=17.525925925925925 Df=76.20 Dr=93.80 MIA=56.13
  [20/45] gap=18.214814814814815 Df=78.40 Dr=93.73 MIA=55.93
  [21/45] gap=17.866666666666667 Df=77.40 Dr=93.51 MIA=55.67
  [22/45] gap=11.644444444444444 Df=58.40 Dr=91.24 MIA=53.73
  [23/45] gap=13.622222222222218 Df=64.80 Dr=92.13 MIA=54.16
  [24/45] gap=13.244444444444438 Df=64.80 Dr=92.60 MIA=53.49
  [25/45] gap=13.488888888888894 Df=65.60 Dr=92.07 MIA=52.89
  [26/45] gap=13.103703703703701 Df=64.60 Dr=92.58 MIA=53.24
  [27/45] gap=15.748148148148147 Df=72.20 Dr=92.76 MIA=53.76
  [28/45] gap=17.57037037037037 Df=76.20 Dr=93.82 MIA=56.29
  [29/45] gap=18.28148148148148 Df=78.60 Dr=93.78 MIA=55.98
  [30/45] gap=17.866666666666664 Df=77.00 Dr=93.58 MIA=56.13
  [31/45] gap=10.925925925925918 Df=58.00 Dr=90.96 MIA=50.22
  [32/45] gap=13.637037037037034 Df=64.40 Dr=92.18 MIA=54.64
  [33/45] gap=13.444444444444443 Df=64.60 Dr=92.58 MIA=54.27
  [34/45] gap=13.614814814814812 Df=67.00 Dr=92.20 MIA=52.00
  [35/45] gap=14.555555555555555 Df=67.00 Dr=92.38 MIA=55.00
  [36/45] gap=14.222222222222223 Df=68.60 Dr=92.49 MIA=52.51
  [37/45] gap=17.503703703703707 Df=76.20 Dr=93.84 MIA=56.11
  [38/45] gap=18.229629629629624 Df=78.40 Dr=93.78 MIA=56.02
  [39/45] gap=17.844444444444445 Df=77.20 Dr=93.64 MIA=55.93
  [40/45] gap=11.08148148148148 Df=58.40 Dr=91.04 MIA=50.07
  [41/45] gap=13.607407407407408 Df=64.60 Dr=92.20 MIA=54.38
  [42/45] gap=13.385185185185186 Df=64.00 Dr=92.67 MIA=54.78
  [43/45] gap=14.014814814814812 Df=67.40 Dr=92.11 MIA=52.71
  [44/45] gap=14.155555555555551 Df=67.00 Dr=92.58 MIA=54.00
  [45/45] gap=15.64444444444444 Df=71.20 Dr=92.76 MIA=54.44
final test: salun {'sparsity': 0.1, 'lr': 0.0001, 'epochs': 3}
  Df=76.40 Dr=94.24 MIA=56.64 time=6.06s KL=0.0189

uniclun: 0/27 candidates complete
  [1/27] gap=17.962962962962962 Df=77.20 Dr=93.93 MIA=56.58
  [2/27] gap=17.962962962962962 Df=77.20 Dr=93.93 MIA=56.58
  [3/27] gap=17.962962962962962 Df=77.20 Dr=93.93 MIA=56.58
  [4/27] gap=17.651851851851855 Df=77.20 Dr=93.87 MIA=55.58
  [5/27] gap=17.651851851851855 Df=77.20 Dr=93.87 MIA=55.58
  [6/27] gap=17.651851851851855 Df=77.20 Dr=93.87 MIA=55.58
  [7/27] gap=18.733333333333334 Df=79.60 Dr=93.64 MIA=56.20
  [8/27] gap=18.733333333333334 Df=79.60 Dr=93.64 MIA=56.20
  [9/27] gap=18.733333333333334 Df=79.60 Dr=93.64 MIA=56.20
  [10/27] gap=11.55555555555555 Df=57.20 Dr=91.64 MIA=55.07
  [11/27] gap=11.55555555555555 Df=57.20 Dr=91.64 MIA=55.07
  [12/27] gap=11.55555555555555 Df=57.20 Dr=91.64 MIA=55.07
  [13/27] gap=12.755555555555553 Df=62.80 Dr=92.07 MIA=53.49
  [14/27] gap=12.755555555555553 Df=62.80 Dr=92.07 MIA=53.49
  [15/27] gap=12.755555555555553 Df=62.80 Dr=92.07 MIA=53.49
  [16/27] gap=14.46666666666667 Df=67.80 Dr=92.89 MIA=54.44
  [17/27] gap=14.46666666666667 Df=67.80 Dr=92.89 MIA=54.44
  [18/27] gap=14.46666666666667 Df=67.80 Dr=92.89 MIA=54.44
  [19/27] gap=13.955555555555554 Df=66.40 Dr=92.44 MIA=53.87
  [20/27] gap=13.955555555555554 Df=66.40 Dr=92.44 MIA=53.87
  [21/27] gap=13.955555555555554 Df=66.40 Dr=92.44 MIA=53.87
  [22/27] gap=13.777777777777777 Df=67.20 Dr=92.64 MIA=52.73
  [23/27] gap=13.777777777777777 Df=67.20 Dr=92.64 MIA=52.73
  [24/27] gap=13.777777777777777 Df=67.20 Dr=92.64 MIA=52.73
  [25/27] gap=15.081481481481477 Df=69.20 Dr=92.82 MIA=54.82
  [26/27] gap=15.081481481481477 Df=69.20 Dr=92.82 MIA=54.82
  [27/27] gap=15.081481481481477 Df=69.20 Dr=92.82 MIA=54.82
final test: uniclun {'lr': 0.0001, 'epochs': 3, 'buffer_size': 250}
  Df=78.10 Dr=94.33 MIA=56.29 time=4.01s KL=0.0189

