loaded shared source and Amnesiac ledger
loaded shared Retrain reference
final test: baseline {}
  Df=99.82 Dr=92.03 MIA=56.73 time=0.00s KL=0.0201
final test: retrain {}
  Df=93.36 Dr=92.44 MIA=49.60 time=441.47s KL=0.0000

finetune: 0/12 candidates complete
  [1/12] gap=4.9553571428571415 Df=99.82 Dr=92.84 MIA=57.32
  [2/12] gap=4.872738095238091 Df=99.82 Dr=92.86 MIA=57.05
  [3/12] gap=4.978928571428568 Df=99.82 Dr=93.00 MIA=57.23
  [4/12] gap=4.957380952380956 Df=99.91 Dr=92.70 MIA=57.10
  [5/12] gap=3.947023809523808 Df=97.14 Dr=90.24 MIA=54.37
  [6/12] gap=3.254880952380951 Df=96.07 Dr=90.62 MIA=53.75
  [7/12] gap=2.7001190476190495 Df=94.38 Dr=90.32 MIA=53.48
  [8/12] gap=2.9383333333333326 Df=95.98 Dr=90.90 MIA=53.17
  [9/12] gap=12.454166666666675 Df=75.71 Dr=74.54 MIA=49.20
  [10/12] gap=8.430357142857142 Df=81.07 Dr=80.54 MIA=48.21
  [11/12] gap=6.764166666666672 Df=84.02 Dr=82.86 MIA=48.75
  [12/12] gap=3.740238095238098 Df=88.39 Dr=87.78 MIA=48.97
final test: finetune {'lr': 0.001, 'epochs': 10}
  Df=96.64 Dr=90.31 MIA=52.79 time=44.71s KL=0.0003

ssd: 0/25 candidates complete
  [1/25] gap=56.065714285714286 Df=10.00 Dr=10.00 MIA=49.78
  [2/25] gap=56.244285714285716 Df=10.00 Dr=10.00 MIA=50.31
  [3/25] gap=26.001547619047624 Df=56.61 Dr=54.88 MIA=51.07
  [4/25] gap=4.778809523809521 Df=99.73 Dr=92.98 MIA=56.74
  [5/25] gap=4.818333333333335 Df=99.73 Dr=92.92 MIA=56.92
  [6/25] gap=4.722380952380957 Df=99.91 Dr=92.78 MIA=56.47
  [7/25] gap=4.866071428571428 Df=99.91 Dr=92.84 MIA=56.96
  [8/25] gap=4.687500000000003 Df=99.91 Dr=92.84 MIA=56.43
  [9/25] gap=4.778809523809521 Df=99.73 Dr=92.98 MIA=56.74
  [10/25] gap=4.818333333333335 Df=99.73 Dr=92.92 MIA=56.92
  [11/25] gap=4.760357142857141 Df=99.73 Dr=92.88 MIA=56.79
  [12/25] gap=4.788571428571427 Df=99.73 Dr=92.92 MIA=56.83
  [13/25] gap=4.788571428571427 Df=99.73 Dr=92.92 MIA=56.83
  [14/25] gap=4.816785714285712 Df=99.73 Dr=92.96 MIA=56.88
  [15/25] gap=4.818333333333335 Df=99.73 Dr=92.92 MIA=56.92
  [16/25] gap=4.810119047619047 Df=99.73 Dr=92.94 MIA=56.88
  [17/25] gap=4.810119047619047 Df=99.73 Dr=92.94 MIA=56.88
  [18/25] gap=4.810119047619047 Df=99.73 Dr=92.94 MIA=56.88
  [19/25] gap=4.810119047619047 Df=99.73 Dr=92.94 MIA=56.88
  [20/25] gap=4.810119047619047 Df=99.73 Dr=92.94 MIA=56.88
  [21/25] gap=4.810119047619047 Df=99.73 Dr=92.94 MIA=56.88
  [22/25] gap=4.810119047619047 Df=99.73 Dr=92.94 MIA=56.88
  [23/25] gap=4.810119047619047 Df=99.73 Dr=92.94 MIA=56.88
  [24/25] gap=4.810119047619047 Df=99.73 Dr=92.94 MIA=56.88
  [25/25] gap=4.810119047619047 Df=99.73 Dr=92.94 MIA=56.88
final test: ssd {'alpha': 1.0, 'dampening_constant': 5.0}
  Df=99.82 Dr=92.02 MIA=56.99 time=6.71s KL=0.0202

badteacher: 0/36 candidates complete
  [1/36] gap=4.828095238095237 Df=99.82 Dr=92.86 MIA=56.92
  [2/36] gap=4.428214285714287 Df=96.79 Dr=89.60 MIA=55.54
  [3/36] gap=5.888571428571429 Df=91.34 Dr=84.46 MIA=55.04
  [4/36] gap=4.828452380952382 Df=99.11 Dr=92.06 MIA=56.88
  [5/36] gap=6.9052380952381 Df=88.12 Dr=82.66 MIA=53.08
  [6/36] gap=4.471904761904763 Df=97.77 Dr=89.96 MIA=55.04
  [7/36] gap=4.333571428571427 Df=97.50 Dr=91.00 MIA=55.94
  [8/36] gap=5.10619047619048 Df=91.88 Dr=85.20 MIA=53.97
  [9/36] gap=4.578809523809525 Df=98.75 Dr=90.80 MIA=55.22
  [10/36] gap=3.992142857142859 Df=94.55 Dr=87.56 MIA=54.42
  [11/36] gap=4.293690476190477 Df=96.79 Dr=89.20 MIA=54.73
  [12/36] gap=4.428095238095241 Df=99.11 Dr=91.52 MIA=55.13
  [13/36] gap=4.862976190476192 Df=99.64 Dr=92.76 MIA=57.14
  [14/36] gap=4.351666666666667 Df=96.52 Dr=89.16 MIA=55.13
  [15/36] gap=4.402500000000003 Df=96.96 Dr=89.32 MIA=55.00
  [16/36] gap=4.502380952380956 Df=97.77 Dr=90.94 MIA=56.12
  [17/36] gap=4.647142857142858 Df=98.66 Dr=91.22 MIA=55.94
  [18/36] gap=4.710714285714292 Df=98.84 Dr=90.94 MIA=55.67
  [19/36] gap=4.0191666666666706 Df=95.98 Dr=89.22 MIA=54.73
  [20/36] gap=4.781666666666666 Df=99.46 Dr=91.62 MIA=55.94
  [21/36] gap=4.554761904761906 Df=98.93 Dr=91.14 MIA=55.31
  [22/36] gap=4.072261904761899 Df=95.09 Dr=87.90 MIA=54.46
  [23/36] gap=4.724761904761908 Df=99.73 Dr=91.88 MIA=55.76
  [24/36] gap=4.836904761904762 Df=99.20 Dr=90.74 MIA=55.49
  [25/36] gap=4.729523809523809 Df=99.55 Dr=92.58 MIA=56.65
  [26/36] gap=4.7611904761904755 Df=99.55 Dr=91.86 MIA=56.03
  [27/36] gap=4.830714285714289 Df=98.84 Dr=90.58 MIA=55.67
  [28/36] gap=4.615357142857147 Df=98.66 Dr=91.36 MIA=55.98
  [29/36] gap=4.895714285714289 Df=99.64 Dr=92.26 MIA=56.74
  [30/36] gap=4.37821428571429 Df=98.66 Dr=91.00 MIA=54.91
  [31/36] gap=4.498452380952384 Df=98.93 Dr=91.80 MIA=55.80
  [32/36] gap=4.997857142857143 Df=99.82 Dr=92.40 MIA=57.01
  [33/36] gap=4.6346428571428575 Df=98.75 Dr=90.32 MIA=54.91
  [34/36] gap=4.6920238095238105 Df=99.64 Dr=92.38 MIA=56.25
  [35/36] gap=4.99880952380952 Df=99.82 Dr=92.04 MIA=56.65
  [36/36] gap=3.1341666666666703 Df=93.93 Dr=87.50 MIA=52.41
final test: badteacher {'temperature': 1.0, 'epochs': 5, 'lr': 0.0001}
  Df=97.35 Dr=89.67 MIA=54.34 time=6.66s KL=0.0200

unsir: 0/36 candidates complete
  [1/36] gap=4.389880952380949 Df=98.30 Dr=90.34 MIA=54.64
  [2/36] gap=4.899761904761912 Df=99.55 Dr=91.98 MIA=56.56
  [3/36] gap=8.004166666666668 Df=87.41 Dr=81.64 MIA=54.64
  [4/36] gap=4.6413095238095226 Df=97.86 Dr=90.30 MIA=55.80
  [5/36] gap=7.57464285714286 Df=86.43 Dr=81.50 MIA=52.23
  [6/36] gap=4.317738095238094 Df=92.59 Dr=86.36 MIA=53.48
  [7/36] gap=4.678452380952386 Df=98.75 Dr=91.26 MIA=55.98
  [8/36] gap=4.708928571428575 Df=99.55 Dr=92.24 MIA=56.25
  [9/36] gap=5.039166666666669 Df=92.23 Dr=86.16 MIA=55.09
  [10/36] gap=4.696904761904764 Df=99.11 Dr=91.16 MIA=55.58
  [11/36] gap=6.41226190476191 Df=88.84 Dr=83.38 MIA=53.04
  [12/36] gap=3.9604761904761907 Df=95.27 Dr=88.28 MIA=54.33
  [13/36] gap=4.802142857142857 Df=99.20 Dr=91.38 MIA=56.03
  [14/36] gap=4.58011904761905 Df=99.64 Dr=92.18 MIA=55.71
  [15/36] gap=4.077380952380956 Df=94.64 Dr=87.84 MIA=54.87
  [16/36] gap=4.585119047619055 Df=98.84 Dr=91.54 MIA=55.89
  [17/36] gap=5.743333333333335 Df=89.82 Dr=84.36 MIA=52.99
  [18/36] gap=3.622976190476192 Df=95.54 Dr=88.98 MIA=53.75
  [19/36] gap=4.764880952380952 Df=97.95 Dr=89.84 MIA=55.62
  [20/36] gap=4.99464285714286 Df=99.38 Dr=91.74 MIA=56.79
  [21/36] gap=5.375119047619052 Df=91.88 Dr=85.42 MIA=55.00
  [22/36] gap=4.861428571428573 Df=98.21 Dr=90.22 MIA=56.03
  [23/36] gap=5.179047619047623 Df=90.09 Dr=85.16 MIA=52.37
  [24/36] gap=3.5263095238095232 Df=93.66 Dr=88.02 MIA=53.84
  [25/36] gap=4.800476190476196 Df=98.84 Dr=90.76 MIA=55.76
  [26/36] gap=4.729880952380955 Df=99.46 Dr=91.82 MIA=55.98
  [27/36] gap=4.004523809523813 Df=94.55 Dr=87.88 MIA=54.78
  [28/36] gap=4.698452380952385 Df=98.57 Dr=91.20 MIA=56.16
  [29/36] gap=4.595833333333331 Df=90.98 Dr=86.24 MIA=52.59
  [30/36] gap=3.4705952380952403 Df=95.36 Dr=89.08 MIA=53.57
  [31/36] gap=4.763095238095244 Df=99.02 Dr=91.14 MIA=55.85
  [32/36] gap=5.117857142857145 Df=99.73 Dr=92.04 MIA=57.10
  [33/36] gap=4.353690476190479 Df=96.07 Dr=89.02 MIA=55.45
  [34/36] gap=4.993571428571433 Df=99.11 Dr=91.52 MIA=56.83
  [35/36] gap=4.180357142857152 Df=92.05 Dr=87.04 MIA=53.21
  [36/36] gap=3.9273809523809553 Df=96.52 Dr=89.54 MIA=54.24
final test: unsir {'impair_epochs': 2, 'repair_epochs': 2, 'impair_lr': 0.01, 'repair_lr': 0.01}
  Df=98.58 Dr=90.51 MIA=55.09 time=5.07s KL=0.0210

scrub: 0/24 candidates complete
  [1/24] gap=4.958928571428572 Df=99.82 Dr=92.74 MIA=57.23
  [2/24] gap=4.819880952380951 Df=99.91 Dr=92.80 MIA=56.79
  [3/24] gap=4.922500000000002 Df=99.82 Dr=92.76 MIA=57.14
  [4/24] gap=4.932261904761904 Df=99.91 Dr=92.82 MIA=57.14
  [5/24] gap=4.795238095238098 Df=99.82 Dr=92.74 MIA=56.74
  [6/24] gap=4.907619047619055 Df=99.91 Dr=92.76 MIA=57.01
  [7/24] gap=4.656428571428575 Df=98.84 Dr=91.46 MIA=56.03
  [8/24] gap=4.843333333333334 Df=99.38 Dr=92.06 MIA=56.65
  [9/24] gap=4.90095238095238 Df=99.91 Dr=92.78 MIA=57.01
  [10/24] gap=4.775238095238095 Df=99.91 Dr=92.80 MIA=56.65
  [11/24] gap=5.0251190476190475 Df=100.00 Dr=92.72 MIA=57.23
  [12/24] gap=5.016904761904764 Df=99.91 Dr=92.70 MIA=57.28
  [13/24] gap=4.80702380952381 Df=99.82 Dr=92.66 MIA=56.70
  [14/24] gap=4.873214285714286 Df=99.82 Dr=92.64 MIA=56.88
  [15/24] gap=4.4952380952380935 Df=96.96 Dr=88.64 MIA=54.60
  [16/24] gap=4.436190476190473 Df=98.30 Dr=90.96 MIA=55.40
  [17/24] gap=4.873214285714286 Df=99.82 Dr=93.04 MIA=56.88
  [18/24] gap=4.795238095238093 Df=99.73 Dr=92.94 MIA=56.83
  [19/24] gap=4.871190476190473 Df=99.82 Dr=92.90 MIA=57.01
  [20/24] gap=4.79369047619047 Df=99.64 Dr=92.98 MIA=56.88
  [21/24] gap=4.77059523809524 Df=99.82 Dr=92.68 MIA=56.61
  [22/24] gap=4.848095238095245 Df=99.73 Dr=92.76 MIA=57.01
  [23/24] gap=23.33833333333334 Df=61.43 Dr=59.70 MIA=52.72
  [24/24] gap=4.32202380952381 Df=96.96 Dr=89.74 MIA=55.18
final test: scrub {'msteps': 2, 'lr': 0.005, 'epochs': 10, 'max_grad_norm': 5.0}
  Df=97.35 Dr=90.40 MIA=53.50 time=10.35s KL=0.0253

mmu: 0/96 candidates complete
  [1/96] gap=4.836309523809521 Df=99.82 Dr=92.84 MIA=56.96
  [2/96] gap=4.685952380952382 Df=99.73 Dr=92.88 MIA=56.56
  [3/96] gap=4.7141666666666735 Df=99.91 Dr=92.76 MIA=56.43
  [4/96] gap=4.739285714285718 Df=99.91 Dr=92.64 MIA=56.38
  [5/96] gap=4.925595238095238 Df=99.82 Dr=92.84 MIA=57.23
  [6/96] gap=4.909166666666661 Df=99.82 Dr=92.88 MIA=57.14
  [7/96] gap=4.859880952380958 Df=99.91 Dr=92.68 MIA=56.79
  [8/96] gap=4.752619047619049 Df=99.73 Dr=92.60 MIA=56.56
  [9/96] gap=4.996904761904763 Df=99.91 Dr=92.92 MIA=57.28
  [10/96] gap=4.834761904761902 Df=99.82 Dr=92.88 MIA=56.92
  [11/96] gap=4.919404761904765 Df=100.00 Dr=92.68 MIA=56.88
  [12/96] gap=4.750595238095241 Df=99.91 Dr=92.74 MIA=56.52
  [13/96] gap=5.0615476190476185 Df=99.91 Dr=92.98 MIA=57.41
  [14/96] gap=4.902499999999996 Df=99.82 Dr=92.82 MIA=57.14
  [15/96] gap=5.0 Df=100.00 Dr=92.84 MIA=57.28
  [16/96] gap=4.868095238095239 Df=99.82 Dr=92.70 MIA=56.92
  [17/96] gap=4.830119047619047 Df=99.91 Dr=93.00 MIA=56.70
  [18/96] gap=4.902499999999999 Df=99.91 Dr=92.82 MIA=57.05
  [19/96] gap=5.056428571428576 Df=100.00 Dr=92.76 MIA=57.37
  [20/96] gap=4.8645238095238055 Df=100.00 Dr=92.80 MIA=56.83
  [21/96] gap=4.9507142857142865 Df=99.91 Dr=92.96 MIA=57.10
  [22/96] gap=4.909166666666664 Df=99.91 Dr=92.88 MIA=57.05
  [23/96] gap=4.897857142857141 Df=99.91 Dr=92.98 MIA=56.92
  [24/96] gap=4.92607142857143 Df=100.00 Dr=92.66 MIA=56.88
  [25/96] gap=4.40607142857143 Df=98.39 Dr=91.72 MIA=55.98
  [26/96] gap=4.796666666666664 Df=99.55 Dr=92.20 MIA=56.47
  [27/96] gap=9.832023809523816 Df=81.70 Dr=79.46 MIA=52.23
  [28/96] gap=5.004285714285712 Df=99.20 Dr=91.22 MIA=56.47
  [29/96] gap=4.588333333333334 Df=99.46 Dr=92.20 MIA=55.94
  [30/96] gap=4.827023809523806 Df=99.82 Dr=92.60 MIA=56.70
  [31/96] gap=3.0308333333333386 Df=94.55 Dr=89.06 MIA=53.04
  [32/96] gap=5.082857142857146 Df=99.38 Dr=91.52 MIA=56.83
  [33/96] gap=4.772142857142858 Df=99.82 Dr=92.72 MIA=56.65
  [34/96] gap=4.63666666666667 Df=99.73 Dr=92.68 MIA=56.29
  [35/96] gap=4.813214285714284 Df=99.82 Dr=92.82 MIA=56.88
  [36/96] gap=4.722380952380955 Df=99.73 Dr=92.78 MIA=56.65
  [37/96] gap=4.826547619047619 Df=99.82 Dr=92.78 MIA=56.88
  [38/96] gap=4.9045238095238135 Df=99.82 Dr=92.68 MIA=57.01
  [39/96] gap=4.685952380952382 Df=99.73 Dr=92.88 MIA=56.56
  [40/96] gap=4.677738095238095 Df=99.73 Dr=92.78 MIA=56.52
  [41/96] gap=4.9389285714285664 Df=99.82 Dr=92.88 MIA=57.23
  [42/96] gap=4.704404761904762 Df=99.82 Dr=92.70 MIA=56.43
  [43/96] gap=4.798333333333332 Df=99.82 Dr=92.86 MIA=56.83
  [44/96] gap=4.851666666666671 Df=99.73 Dr=92.66 MIA=56.92
  [45/96] gap=4.8414285714285725 Df=99.82 Dr=92.90 MIA=56.92
  [46/96] gap=4.886071428571429 Df=99.91 Dr=92.78 MIA=56.96
  [47/96] gap=4.863452380952384 Df=99.73 Dr=93.10 MIA=56.88
  [48/96] gap=4.753690476190475 Df=99.73 Dr=92.86 MIA=56.79
  [49/96] gap=4.897857142857144 Df=99.82 Dr=92.70 MIA=57.01
  [50/96] gap=4.9178571428571445 Df=99.82 Dr=92.64 MIA=57.01
  [51/96] gap=4.86452380952381 Df=99.91 Dr=92.88 MIA=56.92
  [52/96] gap=4.835714285714289 Df=99.73 Dr=92.44 MIA=56.65
  [53/96] gap=4.884523809523803 Df=99.82 Dr=92.94 MIA=57.01
  [54/96] gap=4.86452380952381 Df=99.91 Dr=92.80 MIA=56.92
  [55/96] gap=4.810119047619044 Df=99.82 Dr=92.94 MIA=56.79
  [56/96] gap=4.806547619047618 Df=99.82 Dr=92.84 MIA=56.88
  [57/96] gap=6.060119047619049 Df=88.21 Dr=85.24 MIA=53.21
  [58/96] gap=5.089285714285715 Df=91.16 Dr=85.34 MIA=53.35
  [59/96] gap=50.1002380952381 Df=19.29 Dr=18.70 MIA=49.87
  [60/96] gap=10.349880952380955 Df=84.11 Dr=77.46 MIA=54.20
  [61/96] gap=4.2123809523809514 Df=97.32 Dr=90.56 MIA=55.31
  [62/96] gap=4.7596428571428575 Df=99.46 Dr=91.82 MIA=56.07
  [63/96] gap=40.04190476190477 Df=34.46 Dr=34.50 MIA=50.67
  [64/96] gap=4.573214285714291 Df=98.75 Dr=91.04 MIA=55.45
  [65/96] gap=4.796785714285714 Df=99.82 Dr=92.90 MIA=56.79
  [66/96] gap=4.709047619047619 Df=99.73 Dr=92.86 MIA=56.65
  [67/96] gap=4.9573809523809516 Df=99.82 Dr=92.70 MIA=57.19
  [68/96] gap=4.896309523809525 Df=99.73 Dr=92.66 MIA=57.05
  [69/96] gap=4.990238095238098 Df=99.91 Dr=92.90 MIA=57.28
  [70/96] gap=4.900952380952383 Df=99.73 Dr=92.78 MIA=57.19
  [71/96] gap=5.011785714285712 Df=99.82 Dr=92.92 MIA=57.41
  [72/96] gap=4.9327380952380935 Df=99.82 Dr=92.64 MIA=57.05
  [73/96] gap=4.915833333333334 Df=99.91 Dr=92.90 MIA=57.05
  [74/96] gap=4.964523809523811 Df=99.82 Dr=92.50 MIA=57.01
  [75/96] gap=4.907619047619053 Df=99.73 Dr=92.76 MIA=57.19
  [76/96] gap=5.033214285714287 Df=99.73 Dr=92.16 MIA=56.96
  [77/96] gap=5.038452380952381 Df=99.91 Dr=93.00 MIA=57.32
  [78/96] gap=5.000476190476195 Df=99.91 Dr=92.66 MIA=57.19
  [79/96] gap=4.97690476190476 Df=99.82 Dr=92.82 MIA=57.37
  [80/96] gap=5.068214285714291 Df=99.82 Dr=92.68 MIA=57.50
  [81/96] gap=4.768571428571427 Df=99.82 Dr=92.82 MIA=56.74
  [82/96] gap=4.980833333333334 Df=99.64 Dr=91.96 MIA=56.70
  [83/96] gap=4.732142857142857 Df=99.82 Dr=92.84 MIA=56.65
  [84/96] gap=4.886904761904759 Df=99.64 Dr=91.84 MIA=56.29
  [85/96] gap=5.0200000000000005 Df=100.00 Dr=92.90 MIA=57.28
  [86/96] gap=5.006666666666668 Df=99.91 Dr=92.82 MIA=57.37
  [87/96] gap=4.877857142857143 Df=99.82 Dr=92.92 MIA=57.01
  [88/96] gap=5.040000000000002 Df=99.82 Dr=92.72 MIA=57.46
  [89/96] gap=50.63476190476191 Df=17.95 Dr=17.90 MIA=49.33
  [90/96] gap=40.08119047619048 Df=34.11 Dr=33.40 MIA=49.33
  [91/96] gap=52.5877380952381 Df=15.27 Dr=15.30 MIA=49.91
  [92/96] gap=45.467023809523816 Df=26.52 Dr=25.68 MIA=50.18
  [93/96] gap=10.362500000000002 Df=79.38 Dr=76.44 MIA=48.21
  [94/96] gap=4.589047619047619 Df=99.11 Dr=90.68 MIA=54.78
  [95/96] gap=42.02845238095239 Df=30.45 Dr=30.46 MIA=48.12
  [96/96] gap=17.778333333333336 Df=70.89 Dr=66.38 MIA=52.19
final test: mmu {'msteps': 1, 'lr': 0.005, 'epochs': 5, 'head_mode': 'independent', 'weighting': 'mrl', 'max_grad_norm': 5.0}
  Df=98.32 Dr=91.16 MIA=54.47 time=5.28s KL=0.0266

salun: 0/45 candidates complete
  [1/45] gap=4.242142857142855 Df=96.96 Dr=90.56 MIA=55.76
  [2/45] gap=3.9767857142857133 Df=94.64 Dr=87.74 MIA=54.46
  [3/45] gap=7.16738095238095 Df=89.11 Dr=82.32 MIA=54.51
  [4/45] gap=7.502857142857138 Df=86.96 Dr=81.76 MIA=52.81
  [5/45] gap=5.389880952380952 Df=91.43 Dr=84.84 MIA=54.02
  [6/45] gap=4.631428571428572 Df=97.50 Dr=89.66 MIA=55.49
  [7/45] gap=4.732619047619051 Df=98.12 Dr=90.16 MIA=55.67
  [8/45] gap=4.286547619047622 Df=93.84 Dr=86.90 MIA=55.18
  [9/45] gap=4.214523809523807 Df=98.04 Dr=91.00 MIA=55.04
  [10/45] gap=4.187738095238099 Df=96.79 Dr=90.50 MIA=55.71
  [11/45] gap=4.08547619047619 Df=94.64 Dr=87.28 MIA=54.33
  [12/45] gap=7.161071428571432 Df=88.39 Dr=81.58 MIA=53.04
  [13/45] gap=6.207619047619057 Df=88.93 Dr=83.86 MIA=52.99
  [14/45] gap=4.124880952380953 Df=93.84 Dr=86.76 MIA=54.55
  [15/45] gap=4.7625 Df=98.21 Dr=90.74 MIA=56.25
  [16/45] gap=4.783928571428572 Df=98.39 Dr=90.14 MIA=55.54
  [17/45] gap=4.64380952380952 Df=98.21 Dr=89.98 MIA=55.13
  [18/45] gap=4.466547619047621 Df=98.93 Dr=91.36 MIA=55.27
  [19/45] gap=4.149761904761907 Df=96.88 Dr=90.48 MIA=55.49
  [20/45] gap=4.065952380952377 Df=94.46 Dr=87.16 MIA=54.33
  [21/45] gap=7.225714285714282 Df=88.57 Dr=81.52 MIA=53.35
  [22/45] gap=5.873095238095236 Df=89.46 Dr=84.06 MIA=52.72
  [23/45] gap=4.026428571428575 Df=93.75 Dr=87.10 MIA=54.51
  [24/45] gap=4.843571428571432 Df=98.48 Dr=90.72 MIA=56.21
  [25/45] gap=4.64690476190476 Df=97.95 Dr=90.06 MIA=55.49
  [26/45] gap=4.678214285714283 Df=98.39 Dr=90.10 MIA=55.18
  [27/45] gap=4.519404761904769 Df=99.02 Dr=91.38 MIA=55.36
  [28/45] gap=4.156428571428577 Df=96.88 Dr=90.46 MIA=55.49
  [29/45] gap=4.1454761904761925 Df=94.64 Dr=87.10 MIA=54.33
  [30/45] gap=7.449404761904762 Df=88.57 Dr=81.34 MIA=53.84
  [31/45] gap=5.844880952380957 Df=89.38 Dr=84.10 MIA=52.59
  [32/45] gap=3.908928571428573 Df=93.57 Dr=87.14 MIA=54.02
  [33/45] gap=4.795833333333332 Df=98.21 Dr=90.64 MIA=56.25
  [34/45] gap=4.735119047619044 Df=97.86 Dr=89.84 MIA=55.62
  [35/45] gap=4.709047619047619 Df=98.39 Dr=90.32 MIA=55.49
  [36/45] gap=4.481428571428573 Df=98.66 Dr=91.36 MIA=55.58
  [37/45] gap=4.199523809523808 Df=96.88 Dr=90.42 MIA=55.58
  [38/45] gap=4.223452380952381 Df=94.55 Dr=87.00 MIA=54.55
  [39/45] gap=7.43964285714286 Df=88.57 Dr=81.28 MIA=53.75
  [40/45] gap=5.773571428571432 Df=89.64 Dr=84.18 MIA=52.72
  [41/45] gap=4.034166666666664 Df=94.46 Dr=87.30 MIA=54.37
  [42/45] gap=4.693809523809527 Df=98.57 Dr=91.08 MIA=56.03
  [43/45] gap=4.605833333333332 Df=97.77 Dr=89.96 MIA=55.45
  [44/45] gap=4.492500000000002 Df=98.21 Dr=90.30 MIA=55.00
  [45/45] gap=4.622500000000005 Df=98.84 Dr=91.16 MIA=55.62
final test: salun {'sparsity': 0.1, 'lr': 0.01, 'epochs': 10}
  Df=98.05 Dr=89.68 MIA=54.91 time=18.45s KL=0.0212

uniclun: 0/27 candidates complete
  [1/27] gap=4.411904761904762 Df=97.05 Dr=90.14 MIA=55.76
  [2/27] gap=4.411904761904762 Df=97.05 Dr=90.14 MIA=55.76
  [3/27] gap=4.411904761904762 Df=97.05 Dr=90.14 MIA=55.76
  [4/27] gap=3.8946428571428604 Df=94.38 Dr=87.54 MIA=54.29
  [5/27] gap=3.8946428571428604 Df=94.38 Dr=87.54 MIA=54.29
  [6/27] gap=3.8946428571428604 Df=94.38 Dr=87.54 MIA=54.29
  [7/27] gap=6.637261904761904 Df=89.91 Dr=82.08 MIA=53.48
  [8/27] gap=6.637261904761904 Df=89.91 Dr=82.08 MIA=53.48
  [9/27] gap=6.637261904761904 Df=89.91 Dr=82.08 MIA=53.48
  [10/27] gap=4.2022619047619045 Df=93.12 Dr=86.26 MIA=53.57
  [11/27] gap=4.2022619047619045 Df=93.12 Dr=86.26 MIA=53.57
  [12/27] gap=4.2022619047619045 Df=93.12 Dr=86.26 MIA=53.57
  [13/27] gap=4.128928571428574 Df=96.16 Dr=88.98 MIA=54.64
  [14/27] gap=4.128928571428574 Df=96.16 Dr=88.98 MIA=54.64
  [15/27] gap=4.128928571428574 Df=96.16 Dr=88.98 MIA=54.64
  [16/27] gap=4.701547619047621 Df=99.38 Dr=91.28 MIA=55.45
  [17/27] gap=4.701547619047621 Df=99.38 Dr=91.28 MIA=55.45
  [18/27] gap=4.701547619047621 Df=99.38 Dr=91.28 MIA=55.45
  [19/27] gap=4.361190476190475 Df=98.21 Dr=90.56 MIA=54.87
  [20/27] gap=4.361190476190475 Df=98.21 Dr=90.56 MIA=54.87
  [21/27] gap=4.361190476190475 Df=98.21 Dr=90.56 MIA=54.87
  [22/27] gap=4.123690476190478 Df=98.30 Dr=90.96 MIA=54.46
  [23/27] gap=4.123690476190478 Df=98.30 Dr=90.96 MIA=54.46
  [24/27] gap=4.123690476190478 Df=98.30 Dr=90.96 MIA=54.46
  [25/27] gap=4.301309523809522 Df=99.11 Dr=91.32 MIA=54.55
  [26/27] gap=4.301309523809522 Df=99.11 Dr=91.32 MIA=54.55
  [27/27] gap=4.301309523809522 Df=99.11 Dr=91.32 MIA=54.55
final test: uniclun {'lr': 0.01, 'epochs': 5, 'buffer_size': 250}
  Df=98.94 Dr=90.31 MIA=54.47 time=7.10s KL=0.0202

