loaded shared source and Amnesiac ledger
loaded shared Retrain reference
final test: baseline {}
  Df=100.00 Dr=92.71 MIA=57.12 time=0.00s KL=0.0027
final test: retrain {}
  Df=91.42 Dr=92.08 MIA=50.53 time=499.85s KL=0.0000

finetune: 0/12 candidates complete
  [1/12] gap=4.702857142857148 Df=99.91 Dr=92.66 MIA=57.81
  [2/12] gap=4.489880952380953 Df=99.91 Dr=92.54 MIA=57.05
  [3/12] gap=4.475000000000004 Df=99.91 Dr=92.54 MIA=57.01
  [4/12] gap=4.440119047619047 Df=99.91 Dr=92.60 MIA=56.96
  [5/12] gap=3.8707142857142904 Df=98.48 Dr=90.96 MIA=55.04
  [6/12] gap=3.638214285714286 Df=98.12 Dr=90.72 MIA=54.46
  [7/12] gap=3.0584523809523794 Df=97.32 Dr=91.12 MIA=53.93
  [8/12] gap=2.493452380952386 Df=96.34 Dr=90.94 MIA=53.04
  [9/12] gap=7.090238095238097 Df=84.02 Dr=81.48 MIA=50.04
  [10/12] gap=7.416666666666667 Df=82.77 Dr=81.84 MIA=50.13
  [11/12] gap=7.0945238095238095 Df=83.21 Dr=82.36 MIA=49.78
  [12/12] gap=3.649404761904762 Df=88.12 Dr=87.74 MIA=50.09
final test: finetune {'lr': 0.001, 'epochs': 10}
loaded shared source and Amnesiac ledger
loaded shared Retrain reference

finetune: 12/12 candidates complete
final test: finetune {'lr': 0.001, 'epochs': 10}
  Df=95.75 Dr=90.31 MIA=53.05 time=74.53s KL=0.0317

ssd: 0/25 candidates complete
  [1/25] gap=55.479761904761915 Df=10.09 Dr=10.24 MIA=49.87
  [2/25] gap=52.50857142857143 Df=15.00 Dr=14.60 MIA=50.40
  [3/25] gap=31.59904761904762 Df=46.25 Dr=45.90 MIA=50.22
  [4/25] gap=4.638690476190476 Df=99.91 Dr=93.14 MIA=57.50
  [5/25] gap=4.647380952380959 Df=99.91 Dr=93.30 MIA=57.37
  [6/25] gap=4.423690476190475 Df=99.82 Dr=92.56 MIA=56.96
  [7/25] gap=4.431904761904765 Df=99.82 Dr=92.58 MIA=57.01
  [8/25] gap=4.425238095238096 Df=99.82 Dr=92.60 MIA=57.01
  [9/25] gap=4.638690476190476 Df=99.91 Dr=93.14 MIA=57.50
  [10/25] gap=4.647380952380959 Df=99.91 Dr=93.30 MIA=57.37
  [11/25] gap=4.568928571428572 Df=99.91 Dr=93.02 MIA=57.41
  [12/25] gap=4.686428571428574 Df=99.91 Dr=93.06 MIA=57.72
  [13/25] gap=4.6997619047619095 Df=99.91 Dr=93.10 MIA=57.72
  [14/25] gap=4.635595238095239 Df=99.91 Dr=93.22 MIA=57.41
  [15/25] gap=4.647380952380959 Df=99.91 Dr=93.30 MIA=57.37
  [16/25] gap=4.624285714285719 Df=99.91 Dr=93.32 MIA=57.28
  [17/25] gap=4.624285714285719 Df=99.91 Dr=93.32 MIA=57.28
  [18/25] gap=4.624285714285719 Df=99.91 Dr=93.32 MIA=57.28
  [19/25] gap=4.624285714285719 Df=99.91 Dr=93.32 MIA=57.28
  [20/25] gap=4.617619047619054 Df=99.91 Dr=93.30 MIA=57.28
  [21/25] gap=4.609404761904766 Df=99.91 Dr=93.32 MIA=57.23
  [22/25] gap=4.609404761904766 Df=99.91 Dr=93.32 MIA=57.23
  [23/25] gap=4.609404761904766 Df=99.91 Dr=93.32 MIA=57.23
  [24/25] gap=4.609404761904766 Df=99.91 Dr=93.32 MIA=57.23
  [25/25] gap=4.609404761904766 Df=99.91 Dr=93.32 MIA=57.23
final test: ssd {'alpha': 5.0, 'dampening_constant': 1.0}
  Df=100.00 Dr=92.80 MIA=57.83 time=5.97s KL=0.0026

badteacher: 0/36 candidates complete
  [1/36] gap=4.815714285714286 Df=99.91 Dr=93.18 MIA=57.99
  [2/36] gap=3.4091666666666662 Df=96.96 Dr=89.80 MIA=54.02
  [3/36] gap=5.452023809523811 Df=90.00 Dr=82.60 MIA=52.23
  [4/36] gap=4.742380952380958 Df=99.91 Dr=92.72 MIA=57.99
  [5/36] gap=7.29785714285714 Df=86.43 Dr=80.50 MIA=52.10
  [6/36] gap=3.7303571428571396 Df=97.41 Dr=89.64 MIA=54.37
  [7/36] gap=4.376309523809527 Df=99.38 Dr=91.72 MIA=56.43
  [8/36] gap=5.687142857142855 Df=89.38 Dr=83.10 MIA=52.81
  [9/36] gap=3.63714285714286 Df=97.95 Dr=90.50 MIA=54.42
  [10/36] gap=3.8253571428571433 Df=95.27 Dr=87.48 MIA=54.64
  [11/36] gap=3.550238095238098 Df=95.09 Dr=87.10 MIA=53.62
  [12/36] gap=4.103214285714287 Df=99.20 Dr=91.20 MIA=55.27
  [13/36] gap=4.667976190476192 Df=99.91 Dr=92.96 MIA=57.77
  [14/36] gap=3.035595238095233 Df=93.75 Dr=87.26 MIA=53.39
  [15/36] gap=3.7629761904761927 Df=96.07 Dr=88.56 MIA=54.73
  [16/36] gap=4.508333333333337 Df=100.00 Dr=92.44 MIA=56.92
  [17/36] gap=4.05416666666667 Df=97.59 Dr=89.74 MIA=55.27
  [18/36] gap=4.022142857142858 Df=99.20 Dr=91.22 MIA=55.04
  [19/36] gap=4.151785714285715 Df=98.21 Dr=90.34 MIA=55.54
  [20/36] gap=4.3848809523809535 Df=99.20 Dr=90.98 MIA=55.89
  [21/36] gap=4.139047619047621 Df=98.66 Dr=90.78 MIA=55.49
  [22/36] gap=3.9500000000000006 Df=95.09 Dr=87.24 MIA=54.96
  [23/36] gap=4.675952380952386 Df=99.55 Dr=91.58 MIA=57.01
  [24/36] gap=3.7025000000000006 Df=98.75 Dr=91.42 MIA=54.73
  [25/36] gap=4.586904761904769 Df=99.91 Dr=92.74 MIA=57.54
  [26/36] gap=4.5004761904761965 Df=99.55 Dr=91.66 MIA=56.56
  [27/36] gap=4.4221428571428545 Df=98.30 Dr=90.02 MIA=55.94
  [28/36] gap=4.244880952380953 Df=99.20 Dr=91.40 MIA=55.89
  [29/36] gap=4.69916666666667 Df=99.73 Dr=92.18 MIA=57.50
  [30/36] gap=4.133571428571426 Df=99.20 Dr=91.60 MIA=55.76
  [31/36] gap=4.322380952380958 Df=99.20 Dr=91.48 MIA=56.21
  [32/36] gap=4.72476190476191 Df=99.73 Dr=91.88 MIA=57.28
  [33/36] gap=3.935595238095241 Df=97.68 Dr=89.56 MIA=54.64
  [34/36] gap=4.702738095238097 Df=99.82 Dr=92.08 MIA=57.32
  [35/36] gap=4.650952380952385 Df=99.73 Dr=92.28 MIA=57.46
  [36/36] gap=3.4304761904761967 Df=95.89 Dr=88.62 MIA=53.97
final test: badteacher {'temperature': 2.0, 'epochs': 10, 'lr': 0.01}
  Df=98.94 Dr=90.52 MIA=55.04 time=12.12s KL=0.0026

unsir: 0/36 candidates complete
  [1/36] gap=3.976309523809521 Df=98.39 Dr=90.42 MIA=54.91
  [2/36] gap=4.869047619047618 Df=99.82 Dr=92.34 MIA=58.08
  [3/36] gap=4.186785714285712 Df=94.29 Dr=85.86 MIA=55.09
  [4/36] gap=4.5711904761904805 Df=99.02 Dr=91.18 MIA=56.83
  [5/36] gap=6.6058333333333366 Df=88.21 Dr=81.46 MIA=52.77
  [6/36] gap=3.2054761904761904 Df=94.73 Dr=87.42 MIA=53.26
  [7/36] gap=4.290476190476194 Df=98.93 Dr=91.04 MIA=55.94
  [8/36] gap=4.5632142857142854 Df=99.73 Dr=92.32 MIA=57.23
  [9/36] gap=4.551071428571428 Df=97.05 Dr=88.16 MIA=55.71
  [10/36] gap=4.5804761904761975 Df=99.02 Dr=91.42 MIA=57.10
  [11/36] gap=5.062261904761904 Df=90.36 Dr=83.68 MIA=52.50
  [12/36] gap=3.489523809523817 Df=95.89 Dr=88.80 MIA=54.33
  [13/36] gap=4.460357142857146 Df=99.11 Dr=91.20 MIA=56.43
  [14/36] gap=4.748452380952379 Df=99.73 Dr=92.30 MIA=57.77
  [15/36] gap=4.430119047619044 Df=97.41 Dr=88.88 MIA=55.71
  [16/36] gap=4.478928571428575 Df=99.11 Dr=91.68 MIA=56.96
  [17/36] gap=4.333333333333333 Df=91.96 Dr=84.84 MIA=53.08
  [18/36] gap=3.6271428571428572 Df=96.52 Dr=89.28 MIA=54.60
  [19/36] gap=4.226190476190479 Df=98.57 Dr=90.34 MIA=55.40
  [20/36] gap=4.187023809523812 Df=99.20 Dr=92.02 MIA=56.34
  [21/36] gap=4.1465476190476265 Df=95.36 Dr=87.32 MIA=55.36
  [22/36] gap=4.583452380952385 Df=98.57 Dr=90.92 MIA=57.05
  [23/36] gap=4.474523809523812 Df=91.96 Dr=85.22 MIA=53.88
  [24/36] gap=3.250952380952382 Df=95.98 Dr=88.98 MIA=53.71
  [25/36] gap=4.378690476190481 Df=99.02 Dr=90.82 MIA=55.89
  [26/36] gap=4.655000000000004 Df=99.82 Dr=92.00 MIA=57.10
  [27/36] gap=4.4090476190476195 Df=97.32 Dr=88.72 MIA=55.58
  [28/36] gap=4.519404761904764 Df=98.93 Dr=91.38 MIA=56.96
  [29/36] gap=3.8882142857142816 Df=92.68 Dr=86.22 MIA=53.84
  [30/36] gap=3.419761904761908 Df=95.80 Dr=88.92 MIA=54.33
  [31/36] gap=4.503928571428571 Df=98.75 Dr=90.98 MIA=56.70
  [32/36] gap=4.740714285714287 Df=99.73 Dr=92.10 MIA=57.54
  [33/36] gap=4.569285714285712 Df=97.77 Dr=89.40 MIA=56.29
  [34/36] gap=4.311071428571435 Df=98.84 Dr=91.38 MIA=56.43
  [35/36] gap=3.298809523809524 Df=93.57 Dr=87.14 MIA=53.88
  [36/36] gap=3.172142857142864 Df=96.34 Dr=90.02 MIA=54.15
final test: unsir {'impair_epochs': 2, 'repair_epochs': 1, 'impair_lr': 0.01, 'repair_lr': 0.01}
  Df=98.32 Dr=90.52 MIA=54.82 time=5.30s KL=0.0024

scrub: 0/24 candidates complete
  [1/24] gap=4.769047619047623 Df=99.91 Dr=93.04 MIA=57.99
  [2/24] gap=4.514523809523811 Df=99.91 Dr=93.08 MIA=57.19
  [3/24] gap=4.623333333333332 Df=99.91 Dr=92.96 MIA=57.63
  [4/24] gap=4.585833333333333 Df=99.91 Dr=93.16 MIA=57.32
  [5/24] gap=4.487857142857145 Df=99.91 Dr=93.00 MIA=57.19
  [6/24] gap=4.522738095238097 Df=99.91 Dr=93.06 MIA=57.23
  [7/24] gap=4.008452380952384 Df=99.38 Dr=92.02 MIA=55.62
  [8/24] gap=4.495952380952382 Df=99.82 Dr=92.12 MIA=56.74
  [9/24] gap=4.600238095238095 Df=99.91 Dr=92.98 MIA=57.54
  [10/24] gap=4.6848809523809605 Df=99.91 Dr=93.10 MIA=57.68
  [11/24] gap=4.491428571428578 Df=99.91 Dr=93.10 MIA=57.10
  [12/24] gap=4.7264285714285705 Df=99.91 Dr=93.18 MIA=57.72
  [13/24] gap=4.610476190476196 Df=99.91 Dr=93.10 MIA=57.46
  [14/24] gap=4.597619047619048 Df=99.91 Dr=93.24 MIA=57.28
  [15/24] gap=3.7977380952380955 Df=98.30 Dr=90.42 MIA=54.46
  [16/24] gap=4.265000000000001 Df=99.55 Dr=91.92 MIA=56.12
  [17/24] gap=4.653095238095237 Df=99.91 Dr=92.96 MIA=57.72
  [18/24] gap=4.6946428571428624 Df=99.91 Dr=93.04 MIA=57.77
  [19/24] gap=4.840357142857148 Df=99.91 Dr=93.12 MIA=58.13
  [20/24] gap=4.687976190476192 Df=99.91 Dr=93.02 MIA=57.77
  [21/24] gap=4.702380952380956 Df=99.91 Dr=92.84 MIA=57.99
  [22/24] gap=4.661309523809524 Df=99.91 Dr=92.94 MIA=57.77
  [23/24] gap=4.205238095238097 Df=91.79 Dr=85.76 MIA=53.44
  [24/24] gap=4.1689285714285775 Df=99.02 Dr=91.36 MIA=55.80
final test: scrub {'msteps': 3, 'lr': 0.005, 'epochs': 10, 'max_grad_norm': 5.0}
  Df=98.41 Dr=90.97 MIA=54.73 time=10.06s KL=0.0053

mmu: 0/96 candidates complete
  [1/96] gap=4.565833333333337 Df=99.91 Dr=93.10 MIA=57.32
  [2/96] gap=4.695119047619052 Df=99.91 Dr=93.22 MIA=57.59
  [3/96] gap=4.497619047619049 Df=99.91 Dr=92.94 MIA=57.28
  [4/96] gap=4.796785714285718 Df=99.91 Dr=92.90 MIA=58.21
  [5/96] gap=4.63511904761905 Df=99.91 Dr=93.04 MIA=57.59
  [6/96] gap=4.61357142857143 Df=99.91 Dr=93.02 MIA=57.54
  [7/96] gap=4.702857142857144 Df=99.91 Dr=93.02 MIA=57.81
  [8/96] gap=4.805 Df=99.91 Dr=92.80 MIA=58.26
  [9/96] gap=4.5725000000000025 Df=99.91 Dr=93.12 MIA=57.32
  [10/96] gap=4.574047619047621 Df=99.91 Dr=93.08 MIA=57.37
  [11/96] gap=4.45297619047619 Df=99.91 Dr=92.94 MIA=57.14
  [12/96] gap=4.699285714285717 Df=99.91 Dr=92.92 MIA=57.90
  [13/96] gap=4.653095238095237 Df=99.91 Dr=92.96 MIA=57.72
  [14/96] gap=4.552500000000002 Df=99.91 Dr=93.06 MIA=57.32
  [15/96] gap=4.698214285714291 Df=99.91 Dr=93.14 MIA=57.68
  [16/96] gap=4.671071428571428 Df=99.91 Dr=92.88 MIA=57.86
  [17/96] gap=4.664880952380955 Df=99.91 Dr=93.04 MIA=57.68
  [18/96] gap=4.529404761904762 Df=99.91 Dr=93.08 MIA=57.23
  [19/96] gap=4.4114285714285755 Df=99.91 Dr=92.86 MIA=57.10
  [20/96] gap=4.560238095238098 Df=99.91 Dr=92.86 MIA=57.54
  [21/96] gap=4.644880952380949 Df=99.91 Dr=92.98 MIA=57.68
  [22/96] gap=4.693095238095239 Df=99.91 Dr=93.08 MIA=57.72
  [23/96] gap=4.5094047619047615 Df=99.91 Dr=93.02 MIA=57.23
  [24/96] gap=4.716190476190479 Df=99.91 Dr=93.06 MIA=57.81
  [25/96] gap=3.8403571428571417 Df=98.12 Dr=90.56 MIA=54.91
  [26/96] gap=4.397023809523809 Df=99.82 Dr=92.64 MIA=56.96
  [27/96] gap=29.011785714285708 Df=50.18 Dr=50.76 MIA=51.25
  [28/96] gap=3.7608333333333355 Df=97.68 Dr=90.62 MIA=55.18
  [29/96] gap=3.9210714285714303 Df=98.75 Dr=91.30 MIA=55.27
  [30/96] gap=4.35857142857143 Df=99.91 Dr=92.88 MIA=56.92
  [31/96] gap=10.93166666666667 Df=77.77 Dr=76.92 MIA=49.15
  [32/96] gap=4.264404761904767 Df=99.38 Dr=91.52 MIA=55.89
  [33/96] gap=4.604880952380952 Df=99.91 Dr=92.86 MIA=57.68
  [34/96] gap=4.6433333333333335 Df=99.91 Dr=93.02 MIA=57.63
  [35/96] gap=4.537142857142858 Df=99.91 Dr=92.88 MIA=57.46
  [36/96] gap=4.666428571428578 Df=99.91 Dr=92.68 MIA=57.72
  [37/96] gap=4.494523809523808 Df=99.91 Dr=93.02 MIA=57.19
  [38/96] gap=4.547380952380955 Df=99.91 Dr=93.00 MIA=57.37
  [39/96] gap=4.59357142857143 Df=99.91 Dr=92.96 MIA=57.54
  [40/96] gap=4.775238095238095 Df=99.91 Dr=92.80 MIA=58.17
  [41/96] gap=4.618214285714292 Df=99.91 Dr=92.90 MIA=57.68
  [42/96] gap=4.586904761904765 Df=99.91 Dr=92.94 MIA=57.54
  [43/96] gap=4.69 Df=99.91 Dr=93.16 MIA=57.63
  [44/96] gap=4.733095238095245 Df=99.91 Dr=92.48 MIA=57.72
  [45/96] gap=4.659761904761903 Df=99.91 Dr=92.98 MIA=57.72
  [46/96] gap=4.550476190476194 Df=99.91 Dr=92.92 MIA=57.46
  [47/96] gap=4.494047619047623 Df=99.91 Dr=92.84 MIA=57.37
  [48/96] gap=4.5720238095238175 Df=99.91 Dr=92.74 MIA=57.50
  [49/96] gap=4.523809523809528 Df=99.91 Dr=92.84 MIA=57.46
  [50/96] gap=4.464285714285718 Df=99.91 Dr=92.84 MIA=57.28
  [51/96] gap=4.560238095238098 Df=99.91 Dr=92.86 MIA=57.54
  [52/96] gap=4.81154761904762 Df=99.91 Dr=92.20 MIA=57.68
  [53/96] gap=4.519166666666666 Df=99.91 Dr=92.96 MIA=57.32
  [54/96] gap=4.626428571428572 Df=99.91 Dr=92.88 MIA=57.72
  [55/96] gap=4.626428571428572 Df=99.91 Dr=92.80 MIA=57.72
  [56/96] gap=4.5904761904761955 Df=99.91 Dr=92.64 MIA=57.46
  [57/96] gap=34.90392857142857 Df=39.82 Dr=42.28 MIA=49.82
  [58/96] gap=3.6163095238095195 Df=93.48 Dr=86.50 MIA=54.11
  [59/96] gap=44.02904761904762 Df=27.41 Dr=27.36 MIA=49.78
  [60/96] gap=26.65357142857143 Df=53.04 Dr=54.04 MIA=49.60
  [61/96] gap=3.0396428571428564 Df=96.07 Dr=89.48 MIA=53.48
  [62/96] gap=4.448333333333335 Df=99.73 Dr=92.62 MIA=57.19
  [63/96] gap=32.723571428571425 Df=43.93 Dr=44.58 MIA=49.96
  [64/96] gap=4.031190476190481 Df=98.48 Dr=90.30 MIA=54.87
  [65/96] gap=4.770595238095242 Df=99.91 Dr=93.00 MIA=58.04
  [66/96] gap=4.7239285714285755 Df=99.91 Dr=92.82 MIA=58.04
  [67/96] gap=4.476547619047622 Df=99.91 Dr=93.10 MIA=57.05
  [68/96] gap=4.787499999999999 Df=99.91 Dr=92.54 MIA=57.95
  [69/96] gap=4.58226190476191 Df=99.91 Dr=93.06 MIA=57.41
  [70/96] gap=4.5971428571428605 Df=99.91 Dr=93.06 MIA=57.46
  [71/96] gap=4.57047619047619 Df=99.91 Dr=92.98 MIA=57.46
  [72/96] gap=4.856309523809529 Df=99.91 Dr=92.78 MIA=58.39
  [73/96] gap=4.707976190476191 Df=99.91 Dr=93.08 MIA=57.77
  [74/96] gap=4.7936904761904815 Df=99.91 Dr=92.70 MIA=58.13
  [75/96] gap=4.6279761904761925 Df=99.91 Dr=92.84 MIA=57.77
  [76/96] gap=4.922380952380959 Df=99.91 Dr=92.18 MIA=57.99
  [77/96] gap=4.5042857142857144 Df=99.91 Dr=92.96 MIA=57.28
  [78/96] gap=4.540714285714285 Df=99.91 Dr=92.98 MIA=57.37
  [79/96] gap=4.406785714285711 Df=99.91 Dr=92.98 MIA=56.96
  [80/96] gap=4.856785714285716 Df=99.91 Dr=92.60 MIA=58.21
  [81/96] gap=4.739285714285718 Df=99.91 Dr=92.64 MIA=57.90
  [82/96] gap=4.730952380952384 Df=99.91 Dr=92.04 MIA=57.28
  [83/96] gap=4.674642857142861 Df=99.91 Dr=92.70 MIA=57.77
  [84/96] gap=4.77809523809524 Df=99.64 Dr=91.72 MIA=57.37
  [85/96] gap=4.643333333333338 Df=99.91 Dr=92.66 MIA=57.63
  [86/96] gap=4.581785714285718 Df=99.91 Dr=92.88 MIA=57.59
  [87/96] gap=4.613095238095241 Df=99.91 Dr=92.84 MIA=57.72
  [88/96] gap=4.784404761904767 Df=99.91 Dr=92.46 MIA=57.86
  [89/96] gap=53.96738095238095 Df=12.95 Dr=11.92 MIA=49.87
  [90/96] gap=35.48916666666667 Df=39.64 Dr=41.06 MIA=50.45
  [91/96] gap=49.959880952380956 Df=19.46 Dr=17.38 MIA=49.91
  [92/96] gap=47.61285714285714 Df=21.52 Dr=22.68 MIA=50.31
  [93/96] gap=42.07714285714285 Df=30.45 Dr=30.18 MIA=50.13
  [94/96] gap=4.369642857142861 Df=99.55 Dr=91.74 MIA=56.25
  [95/96] gap=39.113452380952374 Df=33.48 Dr=36.08 MIA=50.18
  [96/96] gap=13.144999999999998 Df=75.62 Dr=72.78 MIA=51.12
final test: mmu {'msteps': 1, 'lr': 0.005, 'epochs': 10, 'head_mode': 'independent', 'weighting': 'mrl', 'max_grad_norm': 5.0}
  Df=97.96 Dr=90.95 MIA=54.56 time=9.02s KL=0.0105

salun: 0/45 candidates complete
  [1/45] gap=4.158452380952386 Df=97.77 Dr=90.32 MIA=55.98
  [2/45] gap=3.7565476190476184 Df=94.91 Dr=87.24 MIA=54.55
  [3/45] gap=7.0666666666666655 Df=87.05 Dr=81.64 MIA=53.17
  [4/45] gap=12.175000000000002 Df=79.46 Dr=74.44 MIA=53.71
  [5/45] gap=8.81738095238095 Df=85.98 Dr=78.62 MIA=54.33
  [6/45] gap=4.292738095238096 Df=93.39 Dr=84.56 MIA=54.11
  [7/45] gap=5.534166666666667 Df=90.27 Dr=82.80 MIA=52.95
  [8/45] gap=4.211785714285708 Df=92.77 Dr=85.16 MIA=53.84
  [9/45] gap=3.1961904761904756 Df=94.20 Dr=87.18 MIA=53.53
  [10/45] gap=4.03738095238096 Df=97.68 Dr=90.46 MIA=55.85
  [11/45] gap=3.798095238095236 Df=94.64 Dr=87.16 MIA=54.87
  [12/45] gap=7.358571428571428 Df=87.23 Dr=81.30 MIA=53.88
  [13/45] gap=8.883095238095237 Df=84.82 Dr=78.78 MIA=53.53
  [14/45] gap=5.944642857142853 Df=90.18 Dr=82.64 MIA=53.93
  [15/45] gap=4.465238095238095 Df=96.88 Dr=87.48 MIA=54.96
  [16/45] gap=2.9929761904761896 Df=94.29 Dr=87.12 MIA=52.77
  [17/45] gap=3.7547619047619087 Df=96.07 Dr=88.54 MIA=54.69
  [18/45] gap=3.4198809523809524 Df=97.14 Dr=89.50 MIA=53.57
  [19/45] gap=4.136904761904762 Df=97.68 Dr=90.34 MIA=56.03
  [20/45] gap=3.7754761904761907 Df=94.55 Dr=86.96 MIA=54.69
  [21/45] gap=7.243571428571424 Df=87.68 Dr=81.02 MIA=53.71
  [22/45] gap=8.060238095238091 Df=85.89 Dr=79.82 MIA=53.17
  [23/45] gap=5.071547619047624 Df=92.05 Dr=83.92 MIA=54.46
  [24/45] gap=4.223214285714287 Df=96.88 Dr=88.34 MIA=55.09
  [25/45] gap=3.715595238095242 Df=95.71 Dr=87.72 MIA=54.11
  [26/45] gap=3.9703571428571443 Df=96.52 Dr=88.92 MIA=55.27
  [27/45] gap=3.2963095238095286 Df=97.05 Dr=89.96 MIA=53.75
  [28/45] gap=4.131785714285715 Df=97.68 Dr=90.40 MIA=56.07
  [29/45] gap=3.926309523809531 Df=94.55 Dr=86.82 MIA=55.00
  [30/45] gap=7.304642857142855 Df=87.86 Dr=81.06 MIA=54.11
  [31/45] gap=7.882738095238089 Df=87.05 Dr=80.04 MIA=54.02
  [32/45] gap=4.888928571428562 Df=92.32 Dr=84.20 MIA=54.46
  [33/45] gap=4.395714285714289 Df=97.59 Dr=88.76 MIA=55.31
  [34/45] gap=3.7064285714285745 Df=95.98 Dr=88.06 MIA=54.15
  [35/45] gap=3.7173809523809567 Df=96.61 Dr=88.92 MIA=54.42
  [36/45] gap=3.479047619047627 Df=97.68 Dr=90.26 MIA=53.97
  [37/45] gap=4.120476190476192 Df=97.77 Dr=90.30 MIA=55.85
  [38/45] gap=3.8765476190476185 Df=94.64 Dr=86.88 MIA=54.82
  [39/45] gap=7.314880952380949 Df=87.23 Dr=80.94 MIA=53.39
  [40/45] gap=7.3825 Df=87.32 Dr=80.38 MIA=53.12
  [41/45] gap=4.924880952380953 Df=91.88 Dr=84.36 MIA=54.29
  [42/45] gap=4.21357142857143 Df=97.50 Dr=88.86 MIA=54.96
  [43/45] gap=3.7875000000000036 Df=96.25 Dr=88.04 MIA=54.11
  [44/45] gap=3.9698809523809566 Df=96.79 Dr=89.10 MIA=55.18
  [45/45] gap=3.3590476190476175 Df=98.12 Dr=90.62 MIA=53.53
final test: salun {'sparsity': 0.9, 'lr': 0.01, 'epochs': 10}
  Df=98.14 Dr=89.94 MIA=54.51 time=16.84s KL=0.0006

uniclun: 0/27 candidates complete
  [1/27] gap=4.2782142857142915 Df=99.11 Dr=91.30 MIA=55.98
  [2/27] gap=4.2782142857142915 Df=99.11 Dr=91.30 MIA=55.98
  [3/27] gap=4.2782142857142915 Df=99.11 Dr=91.30 MIA=55.98
  [4/27] gap=3.8103571428571406 Df=97.14 Dr=89.40 MIA=54.64
  [5/27] gap=3.8103571428571406 Df=97.14 Dr=89.40 MIA=54.64
  [6/27] gap=3.8103571428571406 Df=97.14 Dr=89.40 MIA=54.64
  [7/27] gap=4.4513095238095275 Df=91.34 Dr=84.62 MIA=52.59
  [8/27] gap=4.4513095238095275 Df=91.34 Dr=84.62 MIA=52.59
  [9/27] gap=4.4513095238095275 Df=91.34 Dr=84.62 MIA=52.59
  [10/27] gap=4.747857142857143 Df=90.89 Dr=84.40 MIA=52.81
  [11/27] gap=4.747857142857143 Df=90.89 Dr=84.40 MIA=52.81
  [12/27] gap=4.747857142857143 Df=90.89 Dr=84.40 MIA=52.81
  [13/27] gap=3.9329761904761944 Df=95.36 Dr=86.80 MIA=54.20
  [14/27] gap=3.9329761904761944 Df=95.36 Dr=86.80 MIA=54.20
  [15/27] gap=3.9329761904761944 Df=95.36 Dr=86.80 MIA=54.20
  [16/27] gap=4.26857142857143 Df=97.86 Dr=89.32 MIA=55.22
  [17/27] gap=4.26857142857143 Df=97.86 Dr=89.32 MIA=55.22
  [18/27] gap=4.26857142857143 Df=97.86 Dr=89.32 MIA=55.22
  [19/27] gap=3.8790476190476277 Df=97.23 Dr=89.06 MIA=54.42
  [20/27] gap=3.8790476190476277 Df=97.23 Dr=89.06 MIA=54.42
  [21/27] gap=3.8790476190476277 Df=97.23 Dr=89.06 MIA=54.42
  [22/27] gap=3.856190476190482 Df=98.57 Dr=90.20 MIA=54.15
  [23/27] gap=3.856190476190482 Df=98.57 Dr=90.20 MIA=54.15
  [24/27] gap=3.856190476190482 Df=98.57 Dr=90.20 MIA=54.15
  [25/27] gap=3.8121428571428595 Df=98.66 Dr=90.60 MIA=54.33
  [26/27] gap=3.8121428571428595 Df=98.66 Dr=90.60 MIA=54.33
  [27/27] gap=3.8121428571428595 Df=98.66 Dr=90.60 MIA=54.33
final test: uniclun {'lr': 0.0001, 'epochs': 3, 'buffer_size': 250}
  Df=99.38 Dr=91.02 MIA=56.81 time=4.26s KL=0.0027

