loaded shared source and Amnesiac ledger
loaded shared Retrain reference
final test: baseline {}
  Df=100.00 Dr=92.36 MIA=56.95 time=0.00s KL=0.0083
final test: retrain {}
  Df=90.80 Dr=91.88 MIA=49.25 time=330.15s KL=0.0000

finetune: 0/12 candidates complete
  [1/12] gap=4.800357142857149 Df=99.82 Dr=92.44 MIA=55.45
  [2/12] gap=4.947142857142865 Df=99.82 Dr=92.58 MIA=56.03
  [3/12] gap=4.702380952380953 Df=99.73 Dr=92.60 MIA=55.40
  [4/12] gap=4.798809523809524 Df=99.82 Dr=92.80 MIA=55.40
  [5/12] gap=3.753690476190483 Df=97.50 Dr=90.58 MIA=52.77
  [6/12] gap=3.662857142857149 Df=96.88 Dr=90.54 MIA=53.08
  [7/12] gap=2.754166666666675 Df=96.16 Dr=90.90 MIA=51.43
  [8/12] gap=2.4292857142857187 Df=94.64 Dr=90.58 MIA=51.65
  [9/12] gap=10.205119047619045 Df=76.70 Dr=76.94 MIA=49.38
  [10/12] gap=6.294047619047629 Df=83.12 Dr=82.20 MIA=50.13
  [11/12] gap=4.173452380952379 Df=86.07 Dr=85.66 MIA=49.38
  [12/12] gap=1.8421428571428653 Df=88.93 Dr=90.02 MIA=50.40
final test: finetune {'lr': 0.001, 'epochs': 5}
  Df=96.19 Dr=89.74 MIA=52.65 time=24.86s KL=0.0005

ssd: 0/25 candidates complete
  [1/25] gap=54.75059523809525 Df=10.00 Dr=10.00 MIA=50.18
  [2/25] gap=54.661309523809535 Df=10.00 Dr=10.00 MIA=49.91
  [3/25] gap=54.19250000000002 Df=10.71 Dr=10.96 MIA=49.38
  [4/25] gap=4.761904761904762 Df=99.82 Dr=92.60 MIA=55.49
  [5/25] gap=5.179523809523805 Df=100.00 Dr=92.96 MIA=56.21
  [6/25] gap=4.172619047619058 Df=96.34 Dr=89.10 MIA=53.71
  [7/25] gap=4.215833333333339 Df=96.79 Dr=89.64 MIA=53.93
  [8/25] gap=4.139523809523816 Df=97.32 Dr=90.36 MIA=53.88
  [9/25] gap=4.761904761904762 Df=99.82 Dr=92.60 MIA=55.49
  [10/25] gap=5.179523809523805 Df=100.00 Dr=92.96 MIA=56.21
  [11/25] gap=4.912738095238093 Df=100.00 Dr=92.74 MIA=55.62
  [12/25] gap=4.8747619047618995 Df=100.00 Dr=92.76 MIA=55.49
  [13/25] gap=4.881428571428569 Df=100.00 Dr=92.78 MIA=55.49
  [14/25] gap=5.08511904761905 Df=100.00 Dr=92.90 MIA=55.98
  [15/25] gap=5.179523809523805 Df=100.00 Dr=92.96 MIA=56.21
  [16/25] gap=5.011190476190478 Df=99.91 Dr=93.08 MIA=55.67
  [17/25] gap=5.011190476190478 Df=99.91 Dr=93.08 MIA=55.67
  [18/25] gap=5.004523809523813 Df=99.91 Dr=93.06 MIA=55.67
  [19/25] gap=5.004523809523813 Df=99.91 Dr=93.06 MIA=55.67
  [20/25] gap=5.004523809523813 Df=99.91 Dr=93.06 MIA=55.67
  [21/25] gap=5.0045238095238105 Df=99.91 Dr=93.06 MIA=55.67
  [22/25] gap=5.0045238095238105 Df=99.91 Dr=93.06 MIA=55.67
  [23/25] gap=5.0045238095238105 Df=99.91 Dr=93.06 MIA=55.67
  [24/25] gap=5.0045238095238105 Df=99.91 Dr=93.06 MIA=55.67
  [25/25] gap=5.0045238095238105 Df=99.91 Dr=93.06 MIA=55.67
final test: ssd {'alpha': 1.0, 'dampening_constant': 5.0}
  Df=100.00 Dr=92.38 MIA=56.95 time=6.72s KL=0.0085

badteacher: 0/36 candidates complete
  [1/36] gap=4.993809523809517 Df=99.82 Dr=92.76 MIA=56.03
  [2/36] gap=4.502261904761909 Df=95.71 Dr=87.62 MIA=53.84
  [3/36] gap=8.683928571428574 Df=83.04 Dr=78.20 MIA=53.21
  [4/36] gap=4.721666666666674 Df=99.02 Dr=91.56 MIA=55.13
  [5/36] gap=10.087857142857148 Df=81.70 Dr=75.64 MIA=53.53
  [6/36] gap=4.023333333333338 Df=96.34 Dr=89.28 MIA=53.44
  [7/36] gap=3.903095238095242 Df=95.00 Dr=88.48 MIA=53.62
  [8/36] gap=6.9473809523809535 Df=86.52 Dr=80.24 MIA=53.53
  [9/36] gap=4.217500000000008 Df=98.12 Dr=90.26 MIA=53.21
  [10/36] gap=8.552023809523815 Df=82.50 Dr=78.06 MIA=52.14
  [11/36] gap=4.152619047619058 Df=94.11 Dr=86.66 MIA=53.44
  [12/36] gap=3.778928571428582 Df=98.48 Dr=91.04 MIA=52.32
  [13/36] gap=4.841428571428575 Df=99.64 Dr=92.54 MIA=55.85
  [14/36] gap=4.86571428571429 Df=89.73 Dr=83.36 MIA=53.62
  [15/36] gap=3.371785714285719 Df=93.39 Dr=87.44 MIA=52.59
  [16/36] gap=4.417380952380957 Df=97.14 Dr=89.08 MIA=53.62
  [17/36] gap=4.724285714285718 Df=97.41 Dr=89.32 MIA=54.51
  [18/36] gap=4.332023809523814 Df=98.04 Dr=90.72 MIA=54.11
  [19/36] gap=3.7566666666666677 Df=90.54 Dr=85.08 MIA=52.81
  [20/36] gap=4.272619047619055 Df=98.93 Dr=91.30 MIA=53.62
  [21/36] gap=3.994404761904763 Df=98.04 Dr=90.84 MIA=53.21
  [22/36] gap=5.816785714285719 Df=87.14 Dr=81.98 MIA=52.50
  [23/36] gap=4.154166666666673 Df=99.73 Dr=91.70 MIA=52.86
  [24/36] gap=4.038928571428578 Df=98.21 Dr=90.26 MIA=52.59
  [25/36] gap=4.8870238095238205 Df=99.46 Dr=92.18 MIA=55.80
  [26/36] gap=4.728214285714294 Df=99.02 Dr=90.96 MIA=54.55
  [27/36] gap=3.782261904761912 Df=95.89 Dr=89.78 MIA=53.66
  [28/36] gap=4.479761904761908 Df=98.04 Dr=90.50 MIA=54.33
  [29/36] gap=4.799761904761908 Df=100.00 Dr=92.04 MIA=54.87
  [30/36] gap=3.6233333333333326 Df=97.41 Dr=90.48 MIA=52.37
  [31/36] gap=4.874880952380965 Df=98.57 Dr=90.52 MIA=55.00
  [32/36] gap=4.6442857142857195 Df=99.91 Dr=92.06 MIA=54.51
  [33/36] gap=3.2926190476190484 Df=95.18 Dr=89.24 MIA=52.37
  [34/36] gap=4.659642857142863 Df=99.55 Dr=91.88 MIA=54.73
  [35/36] gap=4.623214285714286 Df=99.82 Dr=91.90 MIA=54.37
  [36/36] gap=3.3130952380952414 Df=91.61 Dr=86.50 MIA=53.26
final test: badteacher {'temperature': 2.0, 'epochs': 5, 'lr': 0.01}
  Df=98.58 Dr=89.64 MIA=53.85 time=6.55s KL=0.0085

unsir: 0/36 candidates complete
  [1/36] gap=4.720476190476201 Df=99.11 Dr=90.76 MIA=54.24
  [2/36] gap=4.539642857142868 Df=99.91 Dr=92.24 MIA=54.38
  [3/36] gap=6.06035714285715 Df=87.50 Dr=81.16 MIA=52.77
  [4/36] gap=4.349880952380957 Df=97.95 Dr=90.22 MIA=53.75
  [5/36] gap=7.081785714285718 Df=83.93 Dr=80.06 MIA=51.16
  [6/36] gap=2.933809523809529 Df=90.98 Dr=86.12 MIA=51.83
  [7/36] gap=4.439404761904768 Df=99.11 Dr=91.38 MIA=54.02
  [8/36] gap=4.716666666666669 Df=99.82 Dr=92.20 MIA=54.96
  [9/36] gap=3.583214285714289 Df=91.61 Dr=85.02 MIA=52.59
  [10/36] gap=4.003214285714297 Df=98.57 Dr=91.26 MIA=53.12
  [11/36] gap=5.8085714285714305 Df=86.52 Dr=81.96 MIA=51.83
  [12/36] gap=3.122738095238103 Df=92.23 Dr=86.58 MIA=52.14
  [13/36] gap=4.3173809523809625 Df=99.46 Dr=91.88 MIA=53.79
  [14/36] gap=4.529404761904769 Df=99.73 Dr=92.36 MIA=54.64
  [15/36] gap=3.7509523809523913 Df=93.93 Dr=87.24 MIA=52.99
  [16/36] gap=4.570714285714291 Df=99.11 Dr=91.12 MIA=54.15
  [17/36] gap=4.989285714285724 Df=87.32 Dr=82.90 MIA=51.12
  [18/36] gap=2.962738095238104 Df=92.32 Dr=87.06 MIA=52.05
  [19/36] gap=4.66559523809524 Df=98.84 Dr=90.88 MIA=54.46
  [20/36] gap=4.632500000000005 Df=99.91 Dr=92.14 MIA=54.55
  [21/36] gap=3.6100000000000114 Df=92.41 Dr=85.52 MIA=52.37
  [22/36] gap=4.412500000000001 Df=97.86 Dr=90.30 MIA=54.11
  [23/36] gap=4.432738095238103 Df=87.95 Dr=83.90 MIA=51.07
  [24/36] gap=2.8360714285714343 Df=93.39 Dr=87.44 MIA=50.98
  [25/36] gap=4.21880952380953 Df=98.75 Dr=91.64 MIA=53.97
  [26/36] gap=4.8885714285714315 Df=99.82 Dr=92.22 MIA=55.49
  [27/36] gap=3.6207142857142856 Df=94.73 Dr=87.72 MIA=52.28
  [28/36] gap=4.773809523809528 Df=99.11 Dr=90.60 MIA=54.24
  [29/36] gap=3.7032142857142887 Df=89.29 Dr=84.66 MIA=50.98
  [30/36] gap=2.4540476190476235 Df=93.39 Dr=88.72 MIA=51.12
  [31/36] gap=4.48869047619048 Df=99.20 Dr=91.50 MIA=54.20
  [32/36] gap=4.822857142857148 Df=99.73 Dr=92.06 MIA=55.22
  [33/36] gap=3.828690476190483 Df=95.54 Dr=88.48 MIA=52.86
  [34/36] gap=4.2788095238095325 Df=98.75 Dr=91.46 MIA=53.97
  [35/36] gap=2.670476190476194 Df=90.80 Dr=85.66 MIA=50.40
  [36/36] gap=2.9750000000000036 Df=95.09 Dr=89.30 MIA=51.56
final test: unsir {'impair_epochs': 1, 'repair_epochs': 2, 'impair_lr': 0.01, 'repair_lr': 0.01}
  Df=98.94 Dr=90.52 MIA=55.35 time=3.52s KL=0.0086

scrub: 0/24 candidates complete
  [1/24] gap=5.113333333333332 Df=99.91 Dr=92.94 MIA=56.12
  [2/24] gap=5.156428571428566 Df=100.00 Dr=92.98 MIA=56.12
  [3/24] gap=5.123571428571428 Df=99.91 Dr=93.06 MIA=56.03
  [4/24] gap=5.071785714285714 Df=100.00 Dr=92.86 MIA=55.98
  [5/24] gap=5.168214285714288 Df=99.91 Dr=93.06 MIA=56.16
  [6/24] gap=4.941428571428567 Df=100.00 Dr=92.96 MIA=55.49
  [7/24] gap=4.050357142857145 Df=97.86 Dr=90.94 MIA=53.66
  [8/24] gap=4.684285714285721 Df=99.55 Dr=91.94 MIA=54.87
  [9/24] gap=5.204642857142855 Df=100.00 Dr=93.08 MIA=56.16
  [10/24] gap=5.151309523809523 Df=100.00 Dr=92.92 MIA=56.16
  [11/24] gap=5.067142857142855 Df=100.00 Dr=92.98 MIA=55.85
  [12/24] gap=4.975833333333334 Df=100.00 Dr=92.84 MIA=55.71
  [13/24] gap=4.996309523809522 Df=99.82 Dr=93.08 MIA=55.71
  [14/24] gap=4.946071428571429 Df=100.00 Dr=92.84 MIA=55.62
  [15/24] gap=22.655714285714293 Df=58.48 Dr=58.74 MIA=51.12
  [16/24] gap=3.467976190476193 Df=97.23 Dr=91.08 MIA=52.68
  [17/24] gap=5.136904761904762 Df=100.00 Dr=93.10 MIA=55.94
  [18/24] gap=5.163095238095235 Df=100.00 Dr=93.00 MIA=56.12
  [19/24] gap=5.174880952380953 Df=99.91 Dr=93.08 MIA=56.16
  [20/24] gap=5.194404761904759 Df=100.00 Dr=92.96 MIA=56.25
  [21/24] gap=5.027142857142856 Df=99.91 Dr=92.86 MIA=55.94
  [22/24] gap=4.959880952380956 Df=99.91 Dr=93.06 MIA=55.54
  [23/24] gap=45.42619047619049 Df=23.75 Dr=24.00 MIA=49.96
  [24/24] gap=3.5419047619047697 Df=95.36 Dr=88.76 MIA=52.46
final test: scrub {'msteps': 2, 'lr': 0.005, 'epochs': 10, 'max_grad_norm': 5.0}
  Df=96.81 Dr=89.96 MIA=54.73 time=9.58s KL=0.0133

mmu: 0/96 candidates complete
  [1/96] gap=4.919404761904758 Df=100.00 Dr=92.76 MIA=55.62
  [2/96] gap=5.002023809523808 Df=100.00 Dr=92.74 MIA=55.89
  [3/96] gap=5.157976190476188 Df=100.00 Dr=92.94 MIA=56.16
  [4/96] gap=5.012261904761904 Df=100.00 Dr=92.86 MIA=55.80
  [5/96] gap=5.141547619047614 Df=100.00 Dr=92.98 MIA=56.07
  [6/96] gap=5.012261904761904 Df=100.00 Dr=92.86 MIA=55.80
  [7/96] gap=5.106666666666669 Df=100.00 Dr=92.92 MIA=56.03
  [8/96] gap=5.005595238095239 Df=100.00 Dr=92.84 MIA=55.80
  [9/96] gap=4.928095238095236 Df=100.00 Dr=92.92 MIA=55.49
  [10/96] gap=4.995357142857142 Df=100.00 Dr=92.72 MIA=55.89
  [11/96] gap=5.1733333333333364 Df=100.00 Dr=93.12 MIA=56.03
  [12/96] gap=5.091785714285716 Df=100.00 Dr=92.92 MIA=55.98
  [13/96] gap=5.143571428571427 Df=100.00 Dr=93.12 MIA=55.94
  [14/96] gap=5.156428571428566 Df=100.00 Dr=92.98 MIA=56.12
  [15/96] gap=5.086666666666669 Df=100.00 Dr=92.86 MIA=56.03
  [16/96] gap=5.152857142857141 Df=100.00 Dr=92.88 MIA=56.21
  [17/96] gap=4.960952380952381 Df=100.00 Dr=92.84 MIA=55.67
  [18/96] gap=4.962500000000003 Df=100.00 Dr=92.80 MIA=55.71
  [19/96] gap=5.045595238095236 Df=100.00 Dr=92.96 MIA=55.80
  [20/96] gap=5.15642857142857 Df=100.00 Dr=92.98 MIA=56.12
  [21/96] gap=4.915238095238095 Df=99.91 Dr=93.06 MIA=55.40
  [22/96] gap=5.022499999999996 Df=100.00 Dr=92.98 MIA=55.71
  [23/96] gap=4.992738095238091 Df=100.00 Dr=92.98 MIA=55.62
  [24/96] gap=5.028690476190479 Df=100.00 Dr=92.82 MIA=55.89
  [25/96] gap=2.927738095238105 Df=96.88 Dr=91.54 MIA=51.88
  [26/96] gap=4.462738095238097 Df=99.82 Dr=92.56 MIA=54.55
  [27/96] gap=10.868928571428576 Df=75.36 Dr=76.02 MIA=49.91
  [28/96] gap=4.2188095238095285 Df=97.95 Dr=91.64 MIA=54.78
  [29/96] gap=3.463571428571432 Df=98.75 Dr=92.12 MIA=52.19
  [30/96] gap=4.931666666666665 Df=99.91 Dr=93.02 MIA=55.49
  [31/96] gap=3.2279761904761983 Df=88.66 Dr=86.80 MIA=51.07
  [32/96] gap=4.329761904761909 Df=99.38 Dr=92.20 MIA=54.24
  [33/96] gap=5.103571428571432 Df=99.91 Dr=93.00 MIA=56.03
  [34/96] gap=5.108214285714283 Df=100.00 Dr=92.88 MIA=56.07
  [35/96] gap=5.0522619047619015 Df=100.00 Dr=92.98 MIA=55.80
  [36/96] gap=5.119999999999995 Df=100.00 Dr=92.96 MIA=56.03
  [37/96] gap=5.146666666666666 Df=100.00 Dr=93.04 MIA=56.03
  [38/96] gap=5.134880952380949 Df=100.00 Dr=92.96 MIA=56.07
  [39/96] gap=5.1533333333333315 Df=100.00 Dr=93.06 MIA=56.03
  [40/96] gap=5.08511904761905 Df=100.00 Dr=92.90 MIA=55.98
  [41/96] gap=4.914761904761903 Df=99.91 Dr=92.88 MIA=55.58
  [42/96] gap=5.106666666666665 Df=100.00 Dr=92.92 MIA=56.03
  [43/96] gap=5.08559523809524 Df=99.91 Dr=93.08 MIA=55.89
  [44/96] gap=5.13642857142857 Df=100.00 Dr=92.92 MIA=56.12
  [45/96] gap=5.000952380952377 Df=100.00 Dr=92.96 MIA=55.67
  [46/96] gap=5.141547619047614 Df=100.00 Dr=92.98 MIA=56.07
  [47/96] gap=5.16154761904762 Df=100.00 Dr=93.04 MIA=56.07
  [48/96] gap=5.157976190476188 Df=100.00 Dr=92.94 MIA=56.16
  [49/96] gap=4.919404761904758 Df=100.00 Dr=92.76 MIA=55.62
  [50/96] gap=5.047619047619051 Df=99.91 Dr=93.10 MIA=55.76
  [51/96] gap=5.055357142857145 Df=100.00 Dr=92.90 MIA=55.89
  [52/96] gap=5.00714285714286 Df=99.91 Dr=92.80 MIA=55.94
  [53/96] gap=4.953214285714289 Df=100.00 Dr=93.04 MIA=55.45
  [54/96] gap=5.029166666666666 Df=100.00 Dr=93.00 MIA=55.71
  [55/96] gap=5.093333333333329 Df=100.00 Dr=92.88 MIA=56.03
  [56/96] gap=5.119999999999995 Df=100.00 Dr=92.96 MIA=56.03
  [57/96] gap=4.04904761904762 Df=87.41 Dr=84.56 MIA=50.04
  [58/96] gap=12.4002380952381 Df=75.80 Dr=71.56 MIA=50.49
  [59/96] gap=43.250476190476185 Df=26.88 Dr=28.92 MIA=48.08
  [60/96] gap=45.32369047619047 Df=23.39 Dr=24.62 MIA=49.64
  [61/96] gap=2.5542857142857187 Df=94.20 Dr=89.58 MIA=51.47
  [62/96] gap=4.396547619047621 Df=99.64 Dr=92.58 MIA=54.55
  [63/96] gap=30.810714285714287 Df=45.62 Dr=47.40 MIA=48.17
  [64/96] gap=2.951904761904764 Df=91.52 Dr=86.78 MIA=52.54
  [65/96] gap=5.098452380952381 Df=99.91 Dr=92.94 MIA=56.07
  [66/96] gap=5.1235714285714264 Df=100.00 Dr=93.06 MIA=55.94
  [67/96] gap=5.157976190476191 Df=99.91 Dr=92.94 MIA=56.25
  [68/96] gap=5.164642857142854 Df=100.00 Dr=92.96 MIA=56.16
  [69/96] gap=4.972738095238095 Df=100.00 Dr=92.92 MIA=55.62
  [70/96] gap=5.028690476190479 Df=100.00 Dr=92.82 MIA=55.89
  [71/96] gap=5.055357142857145 Df=100.00 Dr=92.90 MIA=55.89
  [72/96] gap=4.9378571428571405 Df=100.00 Dr=92.86 MIA=55.58
  [73/96] gap=5.0209523809523775 Df=100.00 Dr=93.02 MIA=55.67
  [74/96] gap=5.040000000000009 Df=99.91 Dr=92.48 MIA=56.12
  [75/96] gap=5.121547619047618 Df=100.00 Dr=92.92 MIA=56.07
  [76/96] gap=4.937857142857145 Df=99.82 Dr=92.34 MIA=55.76
  [77/96] gap=4.9378571428571405 Df=100.00 Dr=92.86 MIA=55.58
  [78/96] gap=5.07690476190476 Df=100.00 Dr=92.92 MIA=55.94
  [79/96] gap=5.042023809523809 Df=100.00 Dr=92.86 MIA=55.89
  [80/96] gap=4.987142857142857 Df=100.00 Dr=92.74 MIA=55.85
  [81/96] gap=4.762380952380956 Df=99.82 Dr=92.42 MIA=55.31
  [82/96] gap=4.634047619047628 Df=99.73 Dr=92.18 MIA=54.78
  [83/96] gap=4.955357142857146 Df=100.00 Dr=92.60 MIA=55.89
  [84/96] gap=4.7442857142857235 Df=99.46 Dr=91.76 MIA=54.96
  [85/96] gap=4.994285714285714 Df=100.00 Dr=92.94 MIA=55.67
  [86/96] gap=4.930119047619049 Df=100.00 Dr=93.06 MIA=55.36
  [87/96] gap=4.913214285714287 Df=100.00 Dr=92.92 MIA=55.45
  [88/96] gap=4.838333333333331 Df=99.91 Dr=92.74 MIA=55.49
  [89/96] gap=43.975 Df=25.89 Dr=26.30 MIA=50.04
  [90/96] gap=39.37500000000001 Df=33.48 Dr=32.60 MIA=50.13
  [91/96] gap=52.335595238095244 Df=13.75 Dr=14.12 MIA=50.80
  [92/96] gap=52.807619047619056 Df=12.32 Dr=13.82 MIA=50.49
  [93/96] gap=3.10571428571429 Df=90.36 Dr=86.14 MIA=51.74
  [94/96] gap=4.544285714285718 Df=99.64 Dr=92.36 MIA=54.78
  [95/96] gap=45.46416666666667 Df=23.75 Dr=24.02 MIA=50.09
  [96/96] gap=25.44714285714286 Df=53.93 Dr=53.58 MIA=49.78
final test: mmu {'msteps': 1, 'lr': 0.005, 'epochs': 5, 'head_mode': 'independent', 'weighting': 'mrl', 'max_grad_norm': 5.0}
  Df=97.35 Dr=90.43 MIA=54.56 time=4.93s KL=0.0175

salun: 0/45 candidates complete
  [1/45] gap=4.40821428571429 Df=89.73 Dr=84.42 MIA=53.30
  [2/45] gap=11.254285714285722 Df=79.02 Dr=73.48 MIA=52.19
  [3/45] gap=17.433095238095245 Df=69.46 Dr=64.14 MIA=51.83
  [4/45] gap=14.124642857142861 Df=74.11 Dr=70.36 MIA=52.77
  [5/45] gap=7.946071428571436 Df=84.02 Dr=78.36 MIA=52.14
  [6/45] gap=4.018452380952385 Df=93.39 Dr=85.50 MIA=52.59
  [7/45] gap=5.556071428571431 Df=89.11 Dr=81.78 MIA=53.48
  [8/45] gap=3.889761904761914 Df=92.86 Dr=86.02 MIA=53.26
  [9/45] gap=4.678690476190478 Df=96.25 Dr=87.18 MIA=53.39
  [10/45] gap=4.575952380952384 Df=89.29 Dr=84.14 MIA=53.08
  [11/45] gap=12.054047619047628 Df=78.21 Dr=72.42 MIA=52.72
  [12/45] gap=17.224761904761912 Df=69.73 Dr=64.14 MIA=51.47
  [13/45] gap=10.727023809523809 Df=79.38 Dr=74.66 MIA=52.14
  [14/45] gap=5.310952380952386 Df=87.32 Dr=82.56 MIA=51.74
  [15/45] gap=4.051428571428576 Df=96.25 Dr=88.66 MIA=52.99
  [16/45] gap=4.058214285714288 Df=93.84 Dr=86.72 MIA=53.48
  [17/45] gap=4.214047619047626 Df=96.07 Dr=88.44 MIA=53.44
  [18/45] gap=4.3170238095238105 Df=98.04 Dr=90.14 MIA=53.48
  [19/45] gap=4.8150000000000075 Df=88.93 Dr=83.78 MIA=53.08
  [20/45] gap=12.489047619047618 Df=77.68 Dr=71.74 MIA=52.81
  [21/45] gap=17.36333333333334 Df=69.20 Dr=64.26 MIA=51.47
  [22/45] gap=9.804166666666674 Df=81.34 Dr=76.00 MIA=52.68
  [23/45] gap=4.061785714285723 Df=89.55 Dr=84.12 MIA=51.79
  [24/45] gap=4.1213095238095265 Df=96.88 Dr=89.12 MIA=53.04
  [25/45] gap=3.8977380952381018 Df=94.64 Dr=87.38 MIA=52.86
  [26/45] gap=4.172619047619054 Df=97.05 Dr=89.10 MIA=52.99
  [27/45] gap=4.235952380952386 Df=97.86 Dr=90.16 MIA=53.44
  [28/45] gap=4.984285714285716 Df=88.75 Dr=83.54 MIA=53.17
  [29/45] gap=12.520833333333341 Df=77.68 Dr=71.60 MIA=52.77
  [30/45] gap=17.434166666666673 Df=69.20 Dr=64.36 MIA=51.79
  [31/45] gap=9.20130952380953 Df=82.23 Dr=76.38 MIA=52.14
  [32/45] gap=3.9771428571428564 Df=89.91 Dr=84.24 MIA=52.01
  [33/45] gap=4.079285714285715 Df=97.05 Dr=89.38 MIA=52.99
  [34/45] gap=3.659642857142863 Df=94.46 Dr=87.38 MIA=52.32
  [35/45] gap=3.9160714285714326 Df=96.25 Dr=89.20 MIA=53.12
  [36/45] gap=3.8829761904761972 Df=97.77 Dr=90.46 MIA=52.77
  [37/45] gap=4.944761904761914 Df=88.66 Dr=83.48 MIA=52.90
  [38/45] gap=12.57571428571429 Df=77.50 Dr=71.48 MIA=52.63
  [39/45] gap=17.068333333333342 Df=69.73 Dr=64.52 MIA=51.38
  [40/45] gap=8.873452380952386 Df=82.95 Dr=76.56 MIA=52.05
  [41/45] gap=3.7298809523809573 Df=90.54 Dr=84.58 MIA=52.23
  [42/45] gap=4.037738095238102 Df=97.05 Dr=89.46 MIA=52.95
  [43/45] gap=4.025000000000001 Df=95.18 Dr=87.40 MIA=52.72
  [44/45] gap=4.248571428571438 Df=96.34 Dr=89.14 MIA=53.97
  [45/45] gap=3.793690476190482 Df=97.59 Dr=90.46 MIA=52.68
final test: salun {'sparsity': 0.7, 'lr': 0.01, 'epochs': 10}
  Df=97.88 Dr=90.04 MIA=53.50 time=17.59s KL=0.0131

uniclun: 0/27 candidates complete
  [1/27] gap=4.167857142857147 Df=96.07 Dr=88.40 MIA=53.26
  [2/27] gap=4.167857142857147 Df=96.07 Dr=88.40 MIA=53.26
  [3/27] gap=4.167857142857147 Df=96.07 Dr=88.40 MIA=53.26
  [4/27] gap=5.356666666666674 Df=88.12 Dr=82.78 MIA=52.90
  [5/27] gap=5.356666666666674 Df=88.12 Dr=82.78 MIA=52.90
  [6/27] gap=5.356666666666674 Df=88.12 Dr=82.78 MIA=52.90
  [7/27] gap=10.893690476190487 Df=79.55 Dr=74.16 MIA=52.32
  [8/27] gap=10.893690476190487 Df=79.55 Dr=74.16 MIA=52.32
  [9/27] gap=10.893690476190487 Df=79.55 Dr=74.16 MIA=52.32
  [10/27] gap=5.754047619047623 Df=88.04 Dr=81.32 MIA=52.54
  [11/27] gap=5.754047619047623 Df=88.04 Dr=81.32 MIA=52.54
  [12/27] gap=5.754047619047623 Df=88.04 Dr=81.32 MIA=52.54
  [13/27] gap=3.910357142857149 Df=93.48 Dr=86.36 MIA=53.04
  [14/27] gap=3.910357142857149 Df=93.48 Dr=86.36 MIA=53.04
  [15/27] gap=3.910357142857149 Df=93.48 Dr=86.36 MIA=53.04
  [16/27] gap=4.118928571428576 Df=97.59 Dr=90.02 MIA=53.21
  [17/27] gap=4.118928571428576 Df=97.59 Dr=90.02 MIA=53.21
  [18/27] gap=4.118928571428576 Df=97.59 Dr=90.02 MIA=53.21
  [19/27] gap=3.7405952380952456 Df=96.61 Dr=89.28 MIA=52.32
  [20/27] gap=3.7405952380952456 Df=96.61 Dr=89.28 MIA=52.32
  [21/27] gap=3.7405952380952456 Df=96.61 Dr=89.28 MIA=52.32
  [22/27] gap=4.213809523809528 Df=97.68 Dr=89.78 MIA=53.17
  [23/27] gap=4.213809523809528 Df=97.68 Dr=89.78 MIA=53.17
  [24/27] gap=4.213809523809528 Df=97.68 Dr=89.78 MIA=53.17
  [25/27] gap=4.276071428571432 Df=98.48 Dr=90.62 MIA=53.39
  [26/27] gap=4.276071428571432 Df=98.48 Dr=90.62 MIA=53.39
  [27/27] gap=4.276071428571432 Df=98.48 Dr=90.62 MIA=53.39
final test: uniclun {'lr': 0.01, 'epochs': 10, 'buffer_size': 250}
  Df=99.03 Dr=90.18 MIA=53.45 time=14.40s KL=0.0086

