loaded shared source and Amnesiac ledger
loaded shared Retrain reference
final test: baseline {}
  Df=93.80 Dr=92.20 MIA=56.87 time=0.00s KL=0.0426
final test: retrain {}
  Df=0.00 Dr=92.90 MIA=48.87 time=498.17s KL=0.0000
final test: amnesiac {}
  Df=0.00 Dr=11.11 MIA=50.05 time=0.00s KL=0.8687

finetune: 0/12 candidates complete
  [1/12] gap=31.170370370370375 Df=87.00 Dr=93.11 MIA=55.56
  [2/12] gap=30.46666666666667 Df=83.00 Dr=93.13 MIA=57.47
  [3/12] gap=28.518518518518523 Df=77.60 Dr=93.27 MIA=57.16
  [4/12] gap=26.125925925925923 Df=72.60 Dr=93.31 MIA=55.02
  [5/12] gap=18.118518518518517 Df=49.40 Dr=90.64 MIA=51.53
  [6/12] gap=12.488888888888887 Df=29.20 Dr=90.58 MIA=54.78
  [7/12] gap=3.8666666666666707 Df=6.20 Dr=90.67 MIA=52.00
  [8/12] gap=1.918518518518521 Df=0.80 Dr=92.04 MIA=52.93
  [9/12] gap=5.733333333333334 Df=0.00 Dr=77.53 MIA=50.13
  [10/12] gap=6.140740740740736 Df=0.00 Dr=78.78 MIA=47.67
  [11/12] gap=3.6518518518518497 Df=0.00 Dr=83.82 MIA=50.09
  [12/12] gap=1.8740740740740733 Df=0.00 Dr=90.22 MIA=51.78
final test: finetune {'lr': 0.0001, 'epochs': 10}
  Df=72.20 Dr=92.77 MIA=56.14 time=43.30s KL=0.0417

ssd: 0/25 candidates complete
  [1/25] gap=12.355555555555554 Df=0.00 Dr=57.58 MIA=50.22
  [2/25] gap=9.111111111111107 Df=0.00 Dr=67.60 MIA=50.87
  [3/25] gap=12.829629629629634 Df=22.00 Dr=78.62 MIA=51.04
  [4/25] gap=33.955555555555556 Df=93.80 Dr=92.13 MIA=56.13
  [5/25] gap=33.31111111111111 Df=93.00 Dr=92.89 MIA=55.76
  [6/25] gap=30.451851851851853 Df=81.00 Dr=89.82 MIA=56.11
  [7/25] gap=30.91851851851852 Df=82.60 Dr=90.09 MIA=56.18
  [8/25] gap=31.333333333333332 Df=84.60 Dr=90.44 MIA=55.78
  [9/25] gap=33.955555555555556 Df=93.80 Dr=92.13 MIA=56.13
  [10/25] gap=33.31111111111111 Df=93.00 Dr=92.89 MIA=55.76
  [11/25] gap=33.96296296296296 Df=94.80 Dr=92.53 MIA=55.56
  [12/25] gap=33.85925925925926 Df=94.80 Dr=92.56 MIA=55.27
  [13/25] gap=33.76296296296295 Df=94.60 Dr=92.60 MIA=55.22
  [14/25] gap=33.72592592592593 Df=94.20 Dr=92.73 MIA=55.64
  [15/25] gap=33.31111111111111 Df=93.00 Dr=92.89 MIA=55.76
  [16/25] gap=33.27407407407407 Df=93.20 Dr=93.07 MIA=55.62
  [17/25] gap=33.27407407407407 Df=93.20 Dr=93.07 MIA=55.62
  [18/25] gap=33.27407407407407 Df=93.20 Dr=93.07 MIA=55.62
  [19/25] gap=33.27407407407407 Df=93.20 Dr=93.07 MIA=55.62
  [20/25] gap=33.437037037037044 Df=93.20 Dr=93.07 MIA=56.11
  [21/25] gap=33.437037037037044 Df=93.20 Dr=93.07 MIA=56.11
  [22/25] gap=33.437037037037044 Df=93.20 Dr=93.07 MIA=56.11
  [23/25] gap=33.437037037037044 Df=93.20 Dr=93.07 MIA=56.11
  [24/25] gap=33.437037037037044 Df=93.20 Dr=93.07 MIA=56.11
  [25/25] gap=33.437037037037044 Df=93.20 Dr=93.07 MIA=56.11
final test: ssd {'alpha': 1.0, 'dampening_constant': 10.0}
  Df=93.80 Dr=92.22 MIA=56.87 time=4.81s KL=0.0426

badteacher: 0/36 candidates complete
  [1/36] gap=15.303703703703702 Df=40.60 Dr=92.58 MIA=53.82
  [2/36] gap=5.837037037037035 Df=12.60 Dr=92.22 MIA=53.07
  [3/36] gap=10.251851851851855 Df=26.40 Dr=92.09 MIA=52.38
  [4/36] gap=7.785185185185184 Df=18.20 Dr=92.22 MIA=53.31
  [5/36] gap=5.607407407407408 Df=13.60 Dr=92.40 MIA=51.56
  [6/36] gap=2.5185185185185244 Df=0.40 Dr=92.67 MIA=55.76
  [7/36] gap=6.185185185185186 Df=13.00 Dr=92.29 MIA=53.78
  [8/36] gap=6.214814814814815 Df=12.60 Dr=92.73 MIA=54.71
  [9/36] gap=1.8444444444444397 Df=0.40 Dr=92.80 MIA=53.87
  [10/36] gap=4.9703703703703725 Df=11.60 Dr=92.20 MIA=51.44
  [11/36] gap=3.14814814814815 Df=7.00 Dr=92.76 MIA=51.13
  [12/36] gap=3.1333333333333315 Df=3.80 Dr=92.78 MIA=54.31
  [13/36] gap=10.748148148148148 Df=26.00 Dr=92.53 MIA=54.71
  [14/36] gap=7.133333333333337 Df=18.00 Dr=92.67 MIA=52.00
  [15/36] gap=3.651851851851852 Df=3.00 Dr=92.40 MIA=56.29
  [16/36] gap=6.525925925925926 Df=13.80 Dr=92.38 MIA=54.09
  [17/36] gap=5.281481481481479 Df=12.80 Dr=92.80 MIA=51.78
  [18/36] gap=2.288888888888889 Df=0.00 Dr=92.80 MIA=55.60
  [19/36] gap=6.125925925925926 Df=12.20 Dr=92.38 MIA=54.49
  [20/36] gap=2.725925925925926 Df=6.60 Dr=92.98 MIA=50.31
  [21/36] gap=2.31851851851852 Df=0.20 Dr=93.09 MIA=55.78
  [22/36] gap=5.385185185185187 Df=12.80 Dr=92.56 MIA=51.84
  [23/36] gap=2.1555555555555554 Df=0.60 Dr=93.13 MIA=54.93
  [24/36] gap=2.651851851851853 Df=1.80 Dr=93.11 MIA=55.20
  [25/36] gap=8.822222222222225 Df=20.00 Dr=92.62 MIA=55.02
  [26/36] gap=7.103703703703702 Df=18.20 Dr=92.82 MIA=51.87
  [27/36] gap=1.8518518518518547 Df=0.00 Dr=92.69 MIA=54.18
  [28/36] gap=6.792592592592594 Df=14.80 Dr=92.67 MIA=54.18
  [29/36] gap=3.8592592592592614 Df=5.40 Dr=93.09 MIA=55.20
  [30/36] gap=2.3925925925925973 Df=0.00 Dr=93.04 MIA=56.16
  [31/36] gap=5.622222222222226 Df=13.80 Dr=92.89 MIA=51.89
  [32/36] gap=1.777777777777781 Df=0.00 Dr=93.24 MIA=54.51
  [33/36] gap=2.8000000000000043 Df=1.00 Dr=93.42 MIA=56.76
  [34/36] gap=5.303703703703703 Df=12.60 Dr=92.93 MIA=52.18
  [35/36] gap=1.859259259259261 Df=0.00 Dr=93.31 MIA=54.82
  [36/36] gap=5.933333333333338 Df=12.20 Dr=93.22 MIA=54.76
final test: badteacher {'temperature': 4.0, 'epochs': 10, 'lr': 0.001}
  Df=0.30 Dr=92.53 MIA=55.24 time=12.67s KL=0.0426

unsir: 0/36 candidates complete
  [1/36] gap=32.55555555555556 Df=87.20 Dr=90.91 MIA=57.31
  [2/36] gap=17.407407407407415 Df=45.80 Dr=93.04 MIA=55.40
  [3/36] gap=11.414814814814816 Df=25.00 Dr=90.09 MIA=55.27
  [4/36] gap=1.9851851851851876 Df=0.00 Dr=92.33 MIA=46.58
  [5/36] gap=25.99259259259259 Df=0.00 Dr=17.49 MIA=49.40
  [6/36] gap=27.91111111111111 Df=0.00 Dr=11.64 MIA=51.31
  [7/36] gap=30.725925925925925 Df=85.80 Dr=91.89 MIA=54.20
  [8/36] gap=17.54074074074074 Df=44.20 Dr=93.29 MIA=57.64
  [9/36] gap=6.925925925925925 Df=14.20 Dr=91.56 MIA=54.07
  [10/36] gap=1.9703703703703705 Df=0.00 Dr=92.78 MIA=46.18
  [11/36] gap=25.451851851851853 Df=0.00 Dr=19.29 MIA=49.22
  [12/36] gap=26.822222222222223 Df=0.00 Dr=14.51 MIA=50.91
  [13/36] gap=30.303703703703707 Df=85.20 Dr=91.93 MIA=53.58
  [14/36] gap=18.91851851851852 Df=49.20 Dr=93.27 MIA=56.76
  [15/36] gap=4.659259259259264 Df=9.20 Dr=91.51 MIA=52.22
  [16/36] gap=1.4148148148148156 Df=0.00 Dr=92.71 MIA=52.89
  [17/36] gap=25.844444444444445 Df=0.00 Dr=18.62 MIA=48.71
  [18/36] gap=25.155555555555555 Df=0.00 Dr=19.09 MIA=50.31
  [19/36] gap=31.333333333333332 Df=87.20 Dr=91.20 MIA=53.93
  [20/36] gap=18.733333333333338 Df=49.00 Dr=93.07 MIA=56.20
  [21/36] gap=11.014814814814818 Df=26.20 Dr=90.38 MIA=53.16
  [22/36] gap=1.6296296296296287 Df=0.00 Dr=92.60 MIA=53.42
  [23/36] gap=25.14814814814815 Df=0.00 Dr=19.56 MIA=49.87
  [24/36] gap=27.85925925925926 Df=0.00 Dr=14.44 MIA=46.84
  [25/36] gap=32.0 Df=85.60 Dr=91.73 MIA=58.07
  [26/36] gap=20.22962962962963 Df=53.00 Dr=93.44 MIA=57.07
  [27/36] gap=8.91851851851852 Df=20.60 Dr=91.29 MIA=53.38
  [28/36] gap=1.9259259259259238 Df=0.00 Dr=92.78 MIA=46.31
  [29/36] gap=24.2 Df=0.00 Dr=21.93 MIA=50.33
  [30/36] gap=25.84444444444445 Df=0.00 Dr=18.16 MIA=51.62
  [31/36] gap=29.718518518518522 Df=83.40 Dr=92.18 MIA=53.87
  [32/36] gap=19.585185185185185 Df=50.20 Dr=93.13 MIA=57.62
  [33/36] gap=6.918518518518522 Df=14.80 Dr=91.67 MIA=53.56
  [34/36] gap=1.3925925925925948 Df=0.00 Dr=92.93 MIA=53.04
  [35/36] gap=23.2 Df=0.00 Dr=25.11 MIA=50.16
  [36/36] gap=26.222222222222225 Df=0.00 Dr=16.31 MIA=50.91
final test: unsir {'impair_epochs': 2, 'repair_epochs': 3, 'impair_lr': 0.01, 'repair_lr': 0.01}
  Df=0.00 Dr=92.03 MIA=52.89 time=4.72s KL=0.0440

scrub: 0/24 candidates complete
  [1/24] gap=33.088888888888896 Df=91.60 Dr=93.02 MIA=56.62
  [2/24] gap=33.35555555555556 Df=93.40 Dr=92.91 MIA=55.51
  [3/24] gap=32.25185185185185 Df=90.00 Dr=93.22 MIA=55.91
  [4/24] gap=33.94074074074074 Df=94.60 Dr=92.73 MIA=55.89
  [5/24] gap=32.970370370370375 Df=92.20 Dr=93.16 MIA=55.80
  [6/24] gap=33.8 Df=94.60 Dr=92.76 MIA=55.49
  [7/24] gap=1.3925925925925948 Df=0.00 Dr=91.04 MIA=51.16
  [8/24] gap=2.2074074074074104 Df=3.20 Dr=92.58 MIA=51.93
  [9/24] gap=30.148148148148152 Df=84.20 Dr=93.47 MIA=55.64
  [10/24] gap=32.629629629629626 Df=90.40 Dr=93.18 MIA=56.60
  [11/24] gap=2.244444444444445 Df=2.00 Dr=93.49 MIA=54.16
  [12/24] gap=32.903703703703705 Df=92.00 Dr=92.98 MIA=55.62
  [13/24] gap=0.8888888888888905 Df=0.00 Dr=93.51 MIA=52.11
  [14/24] gap=33.925925925925924 Df=94.40 Dr=92.53 MIA=55.84
  [15/24] gap=8.007407407407406 Df=0.00 Dr=72.18 MIA=48.67
  [16/24] gap=3.696296296296294 Df=0.00 Dr=85.47 MIA=48.31
  [17/24] gap=24.177777777777777 Df=64.80 Dr=93.64 MIA=57.31
  [18/24] gap=29.585185185185185 Df=82.60 Dr=93.53 MIA=55.62
  [19/24] gap=1.0518518518518505 Df=0.00 Dr=93.53 MIA=52.62
  [20/24] gap=18.792592592592595 Df=51.20 Dr=93.62 MIA=54.73
  [21/24] gap=1.029629629629632 Df=0.00 Dr=93.36 MIA=52.38
  [22/24] gap=31.503703703703707 Df=88.00 Dr=93.07 MIA=55.51
  [23/24] gap=23.65185185185185 Df=0.00 Dr=23.89 MIA=50.02
  [24/24] gap=11.355555555555554 Df=0.00 Dr=60.51 MIA=50.51
final test: scrub {'msteps': 3, 'lr': 0.0005, 'epochs': 5, 'max_grad_norm': 5.0}
  Df=0.00 Dr=92.96 MIA=52.92 time=6.29s KL=0.0430

mmu: 0/96 candidates complete
  [1/96] gap=33.17037037037037 Df=91.80 Dr=93.04 MIA=56.69
  [2/96] gap=32.32592592592593 Df=89.60 Dr=93.31 MIA=56.62
  [3/96] gap=33.333333333333336 Df=92.20 Dr=93.00 MIA=56.73
  [4/96] gap=32.6 Df=90.00 Dr=93.00 MIA=56.73
  [5/96] gap=32.88888888888889 Df=91.60 Dr=92.96 MIA=55.96
  [6/96] gap=32.24444444444445 Df=90.00 Dr=93.22 MIA=55.89
  [7/96] gap=33.01481481481482 Df=92.00 Dr=92.96 MIA=55.93
  [8/96] gap=32.83703703703704 Df=90.80 Dr=92.96 MIA=56.60
  [9/96] gap=33.214814814814815 Df=91.80 Dr=93.18 MIA=56.96
  [10/96] gap=9.5037037037037 Df=24.00 Dr=93.60 MIA=54.04
  [11/96] gap=32.800000000000004 Df=90.80 Dr=93.11 MIA=56.64
  [12/96] gap=24.562962962962967 Df=66.60 Dr=93.62 MIA=56.64
  [13/96] gap=33.281481481481485 Df=92.40 Dr=92.84 MIA=56.22
  [14/96] gap=11.933333333333335 Df=32.20 Dr=93.64 MIA=53.18
  [15/96] gap=32.91851851851852 Df=91.80 Dr=92.87 MIA=55.76
  [16/96] gap=29.259259259259263 Df=79.80 Dr=93.40 MIA=57.31
  [17/96] gap=32.94814814814816 Df=92.00 Dr=92.84 MIA=55.62
  [18/96] gap=1.7999999999999996 Df=0.00 Dr=93.73 MIA=55.07
  [19/96] gap=32.518518518518526 Df=91.40 Dr=93.13 MIA=55.22
  [20/96] gap=14.259259259259261 Df=35.40 Dr=93.64 MIA=56.96
  [21/96] gap=33.2962962962963 Df=93.00 Dr=92.82 MIA=55.64
  [22/96] gap=1.4370370370370342 Df=0.00 Dr=93.58 MIA=53.82
  [23/96] gap=33.111111111111114 Df=91.60 Dr=92.96 MIA=56.62
  [24/96] gap=22.577777777777772 Df=60.20 Dr=93.53 MIA=57.00
  [25/96] gap=4.42222222222222 Df=8.80 Dr=90.93 MIA=49.47
  [26/96] gap=1.1259259259259267 Df=0.00 Dr=93.24 MIA=48.24
  [27/96] gap=2.9185185185185225 Df=0.00 Dr=87.36 MIA=52.04
  [28/96] gap=1.503703703703702 Df=0.00 Dr=92.13 MIA=48.22
  [29/96] gap=10.414814814814816 Df=27.20 Dr=92.91 MIA=52.89
  [30/96] gap=0.8962962962962943 Df=0.00 Dr=93.20 MIA=51.82
  [31/96] gap=2.4888888888888854 Df=3.40 Dr=90.60 MIA=50.20
  [32/96] gap=1.39259259259259 Df=0.00 Dr=92.78 MIA=52.89
  [33/96] gap=31.303703703703704 Df=87.20 Dr=93.49 MIA=56.13
  [34/96] gap=28.303703703703707 Df=77.80 Dr=93.56 MIA=56.60
  [35/96] gap=32.851851851851855 Df=91.00 Dr=93.11 MIA=56.60
  [36/96] gap=30.296296296296294 Df=83.20 Dr=93.29 MIA=56.91
  [37/96] gap=32.57037037037037 Df=90.80 Dr=93.18 MIA=56.02
  [38/96] gap=28.95555555555556 Df=79.40 Dr=93.44 MIA=56.84
  [39/96] gap=33.13333333333333 Df=92.00 Dr=92.96 MIA=56.29
  [40/96] gap=31.399999999999995 Df=86.60 Dr=93.29 MIA=56.82
  [41/96] gap=16.355555555555554 Df=45.40 Dr=93.60 MIA=53.20
  [42/96] gap=1.8222222222222204 Df=0.00 Dr=93.67 MIA=55.07
  [43/96] gap=30.91851851851852 Df=85.40 Dr=93.31 MIA=56.60
  [44/96] gap=3.192592592592593 Df=2.20 Dr=93.51 MIA=56.82
  [45/96] gap=33.6962962962963 Df=93.20 Dr=92.96 MIA=56.78
  [46/96] gap=1.9925925925925938 Df=0.00 Dr=93.62 MIA=55.53
  [47/96] gap=33.199999999999996 Df=91.60 Dr=92.96 MIA=56.89
  [48/96] gap=12.088888888888894 Df=30.80 Dr=93.53 MIA=54.93
  [49/96] gap=13.007407407407406 Df=33.40 Dr=93.62 MIA=55.18
  [50/96] gap=1.348148148148148 Df=0.00 Dr=93.60 MIA=53.58
  [51/96] gap=28.52592592592593 Df=79.00 Dr=93.33 MIA=55.84
  [52/96] gap=2.125925925925929 Df=0.00 Dr=93.42 MIA=55.73
  [53/96] gap=33.92592592592593 Df=94.80 Dr=92.87 MIA=55.78
  [54/96] gap=1.2814814814814757 Df=0.00 Dr=93.60 MIA=53.38
  [55/96] gap=33.111111111111114 Df=92.40 Dr=92.87 MIA=55.73
  [56/96] gap=2.281481481481483 Df=0.00 Dr=93.53 MIA=56.31
  [57/96] gap=3.762962962962964 Df=0.00 Dr=83.36 MIA=50.22
  [58/96] gap=0.7111111111111086 Df=0.00 Dr=92.78 MIA=49.96
  [59/96] gap=22.074074074074076 Df=0.00 Dr=28.36 MIA=50.29
  [60/96] gap=1.7037037037037024 Df=0.00 Dr=90.29 MIA=51.33
  [61/96] gap=2.6666666666666643 Df=0.00 Dr=89.60 MIA=53.53
  [62/96] gap=0.9259259259259262 Df=0.00 Dr=93.13 MIA=48.96
  [63/96] gap=16.94074074074074 Df=0.00 Dr=46.20 MIA=47.84
  [64/96] gap=1.2000000000000028 Df=0.00 Dr=92.33 MIA=48.93
  [65/96] gap=27.85925925925926 Df=75.80 Dr=93.58 MIA=57.29
  [66/96] gap=20.703703703703706 Df=55.00 Dr=93.64 MIA=56.69
  [67/96] gap=32.13333333333333 Df=88.40 Dr=93.29 MIA=57.22
  [68/96] gap=24.90370370370371 Df=67.20 Dr=93.56 MIA=57.00
  [69/96] gap=30.8962962962963 Df=86.00 Dr=93.49 MIA=56.11
  [70/96] gap=21.829629629629633 Df=58.00 Dr=93.69 MIA=57.11
  [71/96] gap=32.681481481481484 Df=90.80 Dr=93.24 MIA=56.42
  [72/96] gap=27.666666666666668 Df=75.80 Dr=93.58 MIA=56.71
  [73/96] gap=1.4444444444444453 Df=0.00 Dr=93.73 MIA=54.00
  [74/96] gap=1.777777777777781 Df=0.00 Dr=93.18 MIA=54.44
  [75/96] gap=20.933333333333334 Df=58.80 Dr=93.51 MIA=53.44
  [76/96] gap=2.4666666666666686 Df=0.00 Dr=93.36 MIA=56.69
  [77/96] gap=28.325925925925926 Df=78.00 Dr=93.73 MIA=56.64
  [78/96] gap=1.4518518518518537 Df=0.00 Dr=93.62 MIA=53.91
  [79/96] gap=32.199999999999996 Df=89.00 Dr=93.29 MIA=56.82
  [80/96] gap=2.0148148148148173 Df=0.00 Dr=93.71 MIA=55.69
  [81/96] gap=0.9555555555555557 Df=0.00 Dr=93.76 MIA=52.56
  [82/96] gap=0.4666666666666662 Df=0.00 Dr=93.47 MIA=50.00
  [83/96] gap=4.340740740740744 Df=8.60 Dr=93.73 MIA=54.09
  [84/96] gap=1.1629629629629623 Df=0.00 Dr=92.93 MIA=52.36
  [85/96] gap=32.32592592592593 Df=90.60 Dr=93.04 MIA=55.36
  [86/96] gap=0.3407407407407443 Df=0.00 Dr=93.84 MIA=50.00
  [87/96] gap=33.10370370370371 Df=91.60 Dr=93.11 MIA=56.76
  [88/96] gap=1.7555555555555575 Df=0.00 Dr=93.87 MIA=55.07
  [89/96] gap=7.651851851851855 Df=0.00 Dr=71.96 MIA=49.96
  [90/96] gap=6.533333333333334 Df=0.00 Dr=75.64 MIA=49.62
  [91/96] gap=59.26666666666667 Df=89.60 Dr=6.36 MIA=50.31
  [92/96] gap=3.4296296296296256 Df=0.00 Dr=84.33 MIA=50.24
  [93/96] gap=2.866666666666667 Df=0.00 Dr=85.91 MIA=50.36
  [94/96] gap=1.9407407407407433 Df=0.00 Dr=88.73 MIA=50.49
  [95/96] gap=41.0 Df=42.60 Dr=14.11 MIA=50.44
  [96/96] gap=1.518518518518519 Df=0.00 Dr=91.20 MIA=49.11
final test: mmu {'msteps': 3, 'lr': 0.001, 'epochs': 10, 'head_mode': 'tied', 'weighting': 'normalised', 'max_grad_norm': 5.0}
  Df=0.00 Dr=92.86 MIA=54.36 time=11.37s KL=0.0440

salun: 0/45 candidates complete
  [1/45] gap=24.037037037037038 Df=64.60 Dr=92.09 MIA=55.53
  [2/45] gap=23.607407407407408 Df=63.60 Dr=91.78 MIA=54.93
  [3/45] gap=23.58518518518518 Df=62.40 Dr=91.60 MIA=55.89
  [4/45] gap=14.755555555555555 Df=34.40 Dr=89.76 MIA=55.56
  [5/45] gap=3.8000000000000025 Df=2.40 Dr=88.96 MIA=53.89
  [6/45] gap=1.62222222222222 Df=0.00 Dr=89.91 MIA=50.09
  [7/45] gap=2.244444444444447 Df=0.00 Dr=90.02 MIA=52.69
  [8/45] gap=2.133333333333334 Df=0.20 Dr=91.18 MIA=53.31
  [9/45] gap=3.170370370370374 Df=3.40 Dr=91.00 MIA=53.04
  [10/45] gap=24.155555555555555 Df=65.00 Dr=92.27 MIA=55.67
  [11/45] gap=24.170370370370375 Df=64.60 Dr=92.38 MIA=56.22
  [12/45] gap=21.992592592592587 Df=63.20 Dr=92.31 MIA=51.02
  [13/45] gap=15.385185185185184 Df=38.40 Dr=90.89 MIA=54.58
  [14/45] gap=4.518518518518519 Df=5.60 Dr=91.18 MIA=55.07
  [15/45] gap=2.1259259259259267 Df=1.00 Dr=91.47 MIA=52.78
  [16/45] gap=2.4888888888888894 Df=0.00 Dr=90.62 MIA=54.02
  [17/45] gap=1.7259259259259248 Df=0.20 Dr=91.40 MIA=52.31
  [18/45] gap=2.2962962962962976 Df=1.00 Dr=91.07 MIA=52.89
  [19/45] gap=24.400000000000006 Df=65.60 Dr=92.40 MIA=55.93
  [20/45] gap=24.422222222222228 Df=65.40 Dr=92.47 MIA=56.27
  [21/45] gap=23.881481481481483 Df=64.20 Dr=92.62 MIA=56.00
  [22/45] gap=15.074074074074076 Df=39.60 Dr=91.36 MIA=52.91
  [23/45] gap=5.459259259259265 Df=8.60 Dr=91.84 MIA=55.56
  [24/45] gap=2.4814814814814796 Df=1.80 Dr=91.96 MIA=53.53
  [25/45] gap=1.7629629629629615 Df=0.00 Dr=91.40 MIA=48.18
  [26/45] gap=1.8814814814814833 Df=0.20 Dr=91.47 MIA=52.84
  [27/45] gap=1.8296296296296282 Df=1.20 Dr=91.42 MIA=51.64
  [28/45] gap=24.42962962962963 Df=66.00 Dr=92.40 MIA=55.62
  [29/45] gap=24.57037037037037 Df=65.60 Dr=92.58 MIA=56.62
  [30/45] gap=22.562962962962967 Df=64.80 Dr=92.67 MIA=51.49
  [31/45] gap=15.33333333333333 Df=40.80 Dr=91.56 MIA=52.69
  [32/45] gap=5.525925925925928 Df=9.40 Dr=91.91 MIA=55.02
  [33/45] gap=2.6888888888888878 Df=2.00 Dr=91.78 MIA=53.78
  [34/45] gap=2.2296296296296276 Df=0.00 Dr=91.38 MIA=46.80
  [35/45] gap=1.7259259259259225 Df=0.20 Dr=91.60 MIA=52.51
  [36/45] gap=2.0962962962962948 Df=0.00 Dr=91.64 MIA=53.87
  [37/45] gap=24.451851851851853 Df=66.20 Dr=92.33 MIA=55.42
  [38/45] gap=24.496296296296304 Df=66.00 Dr=92.67 MIA=56.09
  [39/45] gap=24.32592592592593 Df=65.20 Dr=92.62 MIA=56.33
  [40/45] gap=15.718518518518515 Df=41.80 Dr=91.58 MIA=52.87
  [41/45] gap=6.422222222222227 Df=11.00 Dr=91.80 MIA=56.00
  [42/45] gap=2.844444444444445 Df=2.20 Dr=91.91 MIA=54.18
  [43/45] gap=2.2148148148148175 Df=0.00 Dr=91.64 MIA=54.22
  [44/45] gap=2.814814814814817 Df=0.40 Dr=91.33 MIA=55.31
  [45/45] gap=1.8666666666666718 Df=0.00 Dr=91.51 MIA=53.04
final test: salun {'sparsity': 0.5, 'lr': 0.0001, 'epochs': 10}
  Df=64.00 Dr=91.59 MIA=56.38 time=15.87s KL=0.0427

uniclun: 0/27 candidates complete
  [1/27] gap=22.555555555555554 Df=64.20 Dr=92.47 MIA=51.87
  [2/27] gap=22.555555555555554 Df=64.20 Dr=92.47 MIA=51.87
  [3/27] gap=22.555555555555554 Df=64.20 Dr=92.47 MIA=51.87
  [4/27] gap=24.377777777777784 Df=66.40 Dr=92.42 MIA=55.09
  [5/27] gap=24.377777777777784 Df=66.40 Dr=92.42 MIA=55.09
  [6/27] gap=24.377777777777784 Df=66.40 Dr=92.42 MIA=55.09
  [7/27] gap=24.496296296296293 Df=66.20 Dr=92.80 MIA=56.02
  [8/27] gap=24.496296296296293 Df=66.20 Dr=92.80 MIA=56.02
  [9/27] gap=24.496296296296293 Df=66.20 Dr=92.80 MIA=56.02
  [10/27] gap=17.674074074074074 Df=47.20 Dr=92.02 MIA=53.78
  [11/27] gap=17.674074074074074 Df=47.20 Dr=92.02 MIA=53.78
  [12/27] gap=17.674074074074074 Df=47.20 Dr=92.02 MIA=53.78
  [13/27] gap=5.229629629629629 Df=8.20 Dr=91.93 MIA=55.36
  [14/27] gap=5.229629629629629 Df=8.20 Dr=91.93 MIA=55.36
  [15/27] gap=5.229629629629629 Df=8.20 Dr=91.93 MIA=55.36
  [16/27] gap=2.4888888888888894 Df=1.00 Dr=92.29 MIA=54.69
  [17/27] gap=2.4888888888888894 Df=1.00 Dr=92.29 MIA=54.69
  [18/27] gap=2.4888888888888894 Df=1.00 Dr=92.29 MIA=54.69
  [19/27] gap=1.4888888888888896 Df=0.00 Dr=92.02 MIA=52.42
  [20/27] gap=1.4888888888888896 Df=0.00 Dr=92.02 MIA=52.42
  [21/27] gap=1.4888888888888896 Df=0.00 Dr=92.02 MIA=52.42
  [22/27] gap=1.8444444444444439 Df=0.00 Dr=91.96 MIA=53.42
  [23/27] gap=1.8444444444444439 Df=0.00 Dr=91.96 MIA=53.42
  [24/27] gap=1.8444444444444439 Df=0.00 Dr=91.96 MIA=53.42
  [25/27] gap=2.014814814814821 Df=0.20 Dr=91.87 MIA=53.64
  [26/27] gap=2.014814814814821 Df=0.20 Dr=91.87 MIA=53.64
  [27/27] gap=2.014814814814821 Df=0.20 Dr=91.87 MIA=53.64
final test: uniclun {'lr': 0.0001, 'epochs': 3, 'buffer_size': 250}
  Df=64.10 Dr=91.92 MIA=54.16 time=4.99s KL=0.0426

