loaded shared source and Amnesiac ledger
loaded shared Retrain reference
final test: baseline {}
  Df=93.30 Dr=94.42 MIA=54.18 time=0.00s KL=0.0003
final test: retrain {}
  Df=20.90 Dr=94.83 MIA=50.16 time=354.46s KL=0.0000

finetune: 0/12 candidates complete
  [1/12] gap=26.37037037037037 Df=93.00 Dr=95.40 MIA=54.47
  [2/12] gap=25.925925925925924 Df=92.20 Dr=95.36 MIA=53.89
  [3/12] gap=25.555555555555554 Df=91.60 Dr=95.18 MIA=53.20
  [4/12] gap=25.666666666666668 Df=92.60 Dr=95.56 MIA=52.91
  [5/12] gap=20.51111111111111 Df=75.80 Dr=94.04 MIA=52.73
  [6/12] gap=17.592592592592595 Df=72.00 Dr=94.20 MIA=47.93
  [7/12] gap=19.511111111111106 Df=73.60 Dr=94.78 MIA=52.67
  [8/12] gap=20.081481481481475 Df=75.60 Dr=94.73 MIA=52.33
  [9/12] gap=9.162962962962963 Df=34.40 Dr=84.60 MIA=50.64
  [10/12] gap=12.488888888888887 Df=50.40 Dr=88.47 MIA=48.49
  [11/12] gap=17.637037037037036 Df=65.40 Dr=88.84 MIA=49.31
  [12/12] gap=2.1259259259259218 Df=21.60 Dr=91.78 MIA=49.51
final test: finetune {'lr': 0.001, 'epochs': 3}
  Df=67.70 Dr=92.63 MIA=49.42 time=19.63s KL=0.0024

ssd: 0/25 candidates complete
  [1/25] gap=55.79259259259259 Df=100.00 Dr=11.11 MIA=51.44
  [2/25] gap=55.05925925925925 Df=100.00 Dr=11.11 MIA=49.24
  [3/25] gap=41.577777777777776 Df=69.80 Dr=24.00 MIA=51.89
  [4/25] gap=5.1037037037036965 Df=24.40 Dr=87.89 MIA=51.76
  [5/25] gap=26.34814814814815 Df=92.80 Dr=95.51 MIA=54.71
  [6/25] gap=17.281481481481478 Df=0.00 Dr=66.27 MIA=47.87
  [7/25] gap=17.133333333333336 Df=0.00 Dr=66.84 MIA=48.00
  [8/25] gap=16.933333333333334 Df=0.00 Dr=68.18 MIA=48.73
  [9/25] gap=5.1037037037036965 Df=24.40 Dr=87.89 MIA=51.76
  [10/25] gap=26.34814814814815 Df=92.80 Dr=95.51 MIA=54.71
  [11/25] gap=10.970370370370368 Df=46.00 Dr=93.91 MIA=53.78
  [12/25] gap=12.007407407407408 Df=49.20 Dr=94.07 MIA=53.84
  [13/25] gap=13.488888888888885 Df=53.60 Dr=94.13 MIA=53.96
  [14/25] gap=20.199999999999996 Df=74.80 Dr=95.18 MIA=53.93
  [15/25] gap=26.34814814814815 Df=92.80 Dr=95.51 MIA=54.71
  [16/25] gap=26.681481481481473 Df=94.40 Dr=95.40 MIA=54.00
  [17/25] gap=26.681481481481473 Df=94.40 Dr=95.40 MIA=54.00
  [18/25] gap=26.681481481481473 Df=94.40 Dr=95.40 MIA=54.00
  [19/25] gap=26.681481481481473 Df=94.40 Dr=95.40 MIA=54.00
  [20/25] gap=26.681481481481473 Df=94.40 Dr=95.40 MIA=54.00
  [21/25] gap=26.681481481481473 Df=94.40 Dr=95.40 MIA=54.00
  [22/25] gap=26.681481481481473 Df=94.40 Dr=95.40 MIA=54.00
  [23/25] gap=26.681481481481473 Df=94.40 Dr=95.40 MIA=54.00
  [24/25] gap=26.681481481481473 Df=94.40 Dr=95.40 MIA=54.00
  [25/25] gap=26.681481481481473 Df=94.40 Dr=95.40 MIA=54.00
final test: ssd {'alpha': 10.0, 'dampening_constant': 0.5}
  Df=63.60 Dr=92.64 MIA=53.56 time=9.19s KL=0.0038

badteacher: 0/36 candidates complete
  [1/36] gap=17.496296296296297 Df=65.40 Dr=93.84 MIA=53.89
  [2/36] gap=9.066666666666663 Df=37.40 Dr=91.20 MIA=53.96
  [3/36] gap=17.74814814814815 Df=66.60 Dr=94.40 MIA=54.00
  [4/36] gap=10.474074074074075 Df=40.60 Dr=91.33 MIA=55.11
  [5/36] gap=7.207407407407408 Df=30.80 Dr=91.33 MIA=55.11
  [6/36] gap=12.955555555555554 Df=53.00 Dr=94.73 MIA=53.56
  [7/36] gap=7.651851851851849 Df=31.00 Dr=90.36 MIA=55.27
  [8/36] gap=11.67407407407407 Df=47.80 Dr=93.53 MIA=53.71
  [9/36] gap=8.577777777777781 Df=46.20 Dr=95.04 MIA=47.13
  [10/36] gap=7.44444444444444 Df=31.40 Dr=90.47 MIA=54.36
  [11/36] gap=14.244444444444447 Df=55.60 Dr=94.22 MIA=54.31
  [12/36] gap=12.14814814814814 Df=57.00 Dr=95.51 MIA=47.91
  [13/36] gap=13.637037037037038 Df=52.80 Dr=92.91 MIA=53.98
  [14/36] gap=8.807407407407409 Df=37.80 Dr=91.67 MIA=53.24
  [15/36] gap=12.296296296296296 Df=50.60 Dr=94.42 MIA=53.67
  [16/36] gap=8.829629629629629 Df=35.80 Dr=91.00 MIA=54.64
  [17/36] gap=9.874074074074068 Df=42.40 Dr=93.60 MIA=53.78
  [18/36] gap=6.2592592592592595 Df=35.60 Dr=95.22 MIA=51.36
  [19/36] gap=8.45185185185185 Df=35.40 Dr=91.07 MIA=53.98
  [20/36] gap=15.4 Df=59.40 Dr=94.69 MIA=54.44
  [21/36] gap=8.362962962962968 Df=38.80 Dr=95.58 MIA=54.82
  [22/36] gap=8.829629629629629 Df=38.00 Dr=92.00 MIA=53.44
  [23/36] gap=13.33333333333333 Df=54.80 Dr=94.84 MIA=53.00
  [24/36] gap=5.496296296296291 Df=35.00 Dr=95.29 MIA=49.73
  [25/36] gap=12.429629629629625 Df=47.60 Dr=92.62 MIA=55.27
  [26/36] gap=10.866666666666665 Df=44.20 Dr=93.40 MIA=54.76
  [27/36] gap=10.081481481481482 Df=44.20 Dr=94.80 MIA=53.80
  [28/36] gap=10.133333333333331 Df=41.00 Dr=92.18 MIA=54.53
  [29/36] gap=12.007407407407408 Df=49.20 Dr=94.60 MIA=54.38
  [30/36] gap=5.35555555555555 Df=28.20 Dr=95.16 MIA=55.98
  [31/36] gap=10.503703703703698 Df=42.40 Dr=92.60 MIA=54.67
  [32/36] gap=14.362962962962959 Df=57.80 Dr=94.98 MIA=53.22
  [33/36] gap=7.414814814814815 Df=37.40 Dr=95.24 MIA=53.04
  [34/36] gap=12.311111111111105 Df=48.40 Dr=93.58 MIA=55.07
  [35/36] gap=10.474074074074073 Df=45.80 Dr=95.36 MIA=53.93
  [36/36] gap=3.3481481481481468 Df=25.20 Dr=95.00 MIA=52.80
final test: badteacher {'temperature': 4.0, 'epochs': 10, 'lr': 0.01}
  Df=25.10 Dr=94.02 MIA=52.56 time=11.84s KL=0.0002

unsir: 0/36 candidates complete
  [1/36] gap=25.474074074074082 Df=89.00 Dr=94.02 MIA=54.40
  [2/36] gap=23.629629629629623 Df=85.00 Dr=94.93 MIA=53.78
  [3/36] gap=21.562962962962956 Df=78.00 Dr=92.78 MIA=52.42
  [4/36] gap=22.622222222222216 Df=82.20 Dr=94.62 MIA=53.24
  [5/36] gap=16.429629629629627 Df=64.60 Dr=90.58 MIA=48.22
  [6/36] gap=16.014814814814812 Df=65.00 Dr=93.07 MIA=49.07
  [7/36] gap=24.370370370370367 Df=87.20 Dr=94.62 MIA=53.49
  [8/36] gap=21.785185185185185 Df=83.20 Dr=95.29 MIA=50.40
  [9/36] gap=21.762962962962963 Df=79.00 Dr=93.91 MIA=53.16
  [10/36] gap=21.34074074074074 Df=81.20 Dr=95.18 MIA=50.96
  [11/36] gap=16.348148148148148 Df=65.00 Dr=92.07 MIA=49.07
  [12/36] gap=17.36296296296296 Df=70.00 Dr=93.64 MIA=48.69
  [13/36] gap=24.429629629629627 Df=87.00 Dr=94.73 MIA=53.98
  [14/36] gap=22.888888888888886 Df=86.00 Dr=95.51 MIA=51.13
  [15/36] gap=21.88888888888889 Df=79.80 Dr=94.24 MIA=53.07
  [16/36] gap=23.370370370370363 Df=84.40 Dr=95.27 MIA=53.93
  [17/36] gap=16.414814814814815 Df=65.20 Dr=92.20 MIA=49.20
  [18/36] gap=17.074074074074076 Df=67.60 Dr=94.07 MIA=50.64
  [19/36] gap=25.251851851851843 Df=88.60 Dr=94.16 MIA=54.27
  [20/36] gap=22.644444444444435 Df=82.20 Dr=95.33 MIA=54.02
  [21/36] gap=23.125925925925923 Df=83.20 Dr=92.96 MIA=52.09
  [22/36] gap=22.28888888888888 Df=81.20 Dr=95.00 MIA=53.62
  [23/36] gap=19.592592592592588 Df=69.20 Dr=91.13 MIA=53.67
  [24/36] gap=18.814814814814817 Df=69.00 Dr=92.89 MIA=53.29
  [25/36] gap=24.62222222222222 Df=87.20 Dr=94.51 MIA=54.13
  [26/36] gap=23.548148148148144 Df=84.80 Dr=95.27 MIA=54.07
  [27/36] gap=22.555555555555554 Df=82.00 Dr=93.91 MIA=52.53
  [28/36] gap=22.52592592592593 Df=82.60 Dr=95.20 MIA=53.13
  [29/36] gap=19.11111111111111 Df=69.00 Dr=91.93 MIA=53.22
  [30/36] gap=18.125925925925916 Df=69.20 Dr=94.33 MIA=52.47
  [31/36] gap=24.399999999999995 Df=86.80 Dr=94.73 MIA=54.09
  [32/36] gap=23.9037037037037 Df=86.60 Dr=95.33 MIA=53.40
  [33/36] gap=22.481481481481477 Df=81.80 Dr=94.11 MIA=52.71
  [34/36] gap=22.696296296296293 Df=84.60 Dr=95.27 MIA=51.71
  [35/36] gap=18.33333333333333 Df=66.80 Dr=92.53 MIA=53.69
  [36/36] gap=18.799999999999994 Df=71.60 Dr=94.38 MIA=52.13
final test: unsir {'impair_epochs': 1, 'repair_epochs': 3, 'impair_lr': 0.1, 'repair_lr': 0.01}
  Df=66.80 Dr=93.03 MIA=52.91 time=4.89s KL=0.0007

scrub: 0/24 candidates complete
  [1/24] gap=26.21481481481481 Df=94.20 Dr=95.36 MIA=52.76
  [2/24] gap=26.377777777777776 Df=94.00 Dr=95.36 MIA=53.44
  [3/24] gap=26.762962962962956 Df=95.20 Dr=95.31 MIA=53.36
  [4/24] gap=26.637037037037032 Df=94.60 Dr=95.29 MIA=53.56
  [5/24] gap=27.19259259259259 Df=95.20 Dr=95.11 MIA=54.44
  [6/24] gap=26.725925925925917 Df=94.40 Dr=95.29 MIA=54.02
  [7/24] gap=18.799999999999997 Df=70.40 Dr=88.89 MIA=47.84
  [8/24] gap=17.962962962962965 Df=68.60 Dr=92.38 MIA=50.62
  [9/24] gap=26.71851851851852 Df=94.00 Dr=95.33 MIA=54.44
  [10/24] gap=26.229629629629624 Df=94.80 Dr=95.38 MIA=52.22
  [11/24] gap=27.177777777777777 Df=95.20 Dr=95.24 MIA=54.53
  [12/24] gap=26.896296296296295 Df=96.20 Dr=95.18 MIA=52.62
  [13/24] gap=27.4074074074074 Df=95.80 Dr=94.84 MIA=54.22
  [14/24] gap=26.970370370370365 Df=95.20 Dr=95.02 MIA=53.69
  [15/24] gap=15.703703703703702 Df=0.00 Dr=75.02 MIA=51.89
  [16/24] gap=18.54074074074074 Df=71.00 Dr=90.00 MIA=47.58
  [17/24] gap=25.970370370370375 Df=92.40 Dr=95.53 MIA=54.00
  [18/24] gap=26.474074074074068 Df=93.80 Dr=95.27 MIA=53.84
  [19/24] gap=26.9037037037037 Df=94.80 Dr=95.20 MIA=54.07
  [20/24] gap=26.56296296296296 Df=95.20 Dr=94.87 MIA=52.31
  [21/24] gap=26.888888888888882 Df=95.40 Dr=94.56 MIA=52.78
  [22/24] gap=27.04444444444444 Df=94.60 Dr=94.73 MIA=54.22
  [23/24] gap=22.725925925925925 Df=41.60 Dr=51.84 MIA=51.38
  [24/24] gap=18.548148148148147 Df=0.00 Dr=67.53 MIA=52.93
final test: scrub {'msteps': 3, 'lr': 0.0001, 'epochs': 5, 'max_grad_norm': 5.0}
  Df=90.40 Dr=94.63 MIA=53.84 time=6.95s KL=0.0002

mmu: 0/96 candidates complete
  [1/96] gap=26.4074074074074 Df=94.20 Dr=95.29 MIA=53.27
  [2/96] gap=26.18518518518518 Df=93.60 Dr=95.44 MIA=53.36
  [3/96] gap=27.333333333333332 Df=94.80 Dr=95.38 MIA=55.53
  [4/96] gap=26.548148148148147 Df=94.60 Dr=95.24 MIA=53.24
  [5/96] gap=26.274074074074075 Df=94.20 Dr=95.38 MIA=52.96
  [6/96] gap=26.007407407407403 Df=93.20 Dr=95.44 MIA=53.22
  [7/96] gap=26.34074074074074 Df=95.00 Dr=95.33 MIA=52.31
  [8/96] gap=26.540740740740734 Df=95.00 Dr=95.33 MIA=52.91
  [9/96] gap=26.562962962962956 Df=94.40 Dr=95.27 MIA=53.51
  [10/96] gap=22.807407407407407 Df=82.60 Dr=95.40 MIA=54.18
  [11/96] gap=27.26666666666667 Df=95.00 Dr=95.44 MIA=55.20
  [12/96] gap=25.599999999999994 Df=90.80 Dr=95.49 MIA=54.44
  [13/96] gap=26.65185185185184 Df=94.40 Dr=95.53 MIA=54.04
  [14/96] gap=25.251851851851843 Df=89.80 Dr=95.67 MIA=54.58
  [15/96] gap=27.266666666666666 Df=95.00 Dr=95.53 MIA=55.29
  [16/96] gap=25.829629629629636 Df=92.40 Dr=95.58 MIA=53.62
  [17/96] gap=27.19259259259259 Df=95.20 Dr=95.18 MIA=54.51
  [18/96] gap=21.75555555555555 Df=81.60 Dr=95.56 MIA=52.18
  [19/96] gap=27.24444444444444 Df=95.40 Dr=95.36 MIA=54.64
  [20/96] gap=25.207407407407402 Df=89.60 Dr=95.73 MIA=54.71
  [21/96] gap=26.985185185185184 Df=94.60 Dr=95.36 MIA=54.67
  [22/96] gap=25.111111111111114 Df=90.00 Dr=95.62 MIA=53.91
  [23/96] gap=26.933333333333337 Df=95.00 Dr=95.42 MIA=54.18
  [24/96] gap=26.08888888888889 Df=92.20 Dr=95.62 MIA=54.64
  [25/96] gap=22.02962962962963 Df=55.60 Dr=68.76 MIA=52.20
  [26/96] gap=13.07407407407407 Df=0.00 Dr=80.91 MIA=49.89
  [27/96] gap=25.977777777777778 Df=0.00 Dr=43.33 MIA=51.02
  [28/96] gap=25.844444444444445 Df=0.00 Dr=41.98 MIA=49.27
  [29/96] gap=15.511111111111106 Df=54.00 Dr=84.84 MIA=50.33
  [30/96] gap=20.118518518518517 Df=75.60 Dr=92.42 MIA=50.13
  [31/96] gap=20.14814814814814 Df=34.60 Dr=51.71 MIA=50.51
  [32/96] gap=26.022222222222222 Df=0.00 Dr=44.20 MIA=52.02
  [33/96] gap=26.200000000000006 Df=93.40 Dr=95.38 MIA=53.53
  [34/96] gap=24.75555555555555 Df=88.60 Dr=95.47 MIA=54.09
  [35/96] gap=26.311111111111103 Df=94.40 Dr=95.40 MIA=52.89
  [36/96] gap=26.05925925925926 Df=92.60 Dr=95.44 MIA=53.98
  [37/96] gap=26.35555555555555 Df=94.20 Dr=95.47 MIA=53.29
  [38/96] gap=25.47407407407407 Df=90.00 Dr=95.44 MIA=54.82
  [39/96] gap=26.496296296296297 Df=94.00 Dr=95.36 MIA=53.80
  [40/96] gap=25.925925925925934 Df=92.80 Dr=95.42 MIA=53.36
  [41/96] gap=27.23703703703703 Df=94.80 Dr=95.42 MIA=55.29
  [42/96] gap=16.096296296296288 Df=61.40 Dr=93.98 MIA=53.82
  [43/96] gap=26.740740740740744 Df=94.00 Dr=95.42 MIA=54.60
  [44/96] gap=21.281481481481478 Df=78.20 Dr=95.13 MIA=53.73
  [45/96] gap=27.02962962962963 Df=94.80 Dr=95.40 MIA=54.64
  [46/96] gap=21.27407407407407 Df=78.40 Dr=95.51 MIA=53.89
  [47/96] gap=27.3037037037037 Df=94.80 Dr=95.33 MIA=55.40
  [48/96] gap=23.688888888888886 Df=85.60 Dr=95.62 MIA=54.04
  [49/96] gap=27.022222222222222 Df=95.00 Dr=95.04 MIA=54.07
  [50/96] gap=16.6962962962963 Df=64.40 Dr=94.64 MIA=53.29
  [51/96] gap=26.762962962962963 Df=94.60 Dr=95.22 MIA=53.87
  [52/96] gap=18.644444444444442 Df=70.20 Dr=95.00 MIA=53.69
  [53/96] gap=26.725925925925925 Df=94.60 Dr=95.24 MIA=53.78
  [54/96] gap=22.71851851851851 Df=83.40 Dr=95.51 MIA=53.22
  [55/96] gap=26.96296296296295 Df=94.40 Dr=95.13 MIA=54.58
  [56/96] gap=23.229629629629628 Df=84.20 Dr=95.47 MIA=53.91
  [57/96] gap=32.2962962962963 Df=43.80 Dr=26.04 MIA=52.09
  [58/96] gap=13.066666666666668 Df=0.00 Dr=78.51 MIA=47.47
  [59/96] gap=51.474074074074075 Df=92.80 Dr=14.56 MIA=49.13
  [60/96] gap=32.333333333333336 Df=0.00 Dr=22.22 MIA=48.98
  [61/96] gap=17.637037037037036 Df=29.40 Dr=53.67 MIA=50.13
  [62/96] gap=12.577777777777776 Df=0.00 Dr=81.09 MIA=48.58
  [63/96] gap=31.466666666666658 Df=0.00 Dr=25.02 MIA=49.18
  [64/96] gap=26.99259259259259 Df=0.00 Dr=40.36 MIA=51.09
  [65/96] gap=26.051851851851847 Df=91.80 Dr=95.47 MIA=54.78
  [66/96] gap=21.118518518518517 Df=77.00 Dr=94.71 MIA=54.02
  [67/96] gap=26.066666666666663 Df=93.80 Dr=95.44 MIA=52.80
  [68/96] gap=23.785185185185185 Df=86.20 Dr=95.29 MIA=53.40
  [69/96] gap=26.785185185185174 Df=94.40 Dr=95.44 MIA=54.36
  [70/96] gap=23.42222222222222 Df=84.40 Dr=95.38 MIA=54.20
  [71/96] gap=27.05925925925926 Df=94.20 Dr=95.40 MIA=55.33
  [72/96] gap=25.555555555555554 Df=90.60 Dr=95.44 MIA=54.47
  [73/96] gap=26.73333333333333 Df=93.80 Dr=95.29 MIA=54.64
  [74/96] gap=9.081481481481482 Df=38.00 Dr=91.44 MIA=53.64
  [75/96] gap=26.325925925925926 Df=93.60 Dr=95.47 MIA=53.80
  [76/96] gap=15.844444444444441 Df=62.00 Dr=93.93 MIA=52.42
  [77/96] gap=27.133333333333326 Df=95.40 Dr=95.22 MIA=54.18
  [78/96] gap=19.170370370370364 Df=71.40 Dr=94.98 MIA=54.04
  [79/96] gap=27.08148148148147 Df=94.40 Dr=95.31 MIA=55.11
  [80/96] gap=20.696296296296293 Df=76.20 Dr=95.27 MIA=54.11
  [81/96] gap=26.896296296296295 Df=95.00 Dr=94.78 MIA=53.42
  [82/96] gap=11.488888888888887 Df=49.00 Dr=93.36 MIA=51.78
  [83/96] gap=26.33333333333333 Df=94.60 Dr=94.78 MIA=52.13
  [84/96] gap=13.459259259259255 Df=53.40 Dr=93.58 MIA=53.51
  [85/96] gap=26.7037037037037 Df=94.80 Dr=95.07 MIA=53.33
  [86/96] gap=22.029629629629635 Df=80.60 Dr=95.20 MIA=53.64
  [87/96] gap=26.644444444444442 Df=94.80 Dr=95.22 MIA=53.31
  [88/96] gap=20.170370370370367 Df=74.80 Dr=95.24 MIA=53.91
  [89/96] gap=43.33333333333332 Df=75.00 Dr=22.36 MIA=50.31
  [90/96] gap=14.437037037037038 Df=6.20 Dr=70.40 MIA=49.67
  [91/96] gap=43.25185185185185 Df=68.00 Dr=16.27 MIA=50.98
  [92/96] gap=31.83703703703704 Df=0.00 Dr=27.11 MIA=52.38
  [93/96] gap=25.08888888888889 Df=0.00 Dr=45.60 MIA=50.62
  [94/96] gap=15.244444444444442 Df=0.00 Dr=77.27 MIA=52.76
  [95/96] gap=37.86666666666667 Df=56.00 Dr=18.82 MIA=49.38
  [96/96] gap=28.970370370370365 Df=0.00 Dr=33.22 MIA=49.89
final test: mmu {'msteps': 2, 'lr': 0.0005, 'epochs': 5, 'head_mode': 'independent', 'weighting': 'normalised', 'max_grad_norm': 5.0}
  Df=60.40 Dr=93.44 MIA=53.43 time=5.71s KL=0.0003

salun: 0/45 candidates complete
  [1/45] gap=19.488888888888884 Df=71.00 Dr=94.16 MIA=54.58
  [2/45] gap=19.837037037037035 Df=71.60 Dr=93.84 MIA=54.71
  [3/45] gap=18.79259259259259 Df=67.60 Dr=93.07 MIA=54.80
  [4/45] gap=17.866666666666667 Df=64.20 Dr=91.98 MIA=54.33
  [5/45] gap=17.577777777777776 Df=65.00 Dr=92.47 MIA=53.16
  [6/45] gap=18.822222222222216 Df=69.60 Dr=93.47 MIA=53.29
  [7/45] gap=19.4 Df=71.60 Dr=92.42 MIA=51.98
  [8/45] gap=16.103703703703697 Df=60.80 Dr=91.47 MIA=51.93
  [9/45] gap=17.05185185185185 Df=63.20 Dr=92.16 MIA=53.07
  [10/45] gap=19.725925925925925 Df=71.60 Dr=94.24 MIA=54.78
  [11/45] gap=19.525925925925925 Df=72.20 Dr=93.91 MIA=53.24
  [12/45] gap=19.22222222222222 Df=68.80 Dr=93.18 MIA=55.00
  [13/45] gap=18.133333333333336 Df=65.60 Dr=92.04 MIA=53.80
  [14/45] gap=17.91851851851852 Df=66.40 Dr=92.69 MIA=53.00
  [15/45] gap=18.911111111111108 Df=69.80 Dr=93.44 MIA=53.33
  [16/45] gap=19.05185185185185 Df=69.60 Dr=92.51 MIA=53.02
  [17/45] gap=17.66666666666666 Df=66.00 Dr=92.56 MIA=52.51
  [18/45] gap=19.422222222222217 Df=71.00 Dr=92.64 MIA=52.87
  [19/45] gap=19.266666666666662 Df=71.60 Dr=94.29 MIA=53.44
  [20/45] gap=19.637037037037032 Df=72.40 Dr=93.93 MIA=53.40
  [21/45] gap=19.014814814814816 Df=68.40 Dr=93.36 MIA=54.96
  [22/45] gap=18.00740740740741 Df=65.40 Dr=92.27 MIA=53.84
  [23/45] gap=18.103703703703705 Df=66.60 Dr=92.71 MIA=53.38
  [24/45] gap=19.214814814814805 Df=70.20 Dr=93.47 MIA=53.87
  [25/45] gap=19.355555555555554 Df=69.60 Dr=92.42 MIA=53.84
  [26/45] gap=19.377777777777776 Df=70.80 Dr=92.60 MIA=52.89
  [27/45] gap=20.044444444444437 Df=72.60 Dr=92.93 MIA=53.42
  [28/45] gap=19.296296296296298 Df=71.60 Dr=94.20 MIA=53.44
  [29/45] gap=19.696296296296293 Df=72.60 Dr=93.96 MIA=53.40
  [30/45] gap=19.118518518518524 Df=68.60 Dr=93.33 MIA=55.04
  [31/45] gap=17.881481481481483 Df=65.40 Dr=92.38 MIA=53.58
  [32/45] gap=17.99259259259259 Df=66.20 Dr=92.76 MIA=53.49
  [33/45] gap=19.192592592592593 Df=70.60 Dr=93.53 MIA=53.47
  [34/45] gap=19.65925925925925 Df=70.40 Dr=92.60 MIA=54.13
  [35/45] gap=19.02962962962963 Df=69.60 Dr=92.84 MIA=53.29
  [36/45] gap=19.955555555555556 Df=72.20 Dr=93.20 MIA=53.82
  [37/45] gap=19.222222222222218 Df=71.40 Dr=94.27 MIA=53.49
  [38/45] gap=19.644444444444442 Df=72.60 Dr=93.91 MIA=53.20
  [39/45] gap=18.888888888888886 Df=68.40 Dr=93.31 MIA=54.53
  [40/45] gap=17.81481481481481 Df=65.00 Dr=92.31 MIA=53.71
  [41/45] gap=18.02962962962963 Df=66.20 Dr=92.82 MIA=53.67
  [42/45] gap=19.637037037037032 Df=71.40 Dr=93.44 MIA=53.91
  [43/45] gap=19.62962962962963 Df=71.20 Dr=92.87 MIA=53.51
  [44/45] gap=19.148148148148145 Df=70.00 Dr=92.56 MIA=52.96
  [45/45] gap=20.3037037037037 Df=73.00 Dr=92.91 MIA=53.78
final test: salun {'sparsity': 0.1, 'lr': 0.0001, 'epochs': 3}
  Df=70.30 Dr=93.44 MIA=54.37 time=6.18s KL=0.0003

uniclun: 0/27 candidates complete
  [1/27] gap=19.599999999999994 Df=71.60 Dr=94.24 MIA=54.40
  [2/27] gap=19.599999999999994 Df=71.60 Dr=94.24 MIA=54.40
  [3/27] gap=19.599999999999994 Df=71.60 Dr=94.24 MIA=54.40
  [4/27] gap=19.25185185185185 Df=70.80 Dr=94.00 MIA=53.91
  [5/27] gap=19.25185185185185 Df=70.80 Dr=94.00 MIA=53.91
  [6/27] gap=19.25185185185185 Df=70.80 Dr=94.00 MIA=53.91
  [7/27] gap=19.562962962962956 Df=70.20 Dr=93.58 MIA=55.02
  [8/27] gap=19.562962962962956 Df=70.20 Dr=93.58 MIA=55.02
  [9/27] gap=19.562962962962956 Df=70.20 Dr=93.58 MIA=55.02
  [10/27] gap=16.599999999999994 Df=61.60 Dr=92.29 MIA=53.44
  [11/27] gap=16.599999999999994 Df=61.60 Dr=92.29 MIA=53.44
  [12/27] gap=16.599999999999994 Df=61.60 Dr=92.29 MIA=53.44
  [13/27] gap=17.185185185185187 Df=64.60 Dr=92.82 MIA=52.73
  [14/27] gap=17.185185185185187 Df=64.60 Dr=92.82 MIA=52.73
  [15/27] gap=17.185185185185187 Df=64.60 Dr=92.82 MIA=52.73
  [16/27] gap=18.851851851851848 Df=70.60 Dr=93.29 MIA=52.20
  [17/27] gap=18.851851851851848 Df=70.60 Dr=93.29 MIA=52.20
  [18/27] gap=18.851851851851848 Df=70.60 Dr=93.29 MIA=52.20
  [19/27] gap=18.11111111111111 Df=67.20 Dr=93.02 MIA=53.11
  [20/27] gap=18.11111111111111 Df=67.20 Dr=93.02 MIA=53.11
  [21/27] gap=18.11111111111111 Df=67.20 Dr=93.02 MIA=53.11
  [22/27] gap=18.718518518518515 Df=69.40 Dr=93.09 MIA=52.80
  [23/27] gap=18.718518518518515 Df=69.40 Dr=93.09 MIA=52.80
  [24/27] gap=18.718518518518515 Df=69.40 Dr=93.09 MIA=52.80
  [25/27] gap=20.437037037037033 Df=74.80 Dr=93.16 MIA=52.62
  [26/27] gap=20.437037037037033 Df=74.80 Dr=93.16 MIA=52.62
  [27/27] gap=20.437037037037033 Df=74.80 Dr=93.16 MIA=52.62
final test: uniclun {'lr': 0.0001, 'epochs': 5, 'buffer_size': 250}
  Df=69.70 Dr=93.24 MIA=54.61 time=8.93s KL=0.0002

