loaded shared source and Amnesiac ledger
loaded shared Retrain reference
final test: baseline {}
  Df=92.00 Dr=92.03 MIA=57.25 time=0.00s KL=0.0023
final test: retrain {}
  Df=0.00 Dr=92.50 MIA=50.58 time=428.61s KL=0.0000
final test: amnesiac {}
  Df=0.00 Dr=11.11 MIA=50.22 time=0.00s KL=0.6826

finetune: 0/12 candidates complete
  [1/12] gap=32.13333333333333 Df=87.60 Dr=93.29 MIA=54.89
  [2/12] gap=30.622222222222216 Df=83.40 Dr=93.20 MIA=54.64
  [3/12] gap=29.459259259259266 Df=80.60 Dr=93.18 MIA=53.98
  [4/12] gap=27.733333333333334 Df=74.40 Dr=93.44 MIA=54.73
  [5/12] gap=18.325925925925926 Df=47.00 Dr=91.58 MIA=53.64
  [6/12] gap=13.081481481481482 Df=30.80 Dr=91.24 MIA=53.78
  [7/12] gap=6.866666666666668 Df=12.20 Dr=90.71 MIA=53.20
  [8/12] gap=2.703703703703703 Df=0.40 Dr=91.27 MIA=53.07
  [9/12] gap=6.592592592592593 Df=0.00 Dr=75.60 MIA=49.47
  [10/12] gap=3.3185185185185184 Df=0.00 Dr=83.84 MIA=47.89
  [11/12] gap=3.111111111111112 Df=0.00 Dr=87.47 MIA=50.89
  [12/12] gap=1.8814814814814842 Df=0.00 Dr=89.78 MIA=49.51
final test: finetune {'lr': 0.001, 'epochs': 10}
  Df=0.30 Dr=91.17 MIA=53.01 time=53.55s KL=0.0423

ssd: 0/25 candidates complete
  [1/25] gap=28.14074074074074 Df=0.00 Dr=11.11 MIA=49.62
  [2/25] gap=27.777777777777775 Df=0.00 Dr=11.11 MIA=48.53
  [3/25] gap=28.222222222222218 Df=0.00 Dr=11.11 MIA=49.87
  [4/25] gap=18.88888888888889 Df=49.20 Dr=92.78 MIA=54.07
  [5/25] gap=32.925925925925924 Df=91.40 Dr=93.04 MIA=53.71
  [6/25] gap=5.118518518518518 Df=0.60 Dr=82.98 MIA=51.82
  [7/25] gap=5.096296296296294 Df=0.60 Dr=84.11 MIA=52.89
  [8/25] gap=4.459259259259259 Df=0.80 Dr=85.44 MIA=52.11
  [9/25] gap=18.88888888888889 Df=49.20 Dr=92.78 MIA=54.07
  [10/25] gap=32.925925925925924 Df=91.40 Dr=93.04 MIA=53.71
  [11/25] gap=21.94074074074074 Df=58.20 Dr=93.38 MIA=53.62
  [12/25] gap=23.014814814814812 Df=61.40 Dr=93.36 MIA=53.67
  [13/25] gap=23.762962962962963 Df=63.60 Dr=93.38 MIA=53.69
  [14/25] gap=29.740740740740744 Df=81.40 Dr=93.38 MIA=53.82
  [15/25] gap=32.925925925925924 Df=91.40 Dr=93.04 MIA=53.71
  [16/25] gap=33.65185185185185 Df=93.20 Dr=92.93 MIA=54.20
  [17/25] gap=33.65185185185185 Df=93.20 Dr=92.93 MIA=54.20
  [18/25] gap=33.65185185185185 Df=93.20 Dr=92.93 MIA=54.20
  [19/25] gap=33.65185185185185 Df=93.20 Dr=92.93 MIA=54.20
  [20/25] gap=33.63703703703704 Df=93.20 Dr=92.93 MIA=54.16
  [21/25] gap=33.57037037037037 Df=93.00 Dr=92.93 MIA=54.16
  [22/25] gap=33.57037037037037 Df=93.00 Dr=92.93 MIA=54.16
  [23/25] gap=33.57037037037037 Df=93.00 Dr=92.93 MIA=54.16
  [24/25] gap=33.57037037037037 Df=93.00 Dr=92.93 MIA=54.16
  [25/25] gap=33.57037037037037 Df=93.00 Dr=92.93 MIA=54.16
final test: ssd {'alpha': 1.0, 'dampening_constant': 5.0}
  Df=50.00 Dr=91.49 MIA=56.10 time=6.30s KL=0.0015

badteacher: 0/36 candidates complete
  [1/36] gap=16.31851851851852 Df=42.00 Dr=92.60 MIA=53.64
  [2/36] gap=6.703703703703703 Df=13.80 Dr=92.02 MIA=52.42
  [3/36] gap=9.859259259259263 Df=23.40 Dr=91.71 MIA=51.98
  [4/36] gap=8.125925925925928 Df=18.40 Dr=92.16 MIA=52.22
  [5/36] gap=5.08888888888889 Df=8.60 Dr=92.44 MIA=53.20
  [6/36] gap=2.4814814814814814 Df=2.40 Dr=92.13 MIA=51.27
  [7/36] gap=6.3037037037037065 Df=11.60 Dr=91.98 MIA=53.38
  [8/36] gap=4.644444444444445 Df=7.80 Dr=92.62 MIA=52.84
  [9/36] gap=2.4962962962962973 Df=1.60 Dr=92.51 MIA=52.49
  [10/36] gap=5.45925925925926 Df=10.00 Dr=91.76 MIA=52.22
  [11/36] gap=3.259259259259259 Df=3.60 Dr=92.09 MIA=52.36
  [12/36] gap=2.8740740740740756 Df=3.00 Dr=92.53 MIA=52.24
  [13/36] gap=11.08888888888889 Df=26.20 Dr=92.51 MIA=53.67
  [14/36] gap=8.185185185185183 Df=18.40 Dr=92.69 MIA=52.84
  [15/36] gap=4.207407407407408 Df=4.80 Dr=92.33 MIA=54.24
  [16/36] gap=6.333333333333336 Df=12.60 Dr=91.87 MIA=52.36
  [17/36] gap=4.54074074074074 Df=7.00 Dr=92.51 MIA=53.22
  [18/36] gap=2.4962962962962973 Df=0.60 Dr=92.49 MIA=53.47
  [19/36] gap=5.659259259259259 Df=10.80 Dr=92.44 MIA=52.71
  [20/36] gap=3.0074074074074115 Df=2.40 Dr=92.51 MIA=53.22
  [21/36] gap=2.666666666666663 Df=0.80 Dr=92.89 MIA=53.69
  [22/36] gap=5.45925925925926 Df=10.40 Dr=92.78 MIA=52.58
  [23/36] gap=1.933333333333333 Df=0.40 Dr=92.47 MIA=51.96
  [24/36] gap=3.1481481481481457 Df=2.40 Dr=92.69 MIA=53.73
  [25/36] gap=9.644444444444444 Df=22.00 Dr=92.58 MIA=53.60
  [26/36] gap=7.851851851851854 Df=16.80 Dr=92.76 MIA=53.38
  [27/36] gap=2.5481481481481487 Df=0.00 Dr=92.51 MIA=54.24
  [28/36] gap=6.874074074074073 Df=14.00 Dr=92.78 MIA=53.22
  [29/36] gap=2.3851851851851866 Df=0.40 Dr=92.64 MIA=53.49
  [30/36] gap=2.6370370370370364 Df=0.20 Dr=93.09 MIA=54.00
  [31/36] gap=6.274074074074075 Df=12.00 Dr=92.98 MIA=53.22
  [32/36] gap=2.1703703703703687 Df=0.00 Dr=92.67 MIA=53.22
  [33/36] gap=2.6962962962962975 Df=1.20 Dr=93.13 MIA=53.13
  [34/36] gap=5.259259259259255 Df=9.40 Dr=92.87 MIA=52.89
  [35/36] gap=1.925925925925923 Df=0.20 Dr=92.89 MIA=52.07
  [36/36] gap=3.4518518518518477 Df=2.20 Dr=93.02 MIA=54.51
final test: badteacher {'temperature': 4.0, 'epochs': 5, 'lr': 0.001}
  Df=0.40 Dr=92.48 MIA=55.36 time=6.04s KL=0.0023

unsir: 0/36 candidates complete
  [1/36] gap=25.237037037037037 Df=70.40 Dr=91.49 MIA=50.89
  [2/36] gap=6.414814814814814 Df=15.60 Dr=92.89 MIA=50.13
  [3/36] gap=2.903703703703705 Df=0.60 Dr=89.00 MIA=51.20
  [4/36] gap=1.9629629629629644 Df=0.00 Dr=91.47 MIA=51.44
  [5/36] gap=4.6888888888888856 Df=0.00 Dr=83.16 MIA=51.31
  [6/36] gap=1.9259259259259238 Df=0.00 Dr=89.60 MIA=49.47
  [7/36] gap=24.73333333333333 Df=70.20 Dr=92.09 MIA=50.18
  [8/36] gap=6.377777777777774 Df=16.20 Dr=92.69 MIA=49.62
  [9/36] gap=1.3259259259259253 Df=0.40 Dr=90.40 MIA=48.07
  [10/36] gap=1.4888888888888896 Df=0.00 Dr=91.93 MIA=50.49
  [11/36] gap=3.762962962962964 Df=0.00 Dr=86.00 MIA=51.38
  [12/36] gap=2.037037037037038 Df=0.00 Dr=90.67 MIA=50.87
  [13/36] gap=23.933333333333337 Df=67.20 Dr=92.24 MIA=50.93
  [14/36] gap=8.066666666666668 Df=18.60 Dr=93.20 MIA=51.78
  [15/36] gap=1.6962962962962953 Df=0.20 Dr=91.02 MIA=50.00
  [16/36] gap=1.3037037037037063 Df=0.00 Dr=92.04 MIA=50.04
  [17/36] gap=2.896296296296294 Df=0.00 Dr=87.76 MIA=50.53
  [18/36] gap=1.7555555555555575 Df=0.00 Dr=91.24 MIA=50.60
  [19/36] gap=25.34814814814815 Df=72.40 Dr=91.13 MIA=48.87
  [20/36] gap=4.288888888888885 Df=10.40 Dr=92.84 MIA=49.00
  [21/36] gap=2.3259259259259264 Df=1.20 Dr=89.40 MIA=49.27
  [22/36] gap=1.7777777777777761 Df=0.00 Dr=91.44 MIA=50.87
  [23/36] gap=3.933333333333335 Df=0.00 Dr=85.71 MIA=51.60
  [24/36] gap=1.9925925925925938 Df=0.00 Dr=90.56 MIA=50.62
  [25/36] gap=24.47407407407407 Df=68.80 Dr=91.93 MIA=50.64
  [26/36] gap=5.622222222222221 Df=12.20 Dr=92.93 MIA=51.11
  [27/36] gap=1.6370370370370357 Df=0.80 Dr=90.84 MIA=49.04
  [28/36] gap=1.8074074074074105 Df=0.00 Dr=91.98 MIA=51.49
  [29/36] gap=2.8074074074074105 Df=0.00 Dr=88.29 MIA=50.80
  [30/36] gap=2.4888888888888894 Df=0.00 Dr=90.82 MIA=52.38
  [31/36] gap=23.18518518518519 Df=64.00 Dr=92.16 MIA=51.80
  [32/36] gap=5.148148148148146 Df=10.40 Dr=92.87 MIA=51.56
  [33/36] gap=0.940740740740741 Df=0.00 Dr=91.71 MIA=48.62
  [34/36] gap=1.740740740740743 Df=0.00 Dr=92.51 MIA=51.82
  [35/36] gap=1.8740740740740733 Df=0.00 Dr=89.47 MIA=49.18
  [36/36] gap=0.8370370370370376 Df=0.00 Dr=91.20 MIA=47.80
final test: unsir {'impair_epochs': 2, 'repair_epochs': 3, 'impair_lr': 0.01, 'repair_lr': 0.01}
  Df=0.00 Dr=91.37 MIA=50.29 time=4.42s KL=0.0020

scrub: 0/24 candidates complete
  [1/24] gap=33.32592592592592 Df=92.00 Dr=93.04 MIA=54.31
  [2/24] gap=33.91851851851852 Df=94.00 Dr=92.73 MIA=54.40
  [3/24] gap=33.22222222222222 Df=92.00 Dr=93.07 MIA=53.98
  [4/24] gap=33.91851851851852 Df=94.40 Dr=92.78 MIA=53.96
  [5/24] gap=33.41481481481481 Df=93.20 Dr=93.00 MIA=53.42
  [6/24] gap=33.770370370370365 Df=93.80 Dr=92.71 MIA=54.18
  [7/24] gap=2.6444444444444466 Df=1.80 Dr=91.24 MIA=51.47
  [8/24] gap=2.5703703703703695 Df=2.00 Dr=92.40 MIA=52.20
  [9/24] gap=29.9037037037037 Df=82.00 Dr=93.11 MIA=53.98
  [10/24] gap=33.0 Df=91.40 Dr=92.96 MIA=54.02
  [11/24] gap=2.8296296296296286 Df=0.60 Dr=93.38 MIA=53.89
  [12/24] gap=33.577777777777776 Df=93.60 Dr=92.69 MIA=53.82
  [13/24] gap=2.207407407407404 Df=0.00 Dr=93.24 MIA=52.76
  [14/24] gap=33.474074074074075 Df=93.80 Dr=92.40 MIA=53.11
  [15/24] gap=4.940740740740739 Df=0.00 Dr=85.38 MIA=54.29
  [16/24] gap=3.2518518518518484 Df=0.00 Dr=89.38 MIA=53.22
  [17/24] gap=22.518518518518515 Df=58.80 Dr=93.47 MIA=54.67
  [18/24] gap=29.696296296296293 Df=81.60 Dr=93.04 MIA=53.82
  [19/24] gap=2.348148148148148 Df=0.00 Dr=93.33 MIA=53.09
  [20/24] gap=22.400000000000002 Df=59.60 Dr=93.31 MIA=53.67
  [21/24] gap=2.24444444444444 Df=0.00 Dr=92.84 MIA=53.27
  [22/24] gap=31.414814814814815 Df=88.40 Dr=92.56 MIA=52.49
  [23/24] gap=5.288888888888889 Df=0.00 Dr=78.64 MIA=48.60
  [24/24] gap=3.007407407407406 Df=0.00 Dr=88.47 MIA=51.58
final test: scrub {'msteps': 3, 'lr': 0.0005, 'epochs': 5, 'max_grad_norm': 5.0}
  Df=0.00 Dr=92.17 MIA=52.85 time=7.48s KL=0.0023

mmu: 0/96 candidates complete
  [1/96] gap=33.42962962962963 Df=92.40 Dr=92.91 MIA=54.36
  [2/96] gap=32.422222222222224 Df=89.80 Dr=93.00 MIA=53.84
  [3/96] gap=33.63703703703704 Df=93.00 Dr=92.80 MIA=54.49
  [4/96] gap=33.111111111111114 Df=91.40 Dr=92.96 MIA=54.36
  [5/96] gap=33.28148148148148 Df=92.20 Dr=92.69 MIA=54.33
  [6/96] gap=31.896296296296295 Df=88.00 Dr=93.16 MIA=53.91
  [7/96] gap=33.43703703703704 Df=93.00 Dr=92.84 MIA=53.84
  [8/96] gap=33.17037037037037 Df=92.20 Dr=92.76 MIA=53.93
  [9/96] gap=33.2962962962963 Df=92.60 Dr=92.78 MIA=53.89
  [10/96] gap=4.429629629629631 Df=5.40 Dr=93.49 MIA=53.78
  [11/96] gap=33.27407407407407 Df=92.00 Dr=92.93 MIA=54.27
  [12/96] gap=24.362962962962964 Df=65.80 Dr=93.18 MIA=53.49
  [13/96] gap=33.4962962962963 Df=92.60 Dr=92.76 MIA=54.51
  [14/96] gap=6.903703703703702 Df=12.20 Dr=93.36 MIA=54.53
  [15/96] gap=33.31111111111111 Df=92.20 Dr=92.84 MIA=54.27
  [16/96] gap=27.348148148148145 Df=74.60 Dr=93.27 MIA=53.56
  [17/96] gap=33.21481481481481 Df=93.80 Dr=92.71 MIA=52.51
  [18/96] gap=2.7111111111111086 Df=0.00 Dr=93.42 MIA=54.09
  [19/96] gap=33.36296296296296 Df=92.60 Dr=92.82 MIA=54.04
  [20/96] gap=12.133333333333333 Df=28.80 Dr=93.31 MIA=53.67
  [21/96] gap=33.111111111111114 Df=91.80 Dr=92.76 MIA=54.16
  [22/96] gap=2.6740740740740754 Df=0.00 Dr=93.20 MIA=54.20
  [23/96] gap=33.451851851851856 Df=92.40 Dr=92.96 MIA=54.38
  [24/96] gap=19.05925925925926 Df=49.20 Dr=93.29 MIA=54.07
  [25/96] gap=4.740740740740738 Df=2.60 Dr=90.24 MIA=55.96
  [26/96] gap=2.6148148148148187 Df=0.00 Dr=91.84 MIA=53.78
  [27/96] gap=4.192592592592592 Df=0.00 Dr=84.91 MIA=51.58
  [28/96] gap=2.6962962962962984 Df=0.00 Dr=90.62 MIA=52.80
  [29/96] gap=4.148148148148148 Df=4.40 Dr=91.33 MIA=53.47
  [30/96] gap=1.9703703703703705 Df=0.00 Dr=92.78 MIA=52.51
  [31/96] gap=2.4518518518518495 Df=1.40 Dr=89.40 MIA=49.44
  [32/96] gap=2.562962962962961 Df=0.00 Dr=92.22 MIA=54.00
  [33/96] gap=30.748148148148147 Df=84.80 Dr=93.07 MIA=53.76
  [34/96] gap=26.81481481481481 Df=72.60 Dr=93.18 MIA=54.04
  [35/96] gap=33.08148148148148 Df=91.40 Dr=92.98 MIA=54.24
  [36/96] gap=29.133333333333336 Df=79.60 Dr=93.04 MIA=54.13
  [37/96] gap=32.68888888888889 Df=90.60 Dr=93.02 MIA=53.82
  [38/96] gap=26.95555555555556 Df=73.40 Dr=93.18 MIA=53.67
  [39/96] gap=33.11111111111111 Df=92.20 Dr=92.89 MIA=53.62
  [40/96] gap=30.785185185185185 Df=84.80 Dr=92.93 MIA=54.00
  [41/96] gap=11.725925925925923 Df=27.80 Dr=93.24 MIA=53.51
  [42/96] gap=2.5481481481481487 Df=0.00 Dr=93.31 MIA=53.71
  [43/96] gap=29.46666666666667 Df=80.80 Dr=93.04 MIA=53.93
  [44/96] gap=2.5037037037036995 Df=0.00 Dr=93.42 MIA=53.47
  [45/96] gap=33.24444444444444 Df=93.20 Dr=92.69 MIA=53.22
  [46/96] gap=2.585185185185184 Df=0.00 Dr=93.36 MIA=53.78
  [47/96] gap=33.31111111111111 Df=92.20 Dr=93.00 MIA=54.11
  [48/96] gap=8.925925925925922 Df=19.40 Dr=93.33 MIA=53.42
  [49/96] gap=5.829629629629632 Df=11.20 Dr=93.29 MIA=52.38
  [50/96] gap=2.1629629629629625 Df=0.00 Dr=93.20 MIA=52.67
  [51/96] gap=27.814814814814813 Df=76.20 Dr=92.91 MIA=53.71
  [52/96] gap=2.7111111111111086 Df=0.00 Dr=93.33 MIA=54.18
  [53/96] gap=33.407407407407405 Df=93.40 Dr=92.67 MIA=53.53
  [54/96] gap=2.5777777777777735 Df=0.00 Dr=93.22 MIA=53.89
  [55/96] gap=33.48148148148149 Df=92.80 Dr=92.96 MIA=54.07
  [56/96] gap=2.6740740740740727 Df=0.00 Dr=93.47 MIA=53.93
  [57/96] gap=5.207407407407406 Df=0.00 Dr=81.11 MIA=50.82
  [58/96] gap=2.481481481481483 Df=0.00 Dr=89.91 MIA=51.44
  [59/96] gap=18.348148148148148 Df=0.00 Dr=39.29 MIA=48.42
  [60/96] gap=2.4888888888888943 Df=0.00 Dr=90.49 MIA=52.04
  [61/96] gap=2.0518518518518527 Df=0.00 Dr=88.27 MIA=48.51
  [62/96] gap=2.037037037037038 Df=0.00 Dr=91.00 MIA=51.20
  [63/96] gap=10.74074074074074 Df=0.00 Dr=63.13 MIA=49.44
  [64/96] gap=2.444444444444445 Df=0.00 Dr=91.33 MIA=52.76
  [65/96] gap=25.725925925925925 Df=69.60 Dr=93.18 MIA=53.78
  [66/96] gap=16.94074074074074 Df=43.40 Dr=93.24 MIA=53.56
  [67/96] gap=31.45925925925926 Df=86.60 Dr=92.98 MIA=54.18
  [68/96] gap=21.548148148148147 Df=55.60 Dr=93.11 MIA=55.31
  [69/96] gap=31.05925925925925 Df=85.40 Dr=93.04 MIA=54.11
  [70/96] gap=17.76296296296296 Df=45.40 Dr=93.33 MIA=53.93
  [71/96] gap=32.72592592592593 Df=90.60 Dr=92.91 MIA=54.04
  [72/96] gap=26.992592592592587 Df=72.80 Dr=93.07 MIA=54.49
  [73/96] gap=2.5333333333333337 Df=0.00 Dr=93.13 MIA=53.84
  [74/96] gap=2.555555555555555 Df=0.00 Dr=92.71 MIA=54.33
  [75/96] gap=13.037037037037038 Df=30.40 Dr=93.09 MIA=55.00
  [76/96] gap=2.5925925925925903 Df=0.00 Dr=93.09 MIA=54.07
  [77/96] gap=28.540740740740745 Df=78.40 Dr=93.11 MIA=53.49
  [78/96] gap=1.9925925925925891 Df=0.00 Dr=93.24 MIA=52.11
  [79/96] gap=31.562962962962967 Df=87.20 Dr=93.07 MIA=53.80
  [80/96] gap=2.3703703703703716 Df=0.00 Dr=93.29 MIA=53.20
  [81/96] gap=2.0592592592592567 Df=0.00 Dr=93.09 MIA=52.47
  [82/96] gap=1.1851851851851858 Df=0.00 Dr=92.93 MIA=50.00
  [83/96] gap=3.3333333333333335 Df=1.00 Dr=93.31 MIA=55.07
  [84/96] gap=1.6740740740740705 Df=0.00 Dr=92.89 MIA=51.51
  [85/96] gap=32.096296296296295 Df=90.40 Dr=92.73 MIA=52.53
  [86/96] gap=1.2444444444444425 Df=0.00 Dr=93.07 MIA=50.04
  [87/96] gap=32.17037037037037 Df=90.00 Dr=92.76 MIA=53.13
  [88/96] gap=2.355555555555552 Df=0.00 Dr=93.02 MIA=53.42
  [89/96] gap=22.2 Df=0.80 Dr=30.98 MIA=50.87
  [90/96] gap=3.177777777777782 Df=0.00 Dr=88.11 MIA=51.73
  [91/96] gap=26.333333333333332 Df=0.00 Dr=19.62 MIA=52.71
  [92/96] gap=6.325925925925925 Df=0.00 Dr=75.91 MIA=48.98
  [93/96] gap=6.585185185185186 Df=0.00 Dr=75.89 MIA=49.73
  [94/96] gap=1.9407407407407433 Df=0.00 Dr=90.13 MIA=50.04
  [95/96] gap=22.192592592592593 Df=0.00 Dr=28.51 MIA=49.18
  [96/96] gap=3.407407407407407 Df=0.00 Dr=88.16 MIA=52.47
final test: mmu {'msteps': 2, 'lr': 0.001, 'epochs': 10, 'head_mode': 'tied', 'weighting': 'normalised', 'max_grad_norm': 5.0}
  Df=0.00 Dr=92.63 MIA=54.60 time=10.17s KL=0.0022

salun: 0/45 candidates complete
  [1/45] gap=23.777777777777782 Df=64.20 Dr=92.44 MIA=53.67
  [2/45] gap=23.65185185185185 Df=63.20 Dr=92.11 MIA=53.96
  [3/45] gap=23.53333333333333 Df=63.80 Dr=92.71 MIA=53.47
  [4/45] gap=6.022222222222221 Df=10.40 Dr=91.07 MIA=52.82
  [5/45] gap=2.4666666666666677 Df=0.20 Dr=91.07 MIA=52.36
  [6/45] gap=1.9851851851851805 Df=0.00 Dr=91.42 MIA=51.47
  [7/45] gap=1.4000000000000032 Df=0.00 Dr=90.49 MIA=48.78
  [8/45] gap=1.2148148148148152 Df=0.00 Dr=90.76 MIA=48.49
  [9/45] gap=1.6740740740740767 Df=0.20 Dr=90.33 MIA=49.24
  [10/45] gap=23.97037037037037 Df=65.00 Dr=92.56 MIA=53.56
  [11/45] gap=23.866666666666664 Df=64.40 Dr=92.38 MIA=53.67
  [12/45] gap=24.0962962962963 Df=65.80 Dr=92.71 MIA=53.16
  [13/45] gap=9.466666666666669 Df=21.40 Dr=91.51 MIA=52.60
  [14/45] gap=2.0814814814814833 Df=0.80 Dr=91.91 MIA=51.44
  [15/45] gap=2.0592592592592567 Df=0.00 Dr=92.00 MIA=52.27
  [16/45] gap=1.5555555555555547 Df=0.00 Dr=90.93 MIA=49.69
  [17/45] gap=1.4444444444444429 Df=0.00 Dr=91.47 MIA=49.89
  [18/45] gap=1.8222222222222204 Df=0.00 Dr=90.91 MIA=50.47
  [19/45] gap=24.088888888888892 Df=65.20 Dr=92.62 MIA=53.78
  [20/45] gap=23.844444444444445 Df=64.60 Dr=92.40 MIA=53.42
  [21/45] gap=24.71111111111111 Df=67.40 Dr=92.67 MIA=53.44
  [22/45] gap=10.562962962962967 Df=24.80 Dr=91.51 MIA=52.49
  [23/45] gap=2.3037037037037025 Df=0.80 Dr=91.78 MIA=51.98
  [24/45] gap=2.111111111111112 Df=0.00 Dr=92.04 MIA=52.47
  [25/45] gap=1.2666666666666657 Df=0.00 Dr=91.02 MIA=48.91
  [26/45] gap=1.3629629629629652 Df=0.00 Dr=90.98 MIA=49.16
  [27/45] gap=2.6296296296296284 Df=0.00 Dr=91.11 MIA=53.09
  [28/45] gap=24.029629629629625 Df=65.00 Dr=92.60 MIA=53.78
  [29/45] gap=23.859259259259257 Df=64.80 Dr=92.40 MIA=53.27
  [30/45] gap=24.770370370370372 Df=67.60 Dr=92.47 MIA=53.27
  [31/45] gap=11.933333333333328 Df=29.40 Dr=91.62 MIA=52.11
  [32/45] gap=2.5037037037037058 Df=1.20 Dr=91.67 MIA=52.07
  [33/45] gap=1.9555555555555557 Df=0.00 Dr=92.16 MIA=52.11
  [34/45] gap=1.3777777777777775 Df=0.00 Dr=91.00 MIA=49.22
  [35/45] gap=1.68888888888889 Df=0.00 Dr=91.24 MIA=50.40
  [36/45] gap=2.044444444444442 Df=0.00 Dr=90.93 MIA=51.16
  [37/45] gap=24.118518518518524 Df=65.40 Dr=92.53 MIA=53.58
  [38/45] gap=23.9037037037037 Df=65.00 Dr=92.47 MIA=53.27
  [39/45] gap=24.859259259259264 Df=67.80 Dr=92.51 MIA=53.38
  [40/45] gap=13.274074074074072 Df=33.80 Dr=91.60 MIA=51.71
  [41/45] gap=2.6148148148148187 Df=1.00 Dr=91.67 MIA=52.60
  [42/45] gap=1.6740740740740752 Df=0.00 Dr=92.24 MIA=51.36
  [43/45] gap=0.9555555555555557 Df=0.00 Dr=91.11 MIA=48.07
  [44/45] gap=1.5777777777777782 Df=0.00 Dr=91.09 MIA=49.91
  [45/45] gap=2.200000000000003 Df=0.00 Dr=90.87 MIA=51.56
final test: salun {'sparsity': 0.9, 'lr': 0.001, 'epochs': 10}
  Df=0.00 Dr=91.27 MIA=49.41 time=17.89s KL=0.0020

uniclun: 0/27 candidates complete
  [1/27] gap=23.962962962962965 Df=65.40 Dr=92.49 MIA=53.07
  [2/27] gap=23.962962962962965 Df=65.40 Dr=92.49 MIA=53.07
  [3/27] gap=23.962962962962965 Df=65.40 Dr=92.49 MIA=53.07
  [4/27] gap=24.31851851851852 Df=66.20 Dr=92.53 MIA=53.38
  [5/27] gap=24.31851851851852 Df=66.20 Dr=92.53 MIA=53.38
  [6/27] gap=24.31851851851852 Df=66.20 Dr=92.53 MIA=53.38
  [7/27] gap=25.24444444444444 Df=69.60 Dr=92.56 MIA=52.78
  [8/27] gap=25.24444444444444 Df=69.60 Dr=92.56 MIA=52.78
  [9/27] gap=25.24444444444444 Df=69.60 Dr=92.56 MIA=52.78
  [10/27] gap=15.237037037037036 Df=39.60 Dr=91.91 MIA=52.11
  [11/27] gap=15.237037037037036 Df=39.60 Dr=91.91 MIA=52.11
  [12/27] gap=15.237037037037036 Df=39.60 Dr=91.91 MIA=52.11
  [13/27] gap=2.8888888888888893 Df=1.80 Dr=91.80 MIA=52.76
  [14/27] gap=2.8888888888888893 Df=1.80 Dr=91.80 MIA=52.76
  [15/27] gap=2.8888888888888893 Df=1.80 Dr=91.80 MIA=52.76
  [16/27] gap=2.340740740740745 Df=0.40 Dr=91.84 MIA=52.56
  [17/27] gap=2.340740740740745 Df=0.40 Dr=91.84 MIA=52.56
  [18/27] gap=2.340740740740745 Df=0.40 Dr=91.84 MIA=52.56
  [19/27] gap=2.0814814814814775 Df=0.00 Dr=91.29 MIA=51.62
  [20/27] gap=2.0814814814814775 Df=0.00 Dr=91.29 MIA=51.62
  [21/27] gap=2.0814814814814775 Df=0.00 Dr=91.29 MIA=51.62
  [22/27] gap=1.8666666666666696 Df=0.00 Dr=91.64 MIA=51.33
  [23/27] gap=1.8666666666666696 Df=0.00 Dr=91.64 MIA=51.33
  [24/27] gap=1.8666666666666696 Df=0.00 Dr=91.64 MIA=51.33
  [25/27] gap=1.4962962962962958 Df=0.00 Dr=91.02 MIA=49.60
  [26/27] gap=1.4962962962962958 Df=0.00 Dr=91.02 MIA=49.60
  [27/27] gap=1.4962962962962958 Df=0.00 Dr=91.02 MIA=49.60
final test: uniclun {'lr': 0.01, 'epochs': 5, 'buffer_size': 250}
  Df=0.10 Dr=90.82 MIA=51.08 time=7.44s KL=0.0024

