loaded shared source and Amnesiac ledger
loaded shared Retrain reference
final test: baseline {}
  Df=94.80 Dr=94.43 MIA=55.54 time=0.00s KL=0.0083
final test: retrain {}
  Df=25.40 Dr=94.82 MIA=49.49 time=423.87s KL=0.0000

finetune: 0/12 candidates complete
  [1/12] gap=25.562962962962967 Df=91.20 Dr=95.24 MIA=55.18
  [2/12] gap=24.59259259259259 Df=90.00 Dr=95.02 MIA=53.24
  [3/12] gap=25.52592592592593 Df=92.20 Dr=95.36 MIA=54.18
  [4/12] gap=25.83703703703704 Df=91.60 Dr=95.24 MIA=55.60
  [5/12] gap=22.37037037037037 Df=81.20 Dr=93.64 MIA=54.00
  [6/12] gap=20.35555555555555 Df=77.00 Dr=94.13 MIA=52.64
  [7/12] gap=21.414814814814818 Df=79.80 Dr=93.00 MIA=51.89
  [8/12] gap=18.844444444444445 Df=71.20 Dr=94.89 MIA=54.67
  [9/12] gap=19.488888888888884 Df=70.60 Dr=85.20 MIA=47.51
  [10/12] gap=12.133333333333331 Df=47.20 Dr=87.53 MIA=51.18
  [11/12] gap=3.6222222222222236 Df=24.60 Dr=89.91 MIA=50.62
  [12/12] gap=2.4666666666666663 Df=24.80 Dr=93.07 MIA=50.11
final test: finetune {'lr': 0.001, 'epochs': 10}
  Df=72.10 Dr=94.51 MIA=53.57 time=50.94s KL=0.0508

ssd: 0/25 candidates complete
  [1/25] gap=33.05185185185186 Df=0.00 Dr=22.22 MIA=49.02
  [2/25] gap=32.56296296296296 Df=0.00 Dr=22.22 MIA=47.56
  [3/25] gap=33.43703703703704 Df=0.00 Dr=22.27 MIA=50.22
  [4/25] gap=25.3037037037037 Df=91.00 Dr=94.84 MIA=54.20
  [5/25] gap=27.57777777777778 Df=96.20 Dr=94.89 MIA=55.87
  [6/25] gap=10.088888888888887 Df=43.00 Dr=90.47 MIA=52.18
  [7/25] gap=12.17037037037037 Df=49.80 Dr=90.89 MIA=52.04
  [8/25] gap=14.548148148148151 Df=57.40 Dr=91.33 MIA=52.02
  [9/25] gap=25.3037037037037 Df=91.00 Dr=94.84 MIA=54.20
  [10/25] gap=27.57777777777778 Df=96.20 Dr=94.89 MIA=55.87
  [11/25] gap=26.37037037037037 Df=96.40 Dr=94.87 MIA=52.02
  [12/25] gap=26.38518518518518 Df=96.40 Dr=94.87 MIA=52.07
  [13/25] gap=26.377777777777776 Df=96.40 Dr=94.89 MIA=52.07
  [14/25] gap=27.3037037037037 Df=96.20 Dr=94.91 MIA=55.07
  [15/25] gap=27.57777777777778 Df=96.20 Dr=94.89 MIA=55.87
  [16/25] gap=27.48888888888889 Df=96.40 Dr=94.91 MIA=55.42
  [17/25] gap=27.48888888888889 Df=96.40 Dr=94.91 MIA=55.42
  [18/25] gap=27.48888888888889 Df=96.40 Dr=94.91 MIA=55.42
  [19/25] gap=27.48888888888889 Df=96.40 Dr=94.91 MIA=55.42
  [20/25] gap=27.48888888888889 Df=96.40 Dr=94.91 MIA=55.42
  [21/25] gap=27.48888888888889 Df=96.40 Dr=94.91 MIA=55.42
  [22/25] gap=27.48888888888889 Df=96.40 Dr=94.91 MIA=55.42
  [23/25] gap=27.48888888888889 Df=96.40 Dr=94.91 MIA=55.42
  [24/25] gap=27.48888888888889 Df=96.40 Dr=94.91 MIA=55.42
  [25/25] gap=27.48888888888889 Df=96.40 Dr=94.91 MIA=55.42
final test: ssd {'alpha': 1.0, 'dampening_constant': 5.0}
  Df=94.50 Dr=94.39 MIA=55.71 time=7.57s KL=0.0080

badteacher: 0/36 candidates complete
  [1/36] gap=17.86666666666666 Df=69.20 Dr=93.44 MIA=52.29
  [2/36] gap=6.970370370370372 Df=32.60 Dr=90.09 MIA=52.84
  [3/36] gap=19.259259259259256 Df=72.80 Dr=93.69 MIA=53.11
  [4/36] gap=8.533333333333335 Df=38.80 Dr=91.00 MIA=52.24
  [5/36] gap=8.348148148148146 Df=38.60 Dr=90.84 MIA=51.73
  [6/36] gap=14.740740740740742 Df=56.20 Dr=94.07 MIA=56.53
  [7/36] gap=6.0814814814814815 Df=29.40 Dr=89.98 MIA=53.27
  [8/36] gap=10.281481481481476 Df=46.00 Dr=91.58 MIA=50.87
  [9/36] gap=11.481481481481476 Df=47.20 Dr=94.13 MIA=55.82
  [10/36] gap=6.311111111111113 Df=29.60 Dr=89.96 MIA=53.73
  [11/36] gap=15.118518518518519 Df=61.60 Dr=93.60 MIA=51.80
  [12/36] gap=13.992592592592588 Df=58.00 Dr=94.44 MIA=52.87
  [13/36] gap=14.266666666666664 Df=57.20 Dr=92.47 MIA=52.51
  [14/36] gap=8.200000000000001 Df=36.60 Dr=91.04 MIA=53.49
  [15/36] gap=17.674074074074074 Df=67.60 Dr=94.11 MIA=53.98
  [16/36] gap=6.170370370370368 Df=31.20 Dr=90.22 MIA=51.98
  [17/36] gap=12.340740740740742 Df=51.40 Dr=93.07 MIA=53.13
  [18/36] gap=12.259259259259261 Df=51.40 Dr=94.22 MIA=54.04
  [19/36] gap=7.0888888888888895 Df=33.00 Dr=90.38 MIA=53.09
  [20/36] gap=14.674074074074072 Df=59.00 Dr=93.71 MIA=53.18
  [21/36] gap=8.718518518518517 Df=39.80 Dr=94.67 MIA=55.47
  [22/36] gap=8.48148148148148 Df=37.40 Dr=91.11 MIA=53.60
  [23/36] gap=16.65925925925926 Df=66.40 Dr=94.40 MIA=52.42
  [24/36] gap=8.474074074074071 Df=39.80 Dr=94.58 MIA=54.64
  [25/36] gap=11.29629629629629 Df=47.40 Dr=91.62 MIA=52.56
  [26/36] gap=10.97777777777778 Df=46.00 Dr=92.42 MIA=53.80
  [27/36] gap=17.214814814814808 Df=65.80 Dr=94.33 MIA=54.62
  [28/36] gap=8.251851851851852 Df=37.80 Dr=91.16 MIA=52.56
  [29/36] gap=15.185185185185178 Df=59.80 Dr=93.98 MIA=54.18
  [30/36] gap=8.28888888888889 Df=37.40 Dr=94.73 MIA=56.64
  [31/36] gap=9.851851851851853 Df=42.00 Dr=91.67 MIA=53.67
  [32/36] gap=15.05185185185185 Df=63.00 Dr=94.51 MIA=51.11
  [33/36] gap=5.288888888888883 Df=29.40 Dr=94.33 MIA=55.24
  [34/36] gap=12.770370370370367 Df=51.20 Dr=92.80 MIA=54.36
  [35/36] gap=13.266666666666659 Df=56.40 Dr=94.67 MIA=52.51
  [36/36] gap=4.459259259259256 Df=34.60 Dr=94.47 MIA=45.33
final test: badteacher {'temperature': 4.0, 'epochs': 5, 'lr': 0.01}
  Df=30.40 Dr=94.33 MIA=54.15 time=6.11s KL=0.0084

unsir: 0/36 candidates complete
  [1/36] gap=23.95555555555555 Df=86.80 Dr=93.96 MIA=53.47
  [2/36] gap=25.71111111111111 Df=91.40 Dr=94.29 MIA=54.47
  [3/36] gap=22.777777777777775 Df=82.00 Dr=91.98 MIA=52.76
  [4/36] gap=25.192592592592586 Df=90.80 Dr=93.29 MIA=52.51
  [5/36] gap=8.800000000000002 Df=33.60 Dr=84.40 MIA=51.64
  [6/36] gap=11.21481481481481 Df=48.20 Dr=90.47 MIA=50.36
  [7/36] gap=23.348148148148145 Df=85.60 Dr=94.07 MIA=52.96
  [8/36] gap=24.496296296296293 Df=87.80 Dr=94.62 MIA=54.76
  [9/36] gap=22.577777777777772 Df=81.40 Dr=92.60 MIA=53.38
  [10/36] gap=24.437037037037033 Df=88.60 Dr=94.02 MIA=53.18
  [11/36] gap=10.474074074074077 Df=42.60 Dr=87.18 MIA=50.44
  [12/36] gap=11.059259259259258 Df=48.00 Dr=91.11 MIA=50.73
  [13/36] gap=23.822222222222223 Df=86.40 Dr=94.36 MIA=53.87
  [14/36] gap=26.0 Df=91.60 Dr=94.69 MIA=55.53
  [15/36] gap=23.34074074074074 Df=83.00 Dr=92.98 MIA=54.44
  [16/36] gap=24.822222222222223 Df=89.20 Dr=94.20 MIA=53.91
  [17/36] gap=10.11111111111111 Df=44.60 Dr=87.91 MIA=48.09
  [18/36] gap=11.488888888888889 Df=49.80 Dr=91.33 MIA=50.44
  [19/36] gap=23.792592592592595 Df=86.40 Dr=93.71 MIA=53.13
  [20/36] gap=24.451851851851853 Df=88.00 Dr=94.56 MIA=54.36
  [21/36] gap=22.9037037037037 Df=83.40 Dr=91.69 MIA=51.44
  [22/36] gap=24.207407407407405 Df=87.40 Dr=93.64 MIA=53.31
  [23/36] gap=6.622222222222219 Df=34.60 Dr=86.91 MIA=46.62
  [24/36] gap=11.992592592592592 Df=49.80 Dr=91.76 MIA=52.38
  [25/36] gap=23.992592592592587 Df=87.00 Dr=94.31 MIA=53.73
  [26/36] gap=24.740740740740737 Df=89.80 Dr=94.73 MIA=53.60
  [27/36] gap=23.111111111111104 Df=84.40 Dr=92.73 MIA=52.11
  [28/36] gap=25.26666666666667 Df=89.40 Dr=93.87 MIA=54.71
  [29/36] gap=7.525925925925926 Df=38.60 Dr=88.93 MIA=45.67
  [30/36] gap=14.429629629629629 Df=57.80 Dr=92.47 MIA=52.40
  [31/36] gap=23.577777777777772 Df=86.00 Dr=94.58 MIA=53.76
  [32/36] gap=24.955555555555552 Df=89.60 Dr=94.93 MIA=54.64
  [33/36] gap=22.18518518518519 Df=83.20 Dr=92.84 MIA=50.64
  [34/36] gap=24.362962962962964 Df=88.40 Dr=94.18 MIA=53.31
  [35/36] gap=8.755555555555556 Df=39.60 Dr=89.53 MIA=50.64
  [36/36] gap=15.37777777777778 Df=60.60 Dr=92.47 MIA=52.44
final test: unsir {'impair_epochs': 1, 'repair_epochs': 2, 'impair_lr': 0.001, 'repair_lr': 0.001}
  Df=84.50 Dr=93.58 MIA=52.64 time=3.66s KL=0.0083

scrub: 0/24 candidates complete
  [1/24] gap=27.362962962962957 Df=95.60 Dr=94.62 MIA=55.56
  [2/24] gap=27.296296296296294 Df=96.20 Dr=95.00 MIA=55.13
  [3/24] gap=27.103703703703697 Df=96.80 Dr=94.67 MIA=53.62
  [4/24] gap=27.577777777777772 Df=96.40 Dr=94.82 MIA=55.60
  [5/24] gap=27.133333333333326 Df=96.80 Dr=94.82 MIA=53.87
  [6/24] gap=26.933333333333337 Df=96.20 Dr=94.71 MIA=53.76
  [7/24] gap=22.16296296296296 Df=80.20 Dr=90.40 MIA=51.13
  [8/24] gap=22.725925925925925 Df=84.00 Dr=92.09 MIA=50.71
  [9/24] gap=26.562962962962967 Df=94.00 Dr=94.87 MIA=55.00
  [10/24] gap=27.496296296296293 Df=96.00 Dr=94.89 MIA=55.82
  [11/24] gap=25.75555555555555 Df=95.20 Dr=94.84 MIA=51.36
  [12/24] gap=27.38518518518518 Df=96.60 Dr=94.78 MIA=54.78
  [13/24] gap=26.585185185185185 Df=96.20 Dr=94.44 MIA=52.44
  [14/24] gap=27.111111111111104 Df=96.40 Dr=94.69 MIA=54.07
  [15/24] gap=20.37037037037037 Df=71.20 Dr=86.11 MIA=50.47
  [16/24] gap=21.637037037037032 Df=79.60 Dr=90.73 MIA=50.49
  [17/24] gap=25.029629629629635 Df=90.40 Dr=95.22 MIA=54.36
  [18/24] gap=25.75555555555555 Df=94.60 Dr=94.93 MIA=52.04
  [19/24] gap=25.8962962962963 Df=93.60 Dr=94.89 MIA=53.42
  [20/24] gap=26.437037037037033 Df=95.80 Dr=94.60 MIA=52.56
  [21/24] gap=25.881481481481483 Df=93.80 Dr=94.09 MIA=52.38
  [22/24] gap=26.21481481481481 Df=95.60 Dr=94.13 MIA=51.62
  [23/24] gap=18.785185185185192 Df=0.00 Dr=65.69 MIA=49.69
  [24/24] gap=20.125925925925923 Df=69.80 Dr=87.91 MIA=52.93
final test: scrub {'msteps': 3, 'lr': 0.0001, 'epochs': 5, 'max_grad_norm': 5.0}
  Df=89.30 Dr=94.53 MIA=55.47 time=6.94s KL=0.0083

mmu: 0/96 candidates complete
  [1/96] gap=27.318518518518516 Df=95.80 Dr=94.91 MIA=55.51
  [2/96] gap=27.214814814814815 Df=95.00 Dr=95.00 MIA=56.09
  [3/96] gap=27.42962962962962 Df=95.60 Dr=94.93 MIA=56.07
  [4/96] gap=26.333333333333332 Df=95.00 Dr=94.84 MIA=53.29
  [5/96] gap=27.429629629629627 Df=96.20 Dr=94.76 MIA=55.29
  [6/96] gap=26.76296296296296 Df=95.60 Dr=94.80 MIA=53.93
  [7/96] gap=27.34814814814815 Df=96.00 Dr=94.91 MIA=55.40
  [8/96] gap=27.3037037037037 Df=95.60 Dr=94.82 MIA=55.58
  [9/96] gap=26.296296296296287 Df=95.80 Dr=94.98 MIA=52.51
  [10/96] gap=21.83703703703704 Df=83.20 Dr=94.91 MIA=51.67
  [11/96] gap=26.266666666666655 Df=95.40 Dr=94.98 MIA=52.82
  [12/96] gap=24.037037037037038 Df=88.80 Dr=95.13 MIA=52.89
  [13/96] gap=26.607407407407408 Df=96.20 Dr=94.82 MIA=52.89
  [14/96] gap=24.155555555555555 Df=88.00 Dr=94.98 MIA=53.89
  [15/96] gap=26.96296296296296 Df=95.60 Dr=94.93 MIA=54.67
  [16/96] gap=25.481481481481485 Df=91.60 Dr=95.09 MIA=54.38
  [17/96] gap=27.096296296296288 Df=96.40 Dr=94.76 MIA=54.09
  [18/96] gap=21.17037037037037 Df=80.20 Dr=94.89 MIA=52.64
  [19/96] gap=26.933333333333326 Df=95.20 Dr=94.82 MIA=54.87
  [20/96] gap=22.844444444444438 Df=86.00 Dr=94.98 MIA=51.96
  [21/96] gap=27.48888888888889 Df=96.40 Dr=94.69 MIA=55.20
  [22/96] gap=23.562962962962956 Df=87.80 Dr=95.00 MIA=52.33
  [23/96] gap=26.762962962962956 Df=95.60 Dr=94.96 MIA=54.09
  [24/96] gap=24.87407407407407 Df=90.20 Dr=95.13 MIA=54.00
  [25/96] gap=19.155555555555548 Df=72.20 Dr=88.07 MIA=47.78
  [26/96] gap=22.792592592592587 Df=85.20 Dr=93.71 MIA=51.33
  [27/96] gap=19.05925925925926 Df=30.60 Dr=47.60 MIA=48.62
  [28/96] gap=27.318518518518516 Df=0.00 Dr=41.16 MIA=50.76
  [29/96] gap=22.88888888888889 Df=84.20 Dr=91.69 MIA=50.60
  [30/96] gap=25.48888888888889 Df=93.00 Dr=94.24 MIA=52.16
  [31/96] gap=21.26666666666667 Df=41.00 Dr=50.58 MIA=47.82
  [32/96] gap=26.46666666666667 Df=0.00 Dr=42.96 MIA=50.00
  [33/96] gap=26.029629629629625 Df=94.40 Dr=94.67 MIA=52.80
  [34/96] gap=24.666666666666668 Df=90.40 Dr=94.82 MIA=52.87
  [35/96] gap=26.111111111111104 Df=95.20 Dr=95.00 MIA=52.58
  [36/96] gap=25.029629629629625 Df=92.40 Dr=95.13 MIA=52.27
  [37/96] gap=27.562962962962956 Df=96.20 Dr=94.78 MIA=55.71
  [38/96] gap=25.659259259259258 Df=92.40 Dr=94.93 MIA=53.96
  [39/96] gap=26.35555555555555 Df=95.20 Dr=95.00 MIA=53.31
  [40/96] gap=25.392592592592592 Df=92.80 Dr=95.02 MIA=52.84
  [41/96] gap=26.311111111111103 Df=95.60 Dr=94.73 MIA=52.51
  [42/96] gap=16.266666666666662 Df=65.00 Dr=93.76 MIA=52.00
  [43/96] gap=26.0 Df=94.80 Dr=95.04 MIA=52.69
  [44/96] gap=19.45925925925926 Df=76.20 Dr=94.53 MIA=51.16
  [45/96] gap=26.57037037037037 Df=96.60 Dr=94.82 MIA=52.38
  [46/96] gap=21.162962962962965 Df=80.40 Dr=94.76 MIA=52.29
  [47/96] gap=26.18518518518518 Df=95.00 Dr=94.89 MIA=52.89
  [48/96] gap=21.799999999999997 Df=82.40 Dr=94.87 MIA=52.31
  [49/96] gap=26.888888888888886 Df=96.00 Dr=94.40 MIA=53.51
  [50/96] gap=17.237037037037037 Df=67.60 Dr=94.07 MIA=52.62
  [51/96] gap=26.466666666666665 Df=95.20 Dr=94.80 MIA=53.44
  [52/96] gap=18.577777777777776 Df=72.80 Dr=94.53 MIA=51.91
  [53/96] gap=27.39259259259259 Df=96.60 Dr=94.76 MIA=54.78
  [54/96] gap=21.71851851851851 Df=81.60 Dr=94.73 MIA=52.73
  [55/96] gap=26.42962962962962 Df=95.20 Dr=94.93 MIA=53.47
  [56/96] gap=22.177777777777774 Df=82.80 Dr=94.76 MIA=52.93
  [57/96] gap=27.185185185185187 Df=68.40 Dr=60.13 MIA=47.73
  [58/96] gap=14.31111111111111 Df=0.00 Dr=79.80 MIA=50.38
  [59/96] gap=26.0 Df=6.80 Dr=37.18 MIA=49.62
  [60/96] gap=27.54074074074074 Df=0.00 Dr=39.58 MIA=49.84
  [61/96] gap=14.925925925925924 Df=53.40 Dr=82.16 MIA=47.98
  [62/96] gap=22.0962962962963 Df=82.80 Dr=92.71 MIA=50.64
  [63/96] gap=21.08888888888889 Df=32.60 Dr=45.47 MIA=50.58
  [64/96] gap=26.548148148148147 Df=0.00 Dr=43.62 MIA=50.91
  [65/96] gap=25.740740740740744 Df=92.80 Dr=95.07 MIA=53.93
  [66/96] gap=23.274074074074075 Df=85.20 Dr=94.82 MIA=53.89
  [67/96] gap=26.296296296296294 Df=95.00 Dr=94.87 MIA=53.20
  [68/96] gap=24.518518518518515 Df=89.20 Dr=94.93 MIA=53.73
  [69/96] gap=27.34074074074074 Df=95.80 Dr=94.89 MIA=55.56
  [70/96] gap=23.399999999999995 Df=86.20 Dr=94.98 MIA=53.42
  [71/96] gap=26.19259259259259 Df=95.40 Dr=94.82 MIA=52.44
  [72/96] gap=24.911111111111108 Df=91.20 Dr=94.98 MIA=52.96
  [73/96] gap=25.32592592592593 Df=93.40 Dr=94.89 MIA=51.91
  [74/96] gap=9.207407407407407 Df=43.20 Dr=92.09 MIA=50.96
  [75/96] gap=26.08148148148148 Df=95.20 Dr=94.89 MIA=52.38
  [76/96] gap=16.377777777777784 Df=63.80 Dr=93.80 MIA=53.58
  [77/96] gap=26.888888888888886 Df=96.60 Dr=94.80 MIA=53.31
  [78/96] gap=18.71851851851852 Df=72.20 Dr=94.51 MIA=52.91
  [79/96] gap=26.259259259259256 Df=95.40 Dr=94.91 MIA=52.73
  [80/96] gap=20.14814814814814 Df=77.80 Dr=94.58 MIA=51.67
  [81/96] gap=26.57037037037037 Df=95.20 Dr=94.62 MIA=53.58
  [82/96] gap=11.859259259259261 Df=52.60 Dr=93.89 MIA=51.31
  [83/96] gap=26.94074074074074 Df=95.80 Dr=94.73 MIA=54.20
  [84/96] gap=13.97777777777778 Df=61.00 Dr=93.87 MIA=49.24
  [85/96] gap=27.274074074074075 Df=96.00 Dr=94.64 MIA=54.91
  [86/96] gap=20.311111111111114 Df=77.60 Dr=94.71 MIA=52.49
  [87/96] gap=26.696296296296293 Df=96.00 Dr=94.64 MIA=53.18
  [88/96] gap=20.68888888888889 Df=79.80 Dr=94.58 MIA=51.29
  [89/96] gap=25.866666666666664 Df=1.40 Dr=43.71 MIA=50.36
  [90/96] gap=15.074074074074074 Df=0.40 Dr=76.58 MIA=49.84
  [91/96] gap=51.088888888888896 Df=93.40 Dr=17.07 MIA=51.38
  [92/96] gap=29.014814814814816 Df=0.00 Dr=36.20 MIA=50.89
  [93/96] gap=22.34074074074074 Df=54.40 Dr=61.29 MIA=48.36
  [94/96] gap=4.437037037037034 Df=21.80 Dr=86.22 MIA=48.98
  [95/96] gap=47.50370370370371 Df=89.60 Dr=23.98 MIA=51.33
  [96/96] gap=28.48888888888889 Df=0.00 Dr=36.02 MIA=49.13
final test: mmu {'msteps': 3, 'lr': 0.001, 'epochs': 5, 'head_mode': 'independent', 'weighting': 'normalised', 'max_grad_norm': 5.0}
  Df=52.20 Dr=93.67 MIA=54.21 time=7.12s KL=0.0079

salun: 0/45 candidates complete
  [1/45] gap=21.088888888888885 Df=77.00 Dr=93.78 MIA=54.49
  [2/45] gap=20.762962962962963 Df=76.40 Dr=93.29 MIA=53.62
  [3/45] gap=18.614814814814814 Df=76.40 Dr=92.82 MIA=46.71
  [4/45] gap=16.414814814814815 Df=64.60 Dr=91.11 MIA=50.20
  [5/45] gap=15.985185185185188 Df=65.40 Dr=92.24 MIA=49.24
  [6/45] gap=17.437037037037033 Df=69.40 Dr=92.40 MIA=49.76
  [7/45] gap=12.451851851851856 Df=51.80 Dr=90.73 MIA=50.73
  [8/45] gap=12.111111111111114 Df=52.80 Dr=91.18 MIA=49.16
  [9/45] gap=16.896296296296303 Df=66.60 Dr=91.84 MIA=50.38
  [10/45] gap=21.2 Df=77.20 Dr=93.82 MIA=54.67
  [11/45] gap=21.066666666666666 Df=77.00 Dr=93.27 MIA=53.91
  [12/45] gap=19.037037037037038 Df=77.00 Dr=92.84 MIA=47.40
  [13/45] gap=16.288888888888888 Df=64.60 Dr=91.40 MIA=50.11
  [14/45] gap=16.859259259259257 Df=67.00 Dr=92.36 MIA=50.38
  [15/45] gap=17.185185185185187 Df=67.80 Dr=92.44 MIA=50.64
  [16/45] gap=14.459259259259253 Df=58.60 Dr=90.84 MIA=50.07
  [17/45] gap=13.970370370370368 Df=58.20 Dr=91.38 MIA=49.53
  [18/45] gap=17.41481481481481 Df=68.20 Dr=91.82 MIA=50.31
  [19/45] gap=21.0962962962963 Df=77.40 Dr=93.89 MIA=54.22
  [20/45] gap=21.237037037037037 Df=77.60 Dr=93.31 MIA=53.87
  [21/45] gap=18.911111111111108 Df=76.60 Dr=92.82 MIA=47.40
  [22/45] gap=16.42962962962963 Df=65.00 Dr=91.51 MIA=50.24
  [23/45] gap=16.37037037037037 Df=66.40 Dr=92.47 MIA=49.62
  [24/45] gap=17.355555555555558 Df=67.80 Dr=92.51 MIA=51.22
  [25/45] gap=13.755555555555555 Df=58.20 Dr=91.36 MIA=48.87
  [26/45] gap=15.029629629629625 Df=61.40 Dr=91.60 MIA=49.73
  [27/45] gap=17.037037037037038 Df=66.60 Dr=92.13 MIA=51.09
  [28/45] gap=21.088888888888892 Df=77.40 Dr=93.87 MIA=54.18
  [29/45] gap=21.222222222222218 Df=77.40 Dr=93.40 MIA=54.11
  [30/45] gap=18.94074074074074 Df=76.40 Dr=92.78 MIA=47.64
  [31/45] gap=16.585185185185185 Df=65.20 Dr=91.51 MIA=50.51
  [32/45] gap=16.555555555555554 Df=66.60 Dr=92.29 MIA=49.80
  [33/45] gap=17.037037037037035 Df=67.20 Dr=92.60 MIA=50.96
  [34/45] gap=14.940740740740736 Df=59.80 Dr=91.36 MIA=50.82
  [35/45] gap=13.992592592592594 Df=57.80 Dr=91.67 MIA=50.29
  [36/45] gap=17.081481481481482 Df=68.40 Dr=91.87 MIA=49.16
  [37/45] gap=21.081481481481482 Df=77.40 Dr=93.80 MIA=54.09
  [38/45] gap=21.237037037037034 Df=77.40 Dr=93.47 MIA=54.22
  [39/45] gap=18.9037037037037 Df=76.20 Dr=92.91 MIA=47.87
  [40/45] gap=16.85185185185185 Df=65.80 Dr=91.51 MIA=50.71
  [41/45] gap=16.570370370370373 Df=66.60 Dr=92.24 MIA=49.80
  [42/45] gap=17.177777777777777 Df=68.20 Dr=92.62 MIA=50.40
  [43/45] gap=15.051851851851852 Df=60.60 Dr=91.38 MIA=50.38
  [44/45] gap=15.318518518518514 Df=60.00 Dr=91.76 MIA=52.16
  [45/45] gap=16.866666666666667 Df=67.80 Dr=91.78 MIA=49.02
final test: salun {'sparsity': 0.1, 'lr': 0.0001, 'epochs': 3}
  Df=73.50 Dr=93.40 MIA=55.98 time=5.58s KL=0.0084

uniclun: 0/27 candidates complete
  [1/27] gap=20.97777777777778 Df=77.60 Dr=93.91 MIA=53.69
  [2/27] gap=20.97777777777778 Df=77.60 Dr=93.91 MIA=53.69
  [3/27] gap=20.97777777777778 Df=77.60 Dr=93.91 MIA=53.69
  [4/27] gap=21.34814814814815 Df=77.40 Dr=93.62 MIA=54.71
  [5/27] gap=21.34814814814815 Df=77.40 Dr=93.62 MIA=54.71
  [6/27] gap=21.34814814814815 Df=77.40 Dr=93.62 MIA=54.71
  [7/27] gap=19.111111111111107 Df=76.60 Dr=92.91 MIA=48.09
  [8/27] gap=19.111111111111107 Df=76.60 Dr=92.91 MIA=48.09
  [9/27] gap=19.111111111111107 Df=76.60 Dr=92.91 MIA=48.09
  [10/27] gap=16.6074074074074 Df=65.00 Dr=91.60 MIA=50.87
  [11/27] gap=16.6074074074074 Df=65.00 Dr=91.60 MIA=50.87
  [12/27] gap=16.6074074074074 Df=65.00 Dr=91.60 MIA=50.87
  [13/27] gap=17.340740740740742 Df=68.20 Dr=92.67 MIA=50.93
  [14/27] gap=17.340740740740742 Df=68.20 Dr=92.67 MIA=50.93
  [15/27] gap=17.340740740740742 Df=68.20 Dr=92.67 MIA=50.93
  [16/27] gap=16.362962962962957 Df=67.00 Dr=92.60 MIA=49.13
  [17/27] gap=16.362962962962957 Df=67.00 Dr=92.60 MIA=49.13
  [18/27] gap=16.362962962962957 Df=67.00 Dr=92.60 MIA=49.13
  [19/27] gap=16.34074074074074 Df=63.40 Dr=92.02 MIA=52.09
  [20/27] gap=16.34074074074074 Df=63.40 Dr=92.02 MIA=52.09
  [21/27] gap=16.34074074074074 Df=63.40 Dr=92.02 MIA=52.09
  [22/27] gap=18.044444444444434 Df=70.40 Dr=92.13 MIA=50.31
  [23/27] gap=18.044444444444434 Df=70.40 Dr=92.13 MIA=50.31
  [24/27] gap=18.044444444444434 Df=70.40 Dr=92.13 MIA=50.31
  [25/27] gap=17.755555555555556 Df=69.80 Dr=92.04 MIA=49.96
  [26/27] gap=17.755555555555556 Df=69.80 Dr=92.04 MIA=49.96
  [27/27] gap=17.755555555555556 Df=69.80 Dr=92.04 MIA=49.96
final test: uniclun {'lr': 0.0001, 'epochs': 5, 'buffer_size': 250}
  Df=75.40 Dr=93.38 MIA=56.20 time=7.38s KL=0.0084

