loaded shared source and Amnesiac ledger
loaded shared Retrain reference
final test: baseline {}
  Df=94.60 Dr=92.50 MIA=57.75 time=0.00s KL=0.0003
final test: retrain {}
  Df=0.00 Dr=92.89 MIA=51.41 time=557.91s KL=0.0000
final test: amnesiac {}
  Df=0.00 Dr=11.11 MIA=48.52 time=0.00s KL=0.8451

finetune: 0/12 candidates complete
  [1/12] gap=32.54814814814815 Df=89.80 Dr=93.11 MIA=56.64
  [2/12] gap=30.22962962962963 Df=82.80 Dr=93.09 MIA=56.67
  [3/12] gap=29.970370370370375 Df=82.00 Dr=92.87 MIA=56.47
  [4/12] gap=28.91111111111111 Df=81.60 Dr=93.18 MIA=54.00
  [5/12] gap=22.548148148148147 Df=59.80 Dr=91.69 MIA=55.22
  [6/12] gap=12.711111111111114 Df=31.20 Dr=91.64 MIA=54.27
  [7/12] gap=6.874074074074078 Df=15.00 Dr=90.91 MIA=52.22
  [8/12] gap=2.6148148148148187 Df=3.00 Dr=91.04 MIA=51.58
  [9/12] gap=4.355555555555557 Df=0.00 Dr=81.31 MIA=50.07
  [10/12] gap=2.8370370370370424 Df=0.00 Dr=86.33 MIA=50.53
  [11/12] gap=3.407407407407407 Df=0.00 Dr=85.69 MIA=51.60
  [12/12] gap=2.200000000000003 Df=0.00 Dr=88.91 MIA=51.20
final test: finetune {'lr': 0.0001, 'epochs': 10}
loaded shared source and Amnesiac ledger
loaded shared Retrain reference

finetune: 12/12 candidates complete
final test: finetune {'lr': 0.0001, 'epochs': 10}
  Df=78.00 Dr=92.66 MIA=57.70 time=74.48s KL=0.0003

ssd: 0/25 candidates complete
  [1/25] gap=26.237037037037037 Df=0.00 Dr=15.56 MIA=49.96
  [2/25] gap=22.118518518518517 Df=0.00 Dr=27.69 MIA=49.60
  [3/25] gap=8.562962962962969 Df=0.00 Dr=70.38 MIA=51.76
  [4/25] gap=30.496296296296297 Df=85.80 Dr=93.24 MIA=54.62
  [5/25] gap=33.36296296296297 Df=93.40 Dr=93.18 MIA=55.56
  [6/25] gap=13.007407407407406 Df=33.80 Dr=92.60 MIA=53.51
  [7/25] gap=15.585185185185184 Df=41.20 Dr=92.64 MIA=53.89
  [8/25] gap=18.45925925925926 Df=50.20 Dr=92.76 MIA=53.62
  [9/25] gap=30.496296296296297 Df=85.80 Dr=93.24 MIA=54.62
  [10/25] gap=33.36296296296297 Df=93.40 Dr=93.18 MIA=55.56
  [11/25] gap=30.1037037037037 Df=85.20 Dr=93.13 MIA=53.93
  [12/25] gap=30.80740740740741 Df=86.40 Dr=93.18 MIA=54.89
  [13/25] gap=31.088888888888892 Df=87.40 Dr=93.13 MIA=54.69
  [14/25] gap=32.62222222222223 Df=91.40 Dr=93.20 MIA=55.36
  [15/25] gap=33.36296296296297 Df=93.40 Dr=93.18 MIA=55.56
  [16/25] gap=33.85925925925926 Df=94.00 Dr=93.24 MIA=56.51
  [17/25] gap=33.7925925925926 Df=94.00 Dr=93.24 MIA=56.31
  [18/25] gap=33.77777777777778 Df=94.00 Dr=93.24 MIA=56.27
  [19/25] gap=33.56296296296296 Df=94.00 Dr=93.24 MIA=55.62
  [20/25] gap=33.77777777777778 Df=94.00 Dr=93.24 MIA=56.27
  [21/25] gap=33.58518518518519 Df=93.80 Dr=93.22 MIA=55.87
  [22/25] gap=33.58518518518519 Df=93.80 Dr=93.22 MIA=55.87
  [23/25] gap=33.58518518518519 Df=93.80 Dr=93.22 MIA=55.87
  [24/25] gap=33.58518518518519 Df=93.80 Dr=93.22 MIA=55.87
  [25/25] gap=33.58518518518519 Df=93.80 Dr=93.22 MIA=55.87
final test: ssd {'alpha': 5.0, 'dampening_constant': 0.1}
  Df=80.00 Dr=81.37 MIA=54.32 time=8.00s KL=0.0166

badteacher: 0/36 candidates complete
  [1/36] gap=17.066666666666674 Df=44.80 Dr=92.67 MIA=54.76
  [2/36] gap=6.1851851851851904 Df=11.00 Dr=91.67 MIA=54.91
  [3/36] gap=14.303703703703698 Df=37.20 Dr=91.62 MIA=53.02
  [4/36] gap=8.622222222222224 Df=19.40 Dr=92.38 MIA=54.53
  [5/36] gap=6.481481481481478 Df=12.40 Dr=92.31 MIA=55.04
  [6/36] gap=3.1703703703703745 Df=3.80 Dr=92.16 MIA=53.56
  [7/36] gap=6.659259259259258 Df=12.60 Dr=91.96 MIA=55.02
  [8/36] gap=5.703703703703705 Df=12.00 Dr=92.22 MIA=53.02
  [9/36] gap=2.1925925925925926 Df=2.40 Dr=92.29 MIA=52.16
  [10/36] gap=6.133333333333339 Df=10.20 Dr=91.84 MIA=55.73
  [11/36] gap=4.400000000000003 Df=9.00 Dr=92.36 MIA=52.24
  [12/36] gap=2.770370370370371 Df=3.80 Dr=92.76 MIA=52.96
  [13/36] gap=11.562962962962965 Df=27.80 Dr=92.56 MIA=55.13
  [14/36] gap=7.429629629629633 Df=15.60 Dr=92.20 MIA=54.58
  [15/36] gap=2.3037037037037087 Df=1.00 Dr=92.44 MIA=54.04
  [16/36] gap=6.525925925925926 Df=12.80 Dr=92.02 MIA=54.49
  [17/36] gap=5.407407407407405 Df=12.00 Dr=92.60 MIA=52.51
  [18/36] gap=1.918518518518521 Df=0.80 Dr=92.73 MIA=53.38
  [19/36] gap=6.422222222222227 Df=12.00 Dr=92.16 MIA=55.11
  [20/36] gap=3.9407407407407433 Df=7.40 Dr=92.73 MIA=52.84
  [21/36] gap=2.474074074074078 Df=0.80 Dr=92.24 MIA=54.56
  [22/36] gap=6.437037037037039 Df=11.60 Dr=92.47 MIA=55.87
  [23/36] gap=2.5407407407407425 Df=3.00 Dr=92.64 MIA=52.96
  [24/36] gap=2.1703703703703696 Df=0.80 Dr=92.98 MIA=54.38
  [25/36] gap=8.94814814814815 Df=20.00 Dr=92.73 MIA=55.27
  [26/36] gap=6.962962962962965 Df=16.00 Dr=92.89 MIA=53.47
  [27/36] gap=2.274074074074077 Df=0.00 Dr=92.11 MIA=54.62
  [28/36] gap=6.481481481481485 Df=13.20 Dr=92.76 MIA=54.69
  [29/36] gap=3.8222222222222264 Df=4.80 Dr=92.82 MIA=55.18
  [30/36] gap=1.8000000000000018 Df=0.00 Dr=93.09 MIA=54.18
  [31/36] gap=6.237037037037038 Df=12.40 Dr=92.76 MIA=54.76
  [32/36] gap=2.1703703703703714 Df=1.40 Dr=92.91 MIA=53.71
  [33/36] gap=2.296296296296299 Df=0.20 Dr=92.82 MIA=55.20
  [34/36] gap=5.7629629629629635 Df=11.40 Dr=92.89 MIA=54.47
  [35/36] gap=2.140740740740742 Df=0.40 Dr=93.00 MIA=54.71
  [36/36] gap=2.785185185185186 Df=2.20 Dr=92.78 MIA=54.62
final test: badteacher {'temperature': 4.0, 'epochs': 3, 'lr': 0.01}
  Df=0.10 Dr=92.62 MIA=56.86 time=5.16s KL=0.0004

unsir: 0/36 candidates complete
  [1/36] gap=34.98518518518519 Df=95.80 Dr=90.89 MIA=55.73
  [2/36] gap=27.31851851851852 Df=74.60 Dr=92.69 MIA=55.73
  [3/36] gap=20.333333333333336 Df=51.80 Dr=89.11 MIA=54.00
  [4/36] gap=2.1925925925925958 Df=0.20 Dr=92.38 MIA=54.44
  [5/36] gap=9.585185185185189 Df=0.00 Dr=67.36 MIA=47.53
  [6/36] gap=7.570370370370374 Df=0.00 Dr=73.49 MIA=47.44
  [7/36] gap=33.88148148148148 Df=93.00 Dr=91.51 MIA=55.84
  [8/36] gap=25.85185185185185 Df=69.60 Dr=93.09 MIA=56.73
  [9/36] gap=16.82962962962963 Df=41.20 Dr=90.29 MIA=55.27
  [10/36] gap=2.4296296296296345 Df=0.20 Dr=92.47 MIA=55.24
  [11/36] gap=7.585185185185189 Df=0.00 Dr=72.69 MIA=48.20
  [12/36] gap=5.281481481481485 Df=0.00 Dr=79.69 MIA=51.22
  [13/36] gap=33.58518518518519 Df=92.40 Dr=91.78 MIA=55.82
  [14/36] gap=24.53333333333333 Df=66.20 Dr=93.13 MIA=56.22
  [15/36] gap=14.88148148148148 Df=36.40 Dr=90.78 MIA=54.71
  [16/36] gap=2.1777777777777785 Df=0.20 Dr=92.76 MIA=54.78
  [17/36] gap=6.140740740740742 Df=0.00 Dr=75.71 MIA=49.82
  [18/36] gap=4.837037037037042 Df=0.00 Dr=82.22 MIA=52.42
  [19/36] gap=34.86666666666667 Df=95.80 Dr=90.82 MIA=55.31
  [20/36] gap=25.792592592592595 Df=72.60 Dr=92.93 MIA=53.40
  [21/36] gap=22.99259259259259 Df=58.00 Dr=88.98 MIA=55.64
  [22/36] gap=1.822222222222222 Df=0.20 Dr=91.78 MIA=52.73
  [23/36] gap=4.148148148148152 Df=0.00 Dr=81.58 MIA=49.62
  [24/36] gap=2.98518518518519 Df=0.00 Dr=85.47 MIA=49.22
  [25/36] gap=34.0 Df=93.60 Dr=91.56 MIA=55.64
  [26/36] gap=23.792592592592598 Df=64.60 Dr=92.87 MIA=55.33
  [27/36] gap=20.288888888888888 Df=51.80 Dr=90.22 MIA=54.98
  [28/36] gap=1.962962962962962 Df=0.00 Dr=92.11 MIA=53.69
  [29/36] gap=3.5259259259259275 Df=0.00 Dr=83.87 MIA=49.20
  [30/36] gap=2.2222222222222237 Df=0.00 Dr=87.49 MIA=49.84
  [31/36] gap=33.48888888888889 Df=92.00 Dr=91.89 MIA=56.04
  [32/36] gap=23.888888888888886 Df=65.80 Dr=92.76 MIA=54.31
  [33/36] gap=16.42222222222222 Df=41.00 Dr=91.27 MIA=55.22
  [34/36] gap=1.7333333333333367 Df=0.00 Dr=92.04 MIA=52.93
  [35/36] gap=3.1259259259259315 Df=0.00 Dr=85.36 MIA=48.91
  [36/36] gap=2.0592592592592616 Df=0.00 Dr=88.22 MIA=50.09
final test: unsir {'impair_epochs': 2, 'repair_epochs': 2, 'impair_lr': 0.01, 'repair_lr': 0.01}
  Df=0.00 Dr=92.18 MIA=54.53 time=5.47s KL=0.0004

scrub: 0/24 candidates complete
  [1/24] gap=33.333333333333336 Df=93.00 Dr=93.20 MIA=55.89
  [2/24] gap=33.62222222222223 Df=93.40 Dr=93.07 MIA=56.22
  [3/24] gap=29.637037037037036 Df=82.80 Dr=93.47 MIA=55.27
  [4/24] gap=33.762962962962966 Df=94.00 Dr=93.00 MIA=55.98
  [5/24] gap=27.192592592592593 Df=74.60 Dr=93.38 MIA=56.04
  [6/24] gap=33.77777777777778 Df=94.00 Dr=92.93 MIA=55.96
  [7/24] gap=1.3925925925925948 Df=0.00 Dr=91.93 MIA=51.80
  [8/24] gap=1.955555555555559 Df=1.80 Dr=92.64 MIA=52.40
  [9/24] gap=30.54074074074074 Df=84.40 Dr=93.56 MIA=56.47
  [10/24] gap=31.962962962962962 Df=89.80 Dr=93.44 MIA=55.22
  [11/24] gap=1.6962962962962986 Df=0.00 Dr=93.64 MIA=54.42
  [12/24] gap=26.451851851851856 Df=73.20 Dr=93.51 MIA=55.36
  [13/24] gap=1.6296296296296309 Df=0.00 Dr=93.56 MIA=54.13
  [14/24] gap=30.748148148148147 Df=86.20 Dr=93.09 MIA=54.82
  [15/24] gap=2.022222222222221 Df=0.00 Dr=89.11 MIA=50.87
  [16/24] gap=1.7333333333333367 Df=0.00 Dr=90.73 MIA=51.62
  [17/24] gap=22.95555555555556 Df=62.40 Dr=93.51 MIA=55.67
  [18/24] gap=28.42962962962963 Df=78.80 Dr=93.44 MIA=55.62
  [19/24] gap=2.125925925925929 Df=0.00 Dr=93.42 MIA=55.49
  [20/24] gap=2.007407407407406 Df=0.00 Dr=93.58 MIA=55.29
  [21/24] gap=1.6000000000000039 Df=0.00 Dr=93.04 MIA=53.53
  [22/24] gap=2.340740740740745 Df=1.40 Dr=93.44 MIA=54.76
  [23/24] gap=6.111111111111117 Df=0.00 Dr=77.27 MIA=48.04
  [24/24] gap=1.874074074074078 Df=0.00 Dr=89.40 MIA=48.62
final test: scrub {'msteps': 2, 'lr': 0.0005, 'epochs': 5, 'max_grad_norm': 5.0}
  Df=0.00 Dr=93.07 MIA=57.51 time=4.51s KL=0.0004

mmu: 0/96 candidates complete
  [1/96] gap=33.51111111111111 Df=93.00 Dr=93.20 MIA=56.42
  [2/96] gap=32.762962962962966 Df=90.60 Dr=93.29 MIA=56.67
  [3/96] gap=33.555555555555564 Df=93.20 Dr=93.04 MIA=56.20
  [4/96] gap=33.32592592592593 Df=92.00 Dr=93.07 MIA=56.73
  [5/96] gap=33.8962962962963 Df=93.40 Dr=92.93 MIA=56.91
  [6/96] gap=32.748148148148154 Df=90.60 Dr=93.16 MIA=56.49
  [7/96] gap=33.903703703703705 Df=93.60 Dr=92.98 MIA=56.78
  [8/96] gap=33.47407407407408 Df=93.00 Dr=93.02 MIA=56.13
  [9/96] gap=31.155555555555555 Df=87.20 Dr=93.49 MIA=55.44
  [10/96] gap=6.555555555555562 Df=12.60 Dr=93.42 MIA=56.18
  [11/96] gap=32.87407407407408 Df=91.80 Dr=93.13 MIA=55.64
  [12/96] gap=21.051851851851854 Df=57.00 Dr=93.53 MIA=55.38
  [13/96] gap=33.73333333333334 Df=94.00 Dr=92.89 MIA=55.78
  [14/96] gap=8.081481481481486 Df=18.20 Dr=93.42 MIA=55.16
  [15/96] gap=33.56296296296296 Df=93.40 Dr=93.18 MIA=56.16
  [16/96] gap=26.118518518518517 Df=71.80 Dr=93.38 MIA=55.62
  [17/96] gap=30.555555555555554 Df=85.40 Dr=93.56 MIA=55.51
  [18/96] gap=1.7851851851851872 Df=0.00 Dr=93.40 MIA=54.44
  [19/96] gap=33.27407407407407 Df=91.80 Dr=92.98 MIA=56.69
  [20/96] gap=3.5407407407407434 Df=5.20 Dr=93.47 MIA=54.58
  [21/96] gap=34.00740740740741 Df=94.00 Dr=92.84 MIA=56.56
  [22/96] gap=1.8888888888888904 Df=0.00 Dr=93.36 MIA=54.71
  [23/96] gap=33.82222222222222 Df=93.40 Dr=92.98 MIA=56.73
  [24/96] gap=12.355555555555556 Df=31.80 Dr=93.47 MIA=54.42
  [25/96] gap=0.8814814814814843 Df=0.00 Dr=92.42 MIA=50.76
  [26/96] gap=1.4148148148148134 Df=0.00 Dr=92.98 MIA=52.91
  [27/96] gap=7.733333333333339 Df=0.00 Dr=71.49 MIA=48.96
  [28/96] gap=1.207407407407409 Df=0.00 Dr=90.93 MIA=50.24
  [29/96] gap=1.2074074074074115 Df=0.00 Dr=92.87 MIA=52.18
  [30/96] gap=1.8814814814814866 Df=0.00 Dr=93.07 MIA=54.40
  [31/96] gap=2.0148148148148124 Df=0.00 Dr=88.07 MIA=49.80
  [32/96] gap=1.4518518518518537 Df=0.00 Dr=92.04 MIA=52.09
  [33/96] gap=30.888888888888886 Df=86.00 Dr=93.60 MIA=55.96
  [34/96] gap=27.866666666666664 Df=76.80 Dr=93.60 MIA=56.09
  [35/96] gap=32.87407407407408 Df=91.40 Dr=93.18 MIA=56.09
  [36/96] gap=29.881481481481483 Df=82.20 Dr=93.36 MIA=56.49
  [37/96] gap=32.91851851851852 Df=91.80 Dr=93.36 MIA=56.00
  [38/96] gap=29.162962962962965 Df=80.20 Dr=93.49 MIA=56.47
  [39/96] gap=33.22222222222222 Df=93.00 Dr=93.00 MIA=55.36
  [40/96] gap=31.014814814814816 Df=85.40 Dr=93.02 MIA=56.36
  [41/96] gap=2.748148148148148 Df=2.80 Dr=93.64 MIA=54.78
  [42/96] gap=1.5703703703703742 Df=0.00 Dr=93.16 MIA=53.56
  [43/96] gap=26.014814814814816 Df=71.20 Dr=93.44 MIA=55.98
  [44/96] gap=1.7333333333333343 Df=0.00 Dr=92.98 MIA=53.87
  [45/96] gap=30.57037037037037 Df=85.40 Dr=93.62 MIA=55.62
  [46/96] gap=1.400000000000001 Df=0.00 Dr=93.38 MIA=53.27
  [47/96] gap=32.62962962962963 Df=90.80 Dr=93.33 MIA=56.11
  [48/96] gap=2.437037037037039 Df=2.00 Dr=93.09 MIA=54.09
  [49/96] gap=1.7851851851851872 Df=0.00 Dr=93.56 MIA=54.60
  [50/96] gap=0.3703703703703738 Df=0.00 Dr=93.13 MIA=49.40
  [51/96] gap=12.340740740740742 Df=30.20 Dr=93.53 MIA=56.04
  [52/96] gap=1.392592592592597 Df=0.00 Dr=92.69 MIA=52.56
  [53/96] gap=31.881481481481483 Df=89.40 Dr=93.29 MIA=55.22
  [54/96] gap=1.2518518518518509 Df=0.00 Dr=93.49 MIA=52.93
  [55/96] gap=32.829629629629636 Df=91.40 Dr=93.24 MIA=56.02
  [56/96] gap=1.9925925925925938 Df=0.00 Dr=93.13 MIA=54.80
  [57/96] gap=2.2888888888888963 Df=0.00 Dr=87.13 MIA=49.69
  [58/96] gap=1.0740740740740715 Df=0.00 Dr=91.58 MIA=50.49
  [59/96] gap=23.16296296296297 Df=0.00 Dr=25.29 MIA=48.87
  [60/96] gap=1.6592592592592628 Df=0.00 Dr=90.36 MIA=51.02
  [61/96] gap=1.9333333333333347 Df=0.00 Dr=90.64 MIA=52.13
  [62/96] gap=1.1851851851851858 Df=0.00 Dr=92.09 MIA=51.33
  [63/96] gap=20.03703703703704 Df=0.00 Dr=35.27 MIA=51.07
  [64/96] gap=1.4518518518518537 Df=0.00 Dr=91.27 MIA=51.31
  [65/96] gap=26.451851851851853 Df=72.40 Dr=93.44 MIA=56.09
  [66/96] gap=20.592592592592595 Df=55.00 Dr=93.38 MIA=55.84
  [67/96] gap=31.55555555555556 Df=87.20 Dr=93.18 MIA=56.33
  [68/96] gap=22.896296296296303 Df=61.40 Dr=93.02 MIA=56.00
  [69/96] gap=29.696296296296296 Df=83.40 Dr=93.71 MIA=55.09
  [70/96] gap=21.637037037037036 Df=58.20 Dr=93.60 MIA=56.00
  [71/96] gap=32.62222222222223 Df=91.00 Dr=93.33 MIA=55.89
  [72/96] gap=26.355555555555554 Df=71.60 Dr=93.22 MIA=56.38
  [73/96] gap=1.5259259259259277 Df=0.00 Dr=93.42 MIA=53.69
  [74/96] gap=1.4370370370370391 Df=0.00 Dr=92.20 MIA=52.20
  [75/96] gap=3.733333333333339 Df=6.00 Dr=93.51 MIA=54.40
  [76/96] gap=1.5925925925925977 Df=0.00 Dr=92.16 MIA=52.62
  [77/96] gap=6.222222222222224 Df=13.00 Dr=93.69 MIA=55.04
  [78/96] gap=1.1555555555555561 Df=0.00 Dr=93.40 MIA=52.56
  [79/96] gap=26.37037037037037 Df=73.80 Dr=93.62 MIA=54.62
  [80/96] gap=1.9851851851851876 Df=0.00 Dr=92.89 MIA=54.53
  [81/96] gap=1.3111111111111124 Df=0.00 Dr=93.38 MIA=53.00
  [82/96] gap=0.4814814814814857 Df=0.00 Dr=92.87 MIA=50.00
  [83/96] gap=1.9629629629629666 Df=0.00 Dr=93.36 MIA=54.93
  [84/96] gap=0.6888888888888923 Df=0.00 Dr=92.20 MIA=49.38
  [85/96] gap=12.881481481481485 Df=32.60 Dr=93.36 MIA=55.09
  [86/96] gap=0.3185185185185209 Df=0.00 Dr=93.36 MIA=50.00
  [87/96] gap=25.94814814814815 Df=71.60 Dr=93.44 MIA=55.38
  [88/96] gap=1.2962962962962952 Df=0.00 Dr=93.13 MIA=52.71
  [89/96] gap=6.540740740740747 Df=0.00 Dr=75.13 MIA=50.44
  [90/96] gap=1.5777777777777804 Df=0.00 Dr=89.62 MIA=50.04
  [91/96] gap=29.985185185185188 Df=9.20 Dr=14.04 MIA=50.49
  [92/96] gap=4.777777777777781 Df=0.00 Dr=80.00 MIA=50.02
  [93/96] gap=3.2666666666666706 Df=0.00 Dr=86.24 MIA=51.73
  [94/96] gap=0.9259259259259262 Df=0.00 Dr=91.40 MIA=49.87
  [95/96] gap=20.311111111111114 Df=0.00 Dr=34.80 MIA=47.91
  [96/96] gap=1.4666666666666686 Df=0.00 Dr=90.11 MIA=50.20
final test: mmu {'msteps': 2, 'lr': 0.001, 'epochs': 5, 'head_mode': 'independent', 'weighting': 'mrl', 'max_grad_norm': 5.0}
  Df=0.00 Dr=93.20 MIA=56.02 time=6.19s KL=0.0005

salun: 0/45 candidates complete
  [1/45] gap=24.214814814814815 Df=65.20 Dr=92.31 MIA=55.44
  [2/45] gap=24.33333333333334 Df=65.20 Dr=92.04 MIA=55.53
  [3/45] gap=25.074074074074076 Df=66.80 Dr=91.56 MIA=55.67
  [4/45] gap=10.222222222222227 Df=23.00 Dr=88.62 MIA=51.98
  [5/45] gap=3.2370370370370405 Df=0.60 Dr=88.13 MIA=52.93
  [6/45] gap=1.83703703703704 Df=0.00 Dr=88.80 MIA=50.00
  [7/45] gap=2.2444444444444454 Df=0.40 Dr=87.91 MIA=49.93
  [8/45] gap=2.22962962962963 Df=0.00 Dr=88.56 MIA=50.93
  [9/45] gap=2.6666666666666643 Df=0.00 Dr=89.42 MIA=53.11
  [10/45] gap=23.933333333333334 Df=65.40 Dr=92.29 MIA=54.38
  [11/45] gap=24.881481481481487 Df=67.00 Dr=92.09 MIA=55.42
  [12/45] gap=25.422222222222228 Df=68.40 Dr=91.93 MIA=55.49
  [13/45] gap=11.214814814814815 Df=25.80 Dr=89.82 MIA=53.36
  [14/45] gap=2.2888888888888963 Df=1.00 Dr=89.49 MIA=51.04
  [15/45] gap=1.2962962962963014 Df=0.20 Dr=90.40 MIA=49.56
  [16/45] gap=2.088888888888887 Df=0.40 Dr=89.60 MIA=51.16
  [17/45] gap=1.881481481481482 Df=0.00 Dr=89.89 MIA=51.22
  [18/45] gap=2.585185185185187 Df=0.00 Dr=90.47 MIA=53.91
  [19/45] gap=23.91851851851852 Df=65.60 Dr=92.31 MIA=54.16
  [20/45] gap=24.98518518518519 Df=67.40 Dr=92.24 MIA=55.49
  [21/45] gap=25.400000000000006 Df=68.60 Dr=91.96 MIA=55.24
  [22/45] gap=12.14814814814815 Df=28.80 Dr=90.27 MIA=53.60
  [23/45] gap=2.3333333333333326 Df=1.20 Dr=90.04 MIA=51.53
  [24/45] gap=1.0814814814814862 Df=0.20 Dr=90.98 MIA=49.71
  [25/45] gap=1.9851851851851883 Df=0.40 Dr=90.00 MIA=51.24
  [26/45] gap=2.407407407407412 Df=0.00 Dr=90.33 MIA=53.24
  [27/45] gap=1.8814814814814858 Df=0.20 Dr=91.07 MIA=52.20
  [28/45] gap=24.037037037037038 Df=66.00 Dr=92.36 MIA=54.16
  [29/45] gap=24.955555555555563 Df=67.40 Dr=92.09 MIA=55.24
  [30/45] gap=25.318518518518527 Df=68.40 Dr=91.87 MIA=55.11
  [31/45] gap=12.814814814814818 Df=30.00 Dr=90.13 MIA=54.27
  [32/45] gap=2.437037037037039 Df=1.00 Dr=90.07 MIA=52.07
  [33/45] gap=1.2888888888888859 Df=0.20 Dr=90.96 MIA=50.31
  [34/45] gap=2.08888888888889 Df=0.20 Dr=90.51 MIA=52.27
  [35/45] gap=2.21481481481482 Df=0.00 Dr=90.31 MIA=52.64
  [36/45] gap=1.6518518518518526 Df=0.40 Dr=90.96 MIA=51.20
  [37/45] gap=24.311111111111114 Df=66.20 Dr=92.40 MIA=54.82
  [38/45] gap=24.962962962962965 Df=67.60 Dr=92.13 MIA=55.11
  [39/45] gap=25.251851851851853 Df=68.00 Dr=91.93 MIA=55.38
  [40/45] gap=12.71111111111111 Df=30.80 Dr=90.11 MIA=53.13
  [41/45] gap=2.600000000000002 Df=1.40 Dr=90.33 MIA=52.42
  [42/45] gap=1.562962962962967 Df=0.20 Dr=91.09 MIA=51.27
  [43/45] gap=1.9555555555555557 Df=0.00 Dr=90.76 MIA=52.31
  [44/45] gap=2.0518518518518527 Df=0.00 Dr=89.91 MIA=51.76
  [45/45] gap=2.08888888888889 Df=0.20 Dr=91.18 MIA=52.93
final test: salun {'sparsity': 0.1, 'lr': 0.0001, 'epochs': 3}
  Df=60.50 Dr=92.12 MIA=57.44 time=5.80s KL=0.0003

uniclun: 0/27 candidates complete
  [1/27] gap=24.511111111111116 Df=65.20 Dr=92.07 MIA=56.09
  [2/27] gap=24.511111111111116 Df=65.20 Dr=92.07 MIA=56.09
  [3/27] gap=24.511111111111116 Df=65.20 Dr=92.07 MIA=56.09
  [4/27] gap=25.133333333333336 Df=68.00 Dr=92.04 MIA=55.13
  [5/27] gap=25.133333333333336 Df=68.00 Dr=92.04 MIA=55.13
  [6/27] gap=25.133333333333336 Df=68.00 Dr=92.04 MIA=55.13
  [7/27] gap=25.118518518518524 Df=67.40 Dr=91.96 MIA=55.60
  [8/27] gap=25.118518518518524 Df=67.40 Dr=91.96 MIA=55.60
  [9/27] gap=25.118518518518524 Df=67.40 Dr=91.96 MIA=55.60
  [10/27] gap=14.303703703703706 Df=32.80 Dr=90.62 MIA=56.42
  [11/27] gap=14.303703703703706 Df=32.80 Dr=90.62 MIA=56.42
  [12/27] gap=14.303703703703706 Df=32.80 Dr=90.62 MIA=56.42
  [13/27] gap=2.651851851851852 Df=2.00 Dr=90.47 MIA=52.11
  [14/27] gap=2.651851851851852 Df=2.00 Dr=90.47 MIA=52.11
  [15/27] gap=2.651851851851852 Df=2.00 Dr=90.47 MIA=52.11
  [16/27] gap=2.0962962962963023 Df=0.40 Dr=90.87 MIA=52.44
  [17/27] gap=2.0962962962963023 Df=0.40 Dr=90.87 MIA=52.44
  [18/27] gap=2.0962962962963023 Df=0.40 Dr=90.87 MIA=52.44
  [19/27] gap=2.103703703703706 Df=0.00 Dr=90.73 MIA=52.73
  [20/27] gap=2.103703703703706 Df=0.00 Dr=90.73 MIA=52.73
  [21/27] gap=2.103703703703706 Df=0.00 Dr=90.73 MIA=52.73
  [22/27] gap=1.6518518518518543 Df=0.00 Dr=91.38 MIA=52.02
  [23/27] gap=1.6518518518518543 Df=0.00 Dr=91.38 MIA=52.02
  [24/27] gap=1.6518518518518543 Df=0.00 Dr=91.38 MIA=52.02
  [25/27] gap=2.3629629629629667 Df=0.20 Dr=91.18 MIA=53.76
  [26/27] gap=2.3629629629629667 Df=0.20 Dr=91.18 MIA=53.76
  [27/27] gap=2.3629629629629667 Df=0.20 Dr=91.18 MIA=53.76
final test: uniclun {'lr': 0.0001, 'epochs': 3, 'buffer_size': 250}
  Df=59.80 Dr=91.89 MIA=57.53 time=5.48s KL=0.0003

