loaded shared source and Amnesiac ledger
loaded shared Retrain reference
final test: baseline {}
  Df=100.00 Dr=92.70 MIA=57.08 time=0.00s KL=0.0022
final test: retrain {}
  Df=91.33 Dr=92.01 MIA=50.22 time=521.33s KL=0.0000

finetune: 0/12 candidates complete
  [1/12] gap=5.033333333333336 Df=100.00 Dr=93.66 MIA=55.67
  [2/12] gap=4.608452380952383 Df=100.00 Dr=93.44 MIA=54.37
  [3/12] gap=4.848095238095245 Df=100.00 Dr=93.48 MIA=55.13
  [4/12] gap=4.306190476190483 Df=99.91 Dr=93.32 MIA=53.44
  [5/12] gap=4.084642857142858 Df=97.41 Dr=91.44 MIA=53.39
  [6/12] gap=3.6021428571428586 Df=96.52 Dr=90.70 MIA=52.10
  [7/12] gap=3.3195238095238153 Df=96.34 Dr=91.28 MIA=52.01
  [8/12] gap=3.2728571428571462 Df=95.80 Dr=91.42 MIA=52.54
  [9/12] gap=9.974285714285713 Df=77.32 Dr=78.28 MIA=49.42
  [10/12] gap=7.5007142857142854 Df=81.79 Dr=82.04 MIA=50.22
  [11/12] gap=5.040357142857137 Df=85.18 Dr=85.18 MIA=49.38
  [12/12] gap=3.111666666666667 Df=87.59 Dr=88.60 MIA=49.42
final test: finetune {'lr': 0.0001, 'epochs': 10}
  Df=99.73 Dr=92.49 MIA=56.28 time=81.38s KL=0.0023

ssd: 0/25 candidates complete
  [1/25] gap=55.41083333333333 Df=10.00 Dr=10.14 MIA=50.27
  [2/25] gap=55.23285714285714 Df=10.09 Dr=10.54 MIA=50.22
  [3/25] gap=41.708690476190476 Df=31.07 Dr=30.80 MIA=50.89
  [4/25] gap=4.714166666666678 Df=99.91 Dr=93.48 MIA=54.82
  [5/25] gap=5.11535714285715 Df=100.00 Dr=94.04 MIA=55.54
  [6/25] gap=4.634642857142862 Df=97.68 Dr=91.04 MIA=54.37
  [7/25] gap=4.619285714285719 Df=97.95 Dr=91.22 MIA=54.24
  [8/25] gap=4.656785714285718 Df=98.04 Dr=91.42 MIA=54.46
  [9/25] gap=4.667976190476199 Df=99.91 Dr=93.44 MIA=54.64
  [10/25] gap=4.9152380952381 Df=100.00 Dr=94.02 MIA=54.96
  [11/25] gap=4.836785714285718 Df=100.00 Dr=93.74 MIA=55.00
  [12/25] gap=4.7988095238095285 Df=100.00 Dr=93.76 MIA=54.87
  [13/25] gap=4.8136904761904775 Df=100.00 Dr=93.76 MIA=54.91
  [14/25] gap=4.7741666666666704 Df=100.00 Dr=93.82 MIA=54.73
  [15/25] gap=4.885476190476197 Df=100.00 Dr=94.02 MIA=54.87
  [16/25] gap=5.156904761904765 Df=100.00 Dr=94.12 MIA=55.58
  [17/25] gap=5.156904761904765 Df=100.00 Dr=94.12 MIA=55.58
  [18/25] gap=5.156904761904765 Df=100.00 Dr=94.12 MIA=55.58
  [19/25] gap=5.156904761904765 Df=100.00 Dr=94.12 MIA=55.58
  [20/25] gap=5.156904761904765 Df=100.00 Dr=94.12 MIA=55.58
  [21/25] gap=5.193333333333338 Df=100.00 Dr=94.14 MIA=55.67
  [22/25] gap=5.193333333333338 Df=100.00 Dr=94.14 MIA=55.67
  [23/25] gap=5.193333333333338 Df=100.00 Dr=94.14 MIA=55.67
  [24/25] gap=5.193333333333338 Df=100.00 Dr=94.14 MIA=55.67
  [25/25] gap=5.193333333333338 Df=100.00 Dr=94.14 MIA=55.67
final test: ssd {'alpha': 1.0, 'dampening_constant': 5.0}
  Df=100.00 Dr=92.70 MIA=57.48 time=9.78s KL=0.0019

badteacher: 0/36 candidates complete
  [1/36] gap=5.096904761904763 Df=100.00 Dr=93.94 MIA=55.58
  [2/36] gap=4.203928571428574 Df=95.89 Dr=90.10 MIA=53.93
  [3/36] gap=21.322142857142854 Df=63.57 Dr=60.04 MIA=51.47
  [4/36] gap=4.673095238095239 Df=99.82 Dr=93.74 MIA=54.69
  [5/36] gap=13.789523809523802 Df=76.88 Dr=71.12 MIA=53.26
  [6/36] gap=7.195238095238092 Df=85.54 Dr=81.26 MIA=52.28
  [7/36] gap=4.545238095238102 Df=99.11 Dr=92.96 MIA=54.60
  [8/36] gap=16.964999999999993 Df=70.45 Dr=64.54 MIA=49.78
  [9/36] gap=3.6392857142857196 Df=92.41 Dr=86.66 MIA=52.28
  [10/36] gap=4.358452380952383 Df=94.91 Dr=87.94 MIA=53.21
  [11/36] gap=18.01595238095238 Df=69.29 Dr=64.78 MIA=52.01
  [12/36] gap=4.34357142857143 Df=97.59 Dr=90.44 MIA=52.99
  [13/36] gap=5.146666666666668 Df=100.00 Dr=94.00 MIA=55.67
  [14/36] gap=4.902261904761905 Df=90.71 Dr=84.88 MIA=54.20
  [15/36] gap=4.842976190476186 Df=89.91 Dr=83.54 MIA=51.88
  [16/36] gap=4.472261904761908 Df=98.75 Dr=92.42 MIA=54.20
  [17/36] gap=12.731666666666662 Df=78.84 Dr=72.24 MIA=53.17
  [18/36] gap=4.159880952380955 Df=97.14 Dr=90.50 MIA=52.95
  [19/36] gap=4.30071428571429 Df=95.62 Dr=89.14 MIA=53.53
  [20/36] gap=9.358333333333334 Df=82.41 Dr=77.36 MIA=51.74
  [21/36] gap=4.126190476190476 Df=98.04 Dr=91.36 MIA=52.81
  [22/36] gap=8.167857142857143 Df=85.45 Dr=79.86 MIA=53.71
  [23/36] gap=4.572976190476193 Df=94.91 Dr=88.10 MIA=54.02
  [24/36] gap=4.454761904761912 Df=99.20 Dr=92.16 MIA=53.44
  [25/36] gap=4.922976190476196 Df=99.82 Dr=93.82 MIA=55.36
  [26/36] gap=4.639047619047621 Df=91.61 Dr=85.00 MIA=54.42
  [27/36] gap=4.770952380952385 Df=97.59 Dr=90.14 MIA=53.97
  [28/36] gap=4.319047619047623 Df=96.52 Dr=90.96 MIA=54.51
  [29/36] gap=4.845833333333341 Df=97.14 Dr=89.96 MIA=54.46
  [30/36] gap=4.2720238095238185 Df=98.57 Dr=91.86 MIA=53.21
  [31/36] gap=3.9725000000000037 Df=93.39 Dr=87.58 MIA=53.21
  [32/36] gap=4.921190476190479 Df=99.11 Dr=92.10 MIA=54.87
  [33/36] gap=3.9764285714285754 Df=98.12 Dr=91.72 MIA=52.63
  [34/36] gap=4.7072619047619 Df=89.91 Dr=84.84 MIA=52.77
  [35/36] gap=4.7833333333333385 Df=99.82 Dr=92.96 MIA=54.60
  [36/36] gap=4.228809523809521 Df=98.21 Dr=91.32 MIA=52.90
final test: badteacher {'temperature': 4.0, 'epochs': 5, 'lr': 0.01}
  Df=99.03 Dr=90.03 MIA=53.94 time=10.71s KL=0.0022

unsir: 0/36 candidates complete
  [1/36] gap=4.458333333333338 Df=97.32 Dr=89.56 MIA=52.72
  [2/36] gap=4.876547619047625 Df=99.29 Dr=92.10 MIA=54.55
  [3/36] gap=4.587857142857153 Df=95.54 Dr=88.10 MIA=53.44
  [4/36] gap=4.684285714285714 Df=97.41 Dr=90.40 MIA=54.15
  [5/36] gap=6.124166666666663 Df=85.62 Dr=83.00 MIA=50.89
  [6/36] gap=3.7386904761904702 Df=90.09 Dr=85.96 MIA=51.16
  [7/36] gap=4.79059523809524 Df=98.75 Dr=90.84 MIA=53.57
  [8/36] gap=4.614404761904768 Df=99.46 Dr=92.44 MIA=53.93
  [9/36] gap=4.582380952380959 Df=96.16 Dr=88.92 MIA=53.62
  [10/36] gap=4.779880952380957 Df=98.48 Dr=91.14 MIA=54.11
  [11/36] gap=5.550119047619039 Df=86.16 Dr=83.74 MIA=50.45
  [12/36] gap=3.275952380952378 Df=91.25 Dr=86.50 MIA=51.47
  [13/36] gap=5.165238095238095 Df=99.20 Dr=91.10 MIA=54.51
  [14/36] gap=4.903333333333336 Df=99.73 Dr=92.60 MIA=54.69
  [15/36] gap=4.760595238095239 Df=97.05 Dr=89.68 MIA=54.02
  [16/36] gap=5.01130952380953 Df=99.11 Dr=91.16 MIA=54.20
  [17/36] gap=5.124404761904761 Df=87.14 Dr=84.66 MIA=51.07
  [18/36] gap=2.973809523809519 Df=91.43 Dr=86.96 MIA=51.21
  [19/36] gap=4.885714285714293 Df=97.59 Dr=89.26 MIA=53.44
  [20/36] gap=4.654761904761908 Df=98.93 Dr=91.56 MIA=53.71
  [21/36] gap=4.4475000000000025 Df=96.52 Dr=89.28 MIA=53.21
  [22/36] gap=4.706309523809526 Df=97.50 Dr=90.20 MIA=53.93
  [23/36] gap=4.3552380952380885 Df=89.20 Dr=84.78 MIA=50.94
  [24/36] gap=3.1703571428571515 Df=93.04 Dr=87.04 MIA=50.62
  [25/36] gap=5.077261904761907 Df=98.48 Dr=89.98 MIA=53.84
  [26/36] gap=4.98119047619048 Df=99.38 Dr=91.92 MIA=54.60
  [27/36] gap=4.540000000000004 Df=97.41 Dr=89.94 MIA=53.26
  [28/36] gap=4.846547619047627 Df=98.57 Dr=90.94 MIA=54.02
  [29/36] gap=3.592380952380952 Df=90.45 Dr=85.64 MIA=50.76
  [30/36] gap=4.225952380952386 Df=94.11 Dr=87.40 MIA=53.08
  [31/36] gap=4.938333333333342 Df=98.57 Dr=90.62 MIA=53.97
  [32/36] gap=4.922738095238105 Df=99.46 Dr=92.14 MIA=54.55
  [33/36] gap=4.754999999999998 Df=97.86 Dr=89.92 MIA=53.44
  [34/36] gap=4.611071428571431 Df=98.39 Dr=91.20 MIA=53.75
  [35/36] gap=3.57547619047619 Df=90.45 Dr=85.78 MIA=50.85
  [36/36] gap=3.7632142857142887 Df=94.29 Dr=87.94 MIA=52.05
final test: unsir {'impair_epochs': 2, 'repair_epochs': 1, 'impair_lr': 0.001, 'repair_lr': 0.01}
  Df=98.85 Dr=90.98 MIA=54.29 time=5.83s KL=0.0021

scrub: 0/24 candidates complete
  [1/24] gap=5.06916666666667 Df=100.00 Dr=94.08 MIA=55.36
  [2/24] gap=5.212857142857149 Df=100.00 Dr=94.02 MIA=55.85
  [3/24] gap=5.075833333333335 Df=100.00 Dr=94.10 MIA=55.36
  [4/24] gap=5.247738095238098 Df=100.00 Dr=94.08 MIA=55.89
  [5/24] gap=5.150238095238095 Df=100.00 Dr=94.10 MIA=55.58
  [6/24] gap=5.2148809523809545 Df=100.00 Dr=94.16 MIA=55.71
  [7/24] gap=4.50833333333334 Df=99.55 Dr=93.16 MIA=54.24
  [8/24] gap=4.775238095238095 Df=100.00 Dr=93.52 MIA=54.96
  [9/24] gap=5.009166666666668 Df=100.00 Dr=93.90 MIA=55.36
  [10/24] gap=4.96809523809524 Df=100.00 Dr=94.00 MIA=55.13
  [11/24] gap=5.080476190476188 Df=100.00 Dr=93.98 MIA=55.49
  [12/24] gap=5.206190476190481 Df=100.00 Dr=94.00 MIA=55.85
  [13/24] gap=4.96142857142857 Df=100.00 Dr=93.98 MIA=55.13
  [14/24] gap=4.997857142857145 Df=100.00 Dr=94.00 MIA=55.22
  [15/24] gap=3.8688095238095315 Df=98.57 Dr=92.40 MIA=52.54
  [16/24] gap=4.7695238095238155 Df=99.55 Dr=93.18 MIA=55.04
  [17/24] gap=5.105119047619051 Df=100.00 Dr=93.92 MIA=55.62
  [18/24] gap=4.997857142857145 Df=100.00 Dr=94.00 MIA=55.22
  [19/24] gap=5.042500000000004 Df=100.00 Dr=94.00 MIA=55.36
  [20/24] gap=5.052738095238101 Df=100.00 Dr=94.12 MIA=55.27
  [21/24] gap=5.042500000000004 Df=100.00 Dr=94.00 MIA=55.36
  [22/24] gap=4.921904761904766 Df=100.00 Dr=94.04 MIA=54.96
  [23/24] gap=4.124166666666672 Df=97.68 Dr=91.50 MIA=53.30
  [24/24] gap=4.614523809523817 Df=99.73 Dr=93.02 MIA=54.24
final test: scrub {'msteps': 2, 'lr': 0.005, 'epochs': 5, 'max_grad_norm': 5.0}
  Df=99.20 Dr=91.32 MIA=54.16 time=9.37s KL=0.0014

mmu: 0/96 candidates complete
  [1/96] gap=5.1138095238095245 Df=100.00 Dr=94.08 MIA=55.49
  [2/96] gap=5.082023809523814 Df=100.00 Dr=93.94 MIA=55.54
  [3/96] gap=5.2241666666666715 Df=100.00 Dr=93.92 MIA=55.98
  [4/96] gap=5.029166666666669 Df=100.00 Dr=93.96 MIA=55.36
  [5/96] gap=5.174880952380957 Df=100.00 Dr=94.04 MIA=55.71
  [6/96] gap=5.070238095238096 Df=100.00 Dr=93.86 MIA=55.58
  [7/96] gap=4.962976190476193 Df=100.00 Dr=93.94 MIA=55.18
  [8/96] gap=5.050714285714283 Df=100.00 Dr=93.98 MIA=55.40
  [9/96] gap=5.191309523809527 Df=100.00 Dr=94.00 MIA=55.80
  [10/96] gap=5.052261904761903 Df=100.00 Dr=93.94 MIA=55.45
  [11/96] gap=4.97476190476191 Df=100.00 Dr=94.02 MIA=55.13
  [12/96] gap=5.058928571428574 Df=100.00 Dr=93.96 MIA=55.45
  [13/96] gap=5.18 Df=100.00 Dr=94.10 MIA=55.67
  [14/96] gap=5.015833333333338 Df=100.00 Dr=93.92 MIA=55.36
  [15/96] gap=5.177976190476191 Df=100.00 Dr=93.96 MIA=55.80
  [16/96] gap=5.136904761904764 Df=100.00 Dr=94.06 MIA=55.58
  [17/96] gap=5.0938095238095285 Df=100.00 Dr=94.02 MIA=55.49
  [18/96] gap=4.942976190476192 Df=100.00 Dr=93.88 MIA=55.18
  [19/96] gap=5.02095238095238 Df=100.00 Dr=93.98 MIA=55.31
  [20/96] gap=5.058928571428574 Df=100.00 Dr=93.96 MIA=55.45
  [21/96] gap=5.178928571428578 Df=100.00 Dr=94.32 MIA=55.45
  [22/96] gap=5.2159523809523805 Df=100.00 Dr=93.94 MIA=55.94
  [23/96] gap=5.03428571428572 Df=100.00 Dr=94.02 MIA=55.31
  [24/96] gap=5.1235714285714336 Df=100.00 Dr=94.02 MIA=55.58
  [25/96] gap=4.57809523809524 Df=99.38 Dr=93.04 MIA=54.51
  [26/96] gap=4.435476190476194 Df=99.64 Dr=93.20 MIA=53.97
  [27/96] gap=4.867023809523815 Df=99.73 Dr=93.20 MIA=55.18
  [28/96] gap=4.8121428571428595 Df=99.55 Dr=93.32 MIA=55.31
  [29/96] gap=4.626428571428579 Df=99.73 Dr=93.60 MIA=54.78
  [30/96] gap=4.664880952380957 Df=99.91 Dr=93.76 MIA=54.55
  [31/96] gap=4.889642857142863 Df=99.91 Dr=93.72 MIA=55.27
  [32/96] gap=4.968690476190484 Df=100.00 Dr=93.60 MIA=55.54
  [33/96] gap=5.232857142857145 Df=100.00 Dr=94.08 MIA=55.85
  [34/96] gap=5.088690476190479 Df=100.00 Dr=93.96 MIA=55.54
  [35/96] gap=5.0225000000000035 Df=100.00 Dr=93.94 MIA=55.36
  [36/96] gap=5.073809523809523 Df=100.00 Dr=93.96 MIA=55.49
  [37/96] gap=5.2308333333333366 Df=100.00 Dr=93.94 MIA=55.98
  [38/96] gap=5.1626190476190486 Df=100.00 Dr=93.78 MIA=55.94
  [39/96] gap=5.070714285714288 Df=100.00 Dr=94.04 MIA=55.40
  [40/96] gap=5.1230952380952415 Df=100.00 Dr=93.84 MIA=55.76
  [41/96] gap=4.9860714285714325 Df=100.00 Dr=93.92 MIA=55.27
  [42/96] gap=5.083571428571427 Df=100.00 Dr=93.90 MIA=55.58
  [43/96] gap=5.266190476190476 Df=100.00 Dr=94.18 MIA=55.85
  [44/96] gap=5.076904761904761 Df=100.00 Dr=93.88 MIA=55.58
  [45/96] gap=5.151309523809526 Df=100.00 Dr=93.88 MIA=55.80
  [46/96] gap=5.19595238095238 Df=100.00 Dr=93.88 MIA=55.94
  [47/96] gap=5.243095238095236 Df=100.00 Dr=94.20 MIA=55.76
  [48/96] gap=5.055357142857147 Df=100.00 Dr=93.86 MIA=55.54
  [49/96] gap=5.188214285714288 Df=100.00 Dr=94.08 MIA=55.71
  [50/96] gap=4.924523809523812 Df=100.00 Dr=93.78 MIA=55.22
  [51/96] gap=5.0060714285714285 Df=100.00 Dr=93.98 MIA=55.27
  [52/96] gap=5.1164285714285755 Df=100.00 Dr=93.82 MIA=55.76
  [53/96] gap=5.151309523809526 Df=100.00 Dr=93.88 MIA=55.80
  [54/96] gap=5.2405952380952385 Df=100.00 Dr=93.88 MIA=56.07
  [55/96] gap=5.136904761904764 Df=100.00 Dr=94.06 MIA=55.58
  [56/96] gap=5.005595238095242 Df=100.00 Dr=93.80 MIA=55.45
  [57/96] gap=4.2383333333333395 Df=98.75 Dr=92.72 MIA=53.79
  [58/96] gap=13.824523809523809 Df=72.50 Dr=71.64 MIA=49.51
  [59/96] gap=4.583214285714291 Df=99.20 Dr=92.98 MIA=54.64
  [60/96] gap=4.038928571428578 Df=97.23 Dr=91.22 MIA=53.21
  [61/96] gap=4.7013095238095275 Df=99.82 Dr=93.34 MIA=54.73
  [62/96] gap=4.444523809523818 Df=98.84 Dr=92.28 MIA=53.88
  [63/96] gap=4.805000000000002 Df=99.91 Dr=93.52 MIA=55.13
  [64/96] gap=4.693571428571436 Df=99.91 Dr=93.14 MIA=54.42
  [65/96] gap=5.1138095238095245 Df=100.00 Dr=94.08 MIA=55.49
  [66/96] gap=5.038928571428568 Df=100.00 Dr=93.90 MIA=55.45
  [67/96] gap=5.095357142857144 Df=100.00 Dr=93.98 MIA=55.54
  [68/96] gap=5.133333333333333 Df=100.00 Dr=93.96 MIA=55.67
  [69/96] gap=5.168214285714292 Df=100.00 Dr=94.02 MIA=55.71
  [70/96] gap=4.959404761904764 Df=100.00 Dr=93.84 MIA=55.27
  [71/96] gap=5.266190476190478 Df=100.00 Dr=94.18 MIA=55.85
  [72/96] gap=5.134880952380956 Df=100.00 Dr=93.92 MIA=55.71
  [73/96] gap=5.14357142857143 Df=100.00 Dr=94.08 MIA=55.58
  [74/96] gap=5.047142857142862 Df=100.00 Dr=93.88 MIA=55.49
  [75/96] gap=5.084047619047619 Df=100.00 Dr=94.08 MIA=55.40
  [76/96] gap=5.101547619047625 Df=100.00 Dr=93.82 MIA=55.71
  [77/96] gap=5.102023809523814 Df=100.00 Dr=94.00 MIA=55.54
  [78/96] gap=5.132857142857148 Df=100.00 Dr=93.78 MIA=55.85
  [79/96] gap=5.14357142857143 Df=100.00 Dr=94.08 MIA=55.58
  [80/96] gap=5.214404761904762 Df=100.00 Dr=93.98 MIA=55.89
  [81/96] gap=5.142023809523816 Df=100.00 Dr=94.12 MIA=55.54
  [82/96] gap=4.899880952380957 Df=100.00 Dr=93.84 MIA=55.09
  [83/96] gap=4.835238095238097 Df=100.00 Dr=93.78 MIA=54.96
  [84/96] gap=4.87321428571429 Df=100.00 Dr=93.76 MIA=55.09
  [85/96] gap=5.141547619047621 Df=100.00 Dr=93.94 MIA=55.71
  [86/96] gap=5.051785714285718 Df=100.00 Dr=93.76 MIA=55.62
  [87/96] gap=5.176428571428573 Df=100.00 Dr=94.00 MIA=55.76
  [88/96] gap=5.154880952380952 Df=100.00 Dr=93.98 MIA=55.71
  [89/96] gap=4.302976190476197 Df=98.84 Dr=92.66 MIA=53.84
  [90/96] gap=30.3625 Df=47.32 Dr=47.16 MIA=48.66
  [91/96] gap=4.373690476190485 Df=98.66 Dr=92.18 MIA=53.75
  [92/96] gap=21.134523809523802 Df=61.43 Dr=60.96 MIA=49.69
  [93/96] gap=4.193333333333338 Df=99.64 Dr=93.48 MIA=53.53
  [94/96] gap=4.423928571428576 Df=98.75 Dr=91.94 MIA=53.57
  [95/96] gap=4.918809523809526 Df=99.64 Dr=93.00 MIA=55.22
  [96/96] gap=4.503571428571438 Df=99.02 Dr=92.46 MIA=54.06
final test: mmu {'msteps': 3, 'lr': 0.005, 'epochs': 5, 'head_mode': 'tied', 'weighting': 'mrl', 'max_grad_norm': 5.0}
  Df=98.41 Dr=91.15 MIA=53.89 time=8.55s KL=0.0018

salun: 0/45 candidates complete
  [1/45] gap=4.346428571428578 Df=95.80 Dr=89.36 MIA=53.71
  [2/45] gap=6.4836904761904774 Df=86.88 Dr=82.10 MIA=52.32
  [3/45] gap=14.35178571428571 Df=73.84 Dr=70.46 MIA=51.25
  [4/45] gap=20.109523809523804 Df=65.98 Dr=62.16 MIA=52.37
  [5/45] gap=20.126666666666665 Df=65.62 Dr=60.68 MIA=50.58
  [6/45] gap=14.960595238095236 Df=74.91 Dr=69.08 MIA=52.77
  [7/45] gap=8.583333333333329 Df=82.86 Dr=79.06 MIA=51.56
  [8/45] gap=5.448809523809518 Df=89.91 Dr=82.66 MIA=52.81
  [9/45] gap=4.342976190476198 Df=94.55 Dr=87.54 MIA=53.12
  [10/45] gap=4.284880952380959 Df=95.71 Dr=89.50 MIA=53.75
  [11/45] gap=6.6145238095238 Df=86.34 Dr=82.02 MIA=52.10
  [12/45] gap=14.19011904761904 Df=73.66 Dr=70.32 MIA=50.45
  [13/45] gap=19.979642857142853 Df=66.25 Dr=61.88 MIA=51.96
  [14/45] gap=20.47428571428571 Df=65.80 Dr=61.78 MIA=52.90
  [15/45] gap=10.40892857142857 Df=82.32 Dr=75.86 MIA=53.30
  [16/45] gap=6.639523809523804 Df=87.14 Dr=81.32 MIA=52.28
  [17/45] gap=4.088095238095242 Df=92.32 Dr=85.76 MIA=52.81
  [18/45] gap=4.228333333333339 Df=96.25 Dr=89.00 MIA=52.54
  [19/45] gap=4.296666666666674 Df=95.71 Dr=89.42 MIA=53.71
  [20/45] gap=6.63761904761904 Df=86.43 Dr=82.04 MIA=52.28
  [21/45] gap=14.218333333333327 Df=73.57 Dr=70.28 MIA=50.40
  [22/45] gap=20.170595238095235 Df=65.80 Dr=62.20 MIA=52.41
  [23/45] gap=19.96392857142857 Df=66.25 Dr=62.82 MIA=52.86
  [24/45] gap=9.915952380952378 Df=82.86 Dr=76.58 MIA=53.08
  [25/45] gap=6.223452380952378 Df=87.86 Dr=81.72 MIA=52.14
  [26/45] gap=4.621190476190485 Df=93.04 Dr=85.50 MIA=53.44
  [27/45] gap=4.343809523809533 Df=95.80 Dr=89.10 MIA=53.44
  [28/45] gap=4.303333333333339 Df=95.71 Dr=89.40 MIA=53.71
  [29/45] gap=6.624285714285709 Df=86.43 Dr=82.08 MIA=52.28
  [30/45] gap=14.009999999999996 Df=73.66 Dr=70.28 MIA=49.87
  [31/45] gap=19.844285714285714 Df=66.25 Dr=62.42 MIA=52.10
  [32/45] gap=19.744285714285713 Df=66.61 Dr=62.72 MIA=52.46
  [33/45] gap=9.701547619047615 Df=83.04 Dr=77.00 MIA=53.04
  [34/45] gap=6.056309523809527 Df=88.21 Dr=82.40 MIA=52.68
  [35/45] gap=4.4083333333333385 Df=93.04 Dr=85.96 MIA=53.26
  [36/45] gap=4.203690476190483 Df=95.98 Dr=88.94 MIA=52.68
  [37/45] gap=4.2869047619047675 Df=95.62 Dr=89.36 MIA=53.71
  [38/45] gap=6.639166666666665 Df=86.43 Dr=82.08 MIA=52.32
  [39/45] gap=13.97 Df=73.75 Dr=70.40 MIA=49.96
  [40/45] gap=19.812499999999996 Df=66.70 Dr=62.56 MIA=52.59
  [41/45] gap=19.559166666666666 Df=67.14 Dr=63.32 MIA=53.04
  [42/45] gap=9.290595238095236 Df=83.75 Dr=77.34 MIA=52.86
  [43/45] gap=5.576547619047609 Df=89.20 Dr=82.50 MIA=52.32
  [44/45] gap=4.29488095238096 Df=92.77 Dr=85.72 MIA=52.95
  [45/45] gap=4.267857142857153 Df=96.25 Dr=89.06 MIA=52.72
final test: salun {'sparsity': 0.3, 'lr': 0.0001, 'epochs': 3}
  Df=96.55 Dr=88.84 MIA=54.73 time=6.65s KL=0.0022

uniclun: 0/27 candidates complete
  [1/27] gap=4.486666666666672 Df=99.02 Dr=92.60 MIA=54.15
  [2/27] gap=4.486666666666672 Df=99.02 Dr=92.60 MIA=54.15
  [3/27] gap=4.486666666666672 Df=99.02 Dr=92.60 MIA=54.15
  [4/27] gap=4.236547619047623 Df=95.27 Dr=89.02 MIA=53.57
  [5/27] gap=4.236547619047623 Df=95.27 Dr=89.02 MIA=53.57
  [6/27] gap=4.236547619047623 Df=95.27 Dr=89.02 MIA=53.57
  [7/27] gap=9.491190476190473 Df=83.12 Dr=77.14 MIA=52.63
  [8/27] gap=9.491190476190473 Df=83.12 Dr=77.14 MIA=52.63
  [9/27] gap=9.491190476190473 Df=83.12 Dr=77.14 MIA=52.63
  [10/27] gap=19.576904761904757 Df=68.21 Dr=62.24 MIA=53.08
  [11/27] gap=19.576904761904757 Df=68.21 Dr=62.24 MIA=53.08
  [12/27] gap=19.576904761904757 Df=68.21 Dr=62.24 MIA=53.08
  [13/27] gap=19.233333333333327 Df=68.57 Dr=63.36 MIA=53.53
  [14/27] gap=19.233333333333327 Df=68.57 Dr=63.36 MIA=53.53
  [15/27] gap=19.233333333333327 Df=68.57 Dr=63.36 MIA=53.53
  [16/27] gap=9.864047619047618 Df=81.79 Dr=76.20 MIA=51.47
  [17/27] gap=9.864047619047618 Df=81.79 Dr=76.20 MIA=51.47
  [18/27] gap=9.864047619047618 Df=81.79 Dr=76.20 MIA=51.47
  [19/27] gap=3.527857142857151 Df=92.32 Dr=86.28 MIA=51.65
  [20/27] gap=3.527857142857151 Df=92.32 Dr=86.28 MIA=51.65
  [21/27] gap=3.527857142857151 Df=92.32 Dr=86.28 MIA=51.65
  [22/27] gap=4.249761904761908 Df=95.54 Dr=88.40 MIA=52.72
  [23/27] gap=4.249761904761908 Df=95.54 Dr=88.40 MIA=52.72
  [24/27] gap=4.249761904761908 Df=95.54 Dr=88.40 MIA=52.72
  [25/27] gap=4.871190476190485 Df=98.57 Dr=91.00 MIA=54.15
  [26/27] gap=4.871190476190485 Df=98.57 Dr=91.00 MIA=54.15
  [27/27] gap=4.871190476190485 Df=98.57 Dr=91.00 MIA=54.15
final test: uniclun {'lr': 0.0001, 'epochs': 3, 'buffer_size': 250}
  Df=99.12 Dr=91.20 MIA=55.13 time=7.38s KL=0.0022

