loaded shared source and Amnesiac ledger
loaded shared Retrain reference
final test: baseline {}
  Df=93.00 Dr=93.13 MIA=57.31 time=0.00s KL=0.0006
final test: retrain {}
  Df=0.00 Dr=92.82 MIA=50.54 time=468.99s KL=0.0000
final test: amnesiac {}
  Df=0.00 Dr=11.11 MIA=48.75 time=0.00s KL=1.0966

finetune: 0/12 candidates complete
  [1/12] gap=32.770370370370365 Df=91.20 Dr=93.44 MIA=56.24
  [2/12] gap=30.785185185185185 Df=86.80 Dr=93.42 MIA=54.67
  [3/12] gap=30.28148148148149 Df=84.20 Dr=93.22 MIA=55.56
  [4/12] gap=28.740740740740737 Df=79.00 Dr=93.60 MIA=56.51
  [5/12] gap=21.325925925925926 Df=56.80 Dr=91.84 MIA=54.71
  [6/12] gap=8.48888888888889 Df=20.80 Dr=92.27 MIA=52.62
  [7/12] gap=3.044444444444442 Df=4.40 Dr=91.29 MIA=51.71
  [8/12] gap=1.3481481481481505 Df=0.00 Dr=92.24 MIA=51.98
  [9/12] gap=4.207407407407405 Df=0.00 Dr=82.73 MIA=48.47
  [10/12] gap=3.1925925925925918 Df=0.00 Dr=86.29 MIA=47.96
  [11/12] gap=2.1259259259259244 Df=0.00 Dr=88.64 MIA=48.80
  [12/12] gap=1.3481481481481457 Df=0.00 Dr=90.51 MIA=49.27
final test: finetune {'lr': 0.001, 'epochs': 10}
  Df=0.00 Dr=92.03 MIA=54.31 time=82.04s KL=0.0276

ssd: 0/25 candidates complete
  [1/25] gap=28.414814814814815 Df=0.00 Dr=11.11 MIA=47.47
  [2/25] gap=27.888888888888886 Df=0.00 Dr=11.11 MIA=49.04
  [3/25] gap=27.555555555555557 Df=0.00 Dr=11.78 MIA=49.38
  [4/25] gap=25.533333333333335 Df=68.60 Dr=90.47 MIA=54.16
  [5/25] gap=31.688888888888886 Df=88.00 Dr=93.53 MIA=56.29
  [6/25] gap=11.64444444444444 Df=17.20 Dr=76.67 MIA=49.42
  [7/25] gap=12.370370370370365 Df=20.60 Dr=77.93 MIA=49.38
  [8/25] gap=13.111111111111109 Df=24.00 Dr=79.20 MIA=50.22
  [9/25] gap=25.437037037037044 Df=68.60 Dr=90.49 MIA=53.89
  [10/25] gap=31.422222222222217 Df=87.60 Dr=93.58 MIA=55.93
  [11/25] gap=27.451851851851853 Df=76.00 Dr=92.51 MIA=54.56
  [12/25] gap=27.52592592592593 Df=76.20 Dr=92.44 MIA=54.51
  [13/25] gap=27.829629629629633 Df=76.20 Dr=92.49 MIA=55.47
  [14/25] gap=29.851851851851848 Df=81.60 Dr=92.82 MIA=56.47
  [15/25] gap=31.422222222222217 Df=87.60 Dr=93.58 MIA=55.93
  [16/25] gap=33.76296296296295 Df=94.40 Dr=93.64 MIA=56.22
  [17/25] gap=33.74814814814814 Df=94.40 Dr=93.64 MIA=56.18
  [18/25] gap=33.74814814814814 Df=94.40 Dr=93.64 MIA=56.18
  [19/25] gap=33.718518518518515 Df=94.40 Dr=93.64 MIA=56.09
  [20/25] gap=33.97037037037037 Df=94.40 Dr=93.64 MIA=56.84
  [21/25] gap=33.79259259259259 Df=94.60 Dr=93.67 MIA=56.13
  [22/25] gap=33.79259259259259 Df=94.60 Dr=93.67 MIA=56.13
  [23/25] gap=33.79259259259259 Df=94.60 Dr=93.67 MIA=56.13
  [24/25] gap=33.79259259259259 Df=94.60 Dr=93.67 MIA=56.13
  [25/25] gap=33.79259259259259 Df=94.60 Dr=93.67 MIA=56.13
final test: ssd {'alpha': 10.0, 'dampening_constant': 0.1}
  Df=88.90 Dr=93.11 MIA=56.67 time=9.53s KL=0.0095

badteacher: 0/36 candidates complete
  [1/36] gap=23.281481481481478 Df=62.80 Dr=93.36 MIA=56.09
  [2/36] gap=6.222222222222219 Df=11.60 Dr=92.80 MIA=55.56
  [3/36] gap=5.540740740740737 Df=10.80 Dr=91.93 MIA=53.44
  [4/36] gap=14.525925925925927 Df=37.60 Dr=93.27 MIA=54.93
  [5/36] gap=5.451851851851849 Df=9.00 Dr=92.31 MIA=55.36
  [6/36] gap=6.4666666666666694 Df=15.80 Dr=92.33 MIA=51.62
  [7/36] gap=10.614814814814816 Df=25.40 Dr=93.07 MIA=55.20
  [8/36] gap=5.85185185185185 Df=10.00 Dr=92.33 MIA=55.58
  [9/36] gap=7.11111111111111 Df=16.60 Dr=92.11 MIA=52.53
  [10/36] gap=6.76296296296296 Df=15.20 Dr=92.78 MIA=53.56
  [11/36] gap=6.266666666666666 Df=12.00 Dr=92.20 MIA=54.69
  [12/36] gap=5.444444444444447 Df=11.20 Dr=92.51 MIA=53.33
  [13/36] gap=18.859259259259257 Df=50.80 Dr=93.29 MIA=54.76
  [14/36] gap=4.844444444444446 Df=7.60 Dr=92.53 MIA=55.16
  [15/36] gap=9.933333333333332 Df=23.60 Dr=92.60 MIA=54.49
  [16/36] gap=9.688888888888885 Df=23.00 Dr=93.11 MIA=54.87
  [17/36] gap=5.437037037037036 Df=9.20 Dr=92.62 MIA=55.42
  [18/36] gap=5.644444444444443 Df=11.40 Dr=92.71 MIA=53.93
  [19/36] gap=7.6592592592592545 Df=15.80 Dr=92.96 MIA=55.82
  [20/36] gap=6.170370370370368 Df=11.80 Dr=92.89 MIA=55.29
  [21/36] gap=4.703703703703705 Df=7.40 Dr=92.82 MIA=55.22
  [22/36] gap=6.125925925925924 Df=10.40 Dr=92.47 MIA=56.13
  [23/36] gap=5.911111111111114 Df=12.00 Dr=92.82 MIA=54.24
  [24/36] gap=2.62962962962963 Df=3.20 Dr=93.18 MIA=53.56
  [25/36] gap=14.888888888888886 Df=38.40 Dr=93.31 MIA=55.27
  [26/36] gap=5.762962962962969 Df=10.40 Dr=92.84 MIA=55.42
  [27/36] gap=9.540740740740736 Df=22.20 Dr=92.76 MIA=54.87
  [28/36] gap=7.577777777777775 Df=17.20 Dr=92.98 MIA=54.20
  [29/36] gap=4.82962962962963 Df=8.80 Dr=93.71 MIA=55.09
  [30/36] gap=2.4222222222222234 Df=1.20 Dr=93.09 MIA=54.84
  [31/36] gap=6.970370370370369 Df=12.80 Dr=92.91 MIA=56.71
  [32/36] gap=4.807407407407406 Df=8.40 Dr=93.49 MIA=55.20
  [33/36] gap=2.5703703703703704 Df=0.80 Dr=93.20 MIA=55.80
  [34/36] gap=5.340740740740739 Df=8.80 Dr=93.11 MIA=56.02
  [35/36] gap=3.511111111111111 Df=5.40 Dr=93.58 MIA=54.40
  [36/36] gap=2.444444444444447 Df=0.60 Dr=93.33 MIA=55.76
final test: badteacher {'temperature': 4.0, 'epochs': 10, 'lr': 0.01}
  Df=0.00 Dr=93.04 MIA=56.49 time=21.53s KL=0.0006

unsir: 0/36 candidates complete
  [1/36] gap=36.06666666666667 Df=99.00 Dr=89.51 MIA=54.40
  [2/36] gap=33.14074074074074 Df=93.20 Dr=92.76 MIA=54.67
  [3/36] gap=34.24444444444444 Df=95.60 Dr=87.47 MIA=50.29
  [4/36] gap=19.533333333333328 Df=56.40 Dr=92.18 MIA=49.44
  [5/36] gap=19.54074074074074 Df=44.80 Dr=81.27 MIA=50.78
  [6/36] gap=1.9925925925925891 Df=0.00 Dr=89.11 MIA=48.73
  [7/36] gap=34.73333333333334 Df=98.20 Dr=91.16 MIA=52.84
  [8/36] gap=32.1037037037037 Df=91.00 Dr=92.89 MIA=53.89
  [9/36] gap=32.355555555555554 Df=91.00 Dr=89.96 MIA=51.71
  [10/36] gap=19.13333333333333 Df=52.00 Dr=92.80 MIA=53.89
  [11/36] gap=12.348148148148155 Df=26.40 Dr=84.76 MIA=51.09
  [12/36] gap=1.7851851851851823 Df=0.00 Dr=89.93 MIA=50.98
  [13/36] gap=34.762962962962966 Df=97.20 Dr=91.38 MIA=54.16
  [14/36] gap=32.237037037037034 Df=91.00 Dr=92.93 MIA=54.33
  [15/36] gap=31.57037037037037 Df=89.80 Dr=90.73 MIA=51.33
  [16/36] gap=18.688888888888894 Df=53.00 Dr=92.69 MIA=51.44
  [17/36] gap=9.600000000000003 Df=19.40 Dr=86.00 MIA=51.09
  [18/36] gap=1.355555555555559 Df=0.00 Dr=90.33 MIA=50.09
  [19/36] gap=36.20740740740741 Df=98.80 Dr=90.11 MIA=55.62
  [20/36] gap=32.970370370370375 Df=92.80 Dr=92.69 MIA=54.49
  [21/36] gap=34.20740740740741 Df=94.60 Dr=87.96 MIA=51.67
  [22/36] gap=21.52592592592592 Df=61.00 Dr=92.31 MIA=51.58
  [23/36] gap=18.844444444444445 Df=44.00 Dr=82.24 MIA=50.47
  [24/36] gap=1.874074074074074 Df=0.40 Dr=89.42 MIA=50.33
  [25/36] gap=34.72592592592593 Df=97.80 Dr=91.00 MIA=53.07
  [26/36] gap=32.748148148148154 Df=92.80 Dr=93.02 MIA=54.16
  [27/36] gap=32.17777777777778 Df=91.20 Dr=89.51 MIA=50.53
  [28/36] gap=21.977777777777778 Df=61.20 Dr=92.69 MIA=53.11
  [29/36] gap=13.977777777777781 Df=32.60 Dr=85.58 MIA=50.60
  [30/36] gap=1.4518518518518515 Df=0.00 Dr=90.16 MIA=49.31
  [31/36] gap=34.422222222222224 Df=97.20 Dr=91.40 MIA=53.16
  [32/36] gap=32.148148148148145 Df=91.80 Dr=92.98 MIA=53.31
  [33/36] gap=31.32592592592593 Df=88.80 Dr=90.49 MIA=51.36
  [34/36] gap=21.162962962962965 Df=61.80 Dr=92.67 MIA=50.04
  [35/36] gap=12.14074074074074 Df=27.40 Dr=86.44 MIA=51.16
  [36/36] gap=1.68148148148148 Df=0.80 Dr=90.53 MIA=49.04
final test: unsir {'impair_epochs': 1, 'repair_epochs': 2, 'impair_lr': 0.01, 'repair_lr': 0.01}
  Df=43.20 Dr=92.17 MIA=54.63 time=3.92s KL=0.0005

scrub: 0/24 candidates complete
  [1/24] gap=33.81481481481482 Df=93.40 Dr=93.69 MIA=57.42
  [2/24] gap=33.4962962962963 Df=92.80 Dr=93.58 MIA=56.96
  [3/24] gap=24.78518518518519 Df=67.40 Dr=93.89 MIA=56.53
  [4/24] gap=29.777777777777782 Df=80.80 Dr=93.69 MIA=57.91
  [5/24] gap=1.9481481481481489 Df=0.60 Dr=93.82 MIA=54.76
  [6/24] gap=15.896296296296297 Df=42.00 Dr=93.84 MIA=55.22
  [7/24] gap=1.5999999999999968 Df=0.00 Dr=93.38 MIA=53.87
  [8/24] gap=1.5777777777777782 Df=0.00 Dr=93.53 MIA=53.96
  [9/24] gap=31.97037037037037 Df=88.60 Dr=93.69 MIA=56.69
  [10/24] gap=32.540740740740745 Df=89.60 Dr=93.67 MIA=57.38
  [11/24] gap=1.85185185185185 Df=0.00 Dr=93.82 MIA=55.07
  [12/24] gap=1.8444444444444457 Df=0.60 Dr=93.80 MIA=54.42
  [13/24] gap=0.8074074074074057 Df=0.00 Dr=93.67 MIA=51.78
  [14/24] gap=1.2814814814814806 Df=0.00 Dr=93.69 MIA=53.22
  [15/24] gap=0.5925925925925929 Df=0.00 Dr=92.53 MIA=50.00
  [16/24] gap=1.3851851851851862 Df=0.00 Dr=92.71 MIA=52.56
  [17/24] gap=28.703703703703706 Df=78.20 Dr=93.80 MIA=57.40
  [18/24] gap=29.866666666666664 Df=82.00 Dr=93.67 MIA=56.96
  [19/24] gap=1.45925925925926 Df=0.00 Dr=93.71 MIA=53.78
  [20/24] gap=1.3555555555555543 Df=0.00 Dr=93.71 MIA=53.47
  [21/24] gap=1.3037037037037038 Df=0.00 Dr=93.38 MIA=52.98
  [22/24] gap=0.8444444444444438 Df=0.00 Dr=93.71 MIA=51.93
  [23/24] gap=2.170370370370371 Df=0.00 Dr=89.53 MIA=51.73
  [24/24] gap=1.4814814814814785 Df=0.00 Dr=91.93 MIA=52.07
final test: scrub {'msteps': 2, 'lr': 0.0005, 'epochs': 5, 'max_grad_norm': 5.0}
  Df=0.00 Dr=93.59 MIA=55.69 time=8.29s KL=0.0005

mmu: 0/96 candidates complete
  [1/96] gap=33.718518518518515 Df=93.80 Dr=93.58 MIA=56.62
  [2/96] gap=33.874074074074066 Df=94.20 Dr=93.56 MIA=56.67
  [3/96] gap=33.73333333333333 Df=93.80 Dr=93.53 MIA=56.62
  [4/96] gap=33.7037037037037 Df=93.40 Dr=93.62 MIA=57.02
  [5/96] gap=33.60740740740741 Df=93.00 Dr=93.58 MIA=57.09
  [6/96] gap=33.5925925925926 Df=93.20 Dr=93.51 MIA=56.78
  [7/96] gap=33.85925925925926 Df=93.80 Dr=93.64 MIA=57.11
  [8/96] gap=33.54814814814815 Df=93.20 Dr=93.58 MIA=56.71
  [9/96] gap=28.259259259259256 Df=76.80 Dr=93.93 MIA=57.60
  [10/96] gap=22.60740740740741 Df=60.60 Dr=93.87 MIA=56.78
  [11/96] gap=32.2962962962963 Df=89.20 Dr=93.62 MIA=57.00
  [12/96] gap=23.977777777777774 Df=64.80 Dr=93.82 MIA=56.64
  [13/96] gap=31.192592592592593 Df=86.40 Dr=93.71 MIA=56.58
  [14/96] gap=22.414814814814818 Df=61.00 Dr=93.87 MIA=55.80
  [15/96] gap=33.06666666666667 Df=91.00 Dr=93.64 MIA=57.53
  [16/96] gap=26.496296296296293 Df=71.40 Dr=93.93 MIA=57.71
  [17/96] gap=11.333333333333337 Df=27.20 Dr=94.02 MIA=56.51
  [18/96] gap=1.9407407407407433 Df=0.00 Dr=93.53 MIA=55.04
  [19/96] gap=30.05925925925926 Df=81.60 Dr=93.71 MIA=57.98
  [20/96] gap=2.2814814814814843 Df=1.20 Dr=93.71 MIA=55.04
  [21/96] gap=27.437037037037033 Df=74.60 Dr=93.71 MIA=57.11
  [22/96] gap=1.9481481481481486 Df=0.20 Dr=93.67 MIA=55.00
  [23/96] gap=32.27407407407407 Df=88.80 Dr=93.71 MIA=57.42
  [24/96] gap=5.133333333333332 Df=10.20 Dr=93.96 MIA=54.84
  [25/96] gap=0.6592592592592581 Df=0.00 Dr=93.58 MIA=51.24
  [26/96] gap=0.3629629629629629 Df=0.00 Dr=93.18 MIA=49.96
  [27/96] gap=1.7333333333333343 Df=0.00 Dr=92.93 MIA=53.82
  [28/96] gap=1.6740740740740752 Df=0.00 Dr=93.07 MIA=53.78
  [29/96] gap=1.2962962962962976 Df=0.00 Dr=93.62 MIA=53.20
  [30/96] gap=0.2518518518518533 Df=0.00 Dr=93.51 MIA=49.96
  [31/96] gap=29.044444444444448 Df=80.40 Dr=93.24 MIA=55.67
  [32/96] gap=1.5185185185185166 Df=0.00 Dr=93.31 MIA=53.56
  [33/96] gap=32.55555555555556 Df=90.00 Dr=93.62 MIA=56.98
  [34/96] gap=32.53333333333333 Df=89.80 Dr=93.64 MIA=57.13
  [35/96] gap=33.02962962962963 Df=91.20 Dr=93.73 MIA=57.31
  [36/96] gap=31.829629629629625 Df=87.80 Dr=93.56 MIA=56.93
  [37/96] gap=32.94074074074074 Df=90.60 Dr=93.67 MIA=57.58
  [38/96] gap=32.72592592592593 Df=89.80 Dr=93.51 MIA=57.58
  [39/96] gap=33.48148148148148 Df=92.20 Dr=93.58 MIA=57.51
  [40/96] gap=32.58518518518519 Df=89.60 Dr=93.51 MIA=57.36
  [41/96] gap=3.4740740740740765 Df=4.60 Dr=93.87 MIA=55.38
  [42/96] gap=1.9111111111111139 Df=0.00 Dr=93.33 MIA=54.76
  [43/96] gap=24.414814814814815 Df=66.40 Dr=93.93 MIA=56.47
  [44/96] gap=1.8074074074074058 Df=0.00 Dr=93.71 MIA=54.82
  [45/96] gap=10.451851851851854 Df=25.60 Dr=93.87 MIA=55.31
  [46/96] gap=1.6370370370370386 Df=0.20 Dr=93.64 MIA=54.04
  [47/96] gap=30.281481481481478 Df=82.80 Dr=93.73 MIA=57.47
  [48/96] gap=2.2888888888888856 Df=1.20 Dr=93.78 MIA=55.13
  [49/96] gap=1.3333333333333286 Df=0.00 Dr=93.98 MIA=53.67
  [50/96] gap=1.5555555555555525 Df=0.00 Dr=92.47 MIA=52.82
  [51/96] gap=4.237037037037039 Df=6.40 Dr=93.84 MIA=55.84
  [52/96] gap=1.155555555555554 Df=0.00 Dr=93.40 MIA=52.56
  [53/96] gap=1.7185185185185123 Df=0.00 Dr=93.98 MIA=54.82
  [54/96] gap=1.5333333333333314 Df=0.00 Dr=93.00 MIA=53.29
  [55/96] gap=21.311111111111114 Df=57.40 Dr=93.89 MIA=56.11
  [56/96] gap=1.8814814814814795 Df=0.00 Dr=93.53 MIA=54.87
  [57/96] gap=0.3703703703703738 Df=0.00 Dr=93.22 MIA=50.02
  [58/96] gap=0.7111111111111109 Df=0.00 Dr=92.18 MIA=50.00
  [59/96] gap=0.8666666666666648 Df=0.00 Dr=93.11 MIA=51.40
  [60/96] gap=0.8148148148148167 Df=0.00 Dr=91.87 MIA=50.00
  [61/96] gap=1.0444444444444443 Df=0.00 Dr=93.53 MIA=52.36
  [62/96] gap=0.45185185185184906 Df=0.00 Dr=92.96 MIA=50.00
  [63/96] gap=1.2370370370370385 Df=0.00 Dr=93.42 MIA=52.82
  [64/96] gap=0.8740740740740757 Df=0.00 Dr=92.51 MIA=50.82
  [65/96] gap=30.585185185185182 Df=83.60 Dr=93.82 MIA=57.67
  [66/96] gap=29.91851851851851 Df=82.20 Dr=93.67 MIA=56.91
  [67/96] gap=31.822222222222223 Df=87.00 Dr=93.62 MIA=57.78
  [68/96] gap=28.47407407407408 Df=78.60 Dr=93.53 MIA=56.04
  [69/96] gap=31.34814814814815 Df=86.40 Dr=93.69 MIA=57.02
  [70/96] gap=30.133333333333336 Df=82.80 Dr=93.69 MIA=56.98
  [71/96] gap=32.56296296296296 Df=90.00 Dr=93.82 MIA=57.20
  [72/96] gap=29.51111111111111 Df=81.00 Dr=93.69 MIA=56.91
  [73/96] gap=1.9555555555555557 Df=0.00 Dr=93.80 MIA=55.36
  [74/96] gap=1.6148148148148114 Df=0.00 Dr=92.76 MIA=53.29
  [75/96] gap=3.918518518518521 Df=6.20 Dr=93.80 MIA=55.04
  [76/96] gap=1.325925925925927 Df=0.00 Dr=93.38 MIA=53.04
  [77/96] gap=1.644444444444441 Df=0.00 Dr=93.98 MIA=54.60
  [78/96] gap=2.000000000000002 Df=0.00 Dr=93.16 MIA=54.84
  [79/96] gap=21.333333333333332 Df=56.80 Dr=93.89 MIA=56.78
  [80/96] gap=1.85185185185185 Df=0.00 Dr=93.67 MIA=54.91
  [81/96] gap=0.8740740740740757 Df=0.00 Dr=93.71 MIA=52.02
  [82/96] gap=1.829629629629629 Df=0.00 Dr=90.33 MIA=51.51
  [83/96] gap=1.5629629629629633 Df=0.00 Dr=93.80 MIA=54.18
  [84/96] gap=1.2370370370370363 Df=0.00 Dr=92.40 MIA=51.80
  [85/96] gap=0.9777777777777791 Df=0.00 Dr=94.00 MIA=52.62
  [86/96] gap=1.1629629629629623 Df=0.00 Dr=92.36 MIA=51.53
  [87/96] gap=1.5481481481481527 Df=0.60 Dr=93.84 MIA=53.58
  [88/96] gap=0.644444444444448 Df=0.00 Dr=93.07 MIA=50.69
  [89/96] gap=0.6370370370370372 Df=0.00 Dr=92.44 MIA=50.04
  [90/96] gap=1.1185185185185158 Df=0.00 Dr=90.96 MIA=50.00
  [91/96] gap=1.570370370370367 Df=0.00 Dr=92.47 MIA=52.87
  [92/96] gap=1.4888888888888872 Df=0.00 Dr=89.84 MIA=50.00
  [93/96] gap=0.9111111111111091 Df=0.00 Dr=93.00 MIA=51.42
  [94/96] gap=0.7407407407407405 Df=0.00 Dr=92.09 MIA=50.00
  [95/96] gap=0.7259259259259258 Df=0.00 Dr=93.09 MIA=50.96
  [96/96] gap=1.0000000000000024 Df=0.00 Dr=91.31 MIA=50.00
final test: mmu {'msteps': 3, 'lr': 0.001, 'epochs': 10, 'head_mode': 'independent', 'weighting': 'mrl', 'max_grad_norm': 5.0}
  Df=0.00 Dr=93.61 MIA=54.29 time=19.12s KL=0.0004

salun: 0/45 candidates complete
  [1/45] gap=23.881481481481483 Df=64.60 Dr=92.80 MIA=55.53
  [2/45] gap=22.414814814814815 Df=60.40 Dr=92.82 MIA=55.36
  [3/45] gap=21.985185185185184 Df=59.60 Dr=92.20 MIA=54.24
  [4/45] gap=21.9037037037037 Df=59.00 Dr=90.22 MIA=52.62
  [5/45] gap=22.170370370370367 Df=59.40 Dr=89.60 MIA=52.40
  [6/45] gap=14.4 Df=34.80 Dr=88.49 MIA=52.58
  [7/45] gap=2.08888888888889 Df=0.20 Dr=88.71 MIA=50.47
  [8/45] gap=1.3703703703703682 Df=0.20 Dr=90.20 MIA=49.80
  [9/45] gap=1.8666666666666671 Df=0.00 Dr=90.73 MIA=52.02
  [10/45] gap=23.807407407407407 Df=64.60 Dr=92.91 MIA=55.42
  [11/45] gap=22.71111111111111 Df=61.20 Dr=92.67 MIA=55.29
  [12/45] gap=22.037037037037035 Df=59.60 Dr=92.29 MIA=54.49
  [13/45] gap=21.622222222222216 Df=58.20 Dr=90.47 MIA=52.82
  [14/45] gap=22.266666666666662 Df=60.40 Dr=90.60 MIA=52.69
  [15/45] gap=14.955555555555556 Df=38.60 Dr=90.31 MIA=52.27
  [16/45] gap=1.5999999999999972 Df=0.40 Dr=89.93 MIA=49.49
  [17/45] gap=1.1999999999999982 Df=0.00 Dr=91.60 MIA=50.89
  [18/45] gap=1.3333333333333286 Df=0.00 Dr=91.62 MIA=51.31
  [19/45] gap=23.88148148148149 Df=64.60 Dr=92.87 MIA=55.60
  [20/45] gap=22.444444444444443 Df=60.80 Dr=92.76 MIA=54.98
  [21/45] gap=22.399999999999995 Df=60.00 Dr=92.38 MIA=55.27
  [22/45] gap=21.948148148148146 Df=58.60 Dr=90.44 MIA=53.38
  [23/45] gap=22.251851851851853 Df=59.40 Dr=90.51 MIA=53.56
  [24/45] gap=15.155555555555551 Df=39.40 Dr=90.11 MIA=51.87
  [25/45] gap=1.6814814814814796 Df=0.40 Dr=90.33 MIA=48.84
  [26/45] gap=1.7185185185185194 Df=0.00 Dr=91.67 MIA=52.51
  [27/45] gap=1.2518518518518509 Df=0.00 Dr=92.07 MIA=51.51
  [28/45] gap=23.762962962962963 Df=64.20 Dr=92.87 MIA=55.64
  [29/45] gap=22.65185185185185 Df=61.20 Dr=92.71 MIA=55.16
  [30/45] gap=22.14074074074074 Df=59.80 Dr=92.42 MIA=54.73
  [31/45] gap=22.01481481481481 Df=59.40 Dr=90.60 MIA=52.93
  [32/45] gap=22.637037037037032 Df=61.00 Dr=90.78 MIA=53.38
  [33/45] gap=15.392592592592592 Df=39.80 Dr=90.16 MIA=52.22
  [34/45] gap=2.066666666666664 Df=0.20 Dr=90.18 MIA=51.87
  [35/45] gap=1.259259259259262 Df=0.00 Dr=91.64 MIA=51.11
  [36/45] gap=1.2370370370370363 Df=0.00 Dr=92.09 MIA=51.49
  [37/45] gap=23.518518518518515 Df=64.00 Dr=92.82 MIA=55.07
  [38/45] gap=22.57037037037037 Df=61.00 Dr=92.82 MIA=55.22
  [39/45] gap=22.13333333333333 Df=59.80 Dr=92.40 MIA=54.69
  [40/45] gap=21.888888888888886 Df=59.00 Dr=90.47 MIA=52.82
  [41/45] gap=22.34814814814815 Df=60.60 Dr=90.82 MIA=52.96
  [42/45] gap=15.125925925925925 Df=38.40 Dr=90.09 MIA=52.76
  [43/45] gap=1.711111111111114 Df=0.40 Dr=90.07 MIA=50.49
  [44/45] gap=1.088888888888884 Df=0.00 Dr=91.62 MIA=50.58
  [45/45] gap=1.0666666666666675 Df=0.00 Dr=92.04 MIA=50.93
final test: salun {'sparsity': 0.7, 'lr': 0.01, 'epochs': 10}
  Df=0.00 Dr=91.50 MIA=51.32 time=25.42s KL=0.0002

uniclun: 0/27 candidates complete
  [1/27] gap=24.740740740740744 Df=66.80 Dr=92.87 MIA=55.98
  [2/27] gap=24.740740740740744 Df=66.80 Dr=92.87 MIA=55.98
  [3/27] gap=24.740740740740744 Df=66.80 Dr=92.87 MIA=55.98
  [4/27] gap=22.518518518518515 Df=60.40 Dr=92.80 MIA=55.64
  [5/27] gap=22.518518518518515 Df=60.40 Dr=92.80 MIA=55.64
  [6/27] gap=22.518518518518515 Df=60.40 Dr=92.80 MIA=55.64
  [7/27] gap=22.22962962962963 Df=58.80 Dr=92.49 MIA=56.07
  [8/27] gap=22.22962962962963 Df=58.80 Dr=92.49 MIA=56.07
  [9/27] gap=22.22962962962963 Df=58.80 Dr=92.49 MIA=56.07
  [10/27] gap=22.46666666666667 Df=61.20 Dr=91.76 MIA=53.64
  [11/27] gap=22.46666666666667 Df=61.20 Dr=91.76 MIA=53.64
  [12/27] gap=22.46666666666667 Df=61.20 Dr=91.76 MIA=53.64
  [13/27] gap=22.451851851851853 Df=63.60 Dr=91.38 MIA=50.82
  [14/27] gap=22.451851851851853 Df=63.60 Dr=91.38 MIA=50.82
  [15/27] gap=22.451851851851853 Df=63.60 Dr=91.38 MIA=50.82
  [16/27] gap=16.088888888888885 Df=42.80 Dr=90.56 MIA=51.71
  [17/27] gap=16.088888888888885 Df=42.80 Dr=90.56 MIA=51.71
  [18/27] gap=16.088888888888885 Df=42.80 Dr=90.56 MIA=51.71
  [19/27] gap=2.355555555555555 Df=0.80 Dr=91.38 MIA=53.33
  [20/27] gap=2.355555555555555 Df=0.80 Dr=91.38 MIA=53.33
  [21/27] gap=2.355555555555555 Df=0.80 Dr=91.38 MIA=53.33
  [22/27] gap=1.911111111111109 Df=0.00 Dr=92.09 MIA=53.51
  [23/27] gap=1.911111111111109 Df=0.00 Dr=92.09 MIA=53.51
  [24/27] gap=1.911111111111109 Df=0.00 Dr=92.09 MIA=53.51
  [25/27] gap=0.8222222222222252 Df=0.00 Dr=92.49 MIA=50.64
  [26/27] gap=0.8222222222222252 Df=0.00 Dr=92.49 MIA=50.64
  [27/27] gap=0.8222222222222252 Df=0.00 Dr=92.49 MIA=50.64
final test: uniclun {'lr': 0.01, 'epochs': 10, 'buffer_size': 250}
  Df=0.00 Dr=91.86 MIA=52.90 time=25.42s KL=0.0006

