loaded shared source and Amnesiac ledger
loaded shared Retrain reference
final test: baseline {}
  Df=94.90 Dr=95.21 MIA=55.62 time=0.00s KL=0.0219
final test: retrain {}
  Df=25.20 Dr=95.09 MIA=51.22 time=396.46s KL=0.0000

finetune: 0/12 candidates complete
  [1/12] gap=24.125925925925923 Df=94.60 Dr=96.04 MIA=55.04
  [2/12] gap=23.22222222222223 Df=91.60 Dr=95.96 MIA=55.42
  [3/12] gap=23.46666666666667 Df=92.80 Dr=96.11 MIA=54.80
  [4/12] gap=23.28148148148148 Df=92.20 Dr=96.31 MIA=54.64
  [5/12] gap=22.37037037037037 Df=89.00 Dr=94.38 MIA=53.93
  [6/12] gap=17.711111111111116 Df=75.80 Dr=94.80 MIA=53.58
  [7/12] gap=19.637037037037036 Df=81.60 Dr=95.07 MIA=53.82
  [8/12] gap=16.05925925925926 Df=70.20 Dr=95.27 MIA=54.69
  [9/12] gap=31.822222222222223 Df=6.60 Dr=22.24 MIA=52.16
  [10/12] gap=6.844444444444442 Df=38.40 Dr=88.91 MIA=48.67
  [11/12] gap=6.1037037037037045 Df=40.60 Dr=91.89 MIA=50.11
  [12/12] gap=7.066666666666669 Df=42.60 Dr=90.53 MIA=50.58
final test: finetune {'lr': 0.001, 'epochs': 10}
  Df=70.30 Dr=94.82 MIA=52.94 time=88.20s KL=0.0818

ssd: 0/25 candidates complete
  [1/25] gap=33.84444444444444 Df=0.00 Dr=22.22 MIA=51.60
  [2/25] gap=33.86666666666667 Df=0.00 Dr=22.22 MIA=51.67
  [3/25] gap=33.74074074074074 Df=0.00 Dr=22.22 MIA=49.87
  [4/25] gap=17.274074074074075 Df=75.60 Dr=93.33 MIA=51.00
  [5/25] gap=22.318518518518516 Df=91.00 Dr=96.00 MIA=53.27
  [6/25] gap=19.28148148148148 Df=48.40 Dr=60.80 MIA=49.47
  [7/25] gap=18.82962962962963 Df=49.80 Dr=64.07 MIA=48.96
  [8/25] gap=17.385185185185183 Df=49.80 Dr=68.40 MIA=48.96
  [9/25] gap=17.22962962962963 Df=75.40 Dr=93.38 MIA=51.11
  [10/25] gap=22.377777777777776 Df=91.00 Dr=96.00 MIA=53.44
  [11/25] gap=12.65925925925926 Df=62.00 Dr=94.11 MIA=51.53
  [12/25] gap=13.022222222222224 Df=63.40 Dr=94.27 MIA=51.38
  [13/25] gap=13.140740740740746 Df=64.60 Dr=94.42 MIA=50.69
  [14/25] gap=18.86666666666667 Df=80.60 Dr=95.42 MIA=52.87
  [15/25] gap=22.422222222222228 Df=91.20 Dr=96.02 MIA=53.36
  [16/25] gap=24.466666666666665 Df=96.40 Dr=96.02 MIA=54.29
  [17/25] gap=24.466666666666665 Df=96.40 Dr=96.02 MIA=54.29
  [18/25] gap=24.466666666666665 Df=96.40 Dr=96.02 MIA=54.29
  [19/25] gap=24.466666666666665 Df=96.40 Dr=96.02 MIA=54.29
  [20/25] gap=24.466666666666665 Df=96.40 Dr=96.02 MIA=54.29
  [21/25] gap=24.62962962962963 Df=96.40 Dr=96.00 MIA=54.80
  [22/25] gap=24.62962962962963 Df=96.40 Dr=96.00 MIA=54.80
  [23/25] gap=24.62962962962963 Df=96.40 Dr=96.00 MIA=54.80
  [24/25] gap=24.62962962962963 Df=96.40 Dr=96.00 MIA=54.80
  [25/25] gap=24.62962962962963 Df=96.40 Dr=96.00 MIA=54.80
final test: ssd {'alpha': 10.0, 'dampening_constant': 0.1}
  Df=79.10 Dr=94.11 MIA=53.87 time=10.12s KL=0.0603

badteacher: 0/36 candidates complete
  [1/36] gap=18.64444444444445 Df=78.00 Dr=95.27 MIA=54.64
  [2/36] gap=4.570370370370373 Df=30.00 Dr=90.69 MIA=55.84
  [3/36] gap=4.659259259259259 Df=34.20 Dr=92.64 MIA=53.87
  [4/36] gap=14.311111111111117 Df=63.20 Dr=94.27 MIA=55.44
  [5/36] gap=4.051851851851851 Df=29.40 Dr=91.09 MIA=55.29
  [6/36] gap=5.7777777777777795 Df=40.60 Dr=94.51 MIA=52.69
  [7/36] gap=9.77037037037037 Df=49.80 Dr=93.38 MIA=54.33
  [8/36] gap=3.340740740740744 Df=29.20 Dr=91.53 MIA=53.80
  [9/36] gap=4.933333333333336 Df=38.00 Dr=94.89 MIA=53.13
  [10/36] gap=6.022222222222222 Df=35.40 Dr=91.40 MIA=55.51
  [11/36] gap=2.7333333333333343 Df=29.20 Dr=92.76 MIA=53.20
  [12/36] gap=5.925925925925923 Df=42.20 Dr=95.16 MIA=52.18
  [13/36] gap=16.65925925925926 Df=71.80 Dr=95.00 MIA=54.62
  [14/36] gap=4.851851851851856 Df=31.00 Dr=91.00 MIA=56.00
  [15/36] gap=3.8740740740740818 Df=34.00 Dr=94.02 MIA=53.09
  [16/36] gap=9.207407407407413 Df=46.40 Dr=92.87 MIA=55.53
  [17/36] gap=4.644444444444447 Df=33.40 Dr=92.53 MIA=54.51
  [18/36] gap=6.340740740740743 Df=43.20 Dr=95.13 MIA=52.40
  [19/36] gap=6.562962962962971 Df=37.20 Dr=91.67 MIA=55.60
  [20/36] gap=3.837037037037039 Df=32.20 Dr=93.20 MIA=53.96
  [21/36] gap=4.562962962962967 Df=38.00 Dr=95.27 MIA=52.40
  [22/36] gap=4.918518518518521 Df=31.40 Dr=91.24 MIA=56.04
  [23/36] gap=3.7333333333333356 Df=33.20 Dr=94.42 MIA=53.87
  [24/36] gap=5.251851851851857 Df=39.80 Dr=95.42 MIA=52.82
  [25/36] gap=14.22962962962963 Df=63.20 Dr=94.29 MIA=55.22
  [26/36] gap=6.94074074074074 Df=39.80 Dr=92.96 MIA=55.42
  [27/36] gap=3.362962962962962 Df=34.20 Dr=94.93 MIA=52.27
  [28/36] gap=7.637037037037039 Df=41.00 Dr=92.40 MIA=55.76
  [29/36] gap=6.229629629629634 Df=40.40 Dr=94.64 MIA=54.38
  [30/36] gap=4.725925925925932 Df=37.40 Dr=95.42 MIA=53.64
  [31/36] gap=6.474074074074078 Df=37.60 Dr=92.04 MIA=55.31
  [32/36] gap=4.800000000000001 Df=37.00 Dr=95.13 MIA=53.98
  [33/36] gap=3.162962962962961 Df=33.00 Dr=95.29 MIA=53.22
  [34/36] gap=6.1481481481481515 Df=36.80 Dr=92.71 MIA=55.80
  [35/36] gap=3.2814814814814866 Df=33.20 Dr=95.56 MIA=53.64
  [36/36] gap=2.666666666666668 Df=31.60 Dr=95.49 MIA=53.33
final test: badteacher {'temperature': 4.0, 'epochs': 10, 'lr': 0.01}
  Df=32.60 Dr=94.91 MIA=53.88 time=19.91s KL=0.0220

unsir: 0/36 candidates complete
  [1/36] gap=25.244444444444444 Df=97.00 Dr=94.13 MIA=54.31
  [2/36] gap=24.0962962962963 Df=94.40 Dr=95.22 MIA=54.56
  [3/36] gap=19.303703703703704 Df=76.60 Dr=91.40 MIA=54.16
  [4/36] gap=20.459259259259255 Df=85.40 Dr=95.16 MIA=52.58
  [5/36] gap=12.466666666666667 Df=27.00 Dr=59.69 MIA=49.62
  [6/36] gap=5.288888888888889 Df=28.60 Dr=82.11 MIA=50.82
  [7/36] gap=24.9037037037037 Df=96.60 Dr=94.49 MIA=54.04
  [8/36] gap=23.970370370370365 Df=94.40 Dr=95.47 MIA=54.42
  [9/36] gap=20.348148148148148 Df=81.20 Dr=92.96 MIA=54.24
  [10/36] gap=20.659259259259258 Df=86.80 Dr=95.49 MIA=52.11
  [11/36] gap=16.244444444444444 Df=6.00 Dr=70.13 MIA=48.44
  [12/36] gap=6.496296296296297 Df=36.40 Dr=87.60 MIA=49.02
  [13/36] gap=24.822222222222223 Df=95.80 Dr=94.64 MIA=54.76
  [14/36] gap=23.62222222222223 Df=93.40 Dr=95.42 MIA=54.33
  [15/36] gap=19.681481481481487 Df=80.60 Dr=93.67 MIA=53.56
  [16/36] gap=20.42962962962963 Df=83.80 Dr=95.53 MIA=54.47
  [17/36] gap=13.037037037037036 Df=9.00 Dr=75.38 MIA=49.82
  [18/36] gap=7.185185185185187 Df=41.00 Dr=88.98 MIA=50.98
  [19/36] gap=25.214814814814815 Df=95.80 Dr=93.96 MIA=55.24
  [20/36] gap=24.392592592592592 Df=95.80 Dr=95.11 MIA=53.93
  [21/36] gap=19.748148148148154 Df=79.20 Dr=91.91 MIA=53.40
  [22/36] gap=20.177777777777777 Df=83.80 Dr=94.98 MIA=53.16
  [23/36] gap=17.740740740740744 Df=8.20 Dr=63.69 MIA=48.20
  [24/36] gap=6.740740740740737 Df=36.40 Dr=86.22 MIA=49.67
  [25/36] gap=24.977777777777778 Df=95.80 Dr=94.38 MIA=54.96
  [26/36] gap=24.177777777777777 Df=94.40 Dr=95.36 MIA=54.93
  [27/36] gap=19.6962962962963 Df=80.60 Dr=93.00 MIA=52.93
  [28/36] gap=19.548148148148147 Df=83.00 Dr=95.16 MIA=52.24
  [29/36] gap=15.874074074074075 Df=1.40 Dr=74.16 MIA=50.13
  [30/36] gap=7.970370370370369 Df=42.60 Dr=89.73 MIA=48.67
  [31/36] gap=24.91111111111111 Df=95.40 Dr=94.73 MIA=55.51
  [32/36] gap=23.977777777777778 Df=94.00 Dr=95.33 MIA=54.71
  [33/36] gap=20.77037037037037 Df=83.80 Dr=93.56 MIA=53.51
  [34/36] gap=21.911111111111115 Df=88.60 Dr=95.44 MIA=54.02
  [35/36] gap=14.718518518518517 Df=3.60 Dr=78.04 MIA=47.51
  [36/36] gap=8.362962962962962 Df=44.60 Dr=90.84 MIA=48.38
final test: unsir {'impair_epochs': 2, 'repair_epochs': 2, 'impair_lr': 0.01, 'repair_lr': 0.01}
  Df=82.00 Dr=94.36 MIA=53.63 time=5.85s KL=0.0207

scrub: 0/24 candidates complete
  [1/24] gap=23.992592592592597 Df=95.60 Dr=96.13 MIA=53.56
  [2/24] gap=24.355555555555554 Df=95.60 Dr=96.11 MIA=54.67
  [3/24] gap=23.829629629629625 Df=93.80 Dr=96.27 MIA=54.73
  [4/24] gap=24.444444444444443 Df=95.60 Dr=96.09 MIA=54.96
  [5/24] gap=24.34074074074074 Df=95.40 Dr=96.16 MIA=54.78
  [6/24] gap=24.28888888888889 Df=95.60 Dr=96.13 MIA=54.44
  [7/24] gap=22.059259259259264 Df=90.40 Dr=94.58 MIA=51.80
  [8/24] gap=23.733333333333334 Df=94.60 Dr=95.11 MIA=53.16
  [9/24] gap=23.740740740740744 Df=93.40 Dr=96.24 MIA=54.89
  [10/24] gap=23.599999999999998 Df=93.80 Dr=96.18 MIA=54.13
  [11/24] gap=23.000000000000004 Df=92.00 Dr=96.16 MIA=54.16
  [12/24] gap=24.029629629629625 Df=94.60 Dr=96.04 MIA=54.76
  [13/24] gap=22.451851851851853 Df=92.20 Dr=96.09 MIA=52.38
  [14/24] gap=23.414814814814815 Df=94.60 Dr=96.11 MIA=52.84
  [15/24] gap=21.16296296296297 Df=87.80 Dr=94.04 MIA=49.98
  [16/24] gap=22.844444444444445 Df=93.00 Dr=94.53 MIA=49.64
  [17/24] gap=22.392592592592592 Df=89.20 Dr=96.20 MIA=55.09
  [18/24] gap=23.222222222222225 Df=92.00 Dr=96.20 MIA=54.78
  [19/24] gap=21.266666666666673 Df=88.40 Dr=95.87 MIA=52.71
  [20/24] gap=23.22222222222223 Df=92.60 Dr=95.96 MIA=54.42
  [21/24] gap=21.12592592592593 Df=89.20 Dr=95.82 MIA=51.44
  [22/24] gap=22.422222222222228 Df=92.80 Dr=95.76 MIA=51.67
  [23/24] gap=20.051851851851854 Df=83.80 Dr=93.09 MIA=50.89
  [24/24] gap=20.91111111111111 Df=86.60 Dr=94.38 MIA=51.96
final test: scrub {'msteps': 3, 'lr': 0.005, 'epochs': 10, 'max_grad_norm': 5.0}
  Df=84.50 Dr=94.10 MIA=51.86 time=15.51s KL=0.0165

mmu: 0/96 candidates complete
  [1/96] gap=24.15555555555555 Df=95.80 Dr=96.04 MIA=53.93
  [2/96] gap=24.0 Df=95.80 Dr=95.96 MIA=53.56
  [3/96] gap=24.37777777777778 Df=95.80 Dr=95.96 MIA=54.69
  [4/96] gap=24.422222222222217 Df=95.60 Dr=96.11 MIA=54.87
  [5/96] gap=24.444444444444454 Df=96.00 Dr=95.87 MIA=54.64
  [6/96] gap=24.37037037037037 Df=95.60 Dr=95.89 MIA=54.84
  [7/96] gap=24.266666666666662 Df=96.40 Dr=96.00 MIA=53.71
  [8/96] gap=24.05925925925926 Df=95.60 Dr=96.04 MIA=53.84
  [9/96] gap=24.3037037037037 Df=94.80 Dr=96.22 MIA=55.20
  [10/96] gap=19.400000000000006 Df=80.80 Dr=95.64 MIA=54.49
  [11/96] gap=24.237037037037037 Df=95.20 Dr=96.20 MIA=54.62
  [12/96] gap=21.451851851851853 Df=87.20 Dr=96.04 MIA=54.42
  [13/96] gap=24.48888888888889 Df=95.80 Dr=96.11 MIA=54.87
  [14/96] gap=20.0962962962963 Df=83.00 Dr=95.80 MIA=54.53
  [15/96] gap=24.333333333333332 Df=95.40 Dr=96.02 MIA=54.89
  [16/96] gap=21.911111111111108 Df=88.80 Dr=96.04 MIA=54.20
  [17/96] gap=24.037037037037038 Df=95.00 Dr=96.02 MIA=54.40
  [18/96] gap=12.474074074074075 Df=58.60 Dr=93.93 MIA=54.20
  [19/96] gap=24.251851851851853 Df=95.40 Dr=95.89 MIA=54.69
  [20/96] gap=18.51111111111111 Df=77.80 Dr=95.51 MIA=54.69
  [21/96] gap=24.67407407407408 Df=96.40 Dr=95.87 MIA=54.93
  [22/96] gap=16.192592592592593 Df=72.20 Dr=95.13 MIA=52.96
  [23/96] gap=24.362962962962968 Df=96.00 Dr=95.87 MIA=54.40
  [24/96] gap=20.4 Df=84.20 Dr=96.07 MIA=54.24
  [25/96] gap=23.451851851851853 Df=94.80 Dr=95.18 MIA=52.18
  [26/96] gap=13.125925925925925 Df=0.00 Dr=85.11 MIA=48.82
  [27/96] gap=23.074074074074076 Df=92.20 Dr=94.58 MIA=53.04
  [28/96] gap=13.074074074074076 Df=0.80 Dr=85.09 MIA=48.20
  [29/96] gap=24.155555555555555 Df=95.80 Dr=95.47 MIA=53.58
  [30/96] gap=4.592592592592592 Df=37.00 Dr=92.38 MIA=50.56
  [31/96] gap=23.437037037037033 Df=94.20 Dr=95.11 MIA=52.67
  [32/96] gap=12.748148148148154 Df=62.20 Dr=94.40 MIA=51.89
  [33/96] gap=23.607407407407408 Df=94.60 Dr=95.96 MIA=53.58
  [34/96] gap=23.83703703703704 Df=93.40 Dr=95.91 MIA=55.47
  [35/96] gap=23.962962962962962 Df=95.60 Dr=96.00 MIA=53.60
  [36/96] gap=23.26666666666667 Df=92.40 Dr=95.93 MIA=54.78
  [37/96] gap=24.1037037037037 Df=94.60 Dr=96.18 MIA=54.84
  [38/96] gap=23.34814814814815 Df=92.60 Dr=96.00 MIA=54.76
  [39/96] gap=24.399999999999995 Df=95.60 Dr=96.07 MIA=54.84
  [40/96] gap=23.518518518518523 Df=92.60 Dr=96.09 MIA=55.18
  [41/96] gap=23.555555555555557 Df=93.20 Dr=96.09 MIA=54.69
  [42/96] gap=7.622222222222224 Df=42.60 Dr=91.82 MIA=53.53
  [43/96] gap=23.60740740740741 Df=93.60 Dr=96.02 MIA=54.51
  [44/96] gap=15.01481481481482 Df=66.40 Dr=94.44 MIA=54.53
  [45/96] gap=24.04444444444444 Df=94.80 Dr=96.09 MIA=54.56
  [46/96] gap=12.481481481481486 Df=57.60 Dr=93.69 MIA=54.98
  [47/96] gap=24.170370370370367 Df=94.40 Dr=96.09 MIA=55.33
  [48/96] gap=18.14814814814815 Df=77.00 Dr=95.31 MIA=54.20
  [49/96] gap=23.548148148148154 Df=93.60 Dr=96.02 MIA=54.33
  [50/96] gap=13.85925925925926 Df=0.00 Dr=85.09 MIA=46.64
  [51/96] gap=23.481481481481477 Df=94.20 Dr=96.00 MIA=53.56
  [52/96] gap=6.01481481481482 Df=39.60 Dr=91.49 MIA=51.38
  [53/96] gap=24.385185185185183 Df=95.40 Dr=95.93 MIA=55.13
  [54/96] gap=3.3037037037037016 Df=29.00 Dr=90.76 MIA=53.11
  [55/96] gap=24.303703703703704 Df=95.60 Dr=95.91 MIA=54.67
  [56/96] gap=13.577777777777788 Df=64.60 Dr=94.69 MIA=52.27
  [57/96] gap=22.251851851851853 Df=90.60 Dr=94.91 MIA=52.51
  [58/96] gap=13.33333333333333 Df=0.00 Dr=84.20 MIA=49.11
  [59/96] gap=20.94074074074074 Df=86.60 Dr=94.47 MIA=52.13
  [60/96] gap=12.125925925925927 Df=2.40 Dr=84.29 MIA=50.24
  [61/96] gap=23.81481481481482 Df=95.00 Dr=95.18 MIA=53.07
  [62/96] gap=12.770370370370367 Df=0.00 Dr=84.56 MIA=50.44
  [63/96] gap=22.74814814814815 Df=91.60 Dr=95.16 MIA=53.24
  [64/96] gap=9.666666666666666 Df=7.80 Dr=86.11 MIA=50.40
  [65/96] gap=23.21481481481482 Df=92.00 Dr=96.13 MIA=54.82
  [66/96] gap=22.37777777777778 Df=88.60 Dr=95.64 MIA=55.62
  [67/96] gap=23.75555555555556 Df=93.40 Dr=96.13 MIA=55.04
  [68/96] gap=21.67407407407408 Df=87.20 Dr=95.67 MIA=54.93
  [69/96] gap=23.46666666666667 Df=93.00 Dr=96.13 MIA=54.58
  [70/96] gap=22.05925925925926 Df=88.00 Dr=95.84 MIA=55.47
  [71/96] gap=24.32592592592592 Df=95.20 Dr=96.02 MIA=55.07
  [72/96] gap=22.577777777777783 Df=90.00 Dr=95.82 MIA=55.00
  [73/96] gap=21.888888888888896 Df=89.60 Dr=96.13 MIA=53.24
  [74/96] gap=12.725925925925928 Df=0.40 Dr=85.07 MIA=49.67
  [75/96] gap=22.637037037037036 Df=89.80 Dr=96.24 MIA=55.18
  [76/96] gap=4.333333333333332 Df=29.40 Dr=89.33 MIA=54.38
  [77/96] gap=23.65925925925926 Df=93.00 Dr=96.20 MIA=55.09
  [78/96] gap=5.577777777777782 Df=20.00 Dr=88.98 MIA=53.56
  [79/96] gap=24.251851851851853 Df=94.60 Dr=96.20 MIA=55.27
  [80/96] gap=12.4962962962963 Df=61.40 Dr=94.20 MIA=51.73
  [81/96] gap=21.422222222222228 Df=89.20 Dr=96.00 MIA=52.38
  [82/96] gap=14.088888888888889 Df=0.00 Dr=84.18 MIA=46.87
  [83/96] gap=22.177777777777777 Df=91.00 Dr=96.02 MIA=52.82
  [84/96] gap=13.429629629629632 Df=0.00 Dr=84.42 MIA=52.56
  [85/96] gap=23.488888888888898 Df=93.60 Dr=96.13 MIA=54.04
  [86/96] gap=13.629629629629628 Df=0.00 Dr=85.04 MIA=47.38
  [87/96] gap=23.9037037037037 Df=94.80 Dr=95.96 MIA=54.27
  [88/96] gap=5.888888888888887 Df=37.20 Dr=91.60 MIA=53.51
  [89/96] gap=21.725925925925925 Df=89.80 Dr=94.29 MIA=51.11
  [90/96] gap=14.014814814814814 Df=0.00 Dr=82.82 MIA=48.44
  [91/96] gap=19.755555555555556 Df=84.00 Dr=93.93 MIA=50.64
  [92/96] gap=13.651851851851852 Df=0.60 Dr=82.64 MIA=49.11
  [93/96] gap=22.540740740740745 Df=92.80 Dr=94.93 MIA=51.20
  [94/96] gap=13.103703703703703 Df=0.00 Dr=83.82 MIA=50.18
  [95/96] gap=22.118518518518528 Df=90.40 Dr=95.04 MIA=52.44
  [96/96] gap=8.437037037037037 Df=12.80 Dr=86.02 MIA=49.18
final test: mmu {'msteps': 1, 'lr': 0.001, 'epochs': 5, 'head_mode': 'independent', 'weighting': 'normalised', 'max_grad_norm': 5.0}
  Df=54.90 Dr=93.02 MIA=55.88 time=7.73s KL=0.0213

salun: 0/45 candidates complete
  [1/45] gap=17.629629629629633 Df=74.60 Dr=94.87 MIA=54.60
  [2/45] gap=16.274074074074075 Df=70.60 Dr=94.53 MIA=54.20
  [3/45] gap=16.08148148148149 Df=68.20 Dr=93.69 MIA=55.18
  [4/45] gap=14.940740740740742 Df=62.00 Dr=91.58 MIA=55.84
  [5/45] gap=9.933333333333339 Df=50.00 Dr=92.16 MIA=53.40
  [6/45] gap=9.785185185185188 Df=51.00 Dr=92.33 MIA=52.13
  [7/45] gap=11.281481481481485 Df=56.20 Dr=92.51 MIA=49.56
  [8/45] gap=17.88148148148148 Df=76.60 Dr=93.60 MIA=49.07
  [9/45] gap=13.688888888888892 Df=64.20 Dr=93.62 MIA=49.22
  [10/45] gap=17.674074074074074 Df=74.60 Dr=94.73 MIA=54.60
  [11/45] gap=16.496296296296304 Df=71.20 Dr=94.42 MIA=54.16
  [12/45] gap=16.259259259259263 Df=68.60 Dr=93.24 MIA=54.87
  [13/45] gap=14.874074074074072 Df=62.60 Dr=91.40 MIA=54.87
  [14/45] gap=11.533333333333337 Df=54.60 Dr=92.00 MIA=53.44
  [15/45] gap=12.511111111111108 Df=59.20 Dr=92.78 MIA=52.56
  [16/45] gap=12.4962962962963 Df=60.00 Dr=92.51 MIA=49.71
  [17/45] gap=18.177777777777777 Df=78.80 Dr=94.13 MIA=49.84
  [18/45] gap=14.792592592592591 Df=69.40 Dr=94.18 MIA=50.56
  [19/45] gap=17.81481481481482 Df=74.80 Dr=94.69 MIA=54.78
  [20/45] gap=16.83703703703704 Df=71.60 Dr=94.42 MIA=54.78
  [21/45] gap=16.51851851851852 Df=68.80 Dr=93.11 MIA=55.31
  [22/45] gap=15.325925925925928 Df=63.40 Dr=91.87 MIA=55.89
  [23/45] gap=12.06666666666667 Df=55.60 Dr=92.13 MIA=54.18
  [24/45] gap=12.325925925925928 Df=58.40 Dr=92.69 MIA=52.71
  [25/45] gap=11.466666666666667 Df=57.00 Dr=92.67 MIA=49.64
  [26/45] gap=18.67407407407408 Df=80.20 Dr=94.40 MIA=49.49
  [27/45] gap=15.814814814814817 Df=71.00 Dr=94.33 MIA=52.22
  [28/45] gap=17.70370370370371 Df=74.60 Dr=94.69 MIA=54.64
  [29/45] gap=16.68148148148148 Df=71.80 Dr=94.38 MIA=54.07
  [30/45] gap=16.50370370370371 Df=68.80 Dr=93.04 MIA=55.20
  [31/45] gap=15.081481481481482 Df=64.20 Dr=92.13 MIA=54.62
  [32/45] gap=12.488888888888889 Df=56.00 Dr=91.93 MIA=54.84
  [33/45] gap=12.39259259259259 Df=59.20 Dr=92.93 MIA=52.36
  [34/45] gap=13.25925925925926 Df=61.80 Dr=92.98 MIA=52.40
  [35/45] gap=17.985185185185188 Df=78.40 Dr=94.56 MIA=49.60
  [36/45] gap=15.088888888888897 Df=68.60 Dr=94.20 MIA=52.31
  [37/45] gap=17.948148148148153 Df=75.00 Dr=94.69 MIA=54.98
  [38/45] gap=16.6 Df=71.40 Dr=94.36 MIA=54.20
  [39/45] gap=16.451851851851853 Df=68.80 Dr=93.11 MIA=55.11
  [40/45] gap=15.000000000000002 Df=63.40 Dr=92.04 MIA=55.09
  [41/45] gap=11.585185185185187 Df=54.20 Dr=92.09 MIA=54.09
  [42/45] gap=12.281481481481483 Df=58.20 Dr=92.87 MIA=52.96
  [43/45] gap=12.659259259259263 Df=60.20 Dr=93.02 MIA=52.24
  [44/45] gap=17.585185185185185 Df=76.80 Dr=94.36 MIA=49.40
  [45/45] gap=15.044444444444439 Df=69.60 Dr=94.33 MIA=49.84
final test: salun {'sparsity': 0.7, 'lr': 0.01, 'epochs': 10}
  Df=67.50 Dr=93.54 MIA=52.93 time=23.82s KL=0.0150

uniclun: 0/27 candidates complete
  [1/27] gap=18.17777777777778 Df=76.00 Dr=94.80 MIA=54.78
  [2/27] gap=18.17777777777778 Df=76.00 Dr=94.80 MIA=54.78
  [3/27] gap=18.17777777777778 Df=76.00 Dr=94.80 MIA=54.78
  [4/27] gap=16.844444444444445 Df=73.00 Dr=94.56 MIA=53.53
  [5/27] gap=16.844444444444445 Df=73.00 Dr=94.56 MIA=53.53
  [6/27] gap=16.844444444444445 Df=73.00 Dr=94.56 MIA=53.53
  [7/27] gap=16.037037037037038 Df=69.00 Dr=93.60 MIA=54.16
  [8/27] gap=16.037037037037038 Df=69.00 Dr=93.60 MIA=54.16
  [9/27] gap=16.037037037037038 Df=69.00 Dr=93.60 MIA=54.16
  [10/27] gap=16.325925925925933 Df=67.80 Dr=92.64 MIA=55.27
  [11/27] gap=16.325925925925933 Df=67.80 Dr=92.64 MIA=55.27
  [12/27] gap=16.325925925925933 Df=67.80 Dr=92.64 MIA=55.27
  [13/27] gap=13.111111111111112 Df=60.60 Dr=92.82 MIA=53.00
  [14/27] gap=13.111111111111112 Df=60.60 Dr=92.82 MIA=53.00
  [15/27] gap=13.111111111111112 Df=60.60 Dr=92.82 MIA=53.00
  [16/27] gap=12.918518518518518 Df=60.40 Dr=93.11 MIA=52.91
  [17/27] gap=12.918518518518518 Df=60.40 Dr=93.11 MIA=52.91
  [18/27] gap=12.918518518518518 Df=60.40 Dr=93.11 MIA=52.91
  [19/27] gap=13.525925925925927 Df=61.80 Dr=93.27 MIA=47.67
  [20/27] gap=13.525925925925927 Df=61.80 Dr=93.27 MIA=47.67
  [21/27] gap=13.525925925925927 Df=61.80 Dr=93.27 MIA=47.67
  [22/27] gap=15.35555555555556 Df=68.40 Dr=94.51 MIA=47.53
  [23/27] gap=15.35555555555556 Df=68.40 Dr=94.51 MIA=47.53
  [24/27] gap=15.35555555555556 Df=68.40 Dr=94.51 MIA=47.53
  [25/27] gap=16.23703703703704 Df=71.40 Dr=94.87 MIA=53.62
  [26/27] gap=16.23703703703704 Df=71.40 Dr=94.87 MIA=53.62
  [27/27] gap=16.23703703703704 Df=71.40 Dr=94.87 MIA=53.62
final test: uniclun {'lr': 0.01, 'epochs': 5, 'buffer_size': 250}
  Df=66.50 Dr=93.66 MIA=49.65 time=10.92s KL=0.0218

