loaded shared source and Amnesiac ledger
loaded shared Retrain reference
final test: baseline {}
  Df=94.90 Dr=95.18 MIA=55.57 time=0.00s KL=0.0209
final test: retrain {}
  Df=26.90 Dr=95.23 MIA=48.18 time=551.56s KL=0.0000

finetune: 0/12 candidates complete
  [1/12] gap=25.133333333333336 Df=93.80 Dr=95.24 MIA=55.00
  [2/12] gap=23.67407407407407 Df=90.80 Dr=95.42 MIA=53.80
  [3/12] gap=24.32592592592592 Df=91.00 Dr=95.49 MIA=55.62
  [4/12] gap=24.13333333333333 Df=90.60 Dr=95.16 MIA=55.11
  [5/12] gap=22.459259259259255 Df=85.20 Dr=93.76 MIA=54.09
  [6/12] gap=18.62962962962963 Df=78.00 Dr=94.24 MIA=50.29
  [7/12] gap=19.911111111111108 Df=80.00 Dr=93.82 MIA=51.71
  [8/12] gap=16.437037037037033 Df=71.00 Dr=94.16 MIA=50.62
  [9/12] gap=28.503703703703696 Df=16.80 Dr=20.27 MIA=50.33
  [10/12] gap=5.76296296296296 Df=21.00 Dr=85.18 MIA=51.22
  [11/12] gap=6.111111111111111 Df=36.60 Dr=91.69 MIA=51.58
  [12/12] gap=2.5555555555555522 Df=22.20 Dr=91.82 MIA=49.44
final test: finetune {'lr': 0.001, 'epochs': 10}
  Df=70.60 Dr=93.73 MIA=54.73 time=55.70s KL=0.0967

ssd: 0/25 candidates complete
  [1/25] gap=33.27407407407407 Df=0.00 Dr=22.22 MIA=49.80
  [2/25] gap=33.0 Df=0.00 Dr=22.22 MIA=48.36
  [3/25] gap=33.18518518518518 Df=0.00 Dr=22.22 MIA=49.53
  [4/25] gap=23.666666666666668 Df=84.00 Dr=86.47 MIA=51.62
  [5/25] gap=25.066666666666663 Df=93.40 Dr=95.18 MIA=55.13
  [6/25] gap=28.881481481481483 Df=1.80 Dr=36.38 MIA=52.58
  [7/25] gap=27.881481481481476 Df=2.20 Dr=37.76 MIA=51.36
  [8/25] gap=26.948148148148146 Df=3.80 Dr=40.84 MIA=53.24
  [9/25] gap=23.54814814814814 Df=83.60 Dr=86.51 MIA=51.71
  [10/25] gap=24.777777777777782 Df=93.40 Dr=95.22 MIA=54.31
  [11/25] gap=24.037037037037027 Df=91.80 Dr=92.93 MIA=51.40
  [12/25] gap=23.91851851851851 Df=91.80 Dr=93.13 MIA=51.24
  [13/25] gap=24.0 Df=91.40 Dr=93.36 MIA=52.11
  [14/25] gap=24.207407407407413 Df=91.60 Dr=94.40 MIA=53.58
  [15/25] gap=24.762962962962963 Df=93.40 Dr=95.22 MIA=54.27
  [16/25] gap=25.577777777777772 Df=94.80 Dr=95.44 MIA=55.53
  [17/25] gap=25.577777777777772 Df=94.80 Dr=95.44 MIA=55.53
  [18/25] gap=25.585185185185182 Df=94.80 Dr=95.42 MIA=55.53
  [19/25] gap=25.59259259259259 Df=94.80 Dr=95.44 MIA=55.58
  [20/25] gap=25.599999999999998 Df=94.80 Dr=95.42 MIA=55.58
  [21/25] gap=25.585185185185182 Df=94.80 Dr=95.47 MIA=55.58
  [22/25] gap=25.585185185185182 Df=94.80 Dr=95.47 MIA=55.58
  [23/25] gap=25.585185185185182 Df=94.80 Dr=95.47 MIA=55.58
  [24/25] gap=25.585185185185182 Df=94.80 Dr=95.47 MIA=55.58
  [25/25] gap=25.585185185185182 Df=94.80 Dr=95.47 MIA=55.58
final test: ssd {'alpha': 10.0, 'dampening_constant': 5.0}
  Df=95.70 Dr=94.98 MIA=55.34 time=7.24s KL=0.0176

badteacher: 0/36 candidates complete
  [1/36] gap=18.92592592592592 Df=75.60 Dr=94.89 MIA=54.22
  [2/36] gap=4.75555555555555 Df=30.60 Dr=90.96 MIA=52.78
  [3/36] gap=5.592592592592589 Df=37.00 Dr=92.64 MIA=50.58
  [4/36] gap=13.407407407407407 Df=58.00 Dr=94.07 MIA=54.44
  [5/36] gap=4.859259259259258 Df=30.80 Dr=90.73 MIA=52.67
  [6/36] gap=7.770370370370369 Df=43.40 Dr=94.18 MIA=52.24
  [7/36] gap=9.711111111111105 Df=46.20 Dr=92.96 MIA=54.04
  [8/36] gap=4.629629629629626 Df=30.60 Dr=91.11 MIA=52.56
  [9/36] gap=4.570370370370369 Df=34.20 Dr=94.27 MIA=51.93
  [10/36] gap=6.733333333333328 Df=35.00 Dr=91.11 MIA=54.47
  [11/36] gap=4.79259259259259 Df=33.40 Dr=92.31 MIA=51.44
  [12/36] gap=3.3999999999999972 Df=31.00 Dr=94.36 MIA=51.71
  [13/36] gap=16.792592592592595 Df=68.40 Dr=94.51 MIA=54.64
  [14/36] gap=4.674074074074071 Df=31.00 Dr=91.22 MIA=52.40
  [15/36] gap=6.340740740740736 Df=38.40 Dr=94.11 MIA=52.89
  [16/36] gap=9.074074074074074 Df=43.60 Dr=92.67 MIA=54.44
  [17/36] gap=5.496296296296294 Df=35.00 Dr=92.09 MIA=51.73
  [18/36] gap=6.4148148148148145 Df=39.80 Dr=95.02 MIA=52.62
  [19/36] gap=6.518518518518513 Df=35.20 Dr=91.56 MIA=54.07
  [20/36] gap=4.725925925925917 Df=34.60 Dr=92.98 MIA=50.71
  [21/36] gap=3.9999999999999964 Df=33.40 Dr=94.71 MIA=51.47
  [22/36] gap=5.274074074074075 Df=31.80 Dr=90.98 MIA=53.16
  [23/36] gap=3.0296296296296297 Df=31.80 Dr=94.07 MIA=49.51
  [24/36] gap=3.429629629629627 Df=30.00 Dr=95.07 MIA=53.51
  [25/36] gap=12.999999999999995 Df=58.20 Dr=94.13 MIA=53.09
  [26/36] gap=7.837037037037029 Df=42.00 Dr=92.96 MIA=52.62
  [27/36] gap=6.311111111111109 Df=41.20 Dr=94.87 MIA=50.76
  [28/36] gap=6.637037037037036 Df=38.00 Dr=92.18 MIA=52.24
  [29/36] gap=6.222222222222218 Df=40.40 Dr=93.98 MIA=50.40
  [30/36] gap=5.896296296296293 Df=39.00 Dr=95.29 MIA=52.13
  [31/36] gap=5.666666666666663 Df=35.20 Dr=92.00 MIA=51.96
  [32/36] gap=5.007407407407405 Df=36.60 Dr=94.56 MIA=51.13
  [33/36] gap=3.1703703703703687 Df=29.60 Dr=94.73 MIA=52.80
  [34/36] gap=6.096296296296291 Df=36.40 Dr=92.29 MIA=52.33
  [35/36] gap=3.133333333333334 Df=33.80 Dr=94.96 MIA=48.62
  [36/36] gap=1.8148148148148155 Df=27.80 Dr=95.29 MIA=51.09
final test: badteacher {'temperature': 4.0, 'epochs': 10, 'lr': 0.01}
  Df=24.40 Dr=94.71 MIA=54.40 time=16.97s KL=0.0209

unsir: 0/36 candidates complete
  [1/36] gap=25.696296296296293 Df=96.80 Dr=93.33 MIA=51.78
  [2/36] gap=24.59259259259259 Df=93.60 Dr=94.80 MIA=53.13
  [3/36] gap=23.785185185185185 Df=89.60 Dr=90.60 MIA=50.51
  [4/36] gap=20.01481481481481 Df=82.60 Dr=93.67 MIA=49.27
  [5/36] gap=14.162962962962963 Df=5.80 Dr=72.89 MIA=48.93
  [6/36] gap=18.733333333333334 Df=73.80 Dr=88.49 MIA=48.29
  [7/36] gap=26.303703703703693 Df=96.40 Dr=93.38 MIA=54.04
  [8/36] gap=24.08148148148148 Df=93.80 Dr=94.69 MIA=51.29
  [9/36] gap=23.222222222222218 Df=89.80 Dr=91.93 MIA=49.96
  [10/36] gap=21.311111111111103 Df=86.60 Dr=94.13 MIA=49.62
  [11/36] gap=10.05925925925926 Df=41.60 Dr=82.04 MIA=48.78
  [12/36] gap=20.08888888888889 Df=77.60 Dr=88.98 MIA=49.80
  [13/36] gap=25.925925925925924 Df=96.20 Dr=93.71 MIA=53.44
  [14/36] gap=25.199999999999992 Df=94.80 Dr=94.96 MIA=53.91
  [15/36] gap=23.066666666666674 Df=89.60 Dr=92.84 MIA=50.60
  [16/36] gap=21.62962962962963 Df=88.00 Dr=94.56 MIA=49.60
  [17/36] gap=13.133333333333335 Df=52.80 Dr=84.89 MIA=49.64
  [18/36] gap=17.11111111111111 Df=70.00 Dr=91.07 MIA=50.56
  [19/36] gap=26.61481481481481 Df=97.00 Dr=92.62 MIA=53.62
  [20/36] gap=25.42962962962962 Df=95.20 Dr=94.47 MIA=53.71
  [21/36] gap=23.85925925925926 Df=90.20 Dr=90.51 MIA=50.04
  [22/36] gap=21.451851851851853 Df=86.40 Dr=94.09 MIA=50.20
  [23/36] gap=10.711111111111114 Df=12.00 Dr=78.09 MIA=47.36
  [24/36] gap=21.2 Df=80.80 Dr=89.58 MIA=50.53
  [25/36] gap=24.925925925925924 Df=96.60 Dr=93.27 MIA=49.60
  [26/36] gap=24.644444444444435 Df=94.00 Dr=94.78 MIA=52.87
  [27/36] gap=23.859259259259257 Df=90.40 Dr=92.18 MIA=51.51
  [28/36] gap=21.666666666666668 Df=86.80 Dr=94.02 MIA=50.38
  [29/36] gap=9.659259259259255 Df=42.80 Dr=85.20 MIA=49.53
  [30/36] gap=17.429629629629623 Df=72.40 Dr=91.82 MIA=49.87
  [31/36] gap=26.370370370370363 Df=96.60 Dr=93.27 MIA=53.93
  [32/36] gap=24.01481481481481 Df=95.00 Dr=94.58 MIA=49.78
  [33/36] gap=23.28888888888889 Df=90.40 Dr=92.69 MIA=50.31
  [34/36] gap=21.75555555555555 Df=87.80 Dr=94.24 MIA=49.87
  [35/36] gap=12.925925925925931 Df=55.00 Dr=87.20 MIA=48.20
  [36/36] gap=17.933333333333334 Df=73.80 Dr=91.87 MIA=50.02
final test: unsir {'impair_epochs': 2, 'repair_epochs': 1, 'impair_lr': 0.01, 'repair_lr': 0.01}
  Df=87.30 Dr=93.69 MIA=54.12 time=3.25s KL=0.0200

scrub: 0/24 candidates complete
  [1/24] gap=25.155555555555555 Df=95.00 Dr=95.20 MIA=53.82
  [2/24] gap=25.377777777777776 Df=94.40 Dr=95.38 MIA=55.27
  [3/24] gap=25.451851851851846 Df=94.60 Dr=95.18 MIA=55.09
  [4/24] gap=25.474074074074068 Df=94.40 Dr=95.36 MIA=55.53
  [5/24] gap=25.207407407407405 Df=94.80 Dr=95.09 MIA=54.07
  [6/24] gap=25.599999999999998 Df=94.80 Dr=95.44 MIA=55.60
  [7/24] gap=23.85185185185186 Df=90.40 Dr=94.02 MIA=53.33
  [8/24] gap=23.83703703703703 Df=90.80 Dr=94.64 MIA=53.51
  [9/24] gap=24.56296296296296 Df=92.40 Dr=95.67 MIA=55.11
  [10/24] gap=25.118518518518517 Df=93.60 Dr=95.49 MIA=55.40
  [11/24] gap=24.555555555555554 Df=91.80 Dr=95.44 MIA=55.47
  [12/24] gap=25.111111111111104 Df=94.40 Dr=95.40 MIA=54.49
  [13/24] gap=24.007407407407403 Df=92.20 Dr=95.11 MIA=53.09
  [14/24] gap=24.977777777777778 Df=93.60 Dr=95.36 MIA=54.84
  [15/24] gap=21.22222222222222 Df=83.20 Dr=93.69 MIA=52.31
  [16/24] gap=23.05925925925926 Df=87.00 Dr=94.20 MIA=54.53
  [17/24] gap=23.266666666666662 Df=88.60 Dr=95.62 MIA=54.98
  [18/24] gap=24.437037037037033 Df=91.80 Dr=95.67 MIA=55.33
  [19/24] gap=22.274074074074075 Df=87.40 Dr=95.58 MIA=53.16
  [20/24] gap=24.688888888888894 Df=92.20 Dr=95.38 MIA=55.40
  [21/24] gap=22.177777777777774 Df=87.80 Dr=95.02 MIA=51.91
  [22/24] gap=24.311111111111106 Df=92.20 Dr=95.02 MIA=53.91
  [23/24] gap=21.1037037037037 Df=81.80 Dr=92.84 MIA=52.51
  [24/24] gap=21.71111111111111 Df=85.20 Dr=93.76 MIA=51.84
final test: scrub {'msteps': 3, 'lr': 0.005, 'epochs': 10, 'max_grad_norm': 5.0}
  Df=84.60 Dr=93.51 MIA=53.04 time=11.90s KL=0.0158

mmu: 0/96 candidates complete
  [1/96] gap=25.177777777777774 Df=94.80 Dr=95.31 MIA=54.20
  [2/96] gap=25.118518518518517 Df=94.80 Dr=95.24 MIA=53.96
  [3/96] gap=25.44444444444444 Df=94.60 Dr=95.27 MIA=55.16
  [4/96] gap=24.91851851851851 Df=94.20 Dr=95.24 MIA=53.96
  [5/96] gap=25.281481481481475 Df=95.20 Dr=95.29 MIA=54.09
  [6/96] gap=25.399999999999995 Df=94.80 Dr=95.36 MIA=54.91
  [7/96] gap=25.562962962962967 Df=94.80 Dr=95.40 MIA=55.44
  [8/96] gap=25.503703703703696 Df=94.60 Dr=95.33 MIA=55.40
  [9/96] gap=25.185185185185176 Df=94.20 Dr=95.51 MIA=55.02
  [10/96] gap=19.429629629629623 Df=76.60 Dr=95.11 MIA=54.96
  [11/96] gap=25.399999999999995 Df=94.20 Dr=95.42 MIA=55.58
  [12/96] gap=21.822222222222223 Df=84.20 Dr=95.62 MIA=55.04
  [13/96] gap=25.540740740740734 Df=94.80 Dr=95.33 MIA=55.31
  [14/96] gap=20.614814814814814 Df=80.20 Dr=95.53 MIA=55.33
  [15/96] gap=25.733333333333324 Df=94.40 Dr=95.49 MIA=56.44
  [16/96] gap=23.511111111111106 Df=88.80 Dr=95.87 MIA=55.44
  [17/96] gap=25.192592592592593 Df=94.80 Dr=95.20 MIA=54.13
  [18/96] gap=10.503703703703703 Df=49.00 Dr=93.33 MIA=54.00
  [19/96] gap=25.355555555555554 Df=93.80 Dr=95.53 MIA=55.96
  [20/96] gap=17.85185185185185 Df=73.20 Dr=95.04 MIA=53.56
  [21/96] gap=25.53333333333333 Df=95.00 Dr=95.24 MIA=55.00
  [22/96] gap=15.65185185185185 Df=66.40 Dr=95.00 MIA=53.71
  [23/96] gap=25.85925925925925 Df=94.80 Dr=95.51 MIA=56.44
  [24/96] gap=21.59259259259259 Df=83.00 Dr=95.82 MIA=55.53
  [25/96] gap=23.955555555555552 Df=91.80 Dr=94.31 MIA=52.53
  [26/96] gap=13.140740740740739 Df=0.00 Dr=84.53 MIA=51.71
  [27/96] gap=21.32592592592592 Df=85.40 Dr=94.00 MIA=50.73
  [28/96] gap=12.95555555555555 Df=0.80 Dr=84.60 MIA=52.02
  [29/96] gap=25.051851851851847 Df=93.80 Dr=94.44 MIA=53.96
  [30/96] gap=4.222222222222218 Df=30.00 Dr=91.93 MIA=52.76
  [31/96] gap=23.503703703703707 Df=89.20 Dr=94.69 MIA=54.16
  [32/96] gap=14.370370370370368 Df=62.60 Dr=94.82 MIA=53.49
  [33/96] gap=24.607407407407397 Df=93.00 Dr=95.51 MIA=54.49
  [34/96] gap=24.607407407407408 Df=92.60 Dr=95.58 MIA=54.96
  [35/96] gap=25.34074074074074 Df=94.60 Dr=95.11 MIA=54.69
  [36/96] gap=24.548148148148144 Df=92.40 Dr=95.49 MIA=54.89
  [37/96] gap=25.34814814814814 Df=94.00 Dr=95.44 MIA=55.64
  [38/96] gap=24.311111111111103 Df=91.80 Dr=95.69 MIA=54.98
  [39/96] gap=25.370370370370367 Df=94.60 Dr=95.38 MIA=55.04
  [40/96] gap=24.62222222222222 Df=92.20 Dr=95.71 MIA=55.53
  [41/96] gap=24.422222222222228 Df=92.00 Dr=95.58 MIA=55.00
  [42/96] gap=5.866666666666666 Df=32.60 Dr=90.80 MIA=53.96
  [43/96] gap=25.14814814814814 Df=93.40 Dr=95.31 MIA=55.51
  [44/96] gap=12.85185185185185 Df=57.20 Dr=93.78 MIA=53.29
  [45/96] gap=25.65185185185185 Df=94.80 Dr=95.38 MIA=55.69
  [46/96] gap=10.548148148148147 Df=49.40 Dr=93.44 MIA=53.84
  [47/96] gap=25.28888888888888 Df=94.20 Dr=95.49 MIA=55.31
  [48/96] gap=17.748148148148143 Df=72.40 Dr=95.22 MIA=54.22
  [49/96] gap=24.444444444444443 Df=92.80 Dr=95.31 MIA=54.00
  [50/96] gap=13.355555555555554 Df=0.00 Dr=84.73 MIA=52.56
  [51/96] gap=25.0 Df=93.00 Dr=95.67 MIA=55.82
  [52/96] gap=4.9703703703703646 Df=20.20 Dr=89.84 MIA=52.71
  [53/96] gap=25.24444444444444 Df=94.20 Dr=95.24 MIA=54.93
  [54/96] gap=7.044444444444447 Df=15.60 Dr=88.96 MIA=53.44
  [55/96] gap=24.15555555555555 Df=94.20 Dr=95.60 MIA=52.02
  [56/96] gap=13.607407407407406 Df=59.40 Dr=94.73 MIA=54.31
  [57/96] gap=23.481481481481477 Df=89.40 Dr=94.13 MIA=53.33
  [58/96] gap=13.874074074074068 Df=0.00 Dr=82.96 MIA=52.33
  [59/96] gap=20.866666666666664 Df=84.60 Dr=94.02 MIA=50.18
  [60/96] gap=13.407407407407403 Df=0.00 Dr=83.16 MIA=51.13
  [61/96] gap=24.59259259259259 Df=92.40 Dr=93.96 MIA=53.49
  [62/96] gap=13.6 Df=0.00 Dr=83.80 MIA=52.36
  [63/96] gap=23.962962962962962 Df=91.20 Dr=94.49 MIA=53.33
  [64/96] gap=9.488888888888887 Df=9.60 Dr=86.73 MIA=52.56
  [65/96] gap=24.007407407407403 Df=91.20 Dr=95.80 MIA=54.60
  [66/96] gap=22.888888888888886 Df=87.20 Dr=95.71 MIA=55.33
  [67/96] gap=24.859259259259257 Df=93.40 Dr=95.51 MIA=54.84
  [68/96] gap=22.28888888888888 Df=85.40 Dr=95.56 MIA=55.18
  [69/96] gap=24.874074074074077 Df=93.00 Dr=95.40 MIA=55.18
  [70/96] gap=22.925925925925924 Df=87.40 Dr=95.64 MIA=55.18
  [71/96] gap=25.251851851851843 Df=94.20 Dr=95.53 MIA=55.24
  [72/96] gap=22.881481481481476 Df=87.40 Dr=95.69 MIA=55.09
  [73/96] gap=23.370370370370367 Df=89.20 Dr=95.64 MIA=54.71
  [74/96] gap=13.644444444444446 Df=0.00 Dr=84.36 MIA=53.04
  [75/96] gap=23.296296296296294 Df=89.80 Dr=95.71 MIA=53.96
  [76/96] gap=10.725925925925921 Df=7.60 Dr=86.40 MIA=53.93
  [77/96] gap=25.251851851851853 Df=93.40 Dr=95.44 MIA=55.96
  [78/96] gap=9.777777777777777 Df=9.40 Dr=86.91 MIA=53.40
  [79/96] gap=24.844444444444445 Df=92.60 Dr=95.71 MIA=55.80
  [80/96] gap=10.081481481481477 Df=48.00 Dr=93.47 MIA=53.87
  [81/96] gap=23.125925925925923 Df=88.80 Dr=95.36 MIA=54.09
  [82/96] gap=13.79259259259259 Df=0.00 Dr=84.09 MIA=53.22
  [83/96] gap=23.740740740740744 Df=89.40 Dr=95.73 MIA=55.67
  [84/96] gap=13.896296296296292 Df=0.00 Dr=84.18 MIA=53.62
  [85/96] gap=24.496296296296304 Df=93.60 Dr=95.24 MIA=53.29
  [86/96] gap=13.511111111111111 Df=0.00 Dr=84.62 MIA=52.91
  [87/96] gap=24.844444444444445 Df=92.60 Dr=95.73 MIA=55.78
  [88/96] gap=4.459259259259256 Df=21.40 Dr=90.33 MIA=52.87
  [89/96] gap=22.62222222222222 Df=88.00 Dr=93.67 MIA=51.69
  [90/96] gap=14.503703703703701 Df=0.00 Dr=81.13 MIA=52.40
  [91/96] gap=18.407407407407405 Df=77.40 Dr=93.76 MIA=49.73
  [92/96] gap=14.422222222222219 Df=0.00 Dr=81.56 MIA=52.58
  [93/96] gap=24.014814814814816 Df=91.60 Dr=94.22 MIA=52.82
  [94/96] gap=14.288888888888883 Df=0.00 Dr=82.76 MIA=53.38
  [95/96] gap=23.0962962962963 Df=88.80 Dr=94.62 MIA=53.27
  [96/96] gap=12.399999999999993 Df=3.60 Dr=84.49 MIA=53.04
final test: mmu {'msteps': 2, 'lr': 0.0005, 'epochs': 5, 'head_mode': 'tied', 'weighting': 'normalised', 'max_grad_norm': 5.0}
  Df=58.60 Dr=93.24 MIA=55.00 time=6.32s KL=0.0205

salun: 0/45 candidates complete
  [1/45] gap=18.948148148148146 Df=75.40 Dr=94.29 MIA=53.89
  [2/45] gap=17.62962962962962 Df=71.60 Dr=93.98 MIA=53.42
  [3/45] gap=16.999999999999996 Df=69.80 Dr=93.62 MIA=52.98
  [4/45] gap=17.622222222222216 Df=70.00 Dr=92.22 MIA=53.24
  [5/45] gap=12.481481481481474 Df=53.40 Dr=90.42 MIA=52.62
  [6/45] gap=13.214814814814813 Df=58.60 Dr=92.04 MIA=51.24
  [7/45] gap=6.088888888888882 Df=36.20 Dr=90.64 MIA=50.87
  [8/45] gap=11.585185185185184 Df=54.60 Dr=93.09 MIA=51.40
  [9/45] gap=20.9037037037037 Df=82.60 Dr=93.22 MIA=51.49
  [10/45] gap=18.84444444444444 Df=75.60 Dr=94.38 MIA=53.47
  [11/45] gap=17.518518518518512 Df=71.60 Dr=94.00 MIA=53.11
  [12/45] gap=17.46666666666666 Df=70.20 Dr=93.47 MIA=53.82
  [13/45] gap=17.844444444444434 Df=70.80 Dr=92.13 MIA=53.02
  [14/45] gap=13.140740740740744 Df=55.40 Dr=90.51 MIA=52.69
  [15/45] gap=13.57037037037037 Df=59.40 Dr=92.24 MIA=51.71
  [16/45] gap=3.46666666666666 Df=28.20 Dr=90.73 MIA=51.09
  [17/45] gap=8.703703703703699 Df=47.20 Dr=92.93 MIA=50.00
  [18/45] gap=20.644444444444442 Df=81.60 Dr=93.38 MIA=51.87
  [19/45] gap=18.940740740740736 Df=75.60 Dr=94.36 MIA=53.73
  [20/45] gap=17.58518518518518 Df=71.80 Dr=93.91 MIA=53.02
  [21/45] gap=17.533333333333324 Df=70.40 Dr=93.60 MIA=53.96
  [22/45] gap=17.85925925925926 Df=71.20 Dr=92.16 MIA=52.69
  [23/45] gap=13.155555555555551 Df=56.00 Dr=90.42 MIA=52.04
  [24/45] gap=13.629629629629628 Df=59.20 Dr=92.18 MIA=52.02
  [25/45] gap=6.622222222222219 Df=35.20 Dr=90.36 MIA=53.18
  [26/45] gap=9.888888888888884 Df=50.60 Dr=92.93 MIA=50.16
  [27/45] gap=18.918518518518518 Df=77.60 Dr=93.64 MIA=50.96
  [28/45] gap=18.911111111111104 Df=75.60 Dr=94.38 MIA=53.67
  [29/45] gap=17.54814814814814 Df=71.60 Dr=93.98 MIA=53.18
  [30/45] gap=17.43703703703703 Df=70.20 Dr=93.64 MIA=53.91
  [31/45] gap=17.985185185185177 Df=71.40 Dr=92.40 MIA=53.11
  [32/45] gap=12.881481481481478 Df=54.20 Dr=90.47 MIA=53.07
  [33/45] gap=13.807407407407405 Df=60.20 Dr=92.29 MIA=51.67
  [34/45] gap=3.674074074074074 Df=27.80 Dr=91.53 MIA=52.91
  [35/45] gap=10.42222222222222 Df=51.20 Dr=92.89 MIA=51.11
  [36/45] gap=19.437037037037033 Df=78.80 Dr=93.53 MIA=51.20
  [37/45] gap=19.014814814814812 Df=75.80 Dr=94.36 MIA=53.76
  [38/45] gap=17.57777777777777 Df=71.60 Dr=93.93 MIA=53.22
  [39/45] gap=17.34074074074073 Df=70.40 Dr=93.60 MIA=53.38
  [40/45] gap=17.792592592592587 Df=70.40 Dr=92.16 MIA=53.29
  [41/45] gap=12.496296296296288 Df=54.00 Dr=90.42 MIA=52.07
  [42/45] gap=13.407407407407407 Df=59.80 Dr=92.36 MIA=50.93
  [43/45] gap=4.096296296296295 Df=28.60 Dr=90.69 MIA=52.53
  [44/45] gap=8.52592592592592 Df=45.00 Dr=93.13 MIA=51.87
  [45/45] gap=20.12592592592592 Df=81.00 Dr=93.38 MIA=50.91
final test: salun {'sparsity': 0.3, 'lr': 0.0001, 'epochs': 5}
  Df=72.70 Dr=93.92 MIA=56.48 time=9.66s KL=0.0208

uniclun: 0/27 candidates complete
  [1/27] gap=18.48888888888889 Df=74.40 Dr=94.36 MIA=53.58
  [2/27] gap=18.48888888888889 Df=74.40 Dr=94.36 MIA=53.58
  [3/27] gap=18.48888888888889 Df=74.40 Dr=94.36 MIA=53.58
  [4/27] gap=17.97037037037037 Df=72.20 Dr=94.04 MIA=53.91
  [5/27] gap=17.97037037037037 Df=72.20 Dr=94.04 MIA=53.91
  [6/27] gap=17.97037037037037 Df=72.20 Dr=94.04 MIA=53.91
  [7/27] gap=17.711111111111105 Df=70.60 Dr=93.47 MIA=54.16
  [8/27] gap=17.711111111111105 Df=70.60 Dr=93.47 MIA=54.16
  [9/27] gap=17.711111111111105 Df=70.60 Dr=93.47 MIA=54.16
  [10/27] gap=16.33333333333333 Df=66.80 Dr=91.64 MIA=52.00
  [11/27] gap=16.33333333333333 Df=66.80 Dr=91.64 MIA=52.00
  [12/27] gap=16.33333333333333 Df=66.80 Dr=91.64 MIA=52.00
  [13/27] gap=13.881481481481474 Df=59.80 Dr=91.62 MIA=51.62
  [14/27] gap=13.881481481481474 Df=59.80 Dr=91.62 MIA=51.62
  [15/27] gap=13.881481481481474 Df=59.80 Dr=91.62 MIA=51.62
  [16/27] gap=13.140740740740737 Df=60.40 Dr=92.40 MIA=49.58
  [17/27] gap=13.140740740740737 Df=60.40 Dr=92.40 MIA=49.58
  [18/27] gap=13.140740740740737 Df=60.40 Dr=92.40 MIA=49.58
  [19/27] gap=17.02962962962963 Df=70.00 Dr=93.22 MIA=52.47
  [20/27] gap=17.02962962962963 Df=70.00 Dr=93.22 MIA=52.47
  [21/27] gap=17.02962962962963 Df=70.00 Dr=93.22 MIA=52.47
  [22/27] gap=17.718518518518515 Df=73.00 Dr=93.80 MIA=52.11
  [23/27] gap=17.718518518518515 Df=73.00 Dr=93.80 MIA=52.11
  [24/27] gap=17.718518518518515 Df=73.00 Dr=93.80 MIA=52.11
  [25/27] gap=17.348148148148145 Df=72.80 Dr=94.13 MIA=51.53
  [26/27] gap=17.348148148148145 Df=72.80 Dr=94.13 MIA=51.53
  [27/27] gap=17.348148148148145 Df=72.80 Dr=94.13 MIA=51.53
final test: uniclun {'lr': 0.0001, 'epochs': 5, 'buffer_size': 250}
  Df=72.50 Dr=94.02 MIA=56.88 time=9.41s KL=0.0209

