loaded shared source and Amnesiac ledger
loaded shared Retrain reference
final test: baseline {}
  Df=93.50 Dr=92.68 MIA=57.44 time=0.00s KL=0.0319
final test: retrain {}
  Df=0.00 Dr=93.62 MIA=51.63 time=727.40s KL=0.0000
final test: amnesiac {}
  Df=0.00 Dr=11.11 MIA=49.49 time=0.00s KL=1.2345

finetune: 0/12 candidates complete
  [1/12] gap=32.85925925925926 Df=90.40 Dr=93.42 MIA=57.40
  [2/12] gap=31.607407407407408 Df=88.20 Dr=93.36 MIA=55.78
  [3/12] gap=31.311111111111106 Df=87.00 Dr=93.60 MIA=56.33
  [4/12] gap=29.1037037037037 Df=81.40 Dr=93.71 MIA=55.42
  [5/12] gap=17.23703703703704 Df=45.60 Dr=90.98 MIA=52.89
  [6/12] gap=5.592592592592593 Df=11.00 Dr=90.62 MIA=52.20
  [7/12] gap=3.696296296296296 Df=4.40 Dr=91.69 MIA=54.18
  [8/12] gap=0.9777777777777782 Df=0.20 Dr=92.04 MIA=50.58
  [9/12] gap=4.1185185185185205 Df=0.00 Dr=82.76 MIA=49.98
  [10/12] gap=3.3259259259259273 Df=0.00 Dr=86.09 MIA=49.02
  [11/12] gap=2.6148148148148187 Df=0.00 Dr=87.80 MIA=49.44
  [12/12] gap=1.6666666666666643 Df=0.00 Dr=89.71 MIA=50.51
final test: finetune {'lr': 0.0001, 'epochs': 10}
  Df=78.70 Dr=92.70 MIA=56.84 time=74.58s KL=0.0312

ssd: 0/25 candidates complete
  [1/25] gap=28.24444444444445 Df=0.00 Dr=12.78 MIA=47.58
  [2/25] gap=23.911111111111108 Df=0.00 Dr=23.02 MIA=50.33
  [3/25] gap=12.000000000000005 Df=1.00 Dr=60.80 MIA=49.29
  [4/25] gap=33.214814814814815 Df=92.40 Dr=92.53 MIA=55.58
  [5/25] gap=33.84444444444444 Df=94.40 Dr=93.11 MIA=56.04
  [6/25] gap=27.8962962962963 Df=75.80 Dr=90.89 MIA=54.58
  [7/25] gap=28.674074074074074 Df=78.60 Dr=91.07 MIA=54.29
  [8/25] gap=29.274074074074075 Df=80.20 Dr=91.42 MIA=54.84
  [9/25] gap=33.237037037037034 Df=92.40 Dr=92.51 MIA=55.62
  [10/25] gap=33.88148148148148 Df=94.40 Dr=93.11 MIA=56.16
  [11/25] gap=33.19259259259259 Df=92.00 Dr=92.31 MIA=55.69
  [12/25] gap=33.24444444444444 Df=92.00 Dr=92.31 MIA=55.84
  [13/25] gap=33.22962962962963 Df=92.00 Dr=92.36 MIA=55.84
  [14/25] gap=33.785185185185185 Df=94.00 Dr=92.56 MIA=55.71
  [15/25] gap=33.88148148148148 Df=94.40 Dr=93.11 MIA=56.16
  [16/25] gap=33.785185185185185 Df=95.00 Dr=93.42 MIA=55.58
  [17/25] gap=33.800000000000004 Df=95.00 Dr=93.42 MIA=55.62
  [18/25] gap=33.800000000000004 Df=95.00 Dr=93.42 MIA=55.62
  [19/25] gap=33.74814814814815 Df=95.00 Dr=93.42 MIA=55.47
  [20/25] gap=33.73333333333333 Df=95.00 Dr=93.42 MIA=55.42
  [21/25] gap=33.21481481481481 Df=94.20 Dr=93.36 MIA=54.60
  [22/25] gap=33.21481481481481 Df=94.20 Dr=93.36 MIA=54.60
  [23/25] gap=33.21481481481481 Df=94.20 Dr=93.36 MIA=54.60
  [24/25] gap=33.21481481481481 Df=94.20 Dr=93.36 MIA=54.60
  [25/25] gap=33.21481481481481 Df=94.20 Dr=93.36 MIA=54.60
final test: ssd {'alpha': 100.0, 'dampening_constant': 0.1}
  Df=93.50 Dr=92.66 MIA=57.44 time=9.16s KL=0.0319

badteacher: 0/36 candidates complete
  [1/36] gap=23.57777777777778 Df=64.00 Dr=93.16 MIA=55.69
  [2/36] gap=6.088888888888889 Df=11.80 Dr=92.91 MIA=55.18
  [3/36] gap=7.14074074074074 Df=16.20 Dr=92.16 MIA=53.18
  [4/36] gap=15.48148148148148 Df=40.00 Dr=93.29 MIA=55.53
  [5/36] gap=6.496296296296293 Df=13.00 Dr=92.40 MIA=54.69
  [6/36] gap=8.962962962962964 Df=22.20 Dr=91.71 MIA=52.20
  [7/36] gap=11.088888888888889 Df=26.80 Dr=93.13 MIA=55.40
  [8/36] gap=6.940740740740735 Df=15.20 Dr=92.60 MIA=54.02
  [9/36] gap=7.414814814814815 Df=17.40 Dr=91.44 MIA=52.09
  [10/36] gap=7.170370370370371 Df=15.00 Dr=92.89 MIA=55.20
  [11/36] gap=6.7037037037037015 Df=14.20 Dr=92.51 MIA=54.22
  [12/36] gap=4.97777777777778 Df=12.40 Dr=92.53 MIA=50.02
  [13/36] gap=19.140740740740736 Df=50.80 Dr=93.31 MIA=55.73
  [14/36] gap=5.474074074074072 Df=10.60 Dr=92.73 MIA=54.36
  [15/36] gap=10.78518518518519 Df=27.20 Dr=91.84 MIA=52.80
  [16/36] gap=10.214814814814815 Df=24.00 Dr=93.07 MIA=55.51
  [17/36] gap=6.881481481481482 Df=14.60 Dr=92.91 MIA=54.76
  [18/36] gap=6.437037037037037 Df=15.00 Dr=92.71 MIA=52.82
  [19/36] gap=7.592592592592592 Df=16.20 Dr=93.00 MIA=55.38
  [20/36] gap=6.748148148148147 Df=15.40 Dr=92.93 MIA=53.58
  [21/36] gap=3.992592592592588 Df=7.20 Dr=92.64 MIA=53.22
  [22/36] gap=6.859259259259258 Df=13.20 Dr=92.73 MIA=55.91
  [23/36] gap=5.585185185185188 Df=12.20 Dr=92.84 MIA=53.20
  [24/36] gap=2.1259259259259253 Df=2.80 Dr=93.27 MIA=52.64
  [25/36] gap=15.903703703703705 Df=40.60 Dr=93.24 MIA=56.16
  [26/36] gap=6.118518518518518 Df=12.60 Dr=93.29 MIA=54.84
  [27/36] gap=6.7407407407407405 Df=15.00 Dr=92.84 MIA=53.87
  [28/36] gap=8.162962962962958 Df=18.40 Dr=93.13 MIA=55.02
  [29/36] gap=5.82222222222222 Df=13.00 Dr=93.44 MIA=53.71
  [30/36] gap=1.7777777777777752 Df=0.20 Dr=93.53 MIA=54.47
  [31/36] gap=6.970370370370368 Df=14.60 Dr=93.09 MIA=55.20
  [32/36] gap=5.525925925925925 Df=12.40 Dr=93.27 MIA=53.24
  [33/36] gap=2.1185185185185196 Df=1.20 Dr=93.27 MIA=54.22
  [34/36] gap=6.0296296296296275 Df=12.40 Dr=93.49 MIA=54.98
  [35/36] gap=3.651851851851852 Df=5.60 Dr=93.36 MIA=54.51
  [36/36] gap=1.5629629629629609 Df=0.00 Dr=93.47 MIA=53.96
final test: badteacher {'temperature': 4.0, 'epochs': 10, 'lr': 0.01}
  Df=0.40 Dr=92.83 MIA=55.20 time=18.83s KL=0.0318

unsir: 0/36 candidates complete
  [1/36] gap=36.214814814814815 Df=98.20 Dr=89.49 MIA=55.73
  [2/36] gap=31.748148148148147 Df=87.40 Dr=92.76 MIA=56.40
  [3/36] gap=34.229629629629635 Df=91.00 Dr=85.91 MIA=53.40
  [4/36] gap=15.05185185185185 Df=38.80 Dr=92.20 MIA=54.36
  [5/36] gap=27.785185185185185 Df=63.40 Dr=77.00 MIA=52.76
  [6/36] gap=2.962962962962962 Df=0.00 Dr=87.04 MIA=51.73
  [7/36] gap=35.577777777777776 Df=97.60 Dr=91.18 MIA=56.11
  [8/36] gap=31.34814814814815 Df=86.20 Dr=92.82 MIA=56.47
  [9/36] gap=32.3037037037037 Df=87.60 Dr=88.80 MIA=53.91
  [10/36] gap=13.962962962962962 Df=37.20 Dr=92.62 MIA=53.11
  [11/36] gap=20.051851851851847 Df=45.40 Dr=81.58 MIA=52.13
  [12/36] gap=2.2592592592592595 Df=0.00 Dr=88.82 MIA=49.49
  [13/36] gap=35.2962962962963 Df=96.80 Dr=91.24 MIA=56.13
  [14/36] gap=30.48148148148148 Df=84.60 Dr=92.69 MIA=55.33
  [15/36] gap=30.659259259259255 Df=83.60 Dr=89.91 MIA=54.09
  [16/36] gap=14.955555555555556 Df=39.00 Dr=92.69 MIA=54.36
  [17/36] gap=17.125925925925923 Df=38.80 Dr=83.69 MIA=52.07
  [18/36] gap=2.059259259259259 Df=0.00 Dr=88.98 MIA=50.96
  [19/36] gap=35.66666666666666 Df=97.40 Dr=90.02 MIA=55.42
  [20/36] gap=32.41481481481481 Df=89.80 Dr=92.16 MIA=55.40
  [21/36] gap=34.34074074074074 Df=91.00 Dr=86.13 MIA=53.96
  [22/36] gap=20.54814814814814 Df=56.60 Dr=92.20 MIA=53.04
  [23/36] gap=28.733333333333338 Df=67.60 Dr=78.64 MIA=53.04
  [24/36] gap=2.370370370370369 Df=0.00 Dr=88.09 MIA=51.00
  [25/36] gap=35.237037037037034 Df=96.80 Dr=91.00 MIA=55.71
  [26/36] gap=31.940740740740736 Df=88.60 Dr=92.62 MIA=55.64
  [27/36] gap=32.044444444444444 Df=86.20 Dr=88.51 MIA=54.24
  [28/36] gap=20.740740740740737 Df=56.60 Dr=92.64 MIA=54.07
  [29/36] gap=19.76296296296296 Df=47.40 Dr=83.64 MIA=51.33
  [30/36] gap=2.0814814814814793 Df=0.20 Dr=89.47 MIA=51.31
  [31/36] gap=34.54814814814815 Df=96.20 Dr=91.71 MIA=54.96
  [32/36] gap=31.46666666666667 Df=88.20 Dr=92.91 MIA=54.91
  [33/36] gap=31.34814814814815 Df=85.60 Dr=89.96 MIA=54.20
  [34/36] gap=21.599999999999994 Df=59.60 Dr=92.51 MIA=53.51
  [35/36] gap=17.081481481481482 Df=40.40 Dr=85.71 MIA=52.36
  [36/36] gap=1.844444444444446 Df=0.00 Dr=89.96 MIA=51.29
final test: unsir {'impair_epochs': 1, 'repair_epochs': 3, 'impair_lr': 0.01, 'repair_lr': 0.01}
  Df=33.20 Dr=92.07 MIA=55.01 time=5.28s KL=0.0328

scrub: 0/24 candidates complete
  [1/24] gap=33.8 Df=93.80 Dr=93.29 MIA=56.69
  [2/24] gap=33.73333333333333 Df=94.00 Dr=93.49 MIA=56.49
  [3/24] gap=27.162962962962965 Df=75.40 Dr=93.89 MIA=55.78
  [4/24] gap=31.888888888888886 Df=89.00 Dr=93.73 MIA=56.20
  [5/24] gap=2.9259259259259256 Df=2.60 Dr=93.87 MIA=55.84
  [6/24] gap=27.733333333333334 Df=78.20 Dr=94.04 MIA=54.84
  [7/24] gap=1.1925925925925966 Df=0.00 Dr=93.07 MIA=48.44
  [8/24] gap=1.0148148148148148 Df=0.00 Dr=93.11 MIA=48.93
  [9/24] gap=32.2962962962963 Df=89.60 Dr=93.76 MIA=56.84
  [10/24] gap=32.84444444444445 Df=90.60 Dr=93.62 MIA=57.36
  [11/24] gap=1.8148148148148167 Df=0.00 Dr=93.87 MIA=55.11
  [12/24] gap=3.096296296296296 Df=3.80 Dr=94.09 MIA=55.38
  [13/24] gap=1.333333333333331 Df=0.00 Dr=93.89 MIA=53.69
  [14/24] gap=2.4518518518518513 Df=0.00 Dr=93.87 MIA=57.02
  [15/24] gap=1.2444444444444447 Df=0.00 Dr=92.42 MIA=51.96
  [16/24] gap=1.5037037037037067 Df=0.00 Dr=92.89 MIA=47.69
  [17/24] gap=29.296296296296294 Df=81.00 Dr=93.76 MIA=56.44
  [18/24] gap=30.47407407407407 Df=84.60 Dr=94.02 MIA=56.64
  [19/24] gap=1.2666666666666657 Df=0.00 Dr=93.89 MIA=53.49
  [20/24] gap=2.5629629629629584 Df=0.00 Dr=94.09 MIA=57.58
  [21/24] gap=1.8740740740740733 Df=0.00 Dr=93.71 MIA=55.13
  [22/24] gap=1.3555555555555543 Df=0.00 Dr=93.91 MIA=53.78
  [23/24] gap=2.1629629629629576 Df=0.00 Dr=90.73 MIA=53.02
  [24/24] gap=1.5037037037037067 Df=0.00 Dr=92.07 MIA=48.51
final test: scrub {'msteps': 3, 'lr': 0.0005, 'epochs': 10, 'max_grad_norm': 5.0}
  Df=0.00 Dr=93.09 MIA=53.91 time=15.24s KL=0.0325

mmu: 0/96 candidates complete
  [1/96] gap=34.21481481481481 Df=94.40 Dr=93.38 MIA=57.42
  [2/96] gap=34.29629629629629 Df=94.60 Dr=93.29 MIA=57.38
  [3/96] gap=33.71111111111111 Df=93.80 Dr=93.53 MIA=56.67
  [4/96] gap=33.555555555555564 Df=93.40 Dr=93.53 MIA=56.60
  [5/96] gap=33.22222222222222 Df=93.40 Dr=93.58 MIA=55.64
  [6/96] gap=33.85185185185185 Df=93.60 Dr=93.38 MIA=57.13
  [7/96] gap=33.718518518518515 Df=94.00 Dr=93.40 MIA=56.36
  [8/96] gap=33.62962962962963 Df=93.60 Dr=93.44 MIA=56.53
  [9/96] gap=29.866666666666664 Df=83.80 Dr=93.91 MIA=55.51
  [10/96] gap=21.23703703703703 Df=57.20 Dr=93.98 MIA=56.29
  [11/96] gap=32.37777777777777 Df=91.00 Dr=93.69 MIA=55.62
  [12/96] gap=23.022222222222226 Df=62.60 Dr=93.84 MIA=56.11
  [13/96] gap=32.59259259259259 Df=91.20 Dr=93.73 MIA=56.11
  [14/96] gap=21.259259259259256 Df=57.60 Dr=94.04 MIA=56.02
  [15/96] gap=32.81481481481481 Df=93.00 Dr=93.64 MIA=54.89
  [16/96] gap=25.866666666666664 Df=70.80 Dr=93.98 MIA=56.58
  [17/96] gap=16.022222222222215 Df=42.40 Dr=93.98 MIA=55.44
  [18/96] gap=2.377777777777775 Df=0.00 Dr=93.80 MIA=56.73
  [19/96] gap=30.762962962962963 Df=85.80 Dr=93.69 MIA=55.98
  [20/96] gap=2.7185185185185183 Df=0.20 Dr=93.80 MIA=57.56
  [21/96] gap=31.222222222222218 Df=88.20 Dr=93.76 MIA=55.02
  [22/96] gap=2.133333333333335 Df=0.00 Dr=93.80 MIA=56.00
  [23/96] gap=32.99259259259259 Df=92.00 Dr=93.64 MIA=56.42
  [24/96] gap=3.9703703703703646 Df=5.20 Dr=93.98 MIA=56.49
  [25/96] gap=2.3629629629629654 Df=0.00 Dr=93.16 MIA=56.04
  [26/96] gap=0.6518518518518567 Df=0.00 Dr=93.24 MIA=49.89
  [27/96] gap=1.6518518518518535 Df=0.20 Dr=93.22 MIA=53.78
  [28/96] gap=2.074074074074074 Df=0.00 Dr=93.56 MIA=55.58
  [29/96] gap=18.748148148148147 Df=50.60 Dr=93.27 MIA=54.71
  [30/96] gap=0.7185185185185196 Df=0.00 Dr=93.82 MIA=49.11
  [31/96] gap=31.222222222222218 Df=87.60 Dr=93.22 MIA=55.09
  [32/96] gap=1.140740740740739 Df=0.00 Dr=93.76 MIA=52.98
  [33/96] gap=32.955555555555556 Df=91.40 Dr=93.64 MIA=56.91
  [34/96] gap=32.51111111111111 Df=90.40 Dr=93.73 MIA=56.67
  [35/96] gap=33.162962962962965 Df=92.40 Dr=93.62 MIA=56.51
  [36/96] gap=32.422222222222224 Df=89.60 Dr=93.51 MIA=56.98
  [37/96] gap=33.08148148148148 Df=92.60 Dr=93.67 MIA=56.11
  [38/96] gap=32.6 Df=90.60 Dr=93.40 MIA=56.40
  [39/96] gap=33.13333333333333 Df=93.00 Dr=93.58 MIA=55.78
  [40/96] gap=32.25185185185185 Df=89.40 Dr=93.76 MIA=56.91
  [41/96] gap=2.6222222222222213 Df=2.20 Dr=94.11 MIA=55.58
  [42/96] gap=2.2888888888888914 Df=0.00 Dr=93.33 MIA=56.00
  [43/96] gap=24.977777777777778 Df=69.60 Dr=94.04 MIA=55.18
  [44/96] gap=2.4296296296296283 Df=0.00 Dr=93.62 MIA=56.71
  [45/96] gap=15.518518518518519 Df=40.20 Dr=93.82 MIA=55.98
  [46/96] gap=2.562962962962961 Df=0.00 Dr=93.64 MIA=57.13
  [47/96] gap=30.792592592592595 Df=86.20 Dr=93.89 MIA=55.87
  [48/96] gap=1.6222222222222238 Df=0.20 Dr=93.82 MIA=54.29
  [49/96] gap=2.1703703703703687 Df=0.00 Dr=94.00 MIA=56.31
  [50/96] gap=2.214814814814813 Df=0.00 Dr=92.42 MIA=54.87
  [51/96] gap=3.8370370370370375 Df=4.40 Dr=94.07 MIA=56.98
  [52/96] gap=2.318518518518516 Df=0.00 Dr=93.38 MIA=56.13
  [53/96] gap=2.377777777777775 Df=0.00 Dr=93.73 MIA=56.67
  [54/96] gap=2.370370370370374 Df=0.00 Dr=93.02 MIA=55.93
  [55/96] gap=24.925925925925924 Df=69.40 Dr=94.02 MIA=55.20
  [56/96] gap=2.5777777777777757 Df=0.00 Dr=93.67 MIA=57.20
  [57/96] gap=1.1629629629629648 Df=0.00 Dr=93.09 MIA=48.51
  [58/96] gap=0.9333333333333348 Df=0.00 Dr=92.29 MIA=50.00
  [59/96] gap=0.7629629629629614 Df=0.00 Dr=92.96 MIA=51.04
  [60/96] gap=1.014814814814817 Df=0.00 Dr=91.93 MIA=50.11
  [61/96] gap=0.43703703703703667 Df=0.00 Dr=93.38 MIA=50.49
  [62/96] gap=0.7629629629629614 Df=0.00 Dr=92.80 MIA=50.00
  [63/96] gap=0.9111111111111162 Df=0.00 Dr=93.24 MIA=49.11
  [64/96] gap=0.47407407407407004 Df=0.00 Dr=93.29 MIA=50.51
  [65/96] gap=30.785185185185185 Df=85.40 Dr=93.82 MIA=56.58
  [66/96] gap=29.503703703703703 Df=80.60 Dr=93.49 MIA=57.20
  [67/96] gap=32.05185185185186 Df=88.40 Dr=93.91 MIA=57.47
  [68/96] gap=29.022222222222222 Df=79.40 Dr=93.78 MIA=57.24
  [69/96] gap=31.28888888888889 Df=88.00 Dr=93.84 MIA=55.51
  [70/96] gap=29.75555555555555 Df=83.60 Dr=93.80 MIA=55.27
  [71/96] gap=32.68148148148148 Df=91.80 Dr=93.67 MIA=55.71
  [72/96] gap=29.444444444444443 Df=81.40 Dr=93.89 MIA=56.62
  [73/96] gap=2.3407407407407397 Df=0.00 Dr=94.11 MIA=56.93
  [74/96] gap=2.9111111111111114 Df=0.00 Dr=92.33 MIA=56.87
  [75/96] gap=3.0592592592592642 Df=3.40 Dr=94.02 MIA=55.60
  [76/96] gap=3.0444444444444394 Df=0.00 Dr=93.40 MIA=58.33
  [77/96] gap=2.1925925925925895 Df=0.00 Dr=93.96 MIA=56.33
  [78/96] gap=2.9481481481481473 Df=0.00 Dr=92.73 MIA=57.38
  [79/96] gap=22.637037037037043 Df=61.40 Dr=94.02 MIA=56.33
  [80/96] gap=2.281481481481483 Df=0.00 Dr=93.53 MIA=56.18
  [81/96] gap=1.9777777777777743 Df=0.00 Dr=93.96 MIA=55.69
  [82/96] gap=2.5925925925925903 Df=0.00 Dr=89.36 MIA=52.93
  [83/96] gap=1.39259259259259 Df=0.00 Dr=93.91 MIA=53.89
  [84/96] gap=2.1037037037036987 Df=0.00 Dr=92.31 MIA=54.42
  [85/96] gap=2.7037037037037024 Df=0.00 Dr=94.00 MIA=57.91
  [86/96] gap=1.6666666666666643 Df=0.00 Dr=91.73 MIA=52.53
  [87/96] gap=1.911111111111109 Df=1.00 Dr=94.00 MIA=54.53
  [88/96] gap=1.6518518518518472 Df=0.00 Dr=93.11 MIA=53.87
  [89/96] gap=0.7777777777777786 Df=0.00 Dr=92.56 MIA=50.20
  [90/96] gap=1.1925925925925966 Df=0.00 Dr=91.51 MIA=50.00
  [91/96] gap=1.2444444444444471 Df=0.00 Dr=92.40 MIA=48.96
  [92/96] gap=1.4148148148148156 Df=0.00 Dr=90.84 MIA=50.00
  [93/96] gap=0.6962962962962985 Df=0.00 Dr=93.53 MIA=49.47
  [94/96] gap=0.9555555555555557 Df=0.00 Dr=92.22 MIA=50.00
  [95/96] gap=0.6740740740740776 Df=0.00 Dr=92.89 MIA=50.18
  [96/96] gap=0.7777777777777809 Df=0.00 Dr=92.36 MIA=50.40
final test: mmu {'msteps': 3, 'lr': 0.0005, 'epochs': 5, 'head_mode': 'independent', 'weighting': 'mrl', 'max_grad_norm': 5.0}
  Df=0.00 Dr=93.30 MIA=54.47 time=8.65s KL=0.0323

salun: 0/45 candidates complete
  [1/45] gap=24.888888888888896 Df=67.80 Dr=92.69 MIA=55.36
  [2/45] gap=23.481481481481477 Df=63.60 Dr=92.42 MIA=55.07
  [3/45] gap=21.94814814814815 Df=57.80 Dr=91.84 MIA=55.69
  [4/45] gap=22.696296296296293 Df=58.60 Dr=89.78 MIA=55.07
  [5/45] gap=22.148148148148152 Df=55.60 Dr=89.60 MIA=56.24
  [6/45] gap=10.688888888888883 Df=21.80 Dr=87.87 MIA=53.93
  [7/45] gap=2.9629629629629606 Df=0.20 Dr=86.44 MIA=50.93
  [8/45] gap=2.474074074074077 Df=0.00 Dr=87.71 MIA=50.93
  [9/45] gap=2.274074074074079 Df=0.00 Dr=88.33 MIA=49.93
  [10/45] gap=25.0 Df=68.00 Dr=92.78 MIA=55.58
  [11/45] gap=23.407407407407405 Df=63.40 Dr=92.40 MIA=55.02
  [12/45] gap=21.62962962962963 Df=57.40 Dr=92.20 MIA=55.49
  [13/45] gap=21.985185185185184 Df=58.00 Dr=90.33 MIA=54.09
  [14/45] gap=22.73333333333333 Df=58.80 Dr=89.58 MIA=54.78
  [15/45] gap=12.325925925925924 Df=25.80 Dr=88.76 MIA=55.73
  [16/45] gap=2.348148148148148 Df=0.00 Dr=89.07 MIA=48.98
  [17/45] gap=1.659259259259258 Df=0.00 Dr=90.24 MIA=49.87
  [18/45] gap=1.7555555555555553 Df=0.00 Dr=89.73 MIA=50.09
  [19/45] gap=25.051851851851847 Df=68.00 Dr=92.76 MIA=55.71
  [20/45] gap=23.311111111111114 Df=63.20 Dr=92.53 MIA=55.07
  [21/45] gap=21.688888888888886 Df=57.80 Dr=92.07 MIA=55.13
  [22/45] gap=22.19259259259259 Df=56.60 Dr=90.71 MIA=56.49
  [23/45] gap=22.644444444444435 Df=58.00 Dr=89.76 MIA=55.49
  [24/45] gap=13.23703703703704 Df=31.20 Dr=88.91 MIA=53.22
  [25/45] gap=2.177777777777781 Df=0.20 Dr=89.36 MIA=49.40
  [26/45] gap=1.7777777777777832 Df=0.00 Dr=90.87 MIA=48.89
  [27/45] gap=1.5111111111111153 Df=0.00 Dr=90.29 MIA=50.27
  [28/45] gap=24.985185185185184 Df=68.00 Dr=92.67 MIA=55.42
  [29/45] gap=23.237037037037037 Df=62.80 Dr=92.36 MIA=55.07
  [30/45] gap=21.637037037037036 Df=57.60 Dr=92.07 MIA=55.18
  [31/45] gap=21.66666666666667 Df=56.00 Dr=90.31 MIA=55.11
  [32/45] gap=22.86666666666666 Df=59.40 Dr=89.98 MIA=54.98
  [33/45] gap=13.074074074074069 Df=30.40 Dr=89.04 MIA=53.67
  [34/45] gap=2.0962962962962965 Df=0.60 Dr=89.93 MIA=49.47
  [35/45] gap=1.3037037037037038 Df=0.00 Dr=91.04 MIA=50.76
  [36/45] gap=1.570370370370372 Df=0.00 Dr=90.20 MIA=50.18
  [37/45] gap=24.95555555555556 Df=67.80 Dr=92.67 MIA=55.53
  [38/45] gap=23.170370370370367 Df=62.80 Dr=92.51 MIA=55.02
  [39/45] gap=21.940740740740736 Df=58.20 Dr=92.11 MIA=55.53
  [40/45] gap=22.34074074074073 Df=58.00 Dr=90.60 MIA=55.42
  [41/45] gap=22.785185185185185 Df=60.00 Dr=89.87 MIA=54.02
  [42/45] gap=13.059259259259257 Df=31.20 Dr=89.24 MIA=53.02
  [43/45] gap=2.333333333333335 Df=0.20 Dr=89.62 MIA=48.67
  [44/45] gap=1.503703703703709 Df=0.00 Dr=91.13 MIA=49.44
  [45/45] gap=1.8296296296296315 Df=0.00 Dr=90.67 MIA=51.96
final test: salun {'sparsity': 0.1, 'lr': 0.0001, 'epochs': 3}
  Df=66.20 Dr=92.03 MIA=56.59 time=6.28s KL=0.0319

uniclun: 0/27 candidates complete
  [1/27] gap=24.53333333333333 Df=67.00 Dr=92.58 MIA=54.98
  [2/27] gap=24.53333333333333 Df=67.00 Dr=92.58 MIA=54.98
  [3/27] gap=24.53333333333333 Df=67.00 Dr=92.58 MIA=54.98
  [4/27] gap=22.888888888888886 Df=61.80 Dr=92.29 MIA=54.96
  [5/27] gap=22.888888888888886 Df=61.80 Dr=92.29 MIA=54.96
  [6/27] gap=22.888888888888886 Df=61.80 Dr=92.29 MIA=54.96
  [7/27] gap=21.333333333333332 Df=57.80 Dr=92.16 MIA=54.16
  [8/27] gap=21.333333333333332 Df=57.80 Dr=92.16 MIA=54.16
  [9/27] gap=21.333333333333332 Df=57.80 Dr=92.16 MIA=54.16
  [10/27] gap=22.933333333333326 Df=62.60 Dr=91.62 MIA=53.62
  [11/27] gap=22.933333333333326 Df=62.60 Dr=91.62 MIA=53.62
  [12/27] gap=22.933333333333326 Df=62.60 Dr=91.62 MIA=53.62
  [13/27] gap=23.851851851851848 Df=63.60 Dr=90.78 MIA=54.53
  [14/27] gap=23.851851851851848 Df=63.60 Dr=90.78 MIA=54.53
  [15/27] gap=23.851851851851848 Df=63.60 Dr=90.78 MIA=54.53
  [16/27] gap=16.666666666666668 Df=42.40 Dr=89.87 MIA=53.27
  [17/27] gap=16.666666666666668 Df=42.40 Dr=89.87 MIA=53.27
  [18/27] gap=16.666666666666668 Df=42.40 Dr=89.87 MIA=53.27
  [19/27] gap=2.237037037037034 Df=0.00 Dr=90.73 MIA=53.24
  [20/27] gap=2.237037037037034 Df=0.00 Dr=90.73 MIA=53.24
  [21/27] gap=2.237037037037034 Df=0.00 Dr=90.73 MIA=53.24
  [22/27] gap=1.22962962962963 Df=0.00 Dr=91.76 MIA=49.64
  [23/27] gap=1.22962962962963 Df=0.00 Dr=91.76 MIA=49.64
  [24/27] gap=1.22962962962963 Df=0.00 Dr=91.76 MIA=49.64
  [25/27] gap=1.1333333333333375 Df=0.00 Dr=92.16 MIA=49.53
  [26/27] gap=1.1333333333333375 Df=0.00 Dr=92.16 MIA=49.53
  [27/27] gap=1.1333333333333375 Df=0.00 Dr=92.16 MIA=49.53
final test: uniclun {'lr': 0.0001, 'epochs': 3, 'buffer_size': 250}
  Df=65.60 Dr=92.09 MIA=57.23 time=7.40s KL=0.0319

