loaded shared source and Amnesiac ledger
loaded shared Retrain reference
final test: baseline {}
  Df=100.00 Dr=92.76 MIA=57.39 time=0.00s KL=0.0124
final test: retrain {}
  Df=92.04 Dr=92.00 MIA=49.20 time=387.41s KL=0.0000

finetune: 0/12 candidates complete
  [1/12] gap=4.711547619047612 Df=100.00 Dr=93.16 MIA=57.63
  [2/12] gap=4.866071428571426 Df=99.91 Dr=92.82 MIA=58.53
  [3/12] gap=4.916785714285706 Df=100.00 Dr=93.24 MIA=58.17
  [4/12] gap=4.650476190476186 Df=100.00 Dr=93.20 MIA=57.41
  [5/12] gap=3.8964285714285745 Df=98.66 Dr=91.22 MIA=55.27
  [6/12] gap=3.57928571428571 Df=97.86 Dr=91.10 MIA=55.00
  [7/12] gap=3.0353571428571393 Df=97.32 Dr=91.08 MIA=53.88
  [8/12] gap=2.5201190476190476 Df=95.62 Dr=90.84 MIA=53.79
  [9/12] gap=7.9907142857142945 Df=81.96 Dr=81.08 MIA=49.64
  [10/12] gap=7.872619047619054 Df=81.70 Dr=80.72 MIA=50.62
loaded shared source and Amnesiac ledger
loaded shared Retrain reference

finetune: 10/12 candidates complete
  [11/12] gap=3.7426190476190535 Df=88.39 Dr=86.86 MIA=50.18
  [12/12] gap=3.2327380952381 Df=88.57 Dr=87.72 MIA=50.67
final test: finetune {'lr': 0.001, 'epochs': 10}
  Df=95.84 Dr=90.12 MIA=52.96 time=61.85s KL=0.0810

ssd: 0/25 candidates complete
  [1/25] gap=50.412619047619046 Df=16.88 Dr=18.10 MIA=50.45
  [2/25] gap=45.385357142857146 Df=25.18 Dr=25.28 MIA=50.04
  [3/25] gap=13.9075 Df=74.46 Dr=70.16 MIA=51.65
  [4/25] gap=4.742261904761904 Df=100.00 Dr=93.52 MIA=57.37
  [5/25] gap=4.902857142857141 Df=100.00 Dr=93.60 MIA=57.77
  [6/25] gap=4.267738095238094 Df=100.00 Dr=92.90 MIA=56.56
  [7/25] gap=4.375476190476185 Df=100.00 Dr=93.00 MIA=56.79
  [8/25] gap=4.4319047619047565 Df=100.00 Dr=93.08 MIA=56.88
  [9/25] gap=4.7140476190476095 Df=100.00 Dr=93.48 MIA=57.32
  [10/25] gap=4.9110714285714225 Df=100.00 Dr=93.58 MIA=57.81
  [11/25] gap=4.786904761904758 Df=100.00 Dr=93.52 MIA=57.50
  [12/25] gap=4.801785714285714 Df=100.00 Dr=93.52 MIA=57.54
  [13/25] gap=4.773571428571418 Df=100.00 Dr=93.48 MIA=57.50
  [14/25] gap=4.778690476190474 Df=100.00 Dr=93.54 MIA=57.46
  [15/25] gap=4.925952380952377 Df=100.00 Dr=93.58 MIA=57.86
  [16/25] gap=4.9623809523809514 Df=100.00 Dr=93.60 MIA=57.95
  [17/25] gap=4.9623809523809514 Df=100.00 Dr=93.60 MIA=57.95
  [18/25] gap=4.9623809523809514 Df=100.00 Dr=93.60 MIA=57.95
  [19/25] gap=4.9623809523809514 Df=100.00 Dr=93.60 MIA=57.95
  [20/25] gap=4.955714285714282 Df=100.00 Dr=93.58 MIA=57.95
  [21/25] gap=4.932619047619045 Df=100.00 Dr=93.60 MIA=57.86
  [22/25] gap=4.932619047619045 Df=100.00 Dr=93.60 MIA=57.86
  [23/25] gap=4.932619047619045 Df=100.00 Dr=93.60 MIA=57.86
  [24/25] gap=4.932619047619045 Df=100.00 Dr=93.60 MIA=57.86
  [25/25] gap=4.932619047619045 Df=100.00 Dr=93.60 MIA=57.86
final test: ssd {'alpha': 1.0, 'dampening_constant': 10.0}
  Df=100.00 Dr=92.78 MIA=56.90 time=11.41s KL=0.0109

badteacher: 0/36 candidates complete
  [1/36] gap=4.489880952380948 Df=99.82 Dr=93.12 MIA=57.19
  [2/36] gap=5.813571428571431 Df=87.95 Dr=81.54 MIA=52.23
  [3/36] gap=23.631785714285723 Df=58.93 Dr=56.88 MIA=49.96
  [4/36] gap=4.162023809523807 Df=98.39 Dr=90.20 MIA=55.31
  [5/36] gap=17.177142857142858 Df=68.04 Dr=67.36 MIA=49.73
  [6/36] gap=7.212023809523809 Df=86.88 Dr=79.80 MIA=53.62
  [7/36] gap=3.634999999999998 Df=95.18 Dr=87.54 MIA=54.29
  [8/36] gap=17.754047619047626 Df=67.23 Dr=65.54 MIA=50.62
  [9/36] gap=3.611071428571426 Df=93.30 Dr=85.96 MIA=54.51
  [10/36] gap=6.28142857142857 Df=87.23 Dr=80.94 MIA=52.32
  [11/36] gap=17.93654761904762 Df=67.68 Dr=64.68 MIA=50.49
  [12/36] gap=3.7216666666666662 Df=97.23 Dr=89.78 MIA=54.73
  [13/36] gap=4.537976190476191 Df=99.73 Dr=91.84 MIA=56.74
  [14/36] gap=12.81916666666667 Df=75.45 Dr=72.80 MIA=52.01
  [15/36] gap=6.428809523809531 Df=87.59 Dr=81.48 MIA=53.66
  [16/36] gap=3.2526190476190444 Df=94.02 Dr=87.08 MIA=53.84
  [17/36] gap=14.100000000000003 Df=73.39 Dr=70.52 MIA=50.45
  [18/36] gap=3.7010714285714292 Df=97.14 Dr=89.44 MIA=54.42
  [19/36] gap=5.261071428571429 Df=89.02 Dr=82.26 MIA=52.37
  [20/36] gap=9.993928571428576 Df=81.70 Dr=75.74 MIA=52.72
  [21/36] gap=3.90142857142857 Df=98.30 Dr=90.58 MIA=55.00
  [22/36] gap=11.700833333333334 Df=76.96 Dr=74.28 MIA=51.65
  [23/36] gap=3.3279761904761904 Df=93.57 Dr=86.72 MIA=54.15
  [24/36] gap=3.679404761904763 Df=98.75 Dr=91.38 MIA=54.69
  [25/36] gap=4.343214285714287 Df=98.93 Dr=90.46 MIA=55.58
  [26/36] gap=8.160119047619048 Df=83.30 Dr=78.92 MIA=52.01
  [27/36] gap=4.127380952380953 Df=97.32 Dr=88.92 MIA=55.00
  [28/36] gap=3.9248809523809576 Df=91.96 Dr=84.84 MIA=53.88
  [29/36] gap=4.167380952380952 Df=96.96 Dr=88.80 MIA=55.36
  [30/36] gap=3.9090476190476195 Df=98.12 Dr=90.20 MIA=54.82
  [31/36] gap=5.897738095238097 Df=87.68 Dr=81.60 MIA=52.28
  [32/36] gap=4.381785714285712 Df=99.20 Dr=90.88 MIA=55.85
  [33/36] gap=3.731666666666667 Df=98.21 Dr=91.00 MIA=55.00
  [34/36] gap=6.022380952380959 Df=88.48 Dr=81.36 MIA=53.21
  [35/36] gap=4.220357142857142 Df=99.38 Dr=91.90 MIA=56.21
  [36/36] gap=3.7377380952380954 Df=97.95 Dr=90.58 MIA=54.87
final test: badteacher {'temperature': 4.0, 'epochs': 5, 'lr': 0.01}
  Df=98.58 Dr=90.31 MIA=54.65 time=10.16s KL=0.0125

unsir: 0/36 candidates complete
  [1/36] gap=4.236666666666669 Df=97.05 Dr=88.86 MIA=55.54
  [2/36] gap=4.488571428571428 Df=99.55 Dr=91.14 MIA=56.07
  [3/36] gap=3.514880952380954 Df=94.64 Dr=87.32 MIA=54.24
  [4/36] gap=3.512857142857141 Df=96.52 Dr=89.96 MIA=55.00
  [5/36] gap=7.220238095238092 Df=86.07 Dr=79.82 MIA=52.86
  [6/36] gap=4.922142857142862 Df=88.57 Dr=83.50 MIA=52.14
  [7/36] gap=4.036190476190474 Df=97.68 Dr=89.64 MIA=55.09
  [8/36] gap=4.3301190476190525 Df=99.55 Dr=91.66 MIA=56.12
  [9/36] gap=3.5596428571428524 Df=95.18 Dr=87.90 MIA=54.42
  [10/36] gap=3.9851190476190417 Df=98.04 Dr=90.82 MIA=55.76
  [11/36] gap=7.0104761904761945 Df=85.89 Dr=80.36 MIA=52.59
  [12/36] gap=3.8386904761904788 Df=90.89 Dr=84.92 MIA=52.63
  [13/36] gap=4.315000000000002 Df=98.66 Dr=90.50 MIA=55.80
  [14/36] gap=4.48154761904762 Df=100.00 Dr=91.92 MIA=56.38
  [15/36] gap=3.6705952380952382 Df=95.89 Dr=88.46 MIA=54.60
  [16/36] gap=4.2007142857142865 Df=99.11 Dr=91.20 MIA=55.71
  [17/36] gap=6.482619047619051 Df=87.14 Dr=81.14 MIA=53.04
  [18/36] gap=3.6151190476190513 Df=91.79 Dr=85.68 MIA=53.62
  [19/36] gap=4.162261904761901 Df=97.41 Dr=88.86 MIA=54.96
  [20/36] gap=4.497380952380951 Df=99.55 Dr=91.56 MIA=56.52
  [21/36] gap=3.4550000000000005 Df=95.54 Dr=88.08 MIA=53.93
  [22/36] gap=3.5145238095238063 Df=97.41 Dr=90.58 MIA=54.73
  [23/36] gap=4.6086904761904774 Df=90.54 Dr=83.86 MIA=53.53
  [24/36] gap=3.095952380952383 Df=93.21 Dr=86.30 MIA=53.39
  [25/36] gap=4.146666666666666 Df=98.48 Dr=90.38 MIA=55.36
  [26/36] gap=4.207500000000006 Df=99.38 Dr=91.76 MIA=56.03
  [27/36] gap=3.502380952380951 Df=96.25 Dr=88.92 MIA=54.20
  [28/36] gap=3.7111904761904833 Df=98.57 Dr=91.24 MIA=54.82
  [29/36] gap=3.9520238095238156 Df=91.96 Dr=84.58 MIA=53.71
  [30/36] gap=2.9247619047619033 Df=93.93 Dr=87.26 MIA=53.12
  [31/36] gap=4.1570238095238095 Df=98.66 Dr=90.84 MIA=55.67
  [32/36] gap=4.569880952380951 Df=99.82 Dr=92.28 MIA=57.19
  [33/36] gap=3.65892857142857 Df=96.70 Dr=89.12 MIA=54.42
  [34/36] gap=4.057619047619052 Df=99.20 Dr=91.54 MIA=55.54
  [35/36] gap=3.7904761904761934 Df=92.14 Dr=85.02 MIA=53.84
  [36/36] gap=3.0177380952380943 Df=94.29 Dr=87.74 MIA=53.53
final test: unsir {'impair_epochs': 1, 'repair_epochs': 2, 'impair_lr': 0.01, 'repair_lr': 0.01}
  Df=98.32 Dr=89.95 MIA=54.69 time=4.55s KL=0.0119

scrub: 0/24 candidates complete
  [1/24] gap=4.8182142857142765 Df=100.00 Dr=93.48 MIA=57.63
  [2/24] gap=4.882857142857141 Df=100.00 Dr=93.54 MIA=57.77
  [3/24] gap=4.844880952380947 Df=100.00 Dr=93.56 MIA=57.63
  [4/24] gap=4.835119047619045 Df=100.00 Dr=93.62 MIA=57.54
  [5/24] gap=4.7951190476190435 Df=100.00 Dr=93.50 MIA=57.54
  [6/24] gap=4.735595238095233 Df=100.00 Dr=93.50 MIA=57.37
  [7/24] gap=3.770952380952378 Df=99.64 Dr=92.40 MIA=55.09
  [8/24] gap=4.367261904761906 Df=99.73 Dr=92.62 MIA=57.01
  [9/24] gap=5.0070238095238055 Df=100.00 Dr=93.60 MIA=58.08
  [10/24] gap=4.894166666666661 Df=100.00 Dr=93.44 MIA=57.90
  [11/24] gap=5.088095238095235 Df=100.00 Dr=93.62 MIA=58.30
  [12/24] gap=4.8977380952380924 Df=100.00 Dr=93.54 MIA=57.81
  [13/24] gap=4.935714285714286 Df=100.00 Dr=93.52 MIA=57.95
  [14/24] gap=4.78535714285714 Df=100.00 Dr=93.56 MIA=57.46
  [15/24] gap=3.9353571428571406 Df=98.66 Dr=90.88 MIA=55.04
  [16/24] gap=4.022857142857146 Df=99.82 Dr=92.18 MIA=55.45
  [17/24] gap=4.958809523809521 Df=100.00 Dr=93.50 MIA=58.04
  [18/24] gap=4.925952380952374 Df=100.00 Dr=93.58 MIA=57.86
  [19/24] gap=4.788452380952374 Df=100.00 Dr=93.48 MIA=57.54
  [20/24] gap=4.874642857142852 Df=100.00 Dr=93.56 MIA=57.72
  [21/24] gap=4.6986904761904755 Df=100.00 Dr=93.30 MIA=57.46
  [22/24] gap=4.753571428571422 Df=100.00 Dr=93.42 MIA=57.50
  [23/24] gap=3.5549999999999975 Df=97.50 Dr=90.28 MIA=54.46
  [24/24] gap=4.075714285714284 Df=99.64 Dr=92.20 MIA=55.80
final test: scrub {'msteps': 2, 'lr': 0.005, 'epochs': 5, 'max_grad_norm': 5.0}
  Df=98.05 Dr=90.60 MIA=54.82 time=8.39s KL=0.0103

mmu: 0/96 candidates complete
  [1/96] gap=4.758690476190469 Df=100.00 Dr=93.48 MIA=57.46
  [2/96] gap=4.7899999999999965 Df=100.00 Dr=93.44 MIA=57.59
  [3/96] gap=5.0203571428571365 Df=100.00 Dr=93.64 MIA=58.08
  [4/96] gap=4.960833333333329 Df=100.00 Dr=93.64 MIA=57.90
  [5/96] gap=4.834642857142851 Df=100.00 Dr=93.44 MIA=57.72
  [6/96] gap=4.923928571428566 Df=100.00 Dr=93.44 MIA=57.99
  [7/96] gap=4.905952380952381 Df=100.00 Dr=93.52 MIA=57.86
  [8/96] gap=4.880833333333331 Df=100.00 Dr=93.40 MIA=57.90
  [9/96] gap=4.632976190476185 Df=100.00 Dr=93.46 MIA=57.10
  [10/96] gap=4.8161904761904735 Df=100.00 Dr=93.34 MIA=57.77
  [11/96] gap=5.0070238095238055 Df=100.00 Dr=93.60 MIA=58.08
  [12/96] gap=4.988571428571426 Df=100.00 Dr=93.50 MIA=58.13
  [13/96] gap=4.909523809523807 Df=100.00 Dr=93.62 MIA=57.77
  [14/96] gap=4.87928571428571 Df=100.00 Dr=93.44 MIA=57.86
  [15/96] gap=4.851547619047612 Df=100.00 Dr=93.58 MIA=57.63
  [16/96] gap=4.968571428571425 Df=100.00 Dr=93.44 MIA=58.13
  [17/96] gap=4.823333333333328 Df=100.00 Dr=93.54 MIA=57.59
  [18/96] gap=4.791547619047615 Df=100.00 Dr=93.40 MIA=57.63
  [19/96] gap=4.916190476190472 Df=100.00 Dr=93.64 MIA=57.77
  [20/96] gap=4.996785714285704 Df=100.00 Dr=93.48 MIA=58.17
  [21/96] gap=4.914166666666662 Df=100.00 Dr=93.50 MIA=57.90
  [22/96] gap=4.869523809523805 Df=100.00 Dr=93.50 MIA=57.77
  [23/96] gap=4.826904761904754 Df=100.00 Dr=93.64 MIA=57.50
  [24/96] gap=4.943928571428567 Df=100.00 Dr=93.50 MIA=57.99
  [25/96] gap=4.093214285714292 Df=99.73 Dr=92.46 MIA=56.03
  [26/96] gap=4.565833333333333 Df=100.00 Dr=92.56 MIA=57.28
  [27/96] gap=4.368214285714292 Df=99.46 Dr=92.26 MIA=56.92
  [28/96] gap=3.843809523809526 Df=99.38 Dr=92.36 MIA=55.54
  [29/96] gap=4.173333333333332 Df=99.91 Dr=92.84 MIA=56.43
  [30/96] gap=4.613571428571421 Df=100.00 Dr=93.00 MIA=57.50
  [31/96] gap=4.124047619047623 Df=99.91 Dr=92.68 MIA=56.16
  [32/96] gap=4.426785714285709 Df=100.00 Dr=93.02 MIA=56.92
  [33/96] gap=4.884404761904757 Df=100.00 Dr=93.50 MIA=57.81
  [34/96] gap=4.914166666666662 Df=100.00 Dr=93.50 MIA=57.90
  [35/96] gap=4.838214285714282 Df=100.00 Dr=93.54 MIA=57.63
  [36/96] gap=4.8992857142857105 Df=100.00 Dr=93.50 MIA=57.86
  [37/96] gap=5.051666666666665 Df=100.00 Dr=93.60 MIA=58.21
  [38/96] gap=4.98035714285714 Df=100.00 Dr=93.52 MIA=58.08
  [39/96] gap=4.947499999999998 Df=100.00 Dr=93.60 MIA=57.90
  [40/96] gap=4.866428571428564 Df=100.00 Dr=93.58 MIA=57.68
  [41/96] gap=4.929047619047611 Df=100.00 Dr=93.50 MIA=57.95
  [42/96] gap=4.8048809523809455 Df=100.00 Dr=93.44 MIA=57.63
  [43/96] gap=4.894166666666661 Df=100.00 Dr=93.44 MIA=57.90
  [44/96] gap=4.885952380952375 Df=100.00 Dr=93.46 MIA=57.86
  [45/96] gap=5.023452380952375 Df=100.00 Dr=93.56 MIA=58.17
  [46/96] gap=4.922380952380945 Df=100.00 Dr=93.48 MIA=57.95
  [47/96] gap=4.909523809523807 Df=100.00 Dr=93.62 MIA=57.77
  [48/96] gap=4.91571428571428 Df=100.00 Dr=93.46 MIA=57.95
  [49/96] gap=4.8182142857142765 Df=100.00 Dr=93.48 MIA=57.63
  [50/96] gap=4.87928571428571 Df=100.00 Dr=93.44 MIA=57.86
  [51/96] gap=4.753571428571422 Df=100.00 Dr=93.42 MIA=57.50
  [52/96] gap=4.836190476190474 Df=100.00 Dr=93.40 MIA=57.77
  [53/96] gap=4.854642857142852 Df=100.00 Dr=93.50 MIA=57.72
  [54/96] gap=4.934166666666663 Df=100.00 Dr=93.56 MIA=57.90
  [55/96] gap=4.826904761904754 Df=100.00 Dr=93.64 MIA=57.50
  [56/96] gap=4.83773809523809 Df=100.00 Dr=93.36 MIA=57.81
  [57/96] gap=3.8232142857142883 Df=99.29 Dr=92.02 MIA=55.22
  [58/96] gap=3.3860714285714315 Df=96.88 Dr=89.76 MIA=54.06
  [59/96] gap=3.7313095238095286 Df=99.11 Dr=91.76 MIA=54.87
  [60/96] gap=22.8829761904762 Df=60.80 Dr=58.68 MIA=48.53
  [61/96] gap=4.1496428571428625 Df=99.73 Dr=92.38 MIA=56.12
  [62/96] gap=4.369761904761901 Df=99.73 Dr=92.30 MIA=56.70
  [63/96] gap=3.8094047619047657 Df=99.46 Dr=92.24 MIA=55.22
  [64/96] gap=3.9371428571428595 Df=99.38 Dr=92.08 MIA=55.54
  [65/96] gap=4.914642857142849 Df=100.00 Dr=93.68 MIA=57.72
  [66/96] gap=4.882857142857141 Df=100.00 Dr=93.54 MIA=57.77
  [67/96] gap=5.051666666666665 Df=100.00 Dr=93.60 MIA=58.21
  [68/96] gap=4.882857142857138 Df=100.00 Dr=93.54 MIA=57.77
  [69/96] gap=4.937261904761897 Df=100.00 Dr=93.48 MIA=57.99
  [70/96] gap=4.97523809523809 Df=100.00 Dr=93.46 MIA=58.13
  [71/96] gap=4.882857142857138 Df=100.00 Dr=93.54 MIA=57.77
  [72/96] gap=4.894166666666661 Df=100.00 Dr=93.44 MIA=57.90
  [73/96] gap=4.7078571428571365 Df=100.00 Dr=93.64 MIA=57.14
  [74/96] gap=4.89261904761904 Df=100.00 Dr=93.48 MIA=57.86
  [75/96] gap=4.963928571428568 Df=100.00 Dr=93.56 MIA=57.99
  [76/96] gap=4.676071428571423 Df=100.00 Dr=93.50 MIA=57.19
  [77/96] gap=4.862857142857133 Df=100.00 Dr=93.48 MIA=57.77
  [78/96] gap=4.953690476190469 Df=100.00 Dr=93.44 MIA=58.08
  [79/96] gap=4.873095238095234 Df=100.00 Dr=93.60 MIA=57.68
  [80/96] gap=4.836190476190471 Df=100.00 Dr=93.40 MIA=57.77
  [81/96] gap=4.647380952380947 Df=100.00 Dr=93.28 MIA=57.32
  [82/96] gap=4.60071428571428 Df=100.00 Dr=93.14 MIA=57.32
  [83/96] gap=4.789523809523807 Df=100.00 Dr=93.26 MIA=57.77
  [84/96] gap=4.283690476190479 Df=98.84 Dr=90.46 MIA=55.49
  [85/96] gap=4.599642857142854 Df=100.00 Dr=93.36 MIA=57.10
  [86/96] gap=4.953690476190469 Df=100.00 Dr=93.44 MIA=58.08
  [87/96] gap=4.743809523809515 Df=100.00 Dr=93.48 MIA=57.41
  [88/96] gap=4.789523809523804 Df=100.00 Dr=93.26 MIA=57.77
  [89/96] gap=3.4315476190476133 Df=98.30 Dr=91.32 MIA=54.33
  [90/96] gap=54.602619047619065 Df=11.52 Dr=11.78 MIA=49.55
  [91/96] gap=3.1195238095238103 Df=97.23 Dr=91.14 MIA=54.29
  [92/96] gap=7.488095238095238 Df=84.55 Dr=79.82 MIA=52.14
  [93/96] gap=3.8483333333333363 Df=99.46 Dr=91.90 MIA=55.00
  [94/96] gap=46.186666666666675 Df=24.46 Dr=24.26 MIA=49.38
  [95/96] gap=3.8658333333333323 Df=99.38 Dr=92.16 MIA=55.40
  [96/96] gap=3.5414285714285683 Df=98.21 Dr=91.66 MIA=55.09
final test: mmu {'msteps': 3, 'lr': 0.005, 'epochs': 5, 'head_mode': 'tied', 'weighting': 'mrl', 'max_grad_norm': 5.0}
  Df=97.88 Dr=90.24 MIA=54.34 time=9.45s KL=0.0105

salun: 0/45 candidates complete
  [1/45] gap=3.3784523809523797 Df=94.64 Dr=87.64 MIA=54.15
  [2/45] gap=5.336547619047619 Df=88.12 Dr=82.48 MIA=51.92
  [3/45] gap=13.02011904761905 Df=75.80 Dr=71.84 MIA=49.96
  [4/45] gap=18.928928571428575 Df=64.73 Dr=64.56 MIA=50.58
  [5/45] gap=20.16833333333334 Df=62.86 Dr=62.94 MIA=50.36
  [6/45] gap=14.146666666666674 Df=73.30 Dr=70.38 MIA=51.43
  [7/45] gap=8.339047619047621 Df=84.55 Dr=78.16 MIA=53.04
  [8/45] gap=4.202976190476195 Df=90.80 Dr=84.72 MIA=53.44
  [9/45] gap=3.537142857142856 Df=93.30 Dr=85.78 MIA=54.11
  [10/45] gap=3.2742857142857105 Df=94.64 Dr=87.64 MIA=53.84
  [11/45] gap=5.476547619047619 Df=88.12 Dr=82.06 MIA=51.92
  [12/45] gap=13.099047619047626 Df=75.00 Dr=71.38 MIA=50.98
  [13/45] gap=18.823214285714293 Df=65.71 Dr=64.52 MIA=49.96
  [14/45] gap=19.23297619047619 Df=65.18 Dr=63.38 MIA=51.56
  [15/45] gap=10.033095238095243 Df=81.43 Dr=76.56 MIA=53.39
  [16/45] gap=6.6098809523809505 Df=86.96 Dr=81.16 MIA=53.26
  [17/45] gap=3.1239285714285736 Df=94.38 Dr=87.60 MIA=53.62
  [18/45] gap=3.6350000000000002 Df=95.27 Dr=87.54 MIA=54.20
  [19/45] gap=3.304047619047618 Df=94.55 Dr=87.64 MIA=54.02
  [20/45] gap=5.504761904761904 Df=88.12 Dr=82.02 MIA=51.96
  [21/45] gap=13.213452380952385 Df=74.82 Dr=71.26 MIA=50.94
  [22/45] gap=18.8329761904762 Df=65.71 Dr=64.58 MIA=49.87
  [23/45] gap=18.900952380952383 Df=65.89 Dr=63.26 MIA=51.16
  [24/45] gap=8.849047619047615 Df=82.95 Dr=77.88 MIA=52.68
  [25/45] gap=6.868452380952384 Df=86.43 Dr=80.92 MIA=53.26
  [26/45] gap=3.1982142857142883 Df=94.38 Dr=87.02 MIA=53.26
  [27/45] gap=3.3651190476190442 Df=94.64 Dr=87.68 MIA=54.15
  [28/45] gap=3.3189285714285717 Df=94.55 Dr=87.64 MIA=54.06
  [29/45] gap=5.48988095238095 Df=88.12 Dr=82.02 MIA=51.92
  [30/45] gap=13.28119047619048 Df=74.64 Dr=71.28 MIA=51.07
  [31/45] gap=19.05297619047619 Df=65.36 Dr=63.92 MIA=50.22
  [32/45] gap=19.07845238095238 Df=65.98 Dr=63.04 MIA=51.56
  [33/45] gap=8.764404761904762 Df=83.04 Dr=78.00 MIA=52.63
  [34/45] gap=6.158928571428572 Df=87.32 Dr=81.62 MIA=52.72
  [35/45] gap=3.038809523809519 Df=94.46 Dr=87.90 MIA=53.57
  [36/45] gap=3.356904761904756 Df=94.64 Dr=87.66 MIA=54.11
  [37/45] gap=3.28607142857143 Df=94.55 Dr=87.56 MIA=53.88
  [38/45] gap=5.475000000000001 Df=88.12 Dr=82.02 MIA=51.88
  [39/45] gap=13.542380952380958 Df=74.55 Dr=71.30 MIA=50.18
  [40/45] gap=18.467023809523816 Df=66.52 Dr=64.16 MIA=50.58
  [41/45] gap=18.513095238095243 Df=66.79 Dr=63.62 MIA=51.25
  [42/45] gap=8.550952380952381 Df=83.66 Dr=78.06 MIA=52.68
  [43/45] gap=6.468809523809523 Df=86.96 Dr=81.36 MIA=53.04
  [44/45] gap=3.125476190476187 Df=94.29 Dr=87.64 MIA=53.75
  [45/45] gap=3.583690476190474 Df=95.09 Dr=87.56 MIA=54.24
final test: salun {'sparsity': 0.7, 'lr': 0.01, 'epochs': 5}
  Df=93.89 Dr=87.04 MIA=53.23 time=10.96s KL=0.0097

uniclun: 0/27 candidates complete
  [1/27] gap=3.7010714285714292 Df=94.64 Dr=86.94 MIA=54.42
  [2/27] gap=3.7010714285714292 Df=94.64 Dr=86.94 MIA=54.42
  [3/27] gap=3.7010714285714292 Df=94.64 Dr=86.94 MIA=54.42
  [4/27] gap=5.730952380952381 Df=88.57 Dr=81.52 MIA=52.59
  [5/27] gap=5.730952380952381 Df=88.57 Dr=81.52 MIA=52.59
  [6/27] gap=5.730952380952381 Df=88.57 Dr=81.52 MIA=52.59
  [7/27] gap=13.246428571428574 Df=74.20 Dr=71.92 MIA=51.16
  [8/27] gap=13.246428571428574 Df=74.20 Dr=71.92 MIA=51.16
  [9/27] gap=13.246428571428574 Df=74.20 Dr=71.92 MIA=51.16
  [10/27] gap=18.478571428571435 Df=65.45 Dr=65.42 MIA=50.36
  [11/27] gap=18.478571428571435 Df=65.45 Dr=65.42 MIA=50.36
  [12/27] gap=18.478571428571435 Df=65.45 Dr=65.42 MIA=50.36
  [13/27] gap=17.111190476190483 Df=68.39 Dr=66.04 MIA=51.07
  [14/27] gap=17.111190476190483 Df=68.39 Dr=66.04 MIA=51.07
  [15/27] gap=17.111190476190483 Df=68.39 Dr=66.04 MIA=51.07
  [16/27] gap=9.676904761904764 Df=81.07 Dr=76.20 MIA=51.61
  [17/27] gap=9.676904761904764 Df=81.07 Dr=76.20 MIA=51.61
  [18/27] gap=9.676904761904764 Df=81.07 Dr=76.20 MIA=51.61
  [19/27] gap=4.3748809523809555 Df=91.16 Dr=84.74 MIA=54.33
  [20/27] gap=4.3748809523809555 Df=91.16 Dr=84.74 MIA=54.33
  [21/27] gap=4.3748809523809555 Df=91.16 Dr=84.74 MIA=54.33
  [22/27] gap=3.3309523809523824 Df=95.27 Dr=88.72 MIA=54.46
  [23/27] gap=3.3309523809523824 Df=95.27 Dr=88.72 MIA=54.46
  [24/27] gap=3.3309523809523824 Df=95.27 Dr=88.72 MIA=54.46
  [25/27] gap=3.510714285714286 Df=97.32 Dr=89.52 MIA=53.75
  [26/27] gap=3.510714285714286 Df=97.32 Dr=89.52 MIA=53.75
  [27/27] gap=3.510714285714286 Df=97.32 Dr=89.52 MIA=53.75
final test: uniclun {'lr': 0.01, 'epochs': 10, 'buffer_size': 250}
  Df=97.52 Dr=89.28 MIA=53.54 time=20.22s KL=0.0124

