loaded shared source and Amnesiac ledger
loaded shared Retrain reference
final test: baseline {}
  Df=100.00 Dr=93.12 MIA=58.32 time=0.00s KL=0.0493
final test: retrain {}
  Df=92.83 Dr=92.53 MIA=49.87 time=624.63s KL=0.0000

finetune: 0/12 candidates complete
  [1/12] gap=5.412023809523814 Df=100.00 Dr=93.18 MIA=57.90
  [2/12] gap=5.46690476190476 Df=100.00 Dr=93.06 MIA=57.95
  [3/12] gap=5.250357142857143 Df=100.00 Dr=93.04 MIA=57.28
  [4/12] gap=5.386309523809525 Df=100.00 Dr=92.90 MIA=57.54
  [5/12] gap=4.75202380952381 Df=97.95 Dr=90.16 MIA=54.96
  [6/12] gap=4.089761904761903 Df=97.32 Dr=91.12 MIA=54.55
  [7/12] gap=4.267380952380954 Df=98.39 Dr=91.48 MIA=54.37
  [8/12] gap=3.23904761904762 Df=96.70 Dr=91.44 MIA=52.95
  [9/12] gap=8.471547619047627 Df=81.88 Dr=79.18 MIA=48.62
  [10/12] gap=5.426190476190487 Df=85.54 Dr=84.70 MIA=48.57
  [11/12] gap=4.503333333333333 Df=87.41 Dr=86.04 MIA=48.13
  [12/12] gap=2.7366666666666717 Df=89.82 Dr=88.84 MIA=49.64
final test: finetune {'lr': 0.001, 'epochs': 10}
  Df=96.73 Dr=91.22 MIA=53.54 time=76.36s KL=0.1472

ssd: 0/25 candidates complete
  [1/25] gap=55.89166666666667 Df=10.00 Dr=10.00 MIA=50.45
  [2/25] gap=55.832142857142856 Df=10.00 Dr=10.00 MIA=50.27
  [3/25] gap=55.7875 Df=10.00 Dr=10.00 MIA=50.13
  [4/25] gap=5.121904761904766 Df=99.02 Dr=92.22 MIA=57.05
  [5/25] gap=5.3478571428571415 Df=100.00 Dr=93.54 MIA=57.59
  [6/25] gap=5.451785714285722 Df=91.07 Dr=84.40 MIA=54.60
  [7/25] gap=4.71047619047619 Df=92.77 Dr=85.24 MIA=54.91
  [8/25] gap=4.49464285714286 Df=93.93 Dr=86.20 MIA=54.24
  [9/25] gap=5.128571428571436 Df=99.02 Dr=92.20 MIA=57.05
  [10/25] gap=5.3545238095238075 Df=100.00 Dr=93.56 MIA=57.59
  [11/25] gap=5.271785714285717 Df=99.82 Dr=92.44 MIA=56.92
  [12/25] gap=5.258452380952387 Df=99.82 Dr=92.48 MIA=56.92
  [13/25] gap=5.273333333333336 Df=99.82 Dr=92.48 MIA=56.96
  [14/25] gap=5.402738095238097 Df=100.00 Dr=92.94 MIA=57.63
  [15/25] gap=5.3545238095238075 Df=100.00 Dr=93.56 MIA=57.59
  [16/25] gap=5.6557142857142795 Df=100.00 Dr=93.66 MIA=58.39
  [17/25] gap=5.6557142857142795 Df=100.00 Dr=93.66 MIA=58.39
  [18/25] gap=5.6557142857142795 Df=100.00 Dr=93.66 MIA=58.39
  [19/25] gap=5.596190476190469 Df=100.00 Dr=93.66 MIA=58.21
  [20/25] gap=5.730119047619044 Df=100.00 Dr=93.66 MIA=58.62
  [21/25] gap=5.7880952380952335 Df=100.00 Dr=93.70 MIA=58.75
  [22/25] gap=5.7880952380952335 Df=100.00 Dr=93.70 MIA=58.75
  [23/25] gap=5.7880952380952335 Df=100.00 Dr=93.70 MIA=58.75
  [24/25] gap=5.7880952380952335 Df=100.00 Dr=93.70 MIA=58.75
  [25/25] gap=5.773214285714279 Df=100.00 Dr=93.70 MIA=58.71
final test: ssd {'alpha': 1.0, 'dampening_constant': 5.0}
  Df=100.00 Dr=93.18 MIA=58.23 time=10.06s KL=0.0484

badteacher: 0/36 candidates complete
  [1/36] gap=5.710119047619043 Df=100.00 Dr=93.60 MIA=58.62
  [2/36] gap=5.160952380952381 Df=97.86 Dr=89.96 MIA=56.07
  [3/36] gap=23.3677380952381 Df=58.75 Dr=58.42 MIA=50.04
  [4/36] gap=5.528928571428575 Df=100.00 Dr=92.74 MIA=57.81
  [5/36] gap=13.439880952380962 Df=76.43 Dr=72.40 MIA=51.92
  [6/36] gap=9.092976190476188 Df=82.95 Dr=79.28 MIA=52.28
  [7/36] gap=5.160357142857149 Df=99.46 Dr=92.06 MIA=56.56
  [8/36] gap=18.265 Df=68.84 Dr=65.38 MIA=51.79
  [9/36] gap=4.220476190476188 Df=92.32 Dr=85.46 MIA=53.21
  [10/36] gap=4.6390476190476235 Df=94.82 Dr=87.24 MIA=54.82
  [11/36] gap=19.95321428571429 Df=65.45 Dr=62.86 MIA=50.94
  [12/36] gap=4.63297619047619 Df=98.04 Dr=90.16 MIA=54.51
  [13/36] gap=5.3853571428571385 Df=100.00 Dr=93.34 MIA=57.90
  [14/36] gap=7.964285714285713 Df=86.79 Dr=80.30 MIA=53.75
  [15/36] gap=9.504404761904771 Df=82.59 Dr=78.76 MIA=52.63
  [16/36] gap=5.350119047619053 Df=99.29 Dr=91.58 MIA=56.83
  [17/36] gap=16.441904761904762 Df=71.07 Dr=68.26 MIA=51.43
  [18/36] gap=4.322976190476193 Df=96.61 Dr=89.84 MIA=54.69
  [19/36] gap=4.997499999999998 Df=96.70 Dr=88.62 MIA=55.40
  [20/36] gap=13.232142857142863 Df=75.98 Dr=72.80 MIA=51.25
  [21/36] gap=4.762380952380951 Df=98.21 Dr=90.62 MIA=55.18
  [22/36] gap=8.06714285714286 Df=86.16 Dr=78.92 MIA=52.05
  [23/36] gap=4.058452380952391 Df=91.96 Dr=86.08 MIA=52.99
  [24/36] gap=4.773928571428574 Df=99.38 Dr=91.88 MIA=55.31
  [25/36] gap=5.441190476190481 Df=100.00 Dr=92.78 MIA=57.59
  [26/36] gap=6.89000000000001 Df=88.93 Dr=81.38 MIA=53.75
  [27/36] gap=4.810357142857143 Df=97.14 Dr=89.36 MIA=55.13
  [28/36] gap=4.978809523809524 Df=97.59 Dr=90.06 MIA=55.89
  [29/36] gap=4.702380952380953 Df=96.25 Dr=88.30 MIA=54.64
  [30/36] gap=4.649047619047624 Df=98.39 Dr=90.96 MIA=55.00
  [31/36] gap=4.532023809523814 Df=93.30 Dr=85.82 MIA=54.60
  [32/36] gap=5.540000000000002 Df=99.82 Dr=91.68 MIA=56.96
  [33/36] gap=4.635714285714291 Df=98.48 Dr=91.00 MIA=54.91
  [34/36] gap=6.76380952380953 Df=89.02 Dr=81.58 MIA=53.66
  [35/36] gap=5.46011904761905 Df=100.00 Dr=92.50 MIA=57.37
  [36/36] gap=4.560833333333328 Df=98.30 Dr=91.18 MIA=55.04
final test: badteacher {'temperature': 2.0, 'epochs': 3, 'lr': 0.0001}
  Df=99.29 Dr=91.26 MIA=56.81 time=7.34s KL=0.0493

unsir: 0/36 candidates complete
  [1/36] gap=4.615238095238101 Df=95.98 Dr=88.74 MIA=55.09
  [2/36] gap=4.984880952380958 Df=99.11 Dr=92.14 MIA=56.47
  [3/36] gap=4.812619047619049 Df=96.07 Dr=87.88 MIA=54.73
  [4/36] gap=5.28107142857143 Df=98.57 Dr=90.18 MIA=55.94
  [5/36] gap=6.28940476190477 Df=88.84 Dr=82.78 MIA=53.26
  [6/36] gap=5.208690476190479 Df=90.36 Dr=85.04 MIA=53.79
  [7/36] gap=4.939285714285717 Df=97.68 Dr=90.00 MIA=55.62
  [8/36] gap=5.130119047619054 Df=99.55 Dr=92.24 MIA=56.56
  [9/36] gap=4.739404761904763 Df=96.34 Dr=88.68 MIA=55.04
  [10/36] gap=4.883571428571432 Df=98.75 Dr=91.06 MIA=55.45
  [11/36] gap=6.28440476190477 Df=88.21 Dr=83.42 MIA=53.26
  [12/36] gap=4.264285714285717 Df=91.07 Dr=86.40 MIA=53.04
  [13/36] gap=4.812619047619047 Df=97.95 Dr=90.38 MIA=55.36
  [14/36] gap=4.963928571428575 Df=99.55 Dr=92.56 MIA=56.38
  [15/36] gap=4.538333333333341 Df=96.70 Dr=89.06 MIA=54.46
  [16/36] gap=5.068928571428574 Df=99.11 Dr=91.62 MIA=56.21
  [17/36] gap=6.112023809523812 Df=88.75 Dr=83.58 MIA=53.44
  [18/36] gap=4.075000000000003 Df=91.88 Dr=86.70 MIA=53.57
  [19/36] gap=4.846309523809526 Df=97.05 Dr=89.52 MIA=55.49
  [20/36] gap=5.14130952380953 Df=98.75 Dr=91.76 MIA=56.92
  [21/36] gap=4.848214285714287 Df=96.88 Dr=88.80 MIA=54.96
  [22/36] gap=5.1133333333333395 Df=98.48 Dr=90.46 MIA=55.80
  [23/36] gap=4.743333333333339 Df=90.09 Dr=85.32 MIA=52.41
  [24/36] gap=3.2670238095238133 Df=92.50 Dr=87.74 MIA=52.81
  [25/36] gap=4.919285714285714 Df=97.86 Dr=90.06 MIA=55.45
  [26/36] gap=5.09726190476191 Df=98.93 Dr=92.16 MIA=57.01
  [27/36] gap=4.74464285714286 Df=97.05 Dr=89.20 MIA=54.87
  [28/36] gap=5.023690476190481 Df=98.75 Dr=91.22 MIA=56.03
  [29/36] gap=4.389880952380959 Df=90.71 Dr=85.80 MIA=52.46
  [30/36] gap=3.280952380952383 Df=93.39 Dr=88.10 MIA=53.04
  [31/36] gap=4.9280952380952385 Df=98.12 Dr=90.48 MIA=55.62
  [32/36] gap=5.229166666666667 Df=99.55 Dr=92.30 MIA=56.92
  [33/36] gap=4.943809523809527 Df=97.59 Dr=89.54 MIA=55.27
  [34/36] gap=5.248452380952384 Df=99.20 Dr=91.26 MIA=56.29
  [35/36] gap=4.042619047619053 Df=90.62 Dr=86.44 MIA=51.96
  [36/36] gap=3.415476190476191 Df=94.02 Dr=88.50 MIA=53.21
final test: unsir {'impair_epochs': 2, 'repair_epochs': 1, 'impair_lr': 0.001, 'repair_lr': 0.01}
  Df=99.47 Dr=91.29 MIA=55.80 time=5.56s KL=0.0489

scrub: 0/24 candidates complete
  [1/24] gap=5.658809523809519 Df=100.00 Dr=93.58 MIA=58.48
  [2/24] gap=5.489999999999995 Df=100.00 Dr=93.52 MIA=58.04
  [3/24] gap=5.496666666666665 Df=100.00 Dr=93.54 MIA=58.04
  [4/24] gap=5.6372619047619 Df=100.00 Dr=93.56 MIA=58.44
  [5/24] gap=5.706547619047612 Df=100.00 Dr=93.50 MIA=58.71
  [6/24] gap=5.484880952380943 Df=100.00 Dr=93.46 MIA=58.08
  [7/24] gap=4.847976190476189 Df=99.64 Dr=92.64 MIA=56.03
  [8/24] gap=5.309880952380953 Df=100.00 Dr=93.04 MIA=57.46
  [9/24] gap=5.596190476190469 Df=100.00 Dr=93.66 MIA=58.21
  [10/24] gap=5.4771428571428515 Df=100.00 Dr=93.66 MIA=57.86
  [11/24] gap=5.632142857142853 Df=100.00 Dr=93.50 MIA=58.48
  [12/24] gap=5.319642857142853 Df=100.00 Dr=93.50 MIA=57.54
  [13/24] gap=5.6008333333333296 Df=100.00 Dr=93.54 MIA=58.35
  [14/24] gap=5.435595238095232 Df=100.00 Dr=93.58 MIA=57.81
  [15/24] gap=4.6207142857142856 Df=97.59 Dr=90.42 MIA=55.18
  [16/24] gap=4.782261904761913 Df=99.46 Dr=92.48 MIA=55.85
  [17/24] gap=5.562857142857138 Df=100.00 Dr=93.56 MIA=58.21
  [18/24] gap=5.609047619047618 Df=100.00 Dr=93.52 MIA=58.39
  [19/24] gap=5.673690476190468 Df=100.00 Dr=93.58 MIA=58.53
  [20/24] gap=5.544404761904754 Df=100.00 Dr=93.46 MIA=58.26
  [21/24] gap=5.627023809523801 Df=100.00 Dr=93.44 MIA=58.53
  [22/24] gap=5.269880952380947 Df=100.00 Dr=93.44 MIA=57.46
  [23/24] gap=5.940119047619054 Df=88.48 Dr=83.56 MIA=52.63
  [24/24] gap=4.529523809523812 Df=98.21 Dr=91.14 MIA=55.00
final test: scrub {'msteps': 2, 'lr': 0.005, 'epochs': 10, 'max_grad_norm': 5.0}
  Df=99.20 Dr=91.77 MIA=55.18 time=14.41s KL=0.0413

mmu: 0/96 candidates complete
  [1/96] gap=5.627499999999995 Df=100.00 Dr=93.62 MIA=58.35
  [2/96] gap=5.6921428571428505 Df=100.00 Dr=93.68 MIA=58.48
  [3/96] gap=5.658809523809519 Df=100.00 Dr=93.58 MIA=58.48
  [4/96] gap=5.59773809523809 Df=100.00 Dr=93.62 MIA=58.26
  [5/96] gap=5.551547619047611 Df=100.00 Dr=93.66 MIA=58.08
  [6/96] gap=5.617738095238086 Df=100.00 Dr=93.68 MIA=58.26
  [7/96] gap=5.478690476190472 Df=100.00 Dr=93.62 MIA=57.90
  [8/96] gap=5.450476190476185 Df=100.00 Dr=93.58 MIA=57.86
  [9/96] gap=5.6008333333333296 Df=100.00 Dr=93.54 MIA=58.35
  [10/96] gap=5.515119047619042 Df=100.00 Dr=93.64 MIA=57.99
  [11/96] gap=5.546428571428566 Df=100.00 Dr=93.60 MIA=58.12
  [12/96] gap=5.670595238095231 Df=100.00 Dr=93.66 MIA=58.44
  [13/96] gap=5.465357142857137 Df=100.00 Dr=93.58 MIA=57.90
  [14/96] gap=5.533571428571423 Df=100.00 Dr=93.74 MIA=57.95
  [15/96] gap=5.442261904761902 Df=100.00 Dr=93.60 MIA=57.81
  [16/96] gap=5.523333333333331 Df=100.00 Dr=93.62 MIA=58.04
  [17/96] gap=5.513095238095235 Df=100.00 Dr=93.50 MIA=58.13
  [18/96] gap=5.685476190476185 Df=100.00 Dr=93.66 MIA=58.48
  [19/96] gap=5.523333333333326 Df=100.00 Dr=93.62 MIA=58.04
  [20/96] gap=5.701904761904754 Df=100.00 Dr=93.62 MIA=58.57
  [21/96] gap=5.450476190476185 Df=100.00 Dr=93.58 MIA=57.86
  [22/96] gap=5.544880952380946 Df=100.00 Dr=93.64 MIA=58.08
  [23/96] gap=5.461785714285706 Df=100.00 Dr=93.48 MIA=57.99
  [24/96] gap=5.470476190476184 Df=100.00 Dr=93.64 MIA=57.86
  [25/96] gap=5.266309523809525 Df=100.00 Dr=93.26 MIA=57.54
  [26/96] gap=5.223690476190477 Df=100.00 Dr=93.12 MIA=57.28
  [27/96] gap=5.538571428571433 Df=99.91 Dr=92.22 MIA=57.41
  [28/96] gap=5.0676190476190515 Df=99.73 Dr=92.74 MIA=56.70
  [29/96] gap=5.340714285714282 Df=100.00 Dr=93.34 MIA=57.77
  [30/96] gap=5.388928571428565 Df=100.00 Dr=93.44 MIA=57.81
  [31/96] gap=5.248809523809524 Df=100.00 Dr=93.00 MIA=57.23
  [32/96] gap=5.2432142857142905 Df=100.00 Dr=93.24 MIA=57.46
  [33/96] gap=5.653690476190472 Df=100.00 Dr=93.52 MIA=58.53
  [34/96] gap=5.731666666666665 Df=100.00 Dr=93.62 MIA=58.66
  [35/96] gap=5.428928571428567 Df=100.00 Dr=93.56 MIA=57.81
  [36/96] gap=5.554642857142849 Df=100.00 Dr=93.58 MIA=58.17
  [37/96] gap=5.56130952380952 Df=100.00 Dr=93.60 MIA=58.17
  [38/96] gap=5.528452380952373 Df=100.00 Dr=93.68 MIA=57.99
  [39/96] gap=5.595714285714277 Df=100.00 Dr=93.48 MIA=58.39
  [40/96] gap=5.642380952380949 Df=100.00 Dr=93.62 MIA=58.39
  [41/96] gap=5.587023809523804 Df=100.00 Dr=93.32 MIA=58.53
  [42/96] gap=5.673690476190468 Df=100.00 Dr=93.58 MIA=58.53
  [43/96] gap=5.806071428571424 Df=100.00 Dr=93.62 MIA=58.88
  [44/96] gap=5.503333333333326 Df=100.00 Dr=93.56 MIA=58.04
  [45/96] gap=5.566428571428567 Df=100.00 Dr=93.66 MIA=58.13
  [46/96] gap=5.625952380952373 Df=100.00 Dr=93.66 MIA=58.30
  [47/96] gap=5.579285714285713 Df=100.00 Dr=93.52 MIA=58.30
  [48/96] gap=5.6803571428571376 Df=100.00 Dr=93.60 MIA=58.53
  [49/96] gap=5.502857142857134 Df=100.00 Dr=93.38 MIA=58.21
  [50/96] gap=5.695238095238094 Df=100.00 Dr=93.60 MIA=58.57
  [51/96] gap=5.495119047619042 Df=100.00 Dr=93.58 MIA=57.99
  [52/96] gap=5.518214285714279 Df=100.00 Dr=93.56 MIA=58.08
  [53/96] gap=5.612619047619044 Df=100.00 Dr=93.62 MIA=58.30
  [54/96] gap=5.536666666666662 Df=100.00 Dr=93.66 MIA=58.04
  [55/96] gap=5.498214285714279 Df=100.00 Dr=93.50 MIA=58.08
  [56/96] gap=5.61416666666666 Df=100.00 Dr=93.58 MIA=58.35
  [57/96] gap=5.06452380952381 Df=99.82 Dr=92.66 MIA=56.52
  [58/96] gap=19.58952380952381 Df=64.29 Dr=63.46 MIA=48.57
  [59/96] gap=5.172142857142862 Df=99.64 Dr=91.98 MIA=56.34
  [60/96] gap=4.8661904761904795 Df=98.75 Dr=91.38 MIA=55.71
  [61/96] gap=5.496666666666672 Df=99.91 Dr=93.06 MIA=58.13
  [62/96] gap=5.047976190476189 Df=99.38 Dr=92.04 MIA=56.29
  [63/96] gap=5.321547619047624 Df=99.82 Dr=92.38 MIA=57.01
  [64/96] gap=5.106190476190477 Df=100.00 Dr=93.16 MIA=56.96
  [65/96] gap=5.716785714285713 Df=100.00 Dr=93.62 MIA=58.62
  [66/96] gap=5.617738095238086 Df=100.00 Dr=93.68 MIA=58.26
  [67/96] gap=5.683452380952377 Df=100.00 Dr=93.52 MIA=58.62
  [68/96] gap=5.681904761904758 Df=100.00 Dr=93.56 MIA=58.57
  [69/96] gap=5.533571428571418 Df=100.00 Dr=93.74 MIA=57.95
  [70/96] gap=5.622857142857136 Df=100.00 Dr=93.74 MIA=58.21
  [71/96] gap=5.500238095238092 Df=100.00 Dr=93.64 MIA=57.95
  [72/96] gap=5.662380952380945 Df=100.00 Dr=93.68 MIA=58.39
  [73/96] gap=5.5710714285714245 Df=100.00 Dr=93.54 MIA=58.26
  [74/96] gap=5.536666666666662 Df=100.00 Dr=93.66 MIA=58.04
  [75/96] gap=5.622380952380948 Df=100.00 Dr=93.56 MIA=58.39
  [76/96] gap=5.690119047619042 Df=100.00 Dr=93.54 MIA=58.62
  [77/96] gap=5.759880952380944 Df=100.00 Dr=93.66 MIA=58.71
  [78/96] gap=5.607976190476182 Df=100.00 Dr=93.74 MIA=58.17
  [79/96] gap=5.685476190476185 Df=100.00 Dr=93.66 MIA=58.48
  [80/96] gap=5.619285714285709 Df=100.00 Dr=93.64 MIA=58.30
  [81/96] gap=5.4864285714285685 Df=100.00 Dr=93.42 MIA=58.13
  [82/96] gap=5.569523809523804 Df=100.00 Dr=93.58 MIA=58.21
  [83/96] gap=5.423809523809517 Df=100.00 Dr=93.50 MIA=57.86
  [84/96] gap=5.65011904761904 Df=100.00 Dr=93.42 MIA=58.62
  [85/96] gap=5.404285714285709 Df=100.00 Dr=93.62 MIA=57.68
  [86/96] gap=5.536666666666662 Df=100.00 Dr=93.66 MIA=58.04
  [87/96] gap=5.445357142857141 Df=100.00 Dr=93.52 MIA=57.90
  [88/96] gap=5.541309523809519 Df=100.00 Dr=93.54 MIA=58.17
  [89/96] gap=4.709285714285717 Df=98.75 Dr=91.94 MIA=55.80
  [90/96] gap=41.80428571428572 Df=30.63 Dr=31.28 MIA=50.09
  [91/96] gap=4.771785714285717 Df=98.48 Dr=91.44 MIA=55.76
  [92/96] gap=22.71619047619048 Df=61.52 Dr=59.08 MIA=51.52
  [93/96] gap=5.386785714285719 Df=99.91 Dr=92.72 MIA=57.46
  [94/96] gap=5.0508333333333395 Df=98.75 Dr=90.96 MIA=55.85
  [95/96] gap=5.18202380952381 Df=99.82 Dr=92.62 MIA=56.83
  [96/96] gap=5.09059523809524 Df=99.64 Dr=92.18 MIA=56.29
final test: mmu {'msteps': 3, 'lr': 0.005, 'epochs': 5, 'head_mode': 'tied', 'weighting': 'mrl', 'max_grad_norm': 5.0}
  Df=98.41 Dr=90.75 MIA=54.78 time=10.79s KL=0.0445

salun: 0/45 candidates complete
  [1/45] gap=5.208333333333336 Df=98.75 Dr=90.80 MIA=56.16
  [2/45] gap=4.515000000000012 Df=92.05 Dr=85.38 MIA=53.75
  [3/45] gap=12.033214285714294 Df=77.95 Dr=74.12 MIA=50.94
  [4/45] gap=19.303095238095242 Df=67.86 Dr=62.98 MIA=51.52
  [5/45] gap=19.869047619047624 Df=65.98 Dr=62.80 MIA=51.16
  [6/45] gap=17.774166666666677 Df=69.46 Dr=66.54 MIA=52.10
  [7/45] gap=11.877500000000005 Df=78.84 Dr=75.48 MIA=52.72
  [8/45] gap=6.7485714285714336 Df=87.59 Dr=82.34 MIA=52.95
  [9/45] gap=4.189761904761906 Df=92.32 Dr=85.82 MIA=53.48
  [10/45] gap=5.115952380952386 Df=98.66 Dr=90.72 MIA=55.89
  [11/45] gap=4.505238095238106 Df=92.05 Dr=85.32 MIA=53.66
  [12/45] gap=12.34821428571429 Df=77.14 Dr=73.80 MIA=50.76
  [13/45] gap=18.69630952380953 Df=68.75 Dr=64.22 MIA=51.83
  [14/45] gap=18.09869047619048 Df=68.93 Dr=65.12 MIA=51.12
  [15/45] gap=12.40476190476191 Df=77.68 Dr=74.30 MIA=51.96
  [16/45] gap=6.999761904761911 Df=87.77 Dr=81.14 MIA=52.68
  [17/45] gap=4.023095238095242 Df=93.57 Dr=86.32 MIA=53.30
  [18/45] gap=4.318928571428572 Df=95.09 Dr=87.62 MIA=53.97
  [19/45] gap=5.094404761904769 Df=98.66 Dr=90.74 MIA=55.85
  [20/45] gap=4.515476190476193 Df=91.88 Dr=85.20 MIA=53.39
  [21/45] gap=12.472976190476194 Df=77.05 Dr=74.14 MIA=51.38
  [22/45] gap=18.18488095238096 Df=69.20 Dr=65.04 MIA=51.56
  [23/45] gap=17.897142857142864 Df=69.73 Dr=65.68 MIA=51.88
  [24/45] gap=10.973452380952383 Df=80.89 Dr=75.96 MIA=52.54
  [25/45] gap=6.972619047619055 Df=87.68 Dr=81.40 MIA=52.77
  [26/45] gap=4.604523809523812 Df=95.00 Dr=86.54 MIA=53.84
  [27/45] gap=4.240000000000005 Df=95.45 Dr=88.08 MIA=53.84
  [28/45] gap=5.12416666666667 Df=98.66 Dr=90.74 MIA=55.94
  [29/45] gap=4.5750000000000055 Df=91.79 Dr=85.20 MIA=53.48
  [30/45] gap=12.428809523809521 Df=76.96 Dr=73.96 MIA=50.98
  [31/45] gap=18.220238095238106 Df=69.29 Dr=64.80 MIA=51.52
  [32/45] gap=18.25119047619048 Df=69.46 Dr=65.60 MIA=52.59
  [33/45] gap=11.245833333333335 Df=80.80 Dr=75.50 MIA=52.81
  [34/45] gap=6.586190476190484 Df=88.57 Dr=81.22 MIA=52.32
  [35/45] gap=4.669166666666669 Df=94.55 Dr=86.48 MIA=54.42
  [36/45] gap=4.118809523809522 Df=94.46 Dr=87.64 MIA=54.02
  [37/45] gap=5.114404761904763 Df=98.66 Dr=90.68 MIA=55.85
  [38/45] gap=4.679166666666674 Df=91.79 Dr=85.20 MIA=53.79
  [39/45] gap=12.440595238095243 Df=76.79 Dr=73.88 MIA=50.76
  [40/45] gap=18.86821428571429 Df=68.57 Dr=64.24 MIA=52.19
  [41/45] gap=17.770476190476195 Df=69.38 Dr=66.06 MIA=51.52
  [42/45] gap=11.087500000000006 Df=79.64 Dr=76.60 MIA=52.28
  [43/45] gap=6.803333333333339 Df=87.95 Dr=81.64 MIA=52.77
  [44/45] gap=4.16738095238095 Df=94.29 Dr=86.78 MIA=53.48
  [45/45] gap=4.218452380952385 Df=95.00 Dr=88.10 MIA=54.24
final test: salun {'sparsity': 0.1, 'lr': 0.0001, 'epochs': 3}
  Df=98.32 Dr=90.39 MIA=56.06 time=5.59s KL=0.0493

uniclun: 0/27 candidates complete
  [1/27] gap=5.127857142857148 Df=98.84 Dr=91.22 MIA=56.25
  [2/27] gap=5.127857142857148 Df=98.84 Dr=91.22 MIA=56.25
  [3/27] gap=5.127857142857148 Df=98.84 Dr=91.22 MIA=56.25
  [4/27] gap=4.5477380952380955 Df=95.62 Dr=87.38 MIA=53.88
  [5/27] gap=4.5477380952380955 Df=95.62 Dr=87.38 MIA=53.88
  [6/27] gap=4.5477380952380955 Df=95.62 Dr=87.38 MIA=53.88
  [7/27] gap=10.616428571428576 Df=80.80 Dr=76.54 MIA=51.96
  [8/27] gap=10.616428571428576 Df=80.80 Dr=76.54 MIA=51.96
  [9/27] gap=10.616428571428576 Df=80.80 Dr=76.54 MIA=51.96
  [10/27] gap=18.399523809523814 Df=67.41 Dr=65.78 MIA=51.16
  [11/27] gap=18.399523809523814 Df=67.41 Dr=65.78 MIA=51.16
  [12/27] gap=18.399523809523814 Df=67.41 Dr=65.78 MIA=51.16
  [13/27] gap=17.876190476190484 Df=68.84 Dr=66.10 MIA=51.34
  [14/27] gap=17.876190476190484 Df=68.84 Dr=66.10 MIA=51.34
  [15/27] gap=17.876190476190484 Df=68.84 Dr=66.10 MIA=51.34
  [16/27] gap=12.167261904761908 Df=77.95 Dr=74.70 MIA=51.92
  [17/27] gap=12.167261904761908 Df=77.95 Dr=74.70 MIA=51.92
  [18/27] gap=12.167261904761908 Df=77.95 Dr=74.70 MIA=51.92
  [19/27] gap=4.868452380952384 Df=90.54 Dr=84.90 MIA=52.81
  [20/27] gap=4.868452380952384 Df=90.54 Dr=84.90 MIA=52.81
  [21/27] gap=4.868452380952384 Df=90.54 Dr=84.90 MIA=52.81
  [22/27] gap=4.147499999999996 Df=95.18 Dr=87.42 MIA=53.17
  [23/27] gap=4.147499999999996 Df=95.18 Dr=87.42 MIA=53.17
  [24/27] gap=4.147499999999996 Df=95.18 Dr=87.42 MIA=53.17
  [25/27] gap=4.480119047619051 Df=98.12 Dr=90.44 MIA=54.24
  [26/27] gap=4.480119047619051 Df=98.12 Dr=90.44 MIA=54.24
  [27/27] gap=4.480119047619051 Df=98.12 Dr=90.44 MIA=54.24
final test: uniclun {'lr': 0.0001, 'epochs': 3, 'buffer_size': 250}
  Df=98.50 Dr=90.97 MIA=56.28 time=7.17s KL=0.0493

