loaded shared source and Amnesiac ledger
loaded shared Retrain reference
final test: baseline {}
  Df=96.10 Dr=95.10 MIA=55.52 time=0.00s KL=0.0259
final test: retrain {}
  Df=27.60 Dr=95.16 MIA=49.29 time=490.38s KL=0.0000

finetune: 0/12 candidates complete
  [1/12] gap=26.548148148148147 Df=96.40 Dr=95.22 MIA=55.31
  [2/12] gap=25.95555555555556 Df=93.80 Dr=95.24 MIA=56.16
  [3/12] gap=25.44444444444444 Df=93.00 Dr=95.29 MIA=55.47
  [4/12] gap=26.066666666666663 Df=95.00 Dr=95.31 MIA=55.36
  [5/12] gap=22.496296296296293 Df=85.40 Dr=93.73 MIA=52.67
  [6/12] gap=20.911111111111108 Df=79.60 Dr=94.00 MIA=53.98
  [7/12] gap=18.725925925925925 Df=74.20 Dr=93.36 MIA=52.18
  [8/12] gap=17.792592592592587 Df=71.80 Dr=94.11 MIA=52.53
  [9/12] gap=16.962962962962962 Df=59.40 Dr=81.93 MIA=50.27
  [10/12] gap=15.64444444444444 Df=62.20 Dr=88.04 MIA=49.62
  [11/12] gap=6.022222222222221 Df=33.40 Dr=89.27 MIA=50.78
  [12/12] gap=2.2074074074074055 Df=22.40 Dr=91.91 MIA=49.78
final test: finetune {'lr': 0.001, 'epochs': 10}
  Df=69.30 Dr=93.82 MIA=52.80 time=86.08s KL=0.1030

ssd: 0/25 candidates complete
  [1/25] gap=13.6 Df=56.80 Dr=92.73 MIA=53.58
  [2/25] gap=19.599999999999998 Df=75.40 Dr=93.98 MIA=54.22
  [3/25] gap=23.725925925925925 Df=86.80 Dr=94.87 MIA=56.09
  [4/25] gap=26.71111111111111 Df=96.80 Dr=95.31 MIA=55.49
  [5/25] gap=26.962962962962962 Df=97.40 Dr=95.38 MIA=55.71
  [6/25] gap=26.65185185185185 Df=97.00 Dr=95.27 MIA=55.07
  [7/25] gap=26.666666666666668 Df=97.00 Dr=95.27 MIA=55.11
  [8/25] gap=26.777777777777775 Df=97.00 Dr=95.27 MIA=55.44
  [9/25] gap=26.77037037037037 Df=97.20 Dr=95.31 MIA=55.27
  [10/25] gap=26.96296296296295 Df=97.40 Dr=95.33 MIA=55.67
  [11/25] gap=26.659259259259255 Df=97.20 Dr=95.33 MIA=54.96
  [12/25] gap=26.718518518518522 Df=97.20 Dr=95.36 MIA=55.16
  [13/25] gap=26.718518518518522 Df=97.20 Dr=95.36 MIA=55.16
  [14/25] gap=26.73333333333333 Df=97.20 Dr=95.33 MIA=55.18
  [15/25] gap=26.96296296296295 Df=97.40 Dr=95.33 MIA=55.67
  [16/25] gap=26.87407407407407 Df=97.40 Dr=95.29 MIA=55.36
  [17/25] gap=26.87407407407407 Df=97.40 Dr=95.29 MIA=55.36
  [18/25] gap=26.87407407407407 Df=97.40 Dr=95.29 MIA=55.36
  [19/25] gap=26.87407407407407 Df=97.40 Dr=95.29 MIA=55.36
  [20/25] gap=26.87407407407407 Df=97.40 Dr=95.29 MIA=55.36
  [21/25] gap=26.87407407407407 Df=97.40 Dr=95.29 MIA=55.36
  [22/25] gap=26.87407407407407 Df=97.40 Dr=95.29 MIA=55.36
  [23/25] gap=26.87407407407407 Df=97.40 Dr=95.29 MIA=55.36
  [24/25] gap=26.87407407407407 Df=97.40 Dr=95.29 MIA=55.36
  [25/25] gap=26.87407407407407 Df=97.40 Dr=95.29 MIA=55.36
final test: ssd {'alpha': 1.0, 'dampening_constant': 0.5}
  Df=78.20 Dr=93.29 MIA=52.21 time=7.72s KL=0.0356

badteacher: 0/36 candidates complete
  [1/36] gap=20.244444444444444 Df=77.60 Dr=94.47 MIA=54.44
  [2/36] gap=4.725925925925921 Df=26.60 Dr=90.42 MIA=54.84
  [3/36] gap=5.866666666666667 Df=36.60 Dr=92.53 MIA=50.38
  [4/36] gap=14.481481481481481 Df=60.20 Dr=93.69 MIA=53.78
  [5/36] gap=3.2962962962962954 Df=25.40 Dr=90.98 MIA=52.31
  [6/36] gap=8.140740740740739 Df=44.00 Dr=93.78 MIA=51.04
  [7/36] gap=10.614814814814812 Df=47.40 Dr=92.56 MIA=53.84
  [8/36] gap=2.681481481481479 Df=25.60 Dr=91.44 MIA=50.73
  [9/36] gap=2.725925925925923 Df=27.60 Dr=93.78 MIA=51.20
  [10/36] gap=5.792592592592588 Df=30.40 Dr=91.00 MIA=54.82
  [11/36] gap=2.0888888888888872 Df=25.80 Dr=92.18 MIA=49.49
  [12/36] gap=6.6740740740740705 Df=41.40 Dr=94.58 MIA=50.04
  [13/36] gap=18.081481481481475 Df=71.00 Dr=94.13 MIA=54.22
  [14/36] gap=3.0444444444444407 Df=24.20 Dr=90.60 MIA=52.38
  [15/36] gap=4.474074074074075 Df=33.20 Dr=93.71 MIA=50.78
  [16/36] gap=10.214814814814813 Df=45.80 Dr=92.53 MIA=54.22
  [17/36] gap=4.859259259259258 Df=31.40 Dr=92.18 MIA=52.20
  [18/36] gap=7.481481481481481 Df=42.20 Dr=94.53 MIA=51.62
  [19/36] gap=5.911111111111111 Df=31.60 Dr=91.31 MIA=54.29
  [20/36] gap=4.503703703703697 Df=32.60 Dr=92.98 MIA=50.73
  [21/36] gap=3.111111111111112 Df=31.00 Dr=94.71 MIA=49.89
  [22/36] gap=3.2592592592592595 Df=24.60 Dr=90.53 MIA=52.56
  [23/36] gap=4.237037037037038 Df=32.80 Dr=94.11 MIA=50.87
  [24/36] gap=6.9481481481481495 Df=41.40 Dr=94.80 MIA=51.09
  [25/36] gap=14.214814814814813 Df=60.00 Dr=93.49 MIA=52.98
  [26/36] gap=5.918518518518513 Df=34.40 Dr=92.80 MIA=53.00
  [27/36] gap=5.6518518518518475 Df=36.80 Dr=94.58 MIA=51.58
  [28/36] gap=6.518518518518515 Df=34.80 Dr=91.93 MIA=53.53
  [29/36] gap=7.362962962962965 Df=40.60 Dr=93.89 MIA=52.22
  [30/36] gap=6.496296296296293 Df=39.00 Dr=94.53 MIA=51.87
  [31/36] gap=5.385185185185179 Df=29.80 Dr=91.42 MIA=54.62
  [32/36] gap=6.718518518518519 Df=39.20 Dr=94.51 MIA=52.31
  [33/36] gap=2.3555555555555543 Df=27.80 Dr=94.67 MIA=50.78
  [34/36] gap=4.585185185185188 Df=29.60 Dr=91.89 MIA=52.89
  [35/36] gap=6.2 Df=38.00 Dr=94.87 MIA=52.31
  [36/36] gap=3.133333333333327 Df=29.60 Dr=95.02 MIA=51.67
final test: badteacher {'temperature': 1.0, 'epochs': 5, 'lr': 0.01}
  Df=28.20 Dr=93.48 MIA=51.80 time=10.13s KL=0.0259

unsir: 0/36 candidates complete
  [1/36] gap=27.58518518518518 Df=98.60 Dr=92.80 MIA=53.80
  [2/36] gap=26.562962962962967 Df=96.20 Dr=94.87 MIA=55.20
  [3/36] gap=27.866666666666664 Df=95.60 Dr=87.51 MIA=52.36
  [4/36] gap=20.503703703703707 Df=76.40 Dr=93.62 MIA=55.58
  [5/36] gap=27.555555555555554 Df=6.80 Dr=33.22 MIA=51.53
  [6/36] gap=31.296296296296294 Df=0.00 Dr=27.24 MIA=49.98
  [7/36] gap=27.24444444444445 Df=98.00 Dr=94.07 MIA=54.64
  [8/36] gap=25.46666666666667 Df=93.40 Dr=94.93 MIA=54.78
  [9/36] gap=25.355555555555554 Df=91.60 Dr=92.11 MIA=53.42
  [10/36] gap=19.822222222222226 Df=76.20 Dr=94.20 MIA=54.31
  [11/36] gap=28.562962962962956 Df=2.40 Dr=33.11 MIA=50.04
  [12/36] gap=25.696296296296293 Df=4.20 Dr=38.87 MIA=47.53
  [13/36] gap=27.599999999999994 Df=97.80 Dr=93.96 MIA=55.80
  [14/36] gap=26.103703703703705 Df=95.00 Dr=95.09 MIA=55.24
  [15/36] gap=24.85925925925926 Df=90.40 Dr=92.22 MIA=53.24
  [16/36] gap=21.881481481481476 Df=81.60 Dr=94.16 MIA=55.04
  [17/36] gap=27.903703703703698 Df=1.60 Dr=34.38 MIA=48.53
  [18/36] gap=25.777777777777782 Df=0.80 Dr=42.09 MIA=49.07
  [19/36] gap=27.18518518518518 Df=98.00 Dr=93.64 MIA=54.04
  [20/36] gap=25.437037037037033 Df=93.40 Dr=95.13 MIA=54.89
  [21/36] gap=27.881481481481476 Df=94.80 Dr=90.40 MIA=56.09
  [22/36] gap=20.02222222222222 Df=74.00 Dr=93.40 MIA=56.31
  [23/36] gap=19.288888888888888 Df=15.40 Dr=46.18 MIA=48.29
  [24/36] gap=21.38518518518518 Df=5.20 Dr=51.20 MIA=49.40
  [25/36] gap=27.377777777777776 Df=97.80 Dr=93.73 MIA=54.91
  [26/36] gap=25.570370370370366 Df=94.20 Dr=94.89 MIA=54.24
  [27/36] gap=26.31851851851852 Df=93.60 Dr=91.49 MIA=53.69
  [28/36] gap=22.214814814814815 Df=82.40 Dr=94.07 MIA=55.16
  [29/36] gap=17.755555555555553 Df=15.80 Dr=51.40 MIA=49.31
  [30/36] gap=19.207407407407405 Df=40.60 Dr=56.31 MIA=50.18
  [31/36] gap=27.46666666666667 Df=97.60 Dr=93.84 MIA=55.49
  [32/36] gap=25.962962962962962 Df=94.80 Dr=94.62 MIA=54.56
  [33/36] gap=25.90370370370371 Df=92.40 Dr=92.07 MIA=54.22
  [34/36] gap=23.46666666666667 Df=86.00 Dr=93.93 MIA=55.18
  [35/36] gap=15.155555555555557 Df=22.20 Dr=53.13 MIA=49.64
  [36/36] gap=22.688888888888886 Df=51.80 Dr=57.44 MIA=50.56
final test: unsir {'impair_epochs': 1, 'repair_epochs': 2, 'impair_lr': 0.01, 'repair_lr': 0.01}
  Df=77.60 Dr=93.86 MIA=54.02 time=4.42s KL=0.0252

scrub: 0/24 candidates complete
  [1/24] gap=26.911111111111115 Df=97.20 Dr=95.24 MIA=55.62
  [2/24] gap=26.451851851851842 Df=96.40 Dr=95.33 MIA=55.13
  [3/24] gap=26.688888888888886 Df=96.20 Dr=95.29 MIA=56.00
  [4/24] gap=26.52592592592593 Df=96.00 Dr=95.24 MIA=55.67
  [5/24] gap=26.296296296296294 Df=96.40 Dr=95.09 MIA=54.42
  [6/24] gap=26.548148148148147 Df=96.60 Dr=95.09 MIA=54.98
  [7/24] gap=26.681481481481473 Df=96.40 Dr=94.64 MIA=55.13
  [8/24] gap=26.57037037037037 Df=96.80 Dr=94.84 MIA=54.60
  [9/24] gap=26.074074074074066 Df=95.20 Dr=95.42 MIA=55.29
  [10/24] gap=26.88888888888889 Df=96.00 Dr=95.40 MIA=56.91
  [11/24] gap=25.48888888888889 Df=93.60 Dr=95.29 MIA=55.00
  [12/24] gap=26.46666666666667 Df=96.20 Dr=95.18 MIA=55.22
  [13/24] gap=25.103703703703697 Df=93.80 Dr=95.16 MIA=53.51
  [14/24] gap=26.496296296296293 Df=96.40 Dr=95.02 MIA=54.96
  [15/24] gap=24.703703703703695 Df=91.80 Dr=93.78 MIA=52.93
  [16/24] gap=25.9037037037037 Df=95.00 Dr=94.38 MIA=53.93
  [17/24] gap=25.666666666666668 Df=92.60 Dr=95.36 MIA=56.60
  [18/24] gap=26.311111111111114 Df=94.80 Dr=95.42 MIA=56.40
  [19/24] gap=23.81481481481482 Df=88.40 Dr=95.27 MIA=55.16
  [20/24] gap=25.955555555555552 Df=94.40 Dr=95.09 MIA=55.40
  [21/24] gap=22.977777777777774 Df=87.80 Dr=95.02 MIA=53.00
  [22/24] gap=25.370370370370363 Df=93.80 Dr=95.13 MIA=54.29
  [23/24] gap=22.222222222222218 Df=85.00 Dr=94.09 MIA=52.60
  [24/24] gap=24.311111111111114 Df=92.20 Dr=93.89 MIA=51.47
final test: scrub {'msteps': 3, 'lr': 0.005, 'epochs': 5, 'max_grad_norm': 5.0}
  Df=84.60 Dr=93.43 MIA=50.51 time=9.56s KL=0.0224

mmu: 0/96 candidates complete
  [1/96] gap=27.04444444444445 Df=97.20 Dr=95.22 MIA=56.00
  [2/96] gap=26.94814814814814 Df=96.80 Dr=95.33 MIA=56.22
  [3/96] gap=27.177777777777777 Df=97.80 Dr=95.09 MIA=55.67
  [4/96] gap=26.58518518518518 Df=96.80 Dr=95.33 MIA=55.13
  [5/96] gap=26.740740740740744 Df=97.20 Dr=95.27 MIA=55.13
  [6/96] gap=27.066666666666663 Df=96.80 Dr=95.27 MIA=56.51
  [7/96] gap=27.08888888888889 Df=97.60 Dr=95.09 MIA=55.60
  [8/96] gap=27.037037037037038 Df=97.00 Dr=95.22 MIA=56.18
  [9/96] gap=26.740740740740737 Df=96.00 Dr=95.33 MIA=56.40
  [10/96] gap=23.733333333333338 Df=86.40 Dr=95.18 MIA=56.82
  [11/96] gap=26.644444444444446 Df=96.80 Dr=95.38 MIA=55.36
  [12/96] gap=24.874074074074077 Df=90.40 Dr=95.27 MIA=56.33
  [13/96] gap=26.837037037037035 Df=96.80 Dr=95.18 MIA=55.73
  [14/96] gap=24.103703703703705 Df=88.00 Dr=95.40 MIA=56.56
  [15/96] gap=27.08148148148148 Df=97.60 Dr=95.18 MIA=55.67
  [16/96] gap=25.444444444444446 Df=92.40 Dr=95.42 MIA=56.20
  [17/96] gap=26.02962962962963 Df=96.60 Dr=95.38 MIA=53.71
  [18/96] gap=18.829629629629625 Df=70.60 Dr=94.29 MIA=57.02
  [19/96] gap=26.555555555555557 Df=96.80 Dr=95.22 MIA=54.93
  [20/96] gap=21.881481481481483 Df=80.80 Dr=94.98 MIA=56.67
  [21/96] gap=27.037037037037038 Df=97.20 Dr=95.20 MIA=55.96
  [22/96] gap=20.125925925925923 Df=75.60 Dr=94.98 MIA=56.60
  [23/96] gap=27.066666666666663 Df=97.40 Dr=95.20 MIA=55.84
  [24/96] gap=24.12592592592593 Df=88.00 Dr=95.47 MIA=56.60
  [25/96] gap=26.118518518518517 Df=95.20 Dr=94.89 MIA=54.89
  [26/96] gap=3.8814814814814818 Df=27.80 Dr=92.07 MIA=52.76
  [27/96] gap=25.755555555555556 Df=94.80 Dr=94.53 MIA=53.84
  [28/96] gap=16.222222222222225 Df=66.40 Dr=94.60 MIA=53.71
  [29/96] gap=26.48888888888888 Df=96.60 Dr=95.11 MIA=54.82
  [30/96] gap=15.91851851851852 Df=66.20 Dr=94.80 MIA=53.20
  [31/96] gap=26.074074074074073 Df=95.60 Dr=94.80 MIA=54.27
  [32/96] gap=21.200000000000003 Df=80.40 Dr=95.38 MIA=55.42
  [33/96] gap=26.318518518518516 Df=95.20 Dr=95.49 MIA=55.96
  [34/96] gap=26.274074074074075 Df=95.00 Dr=95.44 MIA=56.07
  [35/96] gap=26.688888888888886 Df=96.40 Dr=95.22 MIA=55.73
  [36/96] gap=26.02962962962963 Df=94.40 Dr=95.38 MIA=55.91
  [37/96] gap=26.533333333333342 Df=96.20 Dr=95.51 MIA=55.58
  [38/96] gap=26.237037037037037 Df=95.00 Dr=95.42 MIA=55.98
  [39/96] gap=26.896296296296295 Df=97.00 Dr=95.31 MIA=55.84
  [40/96] gap=26.251851851851853 Df=95.00 Dr=95.42 MIA=56.02
  [41/96] gap=25.32592592592593 Df=92.60 Dr=95.44 MIA=55.62
  [42/96] gap=14.822222222222218 Df=58.00 Dr=92.82 MIA=56.13
  [43/96] gap=26.251851851851843 Df=95.20 Dr=95.33 MIA=55.73
  [44/96] gap=19.629629629629633 Df=73.20 Dr=94.40 MIA=56.93
  [45/96] gap=26.577777777777772 Df=96.20 Dr=95.33 MIA=55.71
  [46/96] gap=18.4 Df=69.60 Dr=94.04 MIA=56.49
  [47/96] gap=26.48148148148148 Df=96.20 Dr=95.36 MIA=55.44
  [48/96] gap=21.562962962962967 Df=79.60 Dr=94.93 MIA=56.87
  [49/96] gap=25.207407407407413 Df=93.40 Dr=95.44 MIA=54.47
  [50/96] gap=6.155555555555558 Df=17.60 Dr=88.51 MIA=53.42
  [51/96] gap=26.229629629629624 Df=95.60 Dr=95.31 MIA=55.24
  [52/96] gap=11.533333333333333 Df=49.40 Dr=93.02 MIA=55.07
  [53/96] gap=26.577777777777772 Df=96.60 Dr=95.29 MIA=55.27
  [54/96] gap=9.296296296296296 Df=47.40 Dr=93.09 MIA=50.42
  [55/96] gap=26.83703703703703 Df=96.40 Dr=95.31 MIA=56.27
  [56/96] gap=18.044444444444448 Df=70.60 Dr=94.87 MIA=55.24
  [57/96] gap=24.851851851851848 Df=93.00 Dr=94.78 MIA=53.18
  [58/96] gap=12.377777777777778 Df=0.00 Dr=84.62 MIA=50.60
  [59/96] gap=25.207407407407405 Df=92.40 Dr=94.67 MIA=54.73
  [60/96] gap=10.392592592592592 Df=4.40 Dr=86.36 MIA=50.78
  [61/96] gap=26.362962962962957 Df=96.40 Dr=95.02 MIA=54.56
  [62/96] gap=2.740740740740737 Df=23.60 Dr=91.00 MIA=51.67
  [63/96] gap=26.014814814814816 Df=95.00 Dr=94.80 MIA=54.69
  [64/96] gap=12.422222222222219 Df=56.40 Dr=93.69 MIA=51.40
  [65/96] gap=26.051851851851847 Df=93.20 Dr=95.33 MIA=57.13
  [66/96] gap=25.18518518518518 Df=90.80 Dr=95.13 MIA=56.73
  [67/96] gap=26.46666666666667 Df=95.60 Dr=95.38 MIA=56.02
  [68/96] gap=25.170370370370375 Df=91.40 Dr=95.36 MIA=56.31
  [69/96] gap=26.311111111111114 Df=95.40 Dr=95.47 MIA=55.76
  [70/96] gap=25.40740740740741 Df=92.00 Dr=95.09 MIA=56.16
  [71/96] gap=26.696296296296293 Df=96.60 Dr=95.29 MIA=55.62
  [72/96] gap=25.340740740740745 Df=92.60 Dr=95.42 MIA=55.69
  [73/96] gap=23.814814814814813 Df=88.60 Dr=95.40 MIA=55.09
  [74/96] gap=4.096296296296297 Df=24.60 Dr=88.44 MIA=52.98
  [75/96] gap=25.429629629629634 Df=93.40 Dr=95.56 MIA=55.02
  [76/96] gap=9.881481481481485 Df=46.40 Dr=91.87 MIA=51.96
  [77/96] gap=26.24444444444445 Df=95.00 Dr=95.47 MIA=55.96
  [78/96] gap=8.629629629629624 Df=41.80 Dr=91.76 MIA=52.69
  [79/96] gap=26.311111111111114 Df=95.40 Dr=95.42 MIA=55.80
  [80/96] gap=17.955555555555552 Df=69.80 Dr=94.27 MIA=55.18
  [81/96] gap=23.577777777777783 Df=89.00 Dr=95.47 MIA=53.96
  [82/96] gap=13.088888888888894 Df=0.00 Dr=83.58 MIA=51.69
  [83/96] gap=25.503703703703707 Df=93.00 Dr=95.47 MIA=55.73
  [84/96] gap=9.822222222222225 Df=8.00 Dr=87.11 MIA=53.42
  [85/96] gap=26.022222222222222 Df=95.00 Dr=95.27 MIA=55.18
  [86/96] gap=6.9259259259259265 Df=14.60 Dr=89.00 MIA=53.22
  [87/96] gap=26.37777777777778 Df=96.00 Dr=95.40 MIA=55.38
  [88/96] gap=10.748148148148147 Df=49.60 Dr=93.64 MIA=53.13
  [89/96] gap=23.2 Df=88.60 Dr=94.44 MIA=52.29
  [90/96] gap=12.53333333333333 Df=0.00 Dr=83.31 MIA=49.76
  [91/96] gap=23.28888888888889 Df=88.20 Dr=94.20 MIA=52.71
  [92/96] gap=12.76296296296296 Df=0.00 Dr=83.44 MIA=50.58
  [93/96] gap=25.385185185185183 Df=93.40 Dr=94.67 MIA=54.27
  [94/96] gap=9.792592592592595 Df=6.20 Dr=86.42 MIA=50.84
  [95/96] gap=25.607407407407404 Df=95.20 Dr=94.89 MIA=53.36
  [96/96] gap=4.688888888888886 Df=31.20 Dr=90.93 MIA=50.64
final test: mmu {'msteps': 3, 'lr': 0.001, 'epochs': 10, 'head_mode': 'tied', 'weighting': 'normalised', 'max_grad_norm': 5.0}
  Df=52.60 Dr=93.33 MIA=52.57 time=16.07s KL=0.0246

salun: 0/45 candidates complete
  [1/45] gap=19.562962962962956 Df=75.60 Dr=92.78 MIA=52.71
  [2/45] gap=18.407407407407405 Df=66.00 Dr=87.82 MIA=53.89
  [3/45] gap=17.82222222222222 Df=64.80 Dr=86.64 MIA=52.16
  [4/45] gap=14.125925925925925 Df=56.80 Dr=87.98 MIA=50.40
  [5/45] gap=12.177777777777779 Df=48.00 Dr=84.76 MIA=50.13
  [6/45] gap=11.696296296296296 Df=52.20 Dr=90.64 MIA=50.38
  [7/45] gap=8.866666666666667 Df=32.20 Dr=78.62 MIA=49.87
  [8/45] gap=15.511111111111111 Df=64.00 Dr=92.44 MIA=51.82
  [9/45] gap=16.311111111111114 Df=67.40 Dr=93.71 MIA=52.09
  [10/45] gap=19.799999999999997 Df=75.00 Dr=92.78 MIA=54.02
  [11/45] gap=18.348148148148145 Df=65.80 Dr=87.60 MIA=53.69
  [12/45] gap=18.57037037037037 Df=65.40 Dr=85.91 MIA=53.07
  [13/45] gap=14.525925925925927 Df=57.80 Dr=87.13 MIA=49.76
  [14/45] gap=12.666666666666663 Df=50.00 Dr=85.47 MIA=50.31
  [15/45] gap=11.962962962962964 Df=54.60 Dr=90.98 MIA=49.11
  [16/45] gap=6.659259259259259 Df=22.40 Dr=79.16 MIA=50.38
  [17/45] gap=13.148148148148143 Df=56.60 Dr=92.38 MIA=52.07
  [18/45] gap=15.748148148148148 Df=65.20 Dr=93.71 MIA=52.60
  [19/45] gap=19.770370370370365 Df=75.00 Dr=92.78 MIA=53.93
  [20/45] gap=18.614814814814817 Df=66.40 Dr=87.71 MIA=54.00
  [21/45] gap=18.36296296296296 Df=65.00 Dr=86.20 MIA=53.13
  [22/45] gap=14.36296296296296 Df=57.00 Dr=87.27 MIA=50.20
  [23/45] gap=12.829629629629634 Df=50.20 Dr=85.40 MIA=50.53
  [24/45] gap=12.133333333333333 Df=54.40 Dr=90.91 MIA=49.76
  [25/45] gap=7.155555555555556 Df=20.00 Dr=80.51 MIA=50.82
  [26/45] gap=13.251851851851848 Df=56.40 Dr=92.16 MIA=52.36
  [27/45] gap=15.78518518518519 Df=64.40 Dr=93.69 MIA=53.49
  [28/45] gap=19.711111111111105 Df=74.80 Dr=92.78 MIA=53.96
  [29/45] gap=18.444444444444443 Df=66.20 Dr=87.73 MIA=53.71
  [30/45] gap=18.088888888888892 Df=64.60 Dr=86.42 MIA=52.93
  [31/45] gap=14.577777777777776 Df=58.60 Dr=87.42 MIA=49.40
  [32/45] gap=12.777777777777777 Df=51.00 Dr=86.51 MIA=50.69
  [33/45] gap=12.0 Df=54.60 Dr=90.98 MIA=49.22
  [34/45] gap=7.259259259259257 Df=27.80 Dr=81.16 MIA=51.98
  [35/45] gap=14.503703703703705 Df=61.40 Dr=92.71 MIA=51.67
  [36/45] gap=15.140740740740734 Df=63.40 Dr=93.60 MIA=52.47
  [37/45] gap=19.61481481481481 Df=74.60 Dr=92.82 MIA=53.91
  [38/45] gap=18.48888888888889 Df=66.20 Dr=87.71 MIA=53.82
  [39/45] gap=18.244444444444444 Df=64.20 Dr=86.36 MIA=53.73
  [40/45] gap=14.47407407407407 Df=57.80 Dr=87.58 MIA=50.04
  [41/45] gap=13.11851851851852 Df=51.20 Dr=85.96 MIA=50.96
  [42/45] gap=12.140740740740739 Df=54.20 Dr=90.78 MIA=49.84
  [43/45] gap=6.422222222222218 Df=20.80 Dr=82.00 MIA=50.91
  [44/45] gap=14.54814814814815 Df=60.20 Dr=92.49 MIA=52.78
  [45/45] gap=16.88148148148148 Df=68.00 Dr=93.60 MIA=53.09
final test: salun {'sparsity': 0.7, 'lr': 0.01, 'epochs': 10}
  Df=64.70 Dr=93.42 MIA=52.13 time=21.56s KL=0.0180

uniclun: 0/27 candidates complete
  [1/27] gap=18.881481481481483 Df=72.00 Dr=92.07 MIA=53.56
  [2/27] gap=18.881481481481483 Df=72.00 Dr=92.07 MIA=53.56
  [3/27] gap=18.881481481481483 Df=72.00 Dr=92.07 MIA=53.56
  [4/27] gap=18.711111111111112 Df=69.80 Dr=91.33 MIA=54.51
  [5/27] gap=18.711111111111112 Df=69.80 Dr=91.33 MIA=54.51
  [6/27] gap=18.711111111111112 Df=69.80 Dr=91.33 MIA=54.51
  [7/27] gap=17.955555555555556 Df=66.40 Dr=88.98 MIA=53.29
  [8/27] gap=17.955555555555556 Df=66.40 Dr=88.98 MIA=53.29
  [9/27] gap=17.955555555555556 Df=66.40 Dr=88.98 MIA=53.29
  [10/27] gap=15.607407407407402 Df=57.60 Dr=85.47 MIA=51.53
  [11/27] gap=15.607407407407402 Df=57.60 Dr=85.47 MIA=51.53
  [12/27] gap=15.607407407407402 Df=57.60 Dr=85.47 MIA=51.53
  [13/27] gap=13.029629629629634 Df=54.20 Dr=91.13 MIA=52.87
  [14/27] gap=13.029629629629634 Df=54.20 Dr=91.13 MIA=52.87
  [15/27] gap=13.029629629629634 Df=54.20 Dr=91.13 MIA=52.87
  [16/27] gap=12.918518518518518 Df=56.20 Dr=91.73 MIA=51.13
  [17/27] gap=12.918518518518518 Df=56.20 Dr=91.73 MIA=51.13
  [18/27] gap=12.918518518518518 Df=56.20 Dr=91.73 MIA=51.13
  [19/27] gap=12.748148148148152 Df=56.00 Dr=92.87 MIA=51.96
  [20/27] gap=12.748148148148152 Df=56.00 Dr=92.87 MIA=51.96
  [21/27] gap=12.748148148148152 Df=56.00 Dr=92.87 MIA=51.96
  [22/27] gap=14.281481481481483 Df=61.60 Dr=93.33 MIA=51.42
  [23/27] gap=14.281481481481483 Df=61.60 Dr=93.33 MIA=51.42
  [24/27] gap=14.281481481481483 Df=61.60 Dr=93.33 MIA=51.42
  [25/27] gap=15.333333333333337 Df=64.20 Dr=94.20 MIA=52.84
  [26/27] gap=15.333333333333337 Df=64.20 Dr=94.20 MIA=52.84
  [27/27] gap=15.333333333333337 Df=64.20 Dr=94.20 MIA=52.84
final test: uniclun {'lr': 0.01, 'epochs': 10, 'buffer_size': 250}
  Df=65.30 Dr=93.94 MIA=53.02 time=24.94s KL=0.0259

