loaded shared source and Amnesiac ledger
loaded shared Retrain reference
final test: baseline {}
  Df=95.20 Dr=92.42 MIA=56.47 time=0.00s KL=0.0093
final test: retrain {}
  Df=0.00 Dr=93.28 MIA=48.51 time=667.27s KL=0.0000
final test: amnesiac {}
  Df=0.00 Dr=11.11 MIA=49.03 time=0.00s KL=0.9932

finetune: 0/12 candidates complete
  [1/12] gap=32.58518518518519 Df=89.00 Dr=93.84 MIA=57.96
  [2/12] gap=30.985185185185184 Df=83.60 Dr=93.80 MIA=58.51
  [3/12] gap=30.81481481481481 Df=83.00 Dr=93.62 MIA=58.42
  [4/12] gap=28.799999999999994 Df=78.00 Dr=93.98 MIA=57.73
  [5/12] gap=20.12592592592592 Df=51.80 Dr=91.96 MIA=55.89
  [6/12] gap=9.755555555555553 Df=21.60 Dr=91.36 MIA=54.38
  [7/12] gap=6.614814814814813 Df=12.80 Dr=91.98 MIA=54.38
  [8/12] gap=1.8888888888888857 Df=0.00 Dr=92.24 MIA=53.27
  [9/12] gap=5.274074074074069 Df=0.00 Dr=80.31 MIA=47.62
  [10/12] gap=3.103703703703701 Df=0.00 Dr=86.38 MIA=48.07
  [11/12] gap=2.3629629629629583 Df=0.00 Dr=89.04 MIA=51.49
  [12/12] gap=2.2740740740740697 Df=0.00 Dr=89.02 MIA=51.20
final test: finetune {'lr': 0.001, 'epochs': 10}
  Df=0.00 Dr=91.64 MIA=53.11 time=82.90s KL=0.0655

ssd: 0/25 candidates complete
  [1/25] gap=27.251851851851843 Df=0.00 Dr=13.31 MIA=50.42
  [2/25] gap=26.666666666666668 Df=0.00 Dr=15.69 MIA=51.04
  [3/25] gap=15.696296296296296 Df=0.60 Dr=47.71 MIA=49.56
  [4/25] gap=33.56296296296296 Df=91.40 Dr=93.24 MIA=57.89
  [5/25] gap=34.98518518518518 Df=95.00 Dr=93.82 MIA=59.13
  [6/25] gap=29.370370370370363 Df=80.20 Dr=92.11 MIA=55.38
  [7/25] gap=29.71111111111111 Df=81.20 Dr=92.22 MIA=55.51
  [8/25] gap=30.01481481481481 Df=82.00 Dr=92.38 MIA=55.78
  [9/25] gap=33.59259259259259 Df=91.40 Dr=93.24 MIA=57.98
  [10/25] gap=35.07407407407407 Df=95.00 Dr=93.82 MIA=59.40
  [11/25] gap=34.3037037037037 Df=93.80 Dr=93.44 MIA=57.91
  [12/25] gap=34.4 Df=93.80 Dr=93.47 MIA=58.22
  [13/25] gap=34.444444444444436 Df=93.80 Dr=93.53 MIA=58.42
  [14/25] gap=34.63703703703703 Df=94.60 Dr=93.64 MIA=58.31
  [15/25] gap=35.07407407407407 Df=95.00 Dr=93.82 MIA=59.40
  [16/25] gap=34.99999999999999 Df=95.20 Dr=93.98 MIA=59.13
  [17/25] gap=34.99999999999999 Df=95.20 Dr=93.98 MIA=59.13
  [18/25] gap=34.98518518518518 Df=95.20 Dr=94.02 MIA=59.13
  [19/25] gap=34.98518518518518 Df=95.20 Dr=94.02 MIA=59.13
  [20/25] gap=34.99999999999999 Df=95.20 Dr=94.02 MIA=59.18
  [21/25] gap=34.97037037037037 Df=95.20 Dr=94.00 MIA=59.07
  [22/25] gap=34.97037037037037 Df=95.20 Dr=94.00 MIA=59.07
  [23/25] gap=34.97037037037037 Df=95.20 Dr=94.00 MIA=59.07
  [24/25] gap=34.97037037037037 Df=95.20 Dr=94.00 MIA=59.07
  [25/25] gap=34.97037037037037 Df=95.20 Dr=94.00 MIA=59.07
final test: ssd {'alpha': 5.0, 'dampening_constant': 0.5}
  Df=95.60 Dr=92.37 MIA=56.89 time=11.10s KL=0.0089

badteacher: 0/36 candidates complete
  [1/36] gap=24.34814814814814 Df=64.00 Dr=93.78 MIA=58.18
  [2/36] gap=6.214814814814809 Df=9.20 Dr=93.47 MIA=58.27
  [3/36] gap=5.69629629629629 Df=9.20 Dr=91.80 MIA=55.04
  [4/36] gap=15.948148148148144 Df=39.00 Dr=93.73 MIA=57.93
  [5/36] gap=4.340740740740735 Df=9.00 Dr=93.09 MIA=52.47
  [6/36] gap=6.118518518518516 Df=14.40 Dr=92.87 MIA=52.18
  [7/36] gap=11.874074074074068 Df=26.20 Dr=93.67 MIA=58.44
  [8/36] gap=5.511111111111108 Df=10.60 Dr=92.89 MIA=54.18
  [9/36] gap=9.03703703703703 Df=21.40 Dr=92.78 MIA=53.84
  [10/36] gap=7.688888888888882 Df=12.80 Dr=93.58 MIA=59.20
  [11/36] gap=5.05185185185185 Df=10.60 Dr=93.24 MIA=53.16
  [12/36] gap=4.570370370370365 Df=8.80 Dr=93.00 MIA=53.27
  [13/36] gap=20.488888888888884 Df=52.80 Dr=93.67 MIA=57.69
  [14/36] gap=5.644444444444443 Df=8.40 Dr=93.22 MIA=57.11
  [15/36] gap=10.525925925925922 Df=24.80 Dr=92.84 MIA=54.98
  [16/36] gap=10.999999999999998 Df=24.00 Dr=93.80 MIA=58.16
  [17/36] gap=3.940740740740736 Df=9.00 Dr=93.47 MIA=51.64
  [18/36] gap=5.533333333333332 Df=10.80 Dr=93.04 MIA=54.20
  [19/36] gap=7.733333333333327 Df=14.00 Dr=93.62 MIA=58.18
  [20/36] gap=5.503703703703702 Df=10.00 Dr=93.36 MIA=55.22
  [21/36] gap=5.111111111111108 Df=8.80 Dr=93.27 MIA=55.16
  [22/36] gap=5.918518518518515 Df=9.00 Dr=93.36 MIA=57.47
  [23/36] gap=5.437037037037033 Df=10.20 Dr=93.42 MIA=54.89
  [24/36] gap=2.7777777777777763 Df=2.00 Dr=93.24 MIA=54.93
  [25/36] gap=16.496296296296297 Df=40.60 Dr=93.84 MIA=58.09
  [26/36] gap=6.5407407407407385 Df=9.80 Dr=93.51 MIA=58.69
  [27/36] gap=6.933333333333326 Df=14.40 Dr=93.11 MIA=54.87
  [28/36] gap=8.614814814814812 Df=16.00 Dr=93.91 MIA=59.11
  [29/36] gap=5.674074074074068 Df=8.40 Dr=93.76 MIA=57.73
  [30/36] gap=2.762962962962961 Df=0.60 Dr=93.24 MIA=56.29
  [31/36] gap=6.718518518518512 Df=11.40 Dr=93.73 MIA=57.84
  [32/36] gap=5.022222222222219 Df=9.00 Dr=93.76 MIA=55.18
  [33/36] gap=2.370370370370366 Df=0.20 Dr=93.67 MIA=55.93
  [34/36] gap=5.992592592592589 Df=9.40 Dr=93.84 MIA=57.78
  [35/36] gap=3.5481481481481456 Df=4.60 Dr=93.87 MIA=55.27
  [36/36] gap=2.5703703703703646 Df=0.00 Dr=93.82 MIA=56.89
final test: badteacher {'temperature': 4.0, 'epochs': 10, 'lr': 0.01}
  Df=0.00 Dr=92.79 MIA=55.96 time=23.10s KL=0.0094

unsir: 0/36 candidates complete
  [1/36] gap=36.385185185185186 Df=99.00 Dr=90.69 MIA=56.20
  [2/36] gap=33.6074074074074 Df=90.00 Dr=93.13 MIA=59.31
  [3/36] gap=35.29629629629629 Df=94.80 Dr=87.82 MIA=54.27
  [4/36] gap=23.170370370370364 Df=59.80 Dr=92.58 MIA=57.64
  [5/36] gap=27.088888888888885 Df=65.20 Dr=81.64 MIA=53.07
  [6/36] gap=2.6444444444444426 Df=0.60 Dr=89.87 MIA=52.56
  [7/36] gap=36.37777777777778 Df=98.40 Dr=91.16 MIA=57.24
  [8/36] gap=33.851851851851855 Df=91.40 Dr=93.29 MIA=58.80
  [9/36] gap=33.99999999999999 Df=91.80 Dr=89.42 MIA=54.98
  [10/36] gap=21.896296296296285 Df=59.20 Dr=92.98 MIA=54.82
  [11/36] gap=22.61481481481481 Df=55.60 Dr=85.02 MIA=52.62
  [12/36] gap=1.7999999999999954 Df=1.40 Dr=90.84 MIA=50.20
  [13/36] gap=36.251851851851846 Df=97.60 Dr=92.18 MIA=58.69
  [14/36] gap=33.303703703703704 Df=89.40 Dr=93.44 MIA=59.31
  [15/36] gap=32.60740740740741 Df=87.40 Dr=90.98 MIA=56.76
  [16/36] gap=21.34814814814814 Df=56.40 Dr=93.02 MIA=56.02
  [17/36] gap=17.451851851851846 Df=43.80 Dr=87.22 MIA=51.13
  [18/36] gap=1.4444444444444375 Df=0.60 Dr=91.02 MIA=50.11
  [19/36] gap=36.65925925925926 Df=99.00 Dr=90.09 MIA=56.42
  [20/36] gap=33.28148148148148 Df=91.00 Dr=92.87 MIA=57.07
  [21/36] gap=35.48888888888888 Df=94.80 Dr=87.22 MIA=54.24
  [22/36] gap=21.799999999999997 Df=56.00 Dr=92.60 MIA=57.36
  [23/36] gap=28.488888888888884 Df=70.00 Dr=80.89 MIA=51.71
  [24/36] gap=2.651851851851848 Df=1.40 Dr=90.09 MIA=52.00
  [25/36] gap=36.54814814814815 Df=98.00 Dr=91.49 MIA=58.49
  [26/36] gap=33.18518518518518 Df=89.00 Dr=93.58 MIA=59.49
  [27/36] gap=33.874074074074066 Df=90.40 Dr=90.20 MIA=56.78
  [28/36] gap=20.377777777777776 Df=53.40 Dr=93.00 MIA=56.09
  [29/36] gap=22.3037037037037 Df=56.20 Dr=86.36 MIA=52.42
  [30/36] gap=2.1259259259259213 Df=0.60 Dr=90.84 MIA=51.98
  [31/36] gap=35.896296296296285 Df=97.40 Dr=91.78 MIA=57.42
  [32/36] gap=33.22222222222222 Df=89.40 Dr=93.51 MIA=59.13
  [33/36] gap=32.88148148148147 Df=89.00 Dr=90.96 MIA=55.96
  [34/36] gap=21.281481481481478 Df=55.40 Dr=92.76 MIA=56.56
  [35/36] gap=18.97777777777777 Df=49.60 Dr=87.89 MIA=50.58
  [36/36] gap=2.1999999999999917 Df=0.80 Dr=91.42 MIA=52.58
final test: unsir {'impair_epochs': 2, 'repair_epochs': 2, 'impair_lr': 0.01, 'repair_lr': 0.01}
  Df=53.30 Dr=91.89 MIA=54.44 time=5.77s KL=0.0086

scrub: 0/24 candidates complete
  [1/24] gap=34.859259259259254 Df=94.20 Dr=93.80 MIA=59.53
  [2/24] gap=34.0 Df=93.40 Dr=93.89 MIA=57.84
  [3/24] gap=27.911111111111108 Df=72.40 Dr=94.20 MIA=60.89
  [4/24] gap=33.12592592592592 Df=90.00 Dr=93.98 MIA=58.71
  [5/24] gap=4.06666666666667 Df=2.00 Dr=94.24 MIA=59.71
  [6/24] gap=27.86666666666667 Df=75.20 Dr=94.20 MIA=57.96
  [7/24] gap=0.5333333333333314 Df=0.00 Dr=93.53 MIA=48.62
  [8/24] gap=1.5925925925925857 Df=0.00 Dr=93.96 MIA=54.09
  [9/24] gap=32.54814814814815 Df=89.40 Dr=94.11 MIA=57.71
  [10/24] gap=32.925925925925924 Df=90.00 Dr=93.76 MIA=57.89
  [11/24] gap=3.318518518518521 Df=0.00 Dr=94.29 MIA=59.42
  [12/24] gap=3.992592592592588 Df=1.20 Dr=93.91 MIA=60.04
  [13/24] gap=1.7037037037037 Df=0.00 Dr=93.89 MIA=54.36
  [14/24] gap=1.2666666666666633 Df=0.00 Dr=94.00 MIA=53.16
  [15/24] gap=1.4888888888888872 Df=0.00 Dr=92.62 MIA=52.44
  [16/24] gap=0.3777777777777729 Df=0.00 Dr=93.38 MIA=49.87
  [17/24] gap=29.214814814814805 Df=78.80 Dr=94.13 MIA=58.33
  [18/24] gap=31.222222222222218 Df=84.00 Dr=94.07 MIA=59.09
  [19/24] gap=1.4592592592592577 Df=0.00 Dr=94.20 MIA=53.93
  [20/24] gap=1.8888888888888833 Df=0.00 Dr=94.13 MIA=55.16
  [21/24] gap=1.7259259259259256 Df=0.00 Dr=93.87 MIA=54.40
  [22/24] gap=1.229629629629623 Df=0.00 Dr=94.16 MIA=53.20
  [23/24] gap=1.2148148148148081 Df=0.00 Dr=91.22 MIA=48.89
  [24/24] gap=0.5481481481481415 Df=0.00 Dr=92.73 MIA=49.73
final test: scrub {'msteps': 2, 'lr': 0.0005, 'epochs': 5, 'max_grad_norm': 5.0}
  Df=0.00 Dr=93.03 MIA=56.89 time=7.59s KL=0.0091

mmu: 0/96 candidates complete
  [1/96] gap=34.63703703703703 Df=93.80 Dr=93.93 MIA=59.40
  [2/96] gap=34.22962962962962 Df=93.80 Dr=93.73 MIA=57.98
  [3/96] gap=34.688888888888876 Df=94.20 Dr=93.96 MIA=59.18
  [4/96] gap=34.42222222222222 Df=93.00 Dr=93.89 MIA=59.51
  [5/96] gap=34.8074074074074 Df=93.80 Dr=93.93 MIA=59.91
  [6/96] gap=34.614814814814814 Df=93.40 Dr=93.69 MIA=59.49
  [7/96] gap=35.08888888888888 Df=95.20 Dr=93.56 MIA=58.98
  [8/96] gap=33.925925925925924 Df=93.20 Dr=93.58 MIA=57.51
  [9/96] gap=30.451851851851853 Df=81.80 Dr=94.27 MIA=59.04
  [10/96] gap=20.99259259259259 Df=52.40 Dr=94.18 MIA=60.11
  [11/96] gap=33.5037037037037 Df=91.60 Dr=94.13 MIA=58.40
  [12/96] gap=23.38518518518519 Df=59.20 Dr=94.31 MIA=60.40
  [13/96] gap=33.71111111111111 Df=91.20 Dr=93.93 MIA=59.22
  [14/96] gap=21.437037037037033 Df=53.40 Dr=94.16 MIA=60.42
  [15/96] gap=34.31111111111111 Df=93.00 Dr=93.69 MIA=58.98
  [16/96] gap=26.125925925925923 Df=68.60 Dr=93.96 MIA=59.09
  [17/96] gap=18.244444444444454 Df=43.60 Dr=94.33 MIA=60.56
  [18/96] gap=2.3925925925925853 Df=0.00 Dr=94.11 MIA=56.64
  [19/96] gap=32.82962962962963 Df=89.20 Dr=94.09 MIA=58.73
  [20/96] gap=3.548148148148151 Df=0.00 Dr=94.36 MIA=60.04
  [21/96] gap=33.16296296296296 Df=89.60 Dr=93.76 MIA=59.00
  [22/96] gap=2.9777777777777765 Df=0.00 Dr=94.20 MIA=58.49
  [23/96] gap=34.044444444444444 Df=92.60 Dr=93.76 MIA=58.64
  [24/96] gap=5.1037037037036965 Df=5.60 Dr=94.16 MIA=59.22
  [25/96] gap=1.2962962962962905 Df=0.00 Dr=93.98 MIA=53.22
  [26/96] gap=0.37777777777776816 Df=0.00 Dr=93.60 MIA=50.09
  [27/96] gap=6.148148148148145 Df=12.40 Dr=93.71 MIA=55.11
  [28/96] gap=1.5037037037036995 Df=0.00 Dr=93.93 MIA=53.80
  [29/96] gap=25.57037037037037 Df=70.40 Dr=94.22 MIA=55.84
  [30/96] gap=0.23703703703703147 Df=0.00 Dr=93.93 MIA=50.00
  [31/96] gap=33.58518518518518 Df=93.40 Dr=93.53 MIA=56.24
  [32/96] gap=1.4074074074074072 Df=0.00 Dr=94.02 MIA=53.60
  [33/96] gap=32.91111111111111 Df=90.40 Dr=94.09 MIA=57.78
  [34/96] gap=32.82962962962963 Df=89.80 Dr=93.91 MIA=57.96
  [35/96] gap=33.96296296296296 Df=91.80 Dr=93.89 MIA=59.33
  [36/96] gap=32.83703703703704 Df=89.40 Dr=93.84 MIA=58.31
  [37/96] gap=33.71111111111111 Df=91.00 Dr=93.91 MIA=59.40
  [38/96] gap=33.22222222222222 Df=89.40 Dr=93.89 MIA=59.51
  [39/96] gap=33.97037037037037 Df=93.40 Dr=94.00 MIA=57.87
  [40/96] gap=33.355555555555554 Df=89.60 Dr=94.11 MIA=59.93
  [41/96] gap=4.318518518518524 Df=2.20 Dr=94.33 MIA=60.18
  [42/96] gap=3.3259259259259224 Df=0.00 Dr=93.73 MIA=59.07
  [43/96] gap=25.962962962962962 Df=67.80 Dr=94.16 MIA=59.60
  [44/96] gap=3.3999999999999964 Df=0.00 Dr=94.07 MIA=59.62
  [45/96] gap=17.474074074074064 Df=41.20 Dr=94.16 MIA=60.73
  [46/96] gap=2.577777777777778 Df=0.00 Dr=94.20 MIA=57.29
  [47/96] gap=32.54074074074074 Df=88.80 Dr=94.04 MIA=58.22
  [48/96] gap=3.3111111111111122 Df=0.00 Dr=94.40 MIA=59.29
  [49/96] gap=2.318518518518521 Df=0.00 Dr=94.29 MIA=56.42
  [50/96] gap=2.074074074074074 Df=0.00 Dr=92.87 MIA=54.44
  [51/96] gap=5.755555555555548 Df=6.60 Dr=94.16 MIA=60.18
  [52/96] gap=1.7703703703703628 Df=0.00 Dr=93.76 MIA=54.42
  [53/96] gap=2.7407407407407383 Df=0.00 Dr=94.00 MIA=57.58
  [54/96] gap=2.2222222222222165 Df=0.00 Dr=93.96 MIA=55.98
  [55/96] gap=28.370370370370363 Df=75.00 Dr=94.16 MIA=59.62
  [56/96] gap=1.7555555555555529 Df=0.00 Dr=94.18 MIA=54.80
  [57/96] gap=0.3555555555555496 Df=0.00 Dr=93.73 MIA=50.16
  [58/96] gap=0.5333333333333314 Df=0.00 Dr=93.04 MIA=50.00
  [59/96] gap=0.5111111111111105 Df=0.00 Dr=93.27 MIA=48.96
  [60/96] gap=0.49629629629629335 Df=0.00 Dr=93.16 MIA=50.00
  [61/96] gap=0.733333333333332 Df=0.00 Dr=94.04 MIA=47.51
  [62/96] gap=0.3555555555555496 Df=0.00 Dr=93.58 MIA=50.00
  [63/96] gap=1.4222222222222196 Df=0.00 Dr=93.62 MIA=53.24
  [64/96] gap=0.348148148148141 Df=0.00 Dr=93.60 MIA=50.00
  [65/96] gap=31.45925925925925 Df=85.40 Dr=94.13 MIA=58.47
  [66/96] gap=30.192592592592586 Df=81.60 Dr=94.00 MIA=58.33
  [67/96] gap=32.41481481481481 Df=88.00 Dr=94.02 MIA=58.62
  [68/96] gap=28.34814814814814 Df=75.60 Dr=93.93 MIA=58.73
  [69/96] gap=32.792592592592584 Df=88.60 Dr=93.96 MIA=59.09
  [70/96] gap=30.21481481481481 Df=81.40 Dr=94.00 MIA=58.60
  [71/96] gap=33.72592592592592 Df=91.20 Dr=93.76 MIA=59.09
  [72/96] gap=29.851851851851848 Df=79.80 Dr=93.91 MIA=59.02
  [73/96] gap=2.3703703703703645 Df=0.00 Dr=94.18 MIA=56.64
  [74/96] gap=2.733333333333327 Df=0.00 Dr=92.80 MIA=56.36
  [75/96] gap=4.08888888888889 Df=1.60 Dr=94.24 MIA=60.18
  [76/96] gap=1.6666666666666643 Df=0.00 Dr=93.80 MIA=54.16
  [77/96] gap=2.1925925925925918 Df=0.00 Dr=94.20 MIA=56.13
  [78/96] gap=2.696296296296294 Df=0.00 Dr=93.56 MIA=57.00
  [79/96] gap=24.318518518518516 Df=62.60 Dr=94.04 MIA=59.76
  [80/96] gap=1.93333333333333 Df=0.00 Dr=94.00 MIA=55.16
  [81/96] gap=1.5407407407407423 Df=0.00 Dr=94.24 MIA=54.13
  [82/96] gap=3.2518518518518533 Df=0.00 Dr=90.49 MIA=55.60
  [83/96] gap=1.4148148148148156 Df=0.00 Dr=94.04 MIA=53.64
  [84/96] gap=1.8740740740740687 Df=0.00 Dr=93.09 MIA=54.07
  [85/96] gap=1.4666666666666661 Df=0.00 Dr=94.20 MIA=53.96
  [86/96] gap=2.562962962962961 Df=0.00 Dr=92.69 MIA=55.73
  [87/96] gap=3.9111111111111074 Df=2.40 Dr=94.04 MIA=58.73
  [88/96] gap=1.1999999999999933 Df=0.00 Dr=93.76 MIA=52.71
  [89/96] gap=0.5925925925925905 Df=0.00 Dr=93.20 MIA=50.33
  [90/96] gap=0.8444444444444391 Df=0.00 Dr=92.11 MIA=50.00
  [91/96] gap=0.4518518518518538 Df=0.00 Dr=93.02 MIA=49.38
  [92/96] gap=1.0370370370370334 Df=0.00 Dr=91.53 MIA=50.00
  [93/96] gap=0.42222222222221956 Df=0.00 Dr=93.62 MIA=48.87
  [94/96] gap=0.6370370370370324 Df=0.00 Dr=92.73 MIA=50.00
  [95/96] gap=0.5777777777777757 Df=0.00 Dr=93.44 MIA=50.53
  [96/96] gap=0.5555555555555477 Df=0.00 Dr=92.98 MIA=50.00
final test: mmu {'msteps': 2, 'lr': 0.0005, 'epochs': 10, 'head_mode': 'tied', 'weighting': 'normalised', 'max_grad_norm': 5.0}
  Df=0.00 Dr=93.12 MIA=57.96 time=16.48s KL=0.0089

salun: 0/45 candidates complete
  [1/45] gap=25.288888888888888 Df=67.00 Dr=93.24 MIA=57.47
  [2/45] gap=23.799999999999994 Df=62.80 Dr=92.93 MIA=56.89
  [3/45] gap=22.437037037037026 Df=58.60 Dr=92.96 MIA=57.02
  [4/45] gap=23.251851851851843 Df=61.40 Dr=91.51 MIA=55.22
  [5/45] gap=22.888888888888886 Df=59.60 Dr=90.36 MIA=54.78
  [6/45] gap=16.540740740740738 Df=37.00 Dr=88.16 MIA=56.13
  [7/45] gap=2.651851851851845 Df=0.00 Dr=87.87 MIA=51.18
  [8/45] gap=2.3259259259259224 Df=0.00 Dr=89.24 MIA=47.53
  [9/45] gap=1.8740740740740733 Df=0.00 Dr=91.07 MIA=52.04
  [10/45] gap=25.318518518518516 Df=67.40 Dr=93.33 MIA=57.24
  [11/45] gap=23.933333333333326 Df=63.00 Dr=92.89 MIA=57.04
  [12/45] gap=22.762962962962963 Df=59.00 Dr=93.04 MIA=57.69
  [13/45] gap=23.59259259259259 Df=63.60 Dr=91.71 MIA=54.24
  [14/45] gap=24.355555555555554 Df=63.00 Dr=91.24 MIA=56.67
  [15/45] gap=17.3037037037037 Df=42.20 Dr=90.67 MIA=55.73
  [16/45] gap=1.207407407407402 Df=0.00 Dr=90.71 MIA=49.69
  [17/45] gap=1.970370370370368 Df=0.00 Dr=91.44 MIA=46.40
  [18/45] gap=1.85185185185185 Df=0.00 Dr=92.02 MIA=46.18
  [19/45] gap=25.518518518518515 Df=67.40 Dr=93.31 MIA=57.82
  [20/45] gap=23.911111111111108 Df=63.00 Dr=93.00 MIA=57.09
  [21/45] gap=22.807407407407407 Df=59.60 Dr=93.02 MIA=57.20
  [22/45] gap=23.51111111111111 Df=62.80 Dr=91.89 MIA=54.98
  [23/45] gap=23.266666666666666 Df=60.80 Dr=91.24 MIA=55.60
  [24/45] gap=17.148148148148145 Df=43.20 Dr=91.07 MIA=54.67
  [25/45] gap=1.2296296296296252 Df=0.00 Dr=90.82 MIA=49.24
  [26/45] gap=1.6592592592592557 Df=0.00 Dr=91.58 MIA=47.20
  [27/45] gap=2.7851851851851777 Df=0.00 Dr=91.96 MIA=55.67
  [28/45] gap=25.370370370370367 Df=67.40 Dr=93.40 MIA=57.47
  [29/45] gap=23.829629629629625 Df=62.80 Dr=93.00 MIA=57.04
  [30/45] gap=22.740740740740733 Df=59.20 Dr=93.13 MIA=57.51
  [31/45] gap=23.599999999999994 Df=62.00 Dr=91.38 MIA=55.53
  [32/45] gap=23.4074074074074 Df=61.40 Dr=91.38 MIA=55.56
  [33/45] gap=17.348148148148145 Df=43.00 Dr=91.00 MIA=55.40
  [34/45] gap=1.6888888888888853 Df=0.00 Dr=90.47 MIA=48.22
  [35/45] gap=2.0740740740740713 Df=0.00 Dr=91.71 MIA=45.82
  [36/45] gap=1.9407407407407362 Df=0.00 Dr=92.47 MIA=45.47
  [37/45] gap=25.362962962962957 Df=67.20 Dr=93.31 MIA=57.56
  [38/45] gap=23.807407407407407 Df=62.80 Dr=93.07 MIA=57.04
  [39/45] gap=22.777777777777775 Df=59.20 Dr=93.02 MIA=57.51
  [40/45] gap=23.281481481481478 Df=62.20 Dr=91.78 MIA=54.78
  [41/45] gap=23.92592592592592 Df=62.40 Dr=91.20 MIA=55.93
  [42/45] gap=17.251851851851846 Df=42.40 Dr=90.82 MIA=55.53
  [43/45] gap=1.4222222222222196 Df=0.00 Dr=90.62 MIA=48.87
  [44/45] gap=2.0074074074074013 Df=0.00 Dr=91.60 MIA=46.13
  [45/45] gap=2.55555555555555 Df=0.00 Dr=91.93 MIA=54.96
final test: salun {'sparsity': 0.7, 'lr': 0.01, 'epochs': 10}
  Df=0.00 Dr=91.41 MIA=46.27 time=24.18s KL=0.0051

uniclun: 0/27 candidates complete
  [1/27] gap=25.348148148148145 Df=66.80 Dr=93.51 MIA=58.11
  [2/27] gap=25.348148148148145 Df=66.80 Dr=93.51 MIA=58.11
  [3/27] gap=25.348148148148145 Df=66.80 Dr=93.51 MIA=58.11
  [4/27] gap=23.77777777777777 Df=63.40 Dr=93.29 MIA=56.58
  [5/27] gap=23.77777777777777 Df=63.40 Dr=93.29 MIA=56.58
  [6/27] gap=23.77777777777777 Df=63.40 Dr=93.29 MIA=56.58
  [7/27] gap=22.71111111111111 Df=60.00 Dr=93.07 MIA=56.56
  [8/27] gap=22.71111111111111 Df=60.00 Dr=93.07 MIA=56.56
  [9/27] gap=22.71111111111111 Df=60.00 Dr=93.07 MIA=56.56
  [10/27] gap=23.85925925925925 Df=62.60 Dr=92.18 MIA=56.51
  [11/27] gap=23.85925925925925 Df=62.60 Dr=92.18 MIA=56.51
  [12/27] gap=23.85925925925925 Df=62.60 Dr=92.18 MIA=56.51
  [13/27] gap=21.970370370370365 Df=57.40 Dr=91.64 MIA=55.51
  [14/27] gap=21.970370370370365 Df=57.40 Dr=91.64 MIA=55.51
  [15/27] gap=21.970370370370365 Df=57.40 Dr=91.64 MIA=55.51
  [16/27] gap=12.007407407407408 Df=27.20 Dr=91.07 MIA=55.24
  [17/27] gap=12.007407407407408 Df=27.20 Dr=91.07 MIA=55.24
  [18/27] gap=12.007407407407408 Df=27.20 Dr=91.07 MIA=55.24
  [19/27] gap=1.1333333333333329 Df=0.00 Dr=91.13 MIA=49.89
  [20/27] gap=1.1333333333333329 Df=0.00 Dr=91.13 MIA=49.89
  [21/27] gap=1.1333333333333329 Df=0.00 Dr=91.13 MIA=49.89
  [22/27] gap=1.503703703703702 Df=0.00 Dr=91.98 MIA=51.84
  [23/27] gap=1.503703703703702 Df=0.00 Dr=91.98 MIA=51.84
  [24/27] gap=1.503703703703702 Df=0.00 Dr=91.98 MIA=51.84
  [25/27] gap=1.725925925925921 Df=0.00 Dr=92.11 MIA=52.64
  [26/27] gap=1.725925925925921 Df=0.00 Dr=92.11 MIA=52.64
  [27/27] gap=1.725925925925921 Df=0.00 Dr=92.11 MIA=52.64
final test: uniclun {'lr': 0.0001, 'epochs': 10, 'buffer_size': 250}
  Df=60.20 Dr=92.23 MIA=56.82 time=22.52s KL=0.0093

