loaded shared source and Amnesiac ledger
loaded shared Retrain reference
shadow 0/16: training on D_r + 2272 of D_f
Epoch 10/100: Train Loss=0.3431, Train Acc=0.8829, Val Acc=0.8490
Epoch 20/100: Train Loss=0.1523, Train Acc=0.9458, Val Acc=0.8972
Epoch 30/100: Train Loss=0.0315, Train Acc=0.9887, Val Acc=0.9242
Epoch 40/100: Train Loss=0.0087, Train Acc=0.9972, Val Acc=0.9266
Epoch 50/100: Train Loss=0.0040, Train Acc=0.9989, Val Acc=0.9328
Early stopping at epoch 59
shadow 1/16: training on D_r + 2211 of D_f
Epoch 10/100: Train Loss=0.3362, Train Acc=0.8837, Val Acc=0.8494
Epoch 20/100: Train Loss=0.1051, Train Acc=0.9639, Val Acc=0.9158
Epoch 30/100: Train Loss=0.0297, Train Acc=0.9896, Val Acc=0.9206
Epoch 40/100: Train Loss=0.0082, Train Acc=0.9977, Val Acc=0.9268
Epoch 50/100: Train Loss=0.0047, Train Acc=0.9986, Val Acc=0.9286
Epoch 60/100: Train Loss=0.0039, Train Acc=0.9988, Val Acc=0.9280
Early stopping at epoch 69
shadow 2/16: training on D_r + 2218 of D_f
Epoch 10/100: Train Loss=0.3339, Train Acc=0.8841, Val Acc=0.8732
Epoch 20/100: Train Loss=0.1579, Train Acc=0.9448, Val Acc=0.8960
Epoch 30/100: Train Loss=0.0881, Train Acc=0.9688, Val Acc=0.9074
Epoch 40/100: Train Loss=0.0135, Train Acc=0.9954, Val Acc=0.9274
Epoch 50/100: Train Loss=0.0047, Train Acc=0.9986, Val Acc=0.9322
Epoch 60/100: Train Loss=0.0024, Train Acc=0.9993, Val Acc=0.9318
Epoch 70/100: Train Loss=0.0014, Train Acc=0.9997, Val Acc=0.9338
Early stopping at epoch 73
shadow 3/16: training on D_r + 2267 of D_f
Epoch 10/100: Train Loss=0.3365, Train Acc=0.8833, Val Acc=0.8768
Epoch 20/100: Train Loss=0.1545, Train Acc=0.9446, Val Acc=0.8950
Epoch 30/100: Train Loss=0.0842, Train Acc=0.9711, Val Acc=0.9098
Epoch 40/100: Train Loss=0.0138, Train Acc=0.9954, Val Acc=0.9290
Epoch 50/100: Train Loss=0.0039, Train Acc=0.9987, Val Acc=0.9328
Early stopping at epoch 56
shadow 4/16: training on D_r + 2241 of D_f
Epoch 10/100: Train Loss=0.3382, Train Acc=0.8832, Val Acc=0.8612
Epoch 20/100: Train Loss=0.1575, Train Acc=0.9449, Val Acc=0.8980
Epoch 30/100: Train Loss=0.0865, Train Acc=0.9697, Val Acc=0.9046
Epoch 40/100: Train Loss=0.0134, Train Acc=0.9956, Val Acc=0.9330
Epoch 50/100: Train Loss=0.0049, Train Acc=0.9984, Val Acc=0.9342
Epoch 60/100: Train Loss=0.0022, Train Acc=0.9995, Val Acc=0.9352
Epoch 70/100: Train Loss=0.0017, Train Acc=0.9995, Val Acc=0.9384
Early stopping at epoch 74
shadow 5/16: training on D_r + 2197 of D_f
Epoch 10/100: Train Loss=0.3357, Train Acc=0.8839, Val Acc=0.8672
Epoch 20/100: Train Loss=0.1572, Train Acc=0.9444, Val Acc=0.9032
Epoch 30/100: Train Loss=0.0506, Train Acc=0.9825, Val Acc=0.9216
Epoch 40/100: Train Loss=0.0126, Train Acc=0.9957, Val Acc=0.9298
Epoch 50/100: Train Loss=0.0035, Train Acc=0.9992, Val Acc=0.9332
Epoch 60/100: Train Loss=0.0029, Train Acc=0.9993, Val Acc=0.9336
Early stopping at epoch 62
shadow 6/16: training on D_r + 2294 of D_f
Epoch 10/100: Train Loss=0.3389, Train Acc=0.8817, Val Acc=0.8700
Epoch 20/100: Train Loss=0.1600, Train Acc=0.9432, Val Acc=0.9008
Epoch 30/100: Train Loss=0.0443, Train Acc=0.9842, Val Acc=0.9204
Epoch 40/100: Train Loss=0.0110, Train Acc=0.9968, Val Acc=0.9298
Epoch 50/100: Train Loss=0.0042, Train Acc=0.9989, Val Acc=0.9310
Early stopping at epoch 56
shadow 7/16: training on D_r + 2227 of D_f
Epoch 10/100: Train Loss=0.3338, Train Acc=0.8841, Val Acc=0.8522
Epoch 20/100: Train Loss=0.1582, Train Acc=0.9434, Val Acc=0.9032
Epoch 30/100: Train Loss=0.0446, Train Acc=0.9843, Val Acc=0.9152
Epoch 40/100: Train Loss=0.0082, Train Acc=0.9973, Val Acc=0.9256
Epoch 50/100: Train Loss=0.0037, Train Acc=0.9989, Val Acc=0.9324
Epoch 60/100: Train Loss=0.0023, Train Acc=0.9994, Val Acc=0.9342
Early stopping at epoch 68
shadow 8/16: training on D_r + 2243 of D_f
Epoch 10/100: Train Loss=0.3368, Train Acc=0.8833, Val Acc=0.8666
Epoch 20/100: Train Loss=0.1556, Train Acc=0.9459, Val Acc=0.9006
Epoch 30/100: Train Loss=0.0424, Train Acc=0.9852, Val Acc=0.9180
Epoch 40/100: Train Loss=0.0091, Train Acc=0.9970, Val Acc=0.9284
Epoch 50/100: Train Loss=0.0044, Train Acc=0.9986, Val Acc=0.9304
Epoch 60/100: Train Loss=0.0029, Train Acc=0.9992, Val Acc=0.9310
Early stopping at epoch 69
shadow 9/16: training on D_r + 2284 of D_f
Epoch 10/100: Train Loss=0.3317, Train Acc=0.8846, Val Acc=0.8786
Epoch 20/100: Train Loss=0.1569, Train Acc=0.9454, Val Acc=0.8924
Epoch 30/100: Train Loss=0.0271, Train Acc=0.9910, Val Acc=0.9196
Epoch 40/100: Train Loss=0.0082, Train Acc=0.9975, Val Acc=0.9276
Epoch 50/100: Train Loss=0.0051, Train Acc=0.9986, Val Acc=0.9296
Epoch 60/100: Train Loss=0.0031, Train Acc=0.9992, Val Acc=0.9308
Early stopping at epoch 65
shadow 10/16: training on D_r + 2272 of D_f
Epoch 10/100: Train Loss=0.3348, Train Acc=0.8832, Val Acc=0.8624
Epoch 20/100: Train Loss=0.1595, Train Acc=0.9443, Val Acc=0.8978
Epoch 30/100: Train Loss=0.0445, Train Acc=0.9844, Val Acc=0.9252
Epoch 40/100: Train Loss=0.0088, Train Acc=0.9971, Val Acc=0.9304
Epoch 50/100: Train Loss=0.0041, Train Acc=0.9987, Val Acc=0.9332
Epoch 60/100: Train Loss=0.0027, Train Acc=0.9992, Val Acc=0.9340
Early stopping at epoch 67
shadow 11/16: training on D_r + 2306 of D_f
Epoch 10/100: Train Loss=0.3416, Train Acc=0.8819, Val Acc=0.8576
Epoch 20/100: Train Loss=0.1590, Train Acc=0.9450, Val Acc=0.9058
Epoch 30/100: Train Loss=0.0436, Train Acc=0.9849, Val Acc=0.9202
Epoch 40/100: Train Loss=0.0105, Train Acc=0.9967, Val Acc=0.9292
Epoch 50/100: Train Loss=0.0040, Train Acc=0.9989, Val Acc=0.9298
Early stopping at epoch 59
shadow 12/16: training on D_r + 2214 of D_f
Epoch 10/100: Train Loss=0.3348, Train Acc=0.8853, Val Acc=0.8612
Epoch 20/100: Train Loss=0.1581, Train Acc=0.9441, Val Acc=0.8968
Epoch 30/100: Train Loss=0.0307, Train Acc=0.9895, Val Acc=0.9230
Epoch 40/100: Train Loss=0.0111, Train Acc=0.9961, Val Acc=0.9266
Epoch 50/100: Train Loss=0.0040, Train Acc=0.9989, Val Acc=0.9324
Early stopping at epoch 58
shadow 13/16: training on D_r + 2239 of D_f
Epoch 10/100: Train Loss=0.3372, Train Acc=0.8830, Val Acc=0.8552
Epoch 20/100: Train Loss=0.1540, Train Acc=0.9459, Val Acc=0.8960
Epoch 30/100: Train Loss=0.0852, Train Acc=0.9703, Val Acc=0.9104
Epoch 40/100: Train Loss=0.0136, Train Acc=0.9952, Val Acc=0.9296
Epoch 50/100: Train Loss=0.0065, Train Acc=0.9976, Val Acc=0.9332
Epoch 60/100: Train Loss=0.0024, Train Acc=0.9995, Val Acc=0.9352
Early stopping at epoch 68
shadow 14/16: training on D_r + 2278 of D_f
Epoch 10/100: Train Loss=0.3305, Train Acc=0.8855, Val Acc=0.8638
Epoch 20/100: Train Loss=0.1535, Train Acc=0.9449, Val Acc=0.8922
Epoch 30/100: Train Loss=0.0468, Train Acc=0.9834, Val Acc=0.9224
Epoch 40/100: Train Loss=0.0121, Train Acc=0.9959, Val Acc=0.9318
Epoch 50/100: Train Loss=0.0046, Train Acc=0.9986, Val Acc=0.9326
Epoch 60/100: Train Loss=0.0027, Train Acc=0.9992, Val Acc=0.9362
Early stopping at epoch 65
shadow 15/16: training on D_r + 2237 of D_f
Epoch 10/100: Train Loss=0.3344, Train Acc=0.8837, Val Acc=0.8744
Epoch 20/100: Train Loss=0.1585, Train Acc=0.9449, Val Acc=0.8890
Epoch 30/100: Train Loss=0.0831, Train Acc=0.9708, Val Acc=0.9082
Epoch 40/100: Train Loss=0.0246, Train Acc=0.9914, Val Acc=0.9224
Epoch 50/100: Train Loss=0.0050, Train Acc=0.9985, Val Acc=0.9328
Epoch 60/100: Train Loss=0.0021, Train Acc=0.9995, Val Acc=0.9346
Epoch 70/100: Train Loss=0.0013, Train Acc=0.9995, Val Acc=0.9346
Early stopping at epoch 73
baseline: unlearning 16 shadows
  AUC=80.08 TPR@1%FPR=22.36 bal.acc=71.33
finetune: unlearning 16 shadows
  AUC=54.83 TPR@1%FPR=3.82 bal.acc=52.49
ssd: unlearning 16 shadows
  AUC=75.95 TPR@1%FPR=18.53 bal.acc=67.13
badteacher: unlearning 16 shadows
  AUC=76.21 TPR@1%FPR=1.91 bal.acc=68.38
unsir: unlearning 16 shadows
  AUC=57.48 TPR@1%FPR=4.31 bal.acc=54.62
scrub: unlearning 16 shadows
  AUC=68.12 TPR@1%FPR=11.98 bal.acc=62.49
mmu: unlearning 16 shadows
  AUC=69.00 TPR@1%FPR=11.00 bal.acc=63.52
salun: unlearning 16 shadows
  AUC=67.39 TPR@1%FPR=0.00 bal.acc=62.78
uniclun: unlearning 16 shadows
  AUC=80.83 TPR@1%FPR=0.02 bal.acc=69.52
