frozen_redirect {'step': 0, 'attraction': 0.0010639969259500504, 'hinge': 0.0, 'distance': 0.0, 'denoise': 0.02603745274245739, 'preservation': 0.0}
frozen_redirect {'step': 100, 'attraction': 0.00020672874234151095, 'hinge': 0.0, 'distance': 0.0007099855574779212, 'denoise': 0.04252256080508232, 'preservation': 0.00011297009041300043}
frozen_redirect {'step': 200, 'attraction': 0.00017133702931459993, 'hinge': 0.0, 'distance': 0.0008103814907371998, 'denoise': 0.02211039513349533, 'preservation': 8.528977923560888e-05}
frozen_redirect {'step': 300, 'attraction': 0.00015283594257198274, 'hinge': 0.0, 'distance': 0.0008877896470949054, 'denoise': 0.02880239114165306, 'preservation': 0.00010944923269562423}
frozen_redirect {'step': 400, 'attraction': 0.00012479169527068734, 'hinge': 0.0, 'distance': 0.0008638824219815433, 'denoise': 0.023227831348776817, 'preservation': 0.00010429613757878542}
frozen_redirect {'step': 500, 'attraction': 0.00011559027916518971, 'hinge': 0.0, 'distance': 0.0009114592103287578, 'denoise': 0.022739965468645096, 'preservation': 9.486194176133722e-05}
frozen_redirect {'step': 600, 'attraction': 0.00016354373656213284, 'hinge': 0.0, 'distance': 0.0007833011914044619, 'denoise': 0.021983643993735313, 'preservation': 0.00010185170685872436}
frozen_redirect {'step': 700, 'attraction': 0.00014641668531112373, 'hinge': 0.0, 'distance': 0.0009285211563110352, 'denoise': 0.025573715567588806, 'preservation': 9.893148671835661e-05}
frozen_redirect {'step': 800, 'attraction': 0.00013995726476423442, 'hinge': 0.0, 'distance': 0.0009397740941494703, 'denoise': 0.02804933860898018, 'preservation': 0.00011014219489879906}
frozen_redirect {'step': 900, 'attraction': 0.00013376516290009022, 'hinge': 0.0, 'distance': 0.000947562453802675, 'denoise': 0.02912594936788082, 'preservation': 0.00013319221034180373}
frozen_redirect {'step': 999, 'attraction': 0.00011559091217350215, 'hinge': 0.0, 'distance': 0.0006184449302963912, 'denoise': 0.018970981240272522, 'preservation': 7.479560736101121e-05}
two_teacher {'step': 0, 'attraction': 0.0010639969259500504, 'hinge': 0.0020000000949949026, 'distance': 0.0, 'denoise': 0.02603745274245739, 'preservation': 0.0}
two_teacher {'step': 100, 'attraction': 0.0005690962425433099, 'hinge': 0.00011434569023549557, 'distance': 0.001885654404759407, 'denoise': 0.04254020377993584, 'preservation': 0.00013602059334516525}
two_teacher {'step': 200, 'attraction': 0.0003965572395827621, 'hinge': 0.0002045937580987811, 'distance': 0.0017954063368961215, 'denoise': 0.022132521495223045, 'preservation': 0.00010578570072539151}
two_teacher {'step': 300, 'attraction': 0.00046763516729697585, 'hinge': 0.0, 'distance': 0.002025088295340538, 'denoise': 0.02878989838063717, 'preservation': 0.00010817259317263961}
two_teacher {'step': 400, 'attraction': 0.00036624990752898157, 'hinge': 8.225894998759031e-05, 'distance': 0.0019177411450073123, 'denoise': 0.02324274182319641, 'preservation': 0.00011724645446520299}
two_teacher {'step': 500, 'attraction': 0.000463782693259418, 'hinge': 0.0, 'distance': 0.002153447363525629, 'denoise': 0.022758981212973595, 'preservation': 0.0001029964187182486}
two_teacher {'step': 600, 'attraction': 0.0004006980452686548, 'hinge': 0.0002391827292740345, 'distance': 0.0017608173657208681, 'denoise': 0.021973123773932457, 'preservation': 0.00010206531442236155}
two_teacher {'step': 700, 'attraction': 0.00044552035978995264, 'hinge': 0.0, 'distance': 0.002043916843831539, 'denoise': 0.02558264695107937, 'preservation': 0.00010703584121074528}
two_teacher {'step': 800, 'attraction': 0.0003437419072724879, 'hinge': 0.00016126350965350866, 'distance': 0.001838736585341394, 'denoise': 0.028092345222830772, 'preservation': 0.00013312911323737353}
two_teacher {'step': 900, 'attraction': 0.0004153123591095209, 'hinge': 0.0, 'distance': 0.002025297610089183, 'denoise': 0.02914164774119854, 'preservation': 0.00014928121527191252}
two_teacher {'step': 999, 'attraction': 0.00033100074506364763, 'hinge': 0.0005733375437557697, 'distance': 0.0014266625512391329, 'denoise': 0.018990173935890198, 'preservation': 9.320337267126888e-05}
CIFAR TWO-TEACHER COMPLETE {'forget_airplane_count': 0, 'forget_n': 32, 'forget_airplane_rate': 0.0, 'retain_correct': 285, 'retain_n': 288, 'retain_cond_acc': 98.95833134651184}
