training one shared source (150 epochs)
Epoch 10/150: Train Loss=0.8180, Train Acc=0.7330, Val Acc=0.6708
Epoch 20/150: Train Loss=0.4479, Train Acc=0.8510, Val Acc=0.7308
Epoch 30/150: Train Loss=0.1662, Train Acc=0.9433, Val Acc=0.7662
Epoch 40/150: Train Loss=0.0530, Train Acc=0.9833, Val Acc=0.7756
Epoch 50/150: Train Loss=0.0293, Train Acc=0.9909, Val Acc=0.7862
Epoch 60/150: Train Loss=0.0230, Train Acc=0.9938, Val Acc=0.7862
Epoch 70/150: Train Loss=0.0219, Train Acc=0.9938, Val Acc=0.7856
Early stopping at epoch 70
training same-recipe retain-only reference (150 epochs)
Epoch 10/150: Train Loss=0.8448, Train Acc=0.7244, Val Acc=0.6722
Epoch 20/150: Train Loss=0.4695, Train Acc=0.8436, Val Acc=0.7330
Epoch 30/150: Train Loss=0.1715, Train Acc=0.9414, Val Acc=0.7642
Epoch 40/150: Train Loss=0.0531, Train Acc=0.9829, Val Acc=0.7826
Epoch 50/150: Train Loss=0.0317, Train Acc=0.9900, Val Acc=0.7842
Early stopping at epoch 53
final test: baseline {}
  Df=99.47 Dr=79.43 MIA=63.99 time=0.00s KL=0.0049
final test: retrain {}
  Df=78.77 Dr=79.00 MIA=50.79 time=605.70s KL=0.0000

finetune: 0/12 candidates complete
  [1/12] gap=12.603095238095236 Df=99.64 Dr=78.52 MIA=64.42
  [2/12] gap=12.507142857142858 Df=99.46 Dr=78.54 MIA=64.33
  [3/12] gap=11.938095238095238 Df=99.02 Dr=78.64 MIA=63.17
  [4/12] gap=11.800595238095239 Df=99.02 Dr=78.74 MIA=62.86
  [5/12] gap=9.715833333333327 Df=91.61 Dr=74.28 MIA=59.55
  [6/12] gap=9.01607142857143 Df=91.43 Dr=75.04 MIA=58.39
  [7/12] gap=8.736428571428563 Df=91.16 Dr=75.12 MIA=57.90
  [8/12] gap=6.777380952380945 Df=87.59 Dr=75.64 MIA=56.12
  [9/12] gap=14.003690476190476 Df=59.73 Dr=57.22 MIA=50.62
  [10/12] gap=12.755714285714285 Df=61.70 Dr=59.58 MIA=51.21
  [11/12] gap=8.528214285714284 Df=67.68 Dr=65.70 MIA=50.62
  [12/12] gap=6.236785714285716 Df=71.43 Dr=69.36 MIA=51.16
final test: finetune {'lr': 0.0001, 'epochs': 10}
  Df=99.39 Dr=78.92 MIA=63.16 time=85.62s KL=0.0051

ssd: 0/25 candidates complete
  [1/25] gap=49.505595238095246 Df=5.00 Dr=5.00 MIA=50.18
  [2/25] gap=49.65071428571429 Df=4.55 Dr=4.52 MIA=49.69
  [3/25] gap=45.268928571428575 Df=12.05 Dr=11.46 MIA=50.98
  [4/25] gap=12.720119047619045 Df=99.64 Dr=78.66 MIA=64.91
  [5/25] gap=12.624166666666667 Df=99.55 Dr=78.80 MIA=64.73
  [6/25] gap=12.294642857142856 Df=99.29 Dr=78.24 MIA=63.57
  [7/25] gap=12.354166666666664 Df=99.29 Dr=78.24 MIA=63.75
  [8/25] gap=12.410119047619041 Df=99.38 Dr=78.34 MIA=63.93
  [9/25] gap=12.720119047619045 Df=99.64 Dr=78.66 MIA=64.91
  [10/25] gap=12.624166666666667 Df=99.55 Dr=78.80 MIA=64.73
  [11/25] gap=12.721666666666659 Df=99.55 Dr=78.70 MIA=65.04
  [12/25] gap=12.721666666666659 Df=99.55 Dr=78.70 MIA=65.04
  [13/25] gap=12.714999999999995 Df=99.64 Dr=78.72 MIA=64.96
  [14/25] gap=12.624166666666667 Df=99.64 Dr=78.80 MIA=64.64
  [15/25] gap=12.624166666666667 Df=99.55 Dr=78.80 MIA=64.73
  [16/25] gap=12.634404761904761 Df=99.55 Dr=78.92 MIA=64.64
  [17/25] gap=12.634404761904761 Df=99.55 Dr=78.92 MIA=64.64
  [18/25] gap=12.634404761904761 Df=99.55 Dr=78.92 MIA=64.64
  [19/25] gap=12.634404761904761 Df=99.55 Dr=78.92 MIA=64.64
  [20/25] gap=12.664166666666668 Df=99.55 Dr=78.92 MIA=64.73
  [21/25] gap=12.606190476190472 Df=99.55 Dr=78.88 MIA=64.60
  [22/25] gap=12.606190476190472 Df=99.55 Dr=78.88 MIA=64.60
  [23/25] gap=12.606190476190472 Df=99.55 Dr=78.88 MIA=64.60
  [24/25] gap=12.606190476190472 Df=99.55 Dr=78.88 MIA=64.60
  [25/25] gap=12.606190476190472 Df=99.55 Dr=78.88 MIA=64.60
final test: ssd {'alpha': 5.0, 'dampening_constant': 0.1}
  Df=98.51 Dr=78.68 MIA=63.68 time=7.54s KL=0.0056

badteacher: 0/36 candidates complete
  [1/36] gap=11.97892857142857 Df=98.66 Dr=77.58 MIA=62.59
  [2/36] gap=13.63404761904762 Df=66.07 Dr=56.32 MIA=54.96
  [3/36] gap=24.471071428571424 Df=47.41 Dr=41.80 MIA=54.29
  [4/36] gap=9.225714285714284 Df=88.39 Dr=71.42 MIA=58.44
  [5/36] gap=21.46440476190476 Df=52.50 Dr=45.82 MIA=54.37
  [6/36] gap=8.746666666666668 Df=75.89 Dr=62.50 MIA=56.29
  [7/36] gap=7.894047619047619 Df=81.07 Dr=66.04 MIA=56.38
  [8/36] gap=21.330357142857142 Df=53.21 Dr=45.24 MIA=54.11
  [9/36] gap=9.001666666666663 Df=83.75 Dr=67.36 MIA=58.35
  [10/36] gap=12.816785714285714 Df=66.79 Dr=57.12 MIA=54.02
  [11/36] gap=16.131428571428575 Df=63.30 Dr=51.06 MIA=54.42
  [12/36] gap=9.716428571428567 Df=88.21 Dr=69.68 MIA=58.35
  [13/36] gap=11.14107142857143 Df=95.62 Dr=75.54 MIA=61.07
  [14/36] gap=15.66964285714286 Df=61.88 Dr=53.74 MIA=54.29
  [15/36] gap=7.657499999999994 Df=80.98 Dr=66.08 MIA=55.80
  [16/36] gap=7.764880952380949 Df=81.25 Dr=66.74 MIA=56.52
  [17/36] gap=9.4125 Df=75.18 Dr=61.44 MIA=56.52
  [18/36] gap=10.893214285714285 Df=92.86 Dr=72.98 MIA=60.54
  [19/36] gap=9.601785714285716 Df=73.21 Dr=61.14 MIA=54.82
  [20/36] gap=9.971190476190474 Df=87.23 Dr=68.38 MIA=58.79
  [21/36] gap=10.08154761904761 Df=92.05 Dr=73.54 MIA=59.46
  [22/36] gap=12.679761904761904 Df=68.48 Dr=57.04 MIA=55.22
  [23/36] gap=11.771666666666661 Df=94.91 Dr=72.80 MIA=60.94
  [24/36] gap=10.197738095238096 Df=91.43 Dr=72.12 MIA=59.02
  [25/36] gap=10.49428571428571 Df=93.57 Dr=74.40 MIA=60.04
  [26/36] gap=10.107499999999996 Df=89.11 Dr=69.98 MIA=58.93
  [27/36] gap=10.30464285714285 Df=91.88 Dr=72.96 MIA=59.73
  [28/36] gap=9.11083333333333 Df=87.23 Dr=69.22 MIA=57.05
  [29/36] gap=12.281428571428563 Df=98.21 Dr=76.36 MIA=62.72
  [30/36] gap=9.00607142857143 Df=90.80 Dr=73.82 MIA=57.77
  [31/36] gap=10.141785714285705 Df=88.66 Dr=69.52 MIA=59.02
  [32/36] gap=12.267142857142856 Df=98.04 Dr=76.76 MIA=63.26
  [33/36] gap=9.742619047619044 Df=90.54 Dr=72.28 MIA=58.71
  [34/36] gap=11.73130952380952 Df=95.00 Dr=73.68 MIA=61.61
  [35/36] gap=12.125952380952377 Df=97.68 Dr=76.38 MIA=62.81
  [36/36] gap=7.168690476190473 Df=82.59 Dr=69.60 MIA=56.25
final test: badteacher {'temperature': 4.0, 'epochs': 5, 'lr': 0.001}
  Df=97.72 Dr=76.36 MIA=62.06 time=7.34s KL=0.0049

unsir: 0/36 candidates complete
  [1/36] gap=12.388928571428567 Df=99.02 Dr=77.60 MIA=63.48
  [2/36] gap=12.275 Df=98.75 Dr=77.54 MIA=63.35
  [3/36] gap=10.368452380952382 Df=92.41 Dr=73.84 MIA=60.27
  [4/36] gap=11.678928571428566 Df=96.52 Dr=75.98 MIA=62.23
  [5/36] gap=8.917142857142858 Df=72.32 Dr=63.06 MIA=53.79
  [6/36] gap=6.585833333333331 Df=79.38 Dr=67.42 MIA=55.54
  [7/36] gap=12.19654761904762 Df=98.84 Dr=77.82 MIA=63.30
  [8/36] gap=12.405357142857136 Df=99.20 Dr=77.64 MIA=63.39
  [9/36] gap=11.023333333333332 Df=94.11 Dr=74.42 MIA=61.12
  [10/36] gap=11.898690476190472 Df=97.41 Dr=76.66 MIA=62.68
  [11/36] gap=8.210238095238097 Df=73.66 Dr=64.02 MIA=53.97
  [12/36] gap=7.063571428571429 Df=82.32 Dr=69.96 MIA=56.56
  [13/36] gap=12.09857142857142 Df=98.75 Dr=77.98 MIA=63.26
  [14/36] gap=12.29452380952381 Df=98.84 Dr=77.66 MIA=63.44
  [15/36] gap=11.284642857142854 Df=95.27 Dr=75.02 MIA=61.34
  [16/36] gap=11.843333333333327 Df=98.04 Dr=76.96 MIA=62.19
  [17/36] gap=7.45309523809524 Df=75.45 Dr=65.22 MIA=54.69
  [18/36] gap=7.499404761904756 Df=84.64 Dr=70.84 MIA=56.43
  [19/36] gap=11.72797619047619 Df=98.12 Dr=77.44 MIA=62.23
  [20/36] gap=12.281071428571423 Df=98.48 Dr=77.12 MIA=63.21
  [21/36] gap=10.405833333333327 Df=92.50 Dr=73.46 MIA=59.91
  [22/36] gap=11.211904761904757 Df=96.52 Dr=75.64 MIA=60.49
  [23/36] gap=7.041666666666664 Df=76.96 Dr=65.74 MIA=55.49
  [24/36] gap=7.219166666666662 Df=82.95 Dr=70.52 MIA=56.96
  [25/36] gap=12.008214285714287 Df=98.66 Dr=77.76 MIA=62.86
  [26/36] gap=12.452619047619045 Df=99.02 Dr=77.90 MIA=63.97
  [27/36] gap=10.699523809523805 Df=94.38 Dr=74.32 MIA=59.78
  [28/36] gap=11.439999999999992 Df=97.32 Dr=76.92 MIA=61.65
  [29/36] gap=6.398571428571427 Df=78.39 Dr=67.58 MIA=56.12
  [30/36] gap=8.05845238095238 Df=86.70 Dr=72.02 MIA=57.23
  [31/36] gap=11.988214285714285 Df=98.48 Dr=77.82 MIA=63.04
  [32/36] gap=12.383333333333331 Df=98.93 Dr=77.84 MIA=63.79
  [33/36] gap=10.960357142857141 Df=94.38 Dr=75.10 MIA=61.34
  [34/36] gap=12.028095238095235 Df=98.12 Dr=77.12 MIA=62.81
  [35/36] gap=6.988333333333325 Df=80.45 Dr=68.40 MIA=56.65
  [36/36] gap=7.947261904761902 Df=87.05 Dr=72.80 MIA=57.32
final test: unsir {'impair_epochs': 2, 'repair_epochs': 2, 'impair_lr': 0.01, 'repair_lr': 0.01}
  Df=97.28 Dr=76.96 MIA=62.54 time=5.81s KL=0.0046

scrub: 0/24 candidates complete
  [1/24] gap=12.495357142857145 Df=99.64 Dr=78.86 MIA=64.20
  [2/24] gap=12.773452380952378 Df=99.64 Dr=78.98 MIA=64.91
  [3/24] gap=12.48869047619048 Df=99.46 Dr=78.84 MIA=64.38
  [4/24] gap=12.73238095238095 Df=99.64 Dr=79.08 MIA=64.69
  [5/24] gap=12.497380952380956 Df=99.46 Dr=79.00 MIA=64.24
  [6/24] gap=12.59642857142857 Df=99.55 Dr=78.94 MIA=64.51
  [7/24] gap=10.385476190476185 Df=95.54 Dr=76.78 MIA=60.13
  [8/24] gap=10.79666666666666 Df=96.88 Dr=77.60 MIA=60.85
  [9/24] gap=12.619047619047615 Df=99.73 Dr=78.74 MIA=64.60
  [10/24] gap=12.59642857142857 Df=99.55 Dr=78.94 MIA=64.51
  [11/24] gap=12.342976190476186 Df=99.55 Dr=78.76 MIA=63.93
  [12/24] gap=12.26904761904762 Df=99.46 Dr=78.94 MIA=63.62
  [13/24] gap=12.450714285714284 Df=99.38 Dr=78.86 MIA=64.33
  [14/24] gap=12.379404761904766 Df=99.55 Dr=78.78 MIA=64.02
  [15/24] gap=7.903571428571429 Df=84.29 Dr=69.94 MIA=57.10
  [16/24] gap=9.680952380952375 Df=94.64 Dr=76.84 MIA=58.97
  [17/24] gap=12.667261904761906 Df=99.73 Dr=78.64 MIA=64.64
  [18/24] gap=12.645714285714282 Df=99.73 Dr=78.66 MIA=64.60
  [19/24] gap=12.425595238095232 Df=99.64 Dr=78.74 MIA=64.11
  [20/24] gap=12.615952380952379 Df=99.64 Dr=78.82 MIA=64.60
  [21/24] gap=12.336309523809524 Df=99.64 Dr=78.74 MIA=63.84
  [22/24] gap=12.424047619047618 Df=99.55 Dr=78.78 MIA=64.15
  [23/24] gap=11.828928571428571 Df=66.96 Dr=59.28 MIA=53.39
  [24/24] gap=9.252261904761896 Df=92.68 Dr=75.76 MIA=58.57
final test: scrub {'msteps': 2, 'lr': 0.005, 'epochs': 10, 'max_grad_norm': 5.0}
  Df=94.39 Dr=76.15 MIA=59.69 time=9.26s KL=0.0062

mmu: 0/96 candidates complete
  [1/96] gap=12.619523809523807 Df=99.55 Dr=78.92 MIA=64.60
  [2/96] gap=12.665714285714282 Df=99.73 Dr=78.88 MIA=64.60
  [3/96] gap=12.538928571428576 Df=99.46 Dr=79.08 MIA=64.29
  [4/96] gap=12.534880952380945 Df=99.64 Dr=78.68 MIA=64.38
  [5/96] gap=12.680595238095236 Df=99.64 Dr=78.88 MIA=64.73
  [6/96] gap=12.842261904761903 Df=99.82 Dr=78.74 MIA=65.18
  [7/96] gap=12.579999999999993 Df=99.38 Dr=78.98 MIA=64.60
  [8/96] gap=12.601071428571425 Df=99.38 Dr=78.66 MIA=64.82
  [9/96] gap=12.592261904761907 Df=99.46 Dr=79.24 MIA=64.29
  [10/96] gap=12.66261904761904 Df=99.64 Dr=78.96 MIA=64.60
  [11/96] gap=12.470714285714285 Df=99.38 Dr=78.92 MIA=64.33
  [12/96] gap=12.611309523809524 Df=99.55 Dr=78.94 MIA=64.55
  [13/96] gap=12.52821428571429 Df=99.55 Dr=78.78 MIA=64.46
  [14/96] gap=12.625714285714281 Df=99.73 Dr=78.72 MIA=64.60
  [15/96] gap=12.454285714285712 Df=99.46 Dr=78.96 MIA=64.15
  [16/96] gap=12.616428571428571 Df=99.46 Dr=79.00 MIA=64.60
  [17/96] gap=12.63535714285714 Df=99.55 Dr=79.28 MIA=64.29
  [18/96] gap=12.61333333333333 Df=99.64 Dr=79.08 MIA=64.33
  [19/96] gap=12.58154761904762 Df=99.46 Dr=78.94 MIA=64.55
  [20/96] gap=12.472738095238093 Df=99.64 Dr=79.06 MIA=63.93
  [21/96] gap=12.417380952380947 Df=99.55 Dr=78.76 MIA=64.15
  [22/96] gap=12.536428571428567 Df=99.73 Dr=78.76 MIA=64.33
  [23/96] gap=12.56821428571429 Df=99.38 Dr=78.90 MIA=64.64
  [24/96] gap=12.555357142857142 Df=99.46 Dr=79.04 MIA=64.38
  [25/96] gap=10.729761904761903 Df=95.71 Dr=76.64 MIA=60.85
  [26/96] gap=11.47297619047619 Df=98.48 Dr=77.58 MIA=61.25
  [27/96] gap=9.140119047619045 Df=91.43 Dr=74.40 MIA=58.13
  [28/96] gap=11.334285714285707 Df=96.79 Dr=76.88 MIA=61.83
  [29/96] gap=11.383690476190472 Df=97.86 Dr=77.58 MIA=61.61
  [30/96] gap=12.153095238095235 Df=99.11 Dr=78.62 MIA=63.71
  [31/96] gap=9.789642857142846 Df=94.29 Dr=76.38 MIA=59.20
  [32/96] gap=11.584999999999999 Df=98.75 Dr=78.36 MIA=62.10
  [33/96] gap=12.601071428571435 Df=99.55 Dr=78.82 MIA=64.64
  [34/96] gap=12.655952380952376 Df=99.64 Dr=78.54 MIA=64.60
  [35/96] gap=12.639047619047616 Df=99.64 Dr=78.80 MIA=64.69
  [36/96] gap=12.784761904761899 Df=99.64 Dr=78.88 MIA=65.04
  [37/96] gap=12.700595238095241 Df=99.73 Dr=78.94 MIA=64.64
  [38/96] gap=12.744761904761896 Df=99.64 Dr=78.72 MIA=65.04
  [39/96] gap=12.535357142857137 Df=99.55 Dr=78.98 MIA=64.29
  [40/96] gap=12.586190476190476 Df=99.55 Dr=78.82 MIA=64.60
  [41/96] gap=12.626190476190473 Df=99.64 Dr=78.94 MIA=64.51
  [42/96] gap=12.5 Df=99.73 Dr=78.74 MIA=64.24
  [43/96] gap=12.34809523809524 Df=99.55 Dr=78.82 MIA=63.88
  [44/96] gap=12.63392857142857 Df=99.64 Dr=78.74 MIA=64.73
  [45/96] gap=12.431190476190475 Df=99.46 Dr=78.98 MIA=64.06
  [46/96] gap=12.647261904761905 Df=99.73 Dr=78.70 MIA=64.64
  [47/96] gap=12.597976190476198 Df=99.46 Dr=78.90 MIA=64.64
  [48/96] gap=12.58309523809524 Df=99.55 Dr=78.90 MIA=64.51
  [49/96] gap=12.414761904761903 Df=99.55 Dr=79.02 MIA=63.88
  [50/96] gap=12.386071428571427 Df=99.73 Dr=78.68 MIA=63.84
  [51/96] gap=12.419880952380952 Df=99.46 Dr=78.40 MIA=63.93
  [52/96] gap=12.45738095238095 Df=99.55 Dr=78.88 MIA=64.15
  [53/96] gap=12.492261904761904 Df=99.46 Dr=78.94 MIA=64.29
  [54/96] gap=12.587738095238095 Df=99.55 Dr=78.70 MIA=64.64
  [55/96] gap=12.417380952380952 Df=99.46 Dr=78.76 MIA=64.24
  [56/96] gap=12.611309523809519 Df=99.64 Dr=78.94 MIA=64.46
  [57/96] gap=9.044285714285712 Df=74.29 Dr=62.50 MIA=55.58
  [58/96] gap=31.638809523809527 Df=33.30 Dr=30.52 MIA=50.40
  [59/96] gap=14.696666666666665 Df=59.73 Dr=55.90 MIA=51.38
  [60/96] gap=32.576190476190476 Df=30.54 Dr=29.94 MIA=49.87
  [61/96] gap=8.731309523809514 Df=91.34 Dr=75.18 MIA=57.77
  [62/96] gap=11.60178571428571 Df=98.21 Dr=77.64 MIA=61.96
  [63/96] gap=8.205238095238094 Df=86.61 Dr=72.16 MIA=57.90
  [64/96] gap=11.172142857142852 Df=97.32 Dr=76.92 MIA=60.85
  [65/96] gap=12.48202380952381 Df=99.64 Dr=78.66 MIA=64.20
  [66/96] gap=12.491785714285717 Df=99.73 Dr=78.72 MIA=64.20
  [67/96] gap=12.581547619047617 Df=99.55 Dr=78.94 MIA=64.46
  [68/96] gap=12.485595238095243 Df=99.46 Dr=78.92 MIA=64.29
  [69/96] gap=12.651309523809525 Df=99.55 Dr=79.06 MIA=64.55
  [70/96] gap=12.61440476190476 Df=99.64 Dr=78.86 MIA=64.55
  [71/96] gap=12.753928571428574 Df=99.64 Dr=79.10 MIA=64.73
  [72/96] gap=12.504047619047617 Df=99.55 Dr=79.02 MIA=64.15
  [73/96] gap=12.52357142857143 Df=99.64 Dr=78.90 MIA=64.24
  [74/96] gap=12.50190476190476 Df=99.20 Dr=78.02 MIA=64.06
  [75/96] gap=12.359880952380955 Df=99.46 Dr=78.90 MIA=63.93
  [76/96] gap=12.34130952380952 Df=99.20 Dr=78.10 MIA=63.66
  [77/96] gap=12.422976190476192 Df=99.64 Dr=79.00 MIA=63.84
  [78/96] gap=12.674404761904759 Df=99.64 Dr=79.04 MIA=64.55
  [79/96] gap=12.487142857142857 Df=99.38 Dr=78.88 MIA=64.42
  [80/96] gap=12.550714285714287 Df=99.46 Dr=79.16 MIA=64.24
  [81/96] gap=12.432738095238099 Df=99.38 Dr=78.94 MIA=64.20
  [82/96] gap=11.74904761904761 Df=98.30 Dr=77.60 MIA=62.28
  [83/96] gap=12.32345238095238 Df=99.46 Dr=78.88 MIA=63.84
  [84/96] gap=11.80095238095238 Df=98.66 Dr=77.98 MIA=62.46
  [85/96] gap=12.432738095238093 Df=99.46 Dr=78.94 MIA=64.11
  [86/96] gap=12.484047619047615 Df=99.64 Dr=78.96 MIA=64.06
  [87/96] gap=12.517380952380956 Df=99.46 Dr=79.06 MIA=64.24
  [88/96] gap=12.25 Df=99.55 Dr=79.24 MIA=63.17
  [89/96] gap=41.62107142857142 Df=15.80 Dr=16.60 MIA=48.93
  [90/96] gap=45.94416666666667 Df=10.09 Dr=11.22 MIA=50.80
  [91/96] gap=47.57464285714286 Df=7.59 Dr=7.40 MIA=49.38
  [92/96] gap=48.46440476190477 Df=6.25 Dr=7.32 MIA=50.62
  [93/96] gap=6.298690476190475 Df=80.36 Dr=68.46 MIA=54.73
  [94/96] gap=10.37666666666666 Df=95.27 Dr=76.36 MIA=59.96
  [95/96] gap=40.01285714285714 Df=19.55 Dr=18.88 MIA=50.13
  [96/96] gap=33.26761904761905 Df=28.84 Dr=28.58 MIA=48.88
final test: mmu {'msteps': 1, 'lr': 0.005, 'epochs': 5, 'head_mode': 'tied', 'weighting': 'normalised', 'max_grad_norm': 5.0}
  Df=95.88 Dr=76.58 MIA=60.61 time=4.61s KL=0.0040

salun: 0/45 candidates complete
  [1/45] gap=7.84690476190476 Df=80.80 Dr=66.36 MIA=56.83
  [2/45] gap=9.849523809523815 Df=73.04 Dr=60.62 MIA=54.87
  [3/45] gap=15.023452380952383 Df=63.48 Dr=53.00 MIA=53.21
  [4/45] gap=19.96952380952381 Df=54.55 Dr=47.76 MIA=53.88
  [5/45] gap=19.508214285714285 Df=56.34 Dr=47.76 MIA=54.29
  [6/45] gap=13.296666666666665 Df=68.66 Dr=55.10 MIA=55.31
  [7/45] gap=8.431071428571428 Df=77.23 Dr=62.42 MIA=56.61
  [8/45] gap=8.50773809523809 Df=82.14 Dr=65.94 MIA=57.05
  [9/45] gap=9.816190476190478 Df=89.29 Dr=70.72 MIA=58.62
  [10/45] gap=7.977619047619044 Df=80.54 Dr=65.70 MIA=56.83
  [11/45] gap=10.713452380952377 Df=71.43 Dr=59.68 MIA=54.91
  [12/45] gap=15.749880952380954 Df=61.96 Dr=52.16 MIA=53.04
  [13/45] gap=19.548214285714284 Df=56.07 Dr=47.64 MIA=54.02
  [14/45] gap=17.796309523809526 Df=60.18 Dr=49.86 MIA=55.09
  [15/45] gap=10.709642857142853 Df=74.46 Dr=58.62 MIA=56.88
  [16/45] gap=8.06880952380952 Df=80.27 Dr=64.98 MIA=56.65
  [17/45] gap=8.75964285714285 Df=84.91 Dr=68.22 MIA=57.32
  [18/45] gap=9.951309523809522 Df=90.18 Dr=71.52 MIA=58.93
  [19/45] gap=7.789761904761906 Df=80.18 Dr=65.46 MIA=56.38
  [20/45] gap=10.87035714285714 Df=71.16 Dr=59.12 MIA=54.55
  [21/45] gap=15.909285714285717 Df=62.77 Dr=51.28 MIA=53.44
  [22/45] gap=19.28857142857143 Df=56.96 Dr=47.66 MIA=54.15
  [23/45] gap=16.501785714285713 Df=63.30 Dr=50.44 MIA=54.91
  [24/45] gap=9.207499999999996 Df=77.59 Dr=60.18 MIA=57.05
  [25/45] gap=8.299880952380951 Df=81.88 Dr=65.76 MIA=56.52
  [26/45] gap=8.666428571428566 Df=85.54 Dr=69.08 MIA=57.28
  [27/45] gap=9.793809523809523 Df=90.36 Dr=71.68 MIA=58.44
  [28/45] gap=8.009404761904756 Df=80.36 Dr=65.56 MIA=56.96
  [29/45] gap=10.809404761904759 Df=70.98 Dr=59.66 MIA=54.73
  [30/45] gap=15.89297619047619 Df=62.05 Dr=51.82 MIA=53.21
  [31/45] gap=19.436309523809527 Df=56.70 Dr=47.44 MIA=54.11
  [32/45] gap=16.125833333333333 Df=64.38 Dr=51.30 MIA=55.71
  [33/45] gap=8.680357142857138 Df=78.57 Dr=61.94 MIA=57.14
  [34/45] gap=7.564999999999995 Df=79.29 Dr=65.42 MIA=56.56
  [35/45] gap=8.548928571428569 Df=85.45 Dr=69.12 MIA=57.05
  [36/45] gap=9.408452380952378 Df=89.64 Dr=71.72 MIA=58.04
  [37/45] gap=7.935952380952382 Df=79.82 Dr=65.20 MIA=56.92
  [38/45] gap=11.068928571428572 Df=70.98 Dr=59.06 MIA=54.91
  [39/45] gap=15.920595238095236 Df=62.14 Dr=51.38 MIA=52.95
  [40/45] gap=19.068928571428568 Df=57.86 Dr=47.56 MIA=54.29
  [41/45] gap=15.312142857142861 Df=65.89 Dr=52.00 MIA=55.49
  [42/45] gap=8.902619047619046 Df=79.38 Dr=62.30 MIA=57.37
  [43/45] gap=7.816428571428564 Df=80.36 Dr=65.38 MIA=56.21
  [44/45] gap=8.775238095238096 Df=85.98 Dr=69.20 MIA=57.28
  [45/45] gap=9.032261904761903 Df=88.75 Dr=71.42 MIA=57.50
final test: salun {'sparsity': 0.7, 'lr': 0.01, 'epochs': 10}
  Df=87.72 Dr=71.93 MIA=57.94 time=17.22s KL=0.0022

uniclun: 0/27 candidates complete
  [1/27] gap=7.605357142857142 Df=78.75 Dr=64.54 MIA=56.34
  [2/27] gap=7.605357142857142 Df=78.75 Dr=64.54 MIA=56.34
  [3/27] gap=7.605357142857142 Df=78.75 Dr=64.54 MIA=56.34
  [4/27] gap=12.931309523809523 Df=67.59 Dr=57.58 MIA=55.62
  [5/27] gap=12.931309523809523 Df=67.59 Dr=57.58 MIA=55.62
  [6/27] gap=12.931309523809523 Df=67.59 Dr=57.58 MIA=55.62
  [7/27] gap=17.530714285714286 Df=58.39 Dr=50.88 MIA=53.53
  [8/27] gap=17.530714285714286 Df=58.39 Dr=50.88 MIA=53.53
  [9/27] gap=17.530714285714286 Df=58.39 Dr=50.88 MIA=53.53
  [10/27] gap=20.78904761904762 Df=53.12 Dr=45.48 MIA=52.63
  [11/27] gap=20.78904761904762 Df=53.12 Dr=45.48 MIA=52.63
  [12/27] gap=20.78904761904762 Df=53.12 Dr=45.48 MIA=52.63
  [13/27] gap=16.788214285714286 Df=61.52 Dr=50.92 MIA=54.46
  [14/27] gap=16.788214285714286 Df=61.52 Dr=50.92 MIA=54.46
  [15/27] gap=16.788214285714286 Df=61.52 Dr=50.92 MIA=54.46
  [16/27] gap=8.435238095238093 Df=78.48 Dr=62.72 MIA=57.28
  [17/27] gap=8.435238095238093 Df=78.48 Dr=62.72 MIA=57.28
  [18/27] gap=8.435238095238093 Df=78.48 Dr=62.72 MIA=57.28
  [19/27] gap=7.944761904761902 Df=79.91 Dr=65.62 MIA=57.28
  [20/27] gap=7.944761904761902 Df=79.91 Dr=65.62 MIA=57.28
  [21/27] gap=7.944761904761902 Df=79.91 Dr=65.62 MIA=57.28
  [22/27] gap=8.350476190476185 Df=85.71 Dr=69.76 MIA=56.83
  [23/27] gap=8.350476190476185 Df=85.71 Dr=69.76 MIA=56.83
  [24/27] gap=8.350476190476185 Df=85.71 Dr=69.76 MIA=56.83
  [25/27] gap=9.397619047619044 Df=89.02 Dr=71.44 MIA=58.35
  [26/27] gap=9.397619047619044 Df=89.02 Dr=71.44 MIA=58.35
  [27/27] gap=9.397619047619044 Df=89.02 Dr=71.44 MIA=58.35
final test: uniclun {'lr': 0.01, 'epochs': 10, 'buffer_size': 250}
  Df=88.95 Dr=71.41 MIA=58.07 time=15.18s KL=0.0048

