training one shared source (150 epochs)
Epoch 10/150: Train Loss=0.8151, Train Acc=0.7335, Val Acc=0.6722
Epoch 20/150: Train Loss=0.4449, Train Acc=0.8520, Val Acc=0.7190
Epoch 30/150: Train Loss=0.1332, Train Acc=0.9561, Val Acc=0.7794
Epoch 40/150: Train Loss=0.0558, Train Acc=0.9819, Val Acc=0.7908
Epoch 50/150: Train Loss=0.0348, Train Acc=0.9890, Val Acc=0.7866
Early stopping at epoch 55
training same-recipe retain-only reference (150 epochs)
Epoch 10/150: Train Loss=0.8170, Train Acc=0.7353, Val Acc=0.6798
Epoch 20/150: Train Loss=0.4502, Train Acc=0.8477, Val Acc=0.7396
Epoch 30/150: Train Loss=0.1226, Train Acc=0.9592, Val Acc=0.7788
Epoch 40/150: Train Loss=0.0603, Train Acc=0.9804, Val Acc=0.7796
Epoch 50/150: Train Loss=0.0361, Train Acc=0.9893, Val Acc=0.7848
Epoch 60/150: Train Loss=0.0348, Train Acc=0.9888, Val Acc=0.7881
Epoch 70/150: Train Loss=0.0329, Train Acc=0.9895, Val Acc=0.7903
Epoch 80/150: Train Loss=0.0297, Train Acc=0.9910, Val Acc=0.7857
Early stopping at epoch 80
final test: baseline {}
  Df=94.00 Dr=79.22 MIA=51.59 time=0.00s KL=0.0004
final test: retrain {}
  Df=85.00 Dr=78.85 MIA=48.46 time=664.52s KL=0.0000

finetune: 0/12 candidates complete
  [1/12] gap=3.5378186628186583 Df=98.00 Dr=78.16 MIA=52.62
  [2/12] gap=3.260882635882633 Df=98.00 Dr=78.24 MIA=50.41
  [3/12] gap=4.146645021645019 Df=96.00 Dr=77.66 MIA=55.95
  [4/12] gap=5.107503607503605 Df=98.00 Dr=77.90 MIA=57.07
  [5/12] gap=4.442941317941314 Df=94.00 Dr=74.77 MIA=46.34
  [6/12] gap=7.033429533429531 Df=98.00 Dr=74.12 MIA=43.21
  [7/12] gap=3.368145743145739 Df=92.00 Dr=73.78 MIA=53.73
  [8/12] gap=2.051166426166423 Df=90.00 Dr=74.59 MIA=52.59
  [9/12] gap=13.261844636844634 Df=96.00 Dr=52.53 MIA=44.12
  [10/12] gap=7.4931457431457416 Df=88.00 Dr=61.78 MIA=48.18
  [11/12] gap=6.0014430014430005 Df=94.00 Dr=65.72 MIA=50.71
  [12/12] gap=5.75805675805676 Df=92.00 Dr=70.16 MIA=45.00
final test: finetune {'lr': 0.0001, 'epochs': 5}
  Df=94.00 Dr=79.20 MIA=50.28 time=26.38s KL=0.0004

ssd: 0/25 candidates complete
  [1/25] gap=54.76232563732564 Df=0.00 Dr=10.67 MIA=45.48
  [2/25] gap=52.78727753727754 Df=0.00 Dr=19.25 MIA=42.82
  [3/25] gap=42.1513949013949 Df=0.00 Dr=46.30 MIA=47.68
  [4/25] gap=7.70544733044733 Df=70.00 Dr=76.44 MIA=50.88
  [5/25] gap=0.8198051948051935 Df=90.00 Dr=78.57 MIA=49.41
  [6/25] gap=32.32118807118807 Df=4.00 Dr=70.22 MIA=53.04
  [7/25] gap=32.569023569023564 Df=4.00 Dr=70.59 MIA=54.14
  [8/25] gap=30.827681577681574 Df=6.00 Dr=71.13 MIA=50.82
  [9/25] gap=7.70544733044733 Df=70.00 Dr=76.44 MIA=50.88
  [10/25] gap=0.8198051948051935 Df=90.00 Dr=78.57 MIA=49.41
  [11/25] gap=12.35924723424723 Df=60.00 Dr=76.16 MIA=55.09
  [12/25] gap=10.951839826839825 Df=64.00 Dr=76.38 MIA=55.09
  [13/25] gap=10.762626262626263 Df=66.00 Dr=76.51 MIA=56.64
  [14/25] gap=5.498617123617119 Df=78.00 Dr=77.64 MIA=53.98
  [15/25] gap=0.8198051948051935 Df=90.00 Dr=78.57 MIA=49.41
  [16/25] gap=2.8588263588263607 Df=98.00 Dr=78.79 MIA=51.07
  [17/25] gap=2.8588263588263607 Df=98.00 Dr=78.79 MIA=51.07
  [18/25] gap=2.8588263588263607 Df=98.00 Dr=78.79 MIA=51.07
  [19/25] gap=2.852092352092354 Df=98.00 Dr=78.81 MIA=51.07
  [20/25] gap=2.852092352092354 Df=98.00 Dr=78.81 MIA=51.07
  [21/25] gap=3.0818903318903303 Df=98.00 Dr=78.87 MIA=51.96
  [22/25] gap=3.0818903318903303 Df=98.00 Dr=78.87 MIA=51.96
  [23/25] gap=3.0818903318903303 Df=98.00 Dr=78.87 MIA=51.96
  [24/25] gap=3.0818903318903303 Df=98.00 Dr=78.87 MIA=51.96
  [25/25] gap=3.0818903318903303 Df=98.00 Dr=78.87 MIA=51.96
final test: ssd {'alpha': 1.0, 'dampening_constant': 10.0}
  Df=94.00 Dr=79.25 MIA=51.15 time=6.69s KL=0.0004

badteacher: 0/36 candidates complete
  [1/36] gap=21.909872534872534 Df=32.00 Dr=72.55 MIA=52.12
  [2/36] gap=28.06830206830206 Df=14.00 Dr=71.37 MIA=51.43
  [3/36] gap=28.782287157287158 Df=14.00 Dr=71.54 MIA=48.55
  [4/36] gap=27.746272246272245 Df=18.00 Dr=71.70 MIA=54.79
  [5/36] gap=27.884800384800386 Df=14.00 Dr=72.42 MIA=50.36
  [6/36] gap=23.612794612794612 Df=30.00 Dr=73.45 MIA=46.14
  [7/36] gap=27.87031024531024 Df=16.00 Dr=71.41 MIA=52.88
  [8/36] gap=27.02561327561327 Df=16.00 Dr=72.32 MIA=51.25
  [9/36] gap=20.296777296777297 Df=36.00 Dr=74.55 MIA=53.29
  [10/36] gap=28.56126743626744 Df=14.00 Dr=71.56 MIA=49.20
  [11/36] gap=25.594576719576718 Df=20.00 Dr=72.85 MIA=51.48
  [12/36] gap=17.544552669552665 Df=44.00 Dr=76.14 MIA=54.62
  [13/36] gap=23.002765752765754 Df=30.00 Dr=72.61 MIA=53.46
  [14/36] gap=26.716750841750837 Df=18.00 Dr=72.77 MIA=52.77
  [15/36] gap=23.81006493506493 Df=26.00 Dr=74.20 MIA=48.80
  [16/36] gap=29.445226070226067 Df=14.00 Dr=71.94 MIA=56.12
  [17/36] gap=25.28150553150553 Df=22.00 Dr=73.56 MIA=49.04
  [18/36] gap=18.72775372775373 Df=38.00 Dr=75.25 MIA=51.29
  [19/36] gap=28.242544492544493 Df=18.00 Dr=72.10 MIA=45.61
  [20/36] gap=24.486772486772484 Df=22.00 Dr=74.40 MIA=51.71
  [21/36] gap=18.92159692159692 Df=38.00 Dr=76.24 MIA=52.86
  [22/36] gap=29.184644059644057 Df=16.00 Dr=72.83 MIA=44.05
  [23/36] gap=22.233525733525727 Df=28.00 Dr=74.95 MIA=51.50
  [24/36] gap=16.22534872534872 Df=46.00 Dr=76.55 MIA=53.07
  [25/36] gap=24.106481481481477 Df=26.00 Dr=72.85 MIA=53.02
  [26/36] gap=23.48442760942761 Df=26.00 Dr=74.46 MIA=52.77
  [27/36] gap=19.825517075517073 Df=36.00 Dr=75.49 MIA=49.46
  [28/36] gap=26.925264550264547 Df=18.00 Dr=73.07 MIA=53.70
  [29/36] gap=23.480880230880235 Df=24.00 Dr=75.17 MIA=50.82
  [30/36] gap=16.83008658008658 Df=44.00 Dr=75.84 MIA=52.18
  [31/36] gap=24.72763347763348 Df=22.00 Dr=73.72 MIA=50.54
  [32/36] gap=22.752044252044254 Df=30.00 Dr=75.39 MIA=46.79
  [33/36] gap=17.734126984126984 Df=40.00 Dr=76.63 MIA=50.61
  [34/36] gap=26.101911976911975 Df=22.00 Dr=74.51 MIA=45.62
  [35/36] gap=18.86519961519961 Df=40.00 Dr=76.16 MIA=54.61
  [36/36] gap=18.72709235209235 Df=38.00 Dr=76.81 MIA=52.84
final test: badteacher {'temperature': 4.0, 'epochs': 10, 'lr': 0.01}
  Df=26.00 Dr=78.10 MIA=56.48 time=12.07s KL=0.0005

unsir: 0/36 candidates complete
  [1/36] gap=4.0757575757575735 Df=98.00 Dr=76.57 MIA=52.64
  [2/36] gap=3.851671476671475 Df=96.00 Dr=77.43 MIA=54.84
  [3/36] gap=4.07034632034632 Df=90.00 Dr=73.47 MIA=57.54
  [4/36] gap=5.06535594035594 Df=96.00 Dr=75.76 MIA=56.80
  [5/36] gap=23.314153439153433 Df=44.00 Dr=62.40 MIA=58.20
  [6/36] gap=12.888708513708513 Df=64.00 Dr=70.32 MIA=54.84
  [7/36] gap=3.9754088504088494 Df=98.00 Dr=77.31 MIA=53.09
  [8/36] gap=4.009680134680134 Df=98.00 Dr=76.89 MIA=52.77
  [9/36] gap=6.822029822029816 Df=90.00 Dr=74.97 MIA=67.29
  [10/36] gap=3.7463323713323695 Df=98.00 Dr=76.46 MIA=50.73
  [11/36] gap=18.96188071188071 Df=58.00 Dr=64.59 MIA=61.32
  [12/36] gap=8.143999518999516 Df=78.00 Dr=71.88 MIA=56.16
  [13/36] gap=3.207732082732079 Df=96.00 Dr=77.62 MIA=53.09
  [14/36] gap=3.9954304954304924 Df=96.00 Dr=76.95 MIA=54.79
  [15/36] gap=4.988275613275609 Df=92.00 Dr=75.60 MIA=60.41
  [16/36] gap=5.083453583453583 Df=98.00 Dr=76.83 MIA=55.93
  [17/36] gap=17.296596921596915 Df=58.00 Dr=66.24 MIA=57.98
  [18/36] gap=5.108525733525731 Df=82.00 Dr=72.95 MIA=52.12
  [19/36] gap=4.365981240981237 Df=98.00 Dr=76.14 MIA=53.09
  [20/36] gap=3.913961038961041 Df=96.00 Dr=76.75 MIA=54.34
  [21/36] gap=5.81030543530543 Df=92.00 Dr=73.27 MIA=60.55
  [22/36] gap=3.8366402116402107 Df=96.00 Dr=75.52 MIA=49.41
  [23/36] gap=12.314033189033188 Df=74.00 Dr=64.87 MIA=57.66
  [24/36] gap=8.139911014911014 Df=82.00 Dr=71.68 MIA=59.95
  [25/36] gap=4.150493025493025 Df=98.00 Dr=76.79 MIA=53.09
  [26/36] gap=4.957251082251079 Df=98.00 Dr=77.47 MIA=56.20
  [27/36] gap=4.557299182299175 Df=90.00 Dr=74.89 MIA=60.41
  [28/36] gap=4.552429052429048 Df=98.00 Dr=76.71 MIA=54.21
  [29/36] gap=10.359367484367477 Df=78.00 Dr=67.70 MIA=58.62
  [30/36] gap=5.762025012025006 Df=88.00 Dr=72.83 MIA=59.96
  [31/36] gap=3.4407768157768124 Df=96.00 Dr=77.13 MIA=53.30
  [32/36] gap=3.7870971620971594 Df=92.00 Dr=76.95 MIA=58.16
  [33/36] gap=3.0190596440596402 Df=92.00 Dr=74.65 MIA=53.55
  [34/36] gap=5.52080327080327 Df=94.00 Dr=76.91 MIA=40.96
  [35/36] gap=10.124458874458874 Df=78.00 Dr=68.38 MIA=58.61
  [36/36] gap=8.474506974506975 Df=80.00 Dr=73.80 MIA=61.07
final test: unsir {'impair_epochs': 1, 'repair_epochs': 3, 'impair_lr': 0.001, 'repair_lr': 0.001}
  Df=97.00 Dr=78.78 MIA=52.19 time=4.49s KL=0.0004

scrub: 0/24 candidates complete
  [1/24] gap=2.3135521885521917 Df=94.00 Dr=78.73 MIA=53.52
  [2/24] gap=2.1404521404521426 Df=94.00 Dr=78.59 MIA=52.86
  [3/24] gap=1.5928330928330965 Df=94.00 Dr=78.59 MIA=51.07
  [4/24] gap=2.6313732563732586 Df=96.00 Dr=78.67 MIA=52.41
  [5/24] gap=2.435245310245309 Df=96.00 Dr=78.51 MIA=50.62
  [6/24] gap=3.102092352092351 Df=98.00 Dr=78.81 MIA=51.96
  [7/24] gap=2.98220298220298 Df=96.00 Dr=78.06 MIA=52.86
  [8/24] gap=4.176767676767672 Df=100.00 Dr=78.26 MIA=52.64
  [9/24] gap=1.7956950456950456 Df=94.00 Dr=78.73 MIA=51.96
  [10/24] gap=2.306818181818182 Df=96.00 Dr=78.75 MIA=51.52
  [11/24] gap=1.7618446368446357 Df=94.00 Dr=78.53 MIA=50.62
  [12/24] gap=2.980218855218858 Df=96.00 Dr=78.73 MIA=53.52
  [13/24] gap=2.2056277056277076 Df=96.00 Dr=78.75 MIA=51.07
  [14/24] gap=3.80242905242905 Df=98.00 Dr=78.71 MIA=53.96
  [15/24] gap=2.6237974987974986 Df=96.00 Dr=77.94 MIA=50.62
  [16/24] gap=4.6711159211159154 Df=98.00 Dr=78.10 MIA=55.96
  [17/24] gap=3.031445406445402 Df=96.00 Dr=78.79 MIA=53.73
  [18/24] gap=2.8314093314093305 Df=96.00 Dr=78.73 MIA=53.07
  [19/24] gap=2.7715848965848955 Df=96.00 Dr=78.89 MIA=53.05
  [20/24] gap=3.108645983645983 Df=98.00 Dr=78.48 MIA=50.62
  [21/24] gap=3.2953944203944183 Df=96.00 Dr=78.89 MIA=54.62
  [22/24] gap=3.1423160173160127 Df=98.00 Dr=78.38 MIA=50.62
  [23/24] gap=3.2298581048581028 Df=98.00 Dr=78.12 MIA=50.62
  [24/24] gap=4.702140452140448 Df=100.00 Dr=78.22 MIA=54.18
final test: scrub {'msteps': 1, 'lr': 0.0001, 'epochs': 5, 'max_grad_norm': 5.0}
  Df=94.00 Dr=79.17 MIA=50.71 time=3.84s KL=0.0004

mmu: 0/96 candidates complete
  [1/96] gap=2.9196127946127937 Df=98.00 Dr=78.91 MIA=51.52
  [2/96] gap=1.6738215488215502 Df=94.00 Dr=78.65 MIA=51.52
  [3/96] gap=3.1424963924963927 Df=98.00 Dr=78.69 MIA=51.96
  [4/96] gap=3.1559644059644065 Df=98.00 Dr=78.65 MIA=51.96
  [5/96] gap=2.4556277056277054 Df=96.00 Dr=78.75 MIA=51.96
  [6/96] gap=3.2711038961038974 Df=98.00 Dr=78.75 MIA=52.41
  [7/96] gap=2.6650432900432883 Df=96.00 Dr=78.57 MIA=52.41
  [8/96] gap=2.8542568542568483 Df=96.00 Dr=78.44 MIA=52.86
  [9/96] gap=2.4219576719576708 Df=96.00 Dr=78.85 MIA=51.96
  [10/96] gap=2.0731120731120734 Df=94.00 Dr=78.79 MIA=52.86
  [11/96] gap=1.6603535353535364 Df=94.00 Dr=78.69 MIA=51.52
  [12/96] gap=1.727693602693601 Df=94.00 Dr=78.48 MIA=51.52
  [13/96] gap=3.2584175084175087 Df=96.00 Dr=78.77 MIA=54.39
  [14/96] gap=1.5920514670514692 Df=94.00 Dr=78.61 MIA=51.05
  [15/96] gap=2.753246753246754 Df=96.00 Dr=78.75 MIA=52.86
  [16/96] gap=2.8138528138528116 Df=96.00 Dr=78.57 MIA=52.86
  [17/96] gap=2.3606902356902375 Df=96.00 Dr=78.59 MIA=51.52
  [18/96] gap=1.9004930254930272 Df=94.00 Dr=78.79 MIA=49.95
  [19/96] gap=3.6611351611351615 Df=100.00 Dr=78.67 MIA=51.50
  [20/96] gap=1.674603174603175 Df=94.00 Dr=78.63 MIA=51.50
  [21/96] gap=2.794432419432418 Df=96.00 Dr=78.61 MIA=52.84
  [22/96] gap=2.1722582972582978 Df=94.00 Dr=78.69 MIA=53.05
  [23/96] gap=4.448893698893696 Df=98.00 Dr=78.77 MIA=55.96
  [24/96] gap=2.6991943241943255 Df=96.00 Dr=78.61 MIA=49.73
  [25/96] gap=2.639129389129387 Df=96.00 Dr=77.70 MIA=50.82
  [26/96] gap=1.8671236171236174 Df=94.00 Dr=78.73 MIA=52.18
  [27/96] gap=3.158730158730158 Df=96.00 Dr=77.96 MIA=53.29
  [28/96] gap=3.336580086580085 Df=94.00 Dr=78.75 MIA=56.61
  [29/96] gap=4.7281144781144775 Df=96.00 Dr=77.86 MIA=57.89
  [30/96] gap=4.121031746031747 Df=98.00 Dr=78.63 MIA=54.84
  [31/96] gap=4.340608465608464 Df=96.00 Dr=78.18 MIA=57.05
  [32/96] gap=2.5364357864357836 Df=96.00 Dr=78.51 MIA=51.96
  [33/96] gap=2.475829725829726 Df=96.00 Dr=78.69 MIA=51.96
  [34/96] gap=2.110209235209228 Df=94.00 Dr=78.44 MIA=52.62
  [35/96] gap=3.064333814333814 Df=96.00 Dr=78.71 MIA=53.75
  [36/96] gap=2.6650432900432883 Df=96.00 Dr=78.57 MIA=52.41
  [37/96] gap=2.516895141895141 Df=96.00 Dr=79.01 MIA=52.41
  [38/96] gap=1.8838985088985087 Df=94.00 Dr=78.91 MIA=52.41
  [39/96] gap=2.9532828282828283 Df=98.00 Dr=78.81 MIA=51.52
  [40/96] gap=2.801166426166425 Df=96.00 Dr=78.59 MIA=52.84
  [41/96] gap=2.766714766714768 Df=96.00 Dr=78.71 MIA=52.86
  [42/96] gap=2.2463323713323695 Df=94.00 Dr=78.46 MIA=53.05
  [43/96] gap=2.4664502164502147 Df=96.00 Dr=78.93 MIA=52.18
  [44/96] gap=1.792388167388161 Df=94.00 Dr=78.51 MIA=51.73
  [45/96] gap=3.021284271284268 Df=98.00 Dr=79.05 MIA=51.96
  [46/96] gap=1.920695045695048 Df=94.00 Dr=78.73 MIA=49.95
  [47/96] gap=4.116943241943235 Df=100.00 Dr=78.42 MIA=52.62
  [48/96] gap=2.5749759499759506 Df=94.00 Dr=78.59 MIA=54.16
  [49/96] gap=2.9289923039923047 Df=96.00 Dr=78.67 MIA=53.30
  [50/96] gap=2.2059283309283324 Df=94.00 Dr=78.59 MIA=53.05
  [51/96] gap=2.936507936507939 Df=96.00 Dr=78.63 MIA=53.29
  [52/96] gap=2.1547017797017745 Df=94.00 Dr=78.53 MIA=52.84
  [53/96] gap=3.726491101491097 Df=98.00 Dr=79.13 MIA=54.16
  [54/96] gap=1.7317821067821033 Df=94.00 Dr=78.69 MIA=51.73
  [55/96] gap=4.387626262626263 Df=100.00 Dr=78.51 MIA=53.52
  [56/96] gap=3.58375420875421 Df=96.00 Dr=78.67 MIA=55.27
  [57/96] gap=3.198833573833575 Df=98.00 Dr=78.00 MIA=50.84
  [58/96] gap=3.047859547859543 Df=94.00 Dr=78.36 MIA=46.93
  [59/96] gap=3.057058682058679 Df=96.00 Dr=77.82 MIA=52.84
  [60/96] gap=2.5857984607984577 Df=94.00 Dr=78.77 MIA=54.37
  [61/96] gap=3.4502765752765683 Df=96.00 Dr=78.42 MIA=54.62
  [62/96] gap=3.5488215488215524 Df=96.00 Dr=78.65 MIA=47.14
  [63/96] gap=3.9024771524771515 Df=98.00 Dr=78.12 MIA=48.61
  [64/96] gap=3.7515031265031262 Df=96.00 Dr=78.48 MIA=46.70
  [65/96] gap=2.4219576719576708 Df=96.00 Dr=78.85 MIA=51.96
  [66/96] gap=1.7956950456950456 Df=94.00 Dr=78.73 MIA=51.96
  [67/96] gap=2.4623617123617123 Df=96.00 Dr=78.73 MIA=51.96
  [68/96] gap=1.6265031265031265 Df=94.00 Dr=78.48 MIA=51.07
  [69/96] gap=2.932900432900432 Df=98.00 Dr=78.57 MIA=51.07
  [70/96] gap=2.496031746031747 Df=96.00 Dr=78.63 MIA=51.96
  [71/96] gap=3.102092352092351 Df=98.00 Dr=78.81 MIA=51.96
  [72/96] gap=2.1269841269841288 Df=94.00 Dr=78.63 MIA=52.86
  [73/96] gap=2.9465488215488236 Df=96.00 Dr=78.83 MIA=53.52
  [74/96] gap=1.0439514189514203 Df=92.00 Dr=78.46 MIA=50.84
  [75/96] gap=1.6536195286195294 Df=94.00 Dr=78.71 MIA=51.52
  [76/96] gap=1.6500120250120294 Df=94.00 Dr=78.65 MIA=50.84
  [77/96] gap=3.0273569023569067 Df=96.00 Dr=78.59 MIA=53.52
  [78/96] gap=1.6611351611351612 Df=94.00 Dr=78.67 MIA=51.50
  [79/96] gap=3.941979316979314 Df=98.00 Dr=78.48 MIA=54.16
  [80/96] gap=1.5560365560365572 Df=94.00 Dr=78.77 MIA=51.29
  [81/96] gap=2.702501202501203 Df=96.00 Dr=78.83 MIA=49.50
  [82/96] gap=1.5318662818662763 Df=92.00 Dr=78.16 MIA=52.61
  [83/96] gap=2.3951418951418924 Df=96.00 Dr=78.46 MIA=51.50
  [84/96] gap=2.350649350649346 Df=94.00 Dr=78.38 MIA=53.29
  [85/96] gap=3.0281385281385247 Df=98.00 Dr=78.57 MIA=51.50
  [86/96] gap=1.901575276575277 Df=94.00 Dr=78.61 MIA=52.16
  [87/96] gap=2.6179052429052447 Df=96.00 Dr=78.71 MIA=52.41
  [88/96] gap=2.1957671957671963 Df=94.00 Dr=78.85 MIA=53.29
  [89/96] gap=3.2704425204425127 Df=96.00 Dr=78.30 MIA=53.96
  [90/96] gap=3.659992784992783 Df=94.00 Dr=78.08 MIA=45.38
  [91/96] gap=2.639430014430012 Df=94.00 Dr=77.54 MIA=53.30
  [92/96] gap=3.5797859547859545 Df=94.00 Dr=78.00 MIA=56.59
  [93/96] gap=3.4093314093314055 Df=94.00 Dr=77.64 MIA=55.71
  [94/96] gap=3.8727152477152464 Df=94.00 Dr=78.12 MIA=44.70
  [95/96] gap=4.948713323713323 Df=98.00 Dr=78.46 MIA=45.12
  [96/96] gap=3.8094636844636818 Df=96.00 Dr=78.53 MIA=46.48
final test: mmu {'msteps': 3, 'lr': 0.0005, 'epochs': 5, 'head_mode': 'independent', 'weighting': 'normalised', 'max_grad_norm': 5.0}
  Df=93.00 Dr=79.05 MIA=50.82 time=5.33s KL=0.0004

salun: 0/45 candidates complete
  [1/45] gap=18.67346079846079 Df=46.00 Dr=72.04 MIA=55.91
  [2/45] gap=15.22324434824435 Df=54.00 Dr=71.68 MIA=53.20
  [3/45] gap=17.521043771043768 Df=52.00 Dr=69.98 MIA=56.39
  [4/45] gap=16.34565897065897 Df=54.00 Dr=68.67 MIA=48.73
  [5/45] gap=15.263407888407885 Df=60.00 Dr=68.48 MIA=56.12
  [6/45] gap=16.530904280904274 Df=56.00 Dr=67.88 MIA=46.96
  [7/45] gap=15.998496873496867 Df=56.00 Dr=68.10 MIA=53.95
  [8/45] gap=10.182960557960554 Df=72.00 Dr=69.33 MIA=48.55
  [9/45] gap=12.48599086099086 Df=62.00 Dr=70.42 MIA=50.55
  [10/45] gap=17.820226070226067 Df=50.00 Dr=71.94 MIA=57.25
  [11/45] gap=15.554533429533427 Df=56.00 Dr=71.58 MIA=56.09
  [12/45] gap=15.883838383838386 Df=58.00 Dr=70.14 MIA=57.64
  [13/45] gap=15.542568542568544 Df=58.00 Dr=68.81 MIA=55.29
  [14/45] gap=12.647727272727272 Df=62.00 Dr=69.47 MIA=51.02
  [15/45] gap=13.165704665704665 Df=62.00 Dr=69.01 MIA=52.36
  [16/45] gap=12.84102934102934 Df=62.00 Dr=69.56 MIA=51.93
  [17/45] gap=9.58297258297258 Df=70.00 Dr=70.69 MIA=51.00
  [18/45] gap=12.400673400673396 Df=66.00 Dr=71.09 MIA=56.14
  [19/45] gap=17.8538961038961 Df=50.00 Dr=71.84 MIA=57.25
  [20/45] gap=15.07708032708033 Df=58.00 Dr=71.45 MIA=56.54
  [21/45] gap=15.948532948532948 Df=56.00 Dr=70.16 MIA=55.86
  [22/45] gap=13.917568542568544 Df=60.00 Dr=68.81 MIA=49.88
  [23/45] gap=11.62139249639249 Df=66.00 Dr=69.23 MIA=51.95
  [24/45] gap=11.865800865800864 Df=68.00 Dr=69.84 MIA=55.29
  [25/45] gap=15.18368205868206 Df=58.00 Dr=70.55 MIA=46.34
  [26/45] gap=9.96518759018759 Df=70.00 Dr=70.81 MIA=52.55
  [27/45] gap=9.544011544011541 Df=72.00 Dr=71.23 MIA=48.57
  [28/45] gap=16.391955266955268 Df=54.00 Dr=71.78 MIA=56.80
  [29/45] gap=14.664321789321784 Df=58.00 Dr=71.35 MIA=55.20
  [30/45] gap=14.86159211159211 Df=58.00 Dr=70.10 MIA=54.54
  [31/45] gap=13.254208754208754 Df=64.00 Dr=69.03 MIA=47.64
  [32/45] gap=9.73388648388648 Df=72.00 Dr=69.56 MIA=52.61
  [33/45] gap=11.378968253968251 Df=66.00 Dr=69.96 MIA=50.34
  [34/45] gap=13.994528619528618 Df=60.00 Dr=69.43 MIA=49.02
  [35/45] gap=9.700456950456946 Df=70.00 Dr=70.73 MIA=51.68
  [36/45] gap=10.260341510341506 Df=68.00 Dr=71.33 MIA=50.32
  [37/45] gap=14.158549783549786 Df=56.00 Dr=71.66 MIA=50.30
  [38/45] gap=14.664321789321782 Df=60.00 Dr=71.35 MIA=57.20
  [39/45] gap=13.511483886483886 Df=62.00 Dr=69.92 MIA=54.30
  [40/45] gap=12.888648388648384 Df=62.00 Dr=69.56 MIA=52.07
  [41/45] gap=10.79563492063492 Df=68.00 Dr=69.96 MIA=50.09
  [42/45] gap=11.535173160173157 Df=66.00 Dr=70.38 MIA=52.84
  [43/45] gap=12.791546416546415 Df=64.00 Dr=69.76 MIA=48.30
  [44/45] gap=12.240680615680617 Df=68.00 Dr=70.30 MIA=45.41
  [45/45] gap=11.127946127946126 Df=66.00 Dr=70.91 MIA=50.14
final test: salun {'sparsity': 0.1, 'lr': 0.0001, 'epochs': 3}
  Df=64.00 Dr=73.18 MIA=51.03 time=5.12s KL=0.0004

uniclun: 0/27 candidates complete
  [1/27] gap=12.431818181818175 Df=62.00 Dr=70.75 MIA=51.89
  [2/27] gap=12.431818181818175 Df=62.00 Dr=70.75 MIA=51.89
  [3/27] gap=12.431818181818175 Df=62.00 Dr=70.75 MIA=51.89
  [4/27] gap=12.003667628667628 Df=64.00 Dr=70.12 MIA=50.30
  [5/27] gap=12.003667628667628 Df=64.00 Dr=70.12 MIA=50.30
  [6/27] gap=12.003667628667628 Df=64.00 Dr=70.12 MIA=50.30
  [7/27] gap=12.598304473304472 Df=62.00 Dr=70.44 MIA=52.09
  [8/27] gap=12.598304473304472 Df=62.00 Dr=70.44 MIA=52.09
  [9/27] gap=12.598304473304472 Df=62.00 Dr=70.44 MIA=52.09
  [10/27] gap=11.955447330447328 Df=66.00 Dr=70.44 MIA=54.16
  [11/27] gap=11.955447330447328 Df=66.00 Dr=70.44 MIA=54.16
  [12/27] gap=11.955447330447328 Df=66.00 Dr=70.44 MIA=54.16
  [13/27] gap=12.668710918710913 Df=62.00 Dr=71.39 MIA=53.25
  [14/27] gap=12.668710918710913 Df=62.00 Dr=71.39 MIA=53.25
  [15/27] gap=12.668710918710913 Df=62.00 Dr=71.39 MIA=53.25
  [16/27] gap=11.929413179413176 Df=62.00 Dr=72.04 MIA=51.68
  [17/27] gap=11.929413179413176 Df=62.00 Dr=72.04 MIA=51.68
  [18/27] gap=11.929413179413176 Df=62.00 Dr=72.04 MIA=51.68
  [19/27] gap=10.914442039442037 Df=66.00 Dr=70.89 MIA=50.80
  [20/27] gap=10.914442039442037 Df=66.00 Dr=70.89 MIA=50.80
  [21/27] gap=10.914442039442037 Df=66.00 Dr=70.89 MIA=50.80
  [22/27] gap=9.822089947089948 Df=70.00 Dr=71.74 MIA=49.23
  [23/27] gap=9.822089947089948 Df=70.00 Dr=71.74 MIA=49.23
  [24/27] gap=9.822089947089948 Df=70.00 Dr=71.74 MIA=49.23
  [25/27] gap=14.25925925925926 Df=58.00 Dr=71.52 MIA=54.14
  [26/27] gap=14.25925925925926 Df=58.00 Dr=71.52 MIA=54.14
  [27/27] gap=14.25925925925926 Df=58.00 Dr=71.52 MIA=54.14
final test: uniclun {'lr': 0.001, 'epochs': 10, 'buffer_size': 250}
  Df=77.00 Dr=72.35 MIA=49.32 time=15.35s KL=0.0004

