training one shared source (150 epochs)
Epoch 10/150: Train Loss=0.8182, Train Acc=0.7321, Val Acc=0.6990
Epoch 20/150: Train Loss=0.4392, Train Acc=0.8525, Val Acc=0.7378
Epoch 30/150: Train Loss=0.1667, Train Acc=0.9420, Val Acc=0.7674
Epoch 40/150: Train Loss=0.0537, Train Acc=0.9829, Val Acc=0.7940
Epoch 50/150: Train Loss=0.0307, Train Acc=0.9903, Val Acc=0.7928
Early stopping at epoch 52
training same-recipe retain-only reference (150 epochs)
Epoch 10/150: Train Loss=0.8264, Train Acc=0.7298, Val Acc=0.6901
Epoch 20/150: Train Loss=0.4516, Train Acc=0.8500, Val Acc=0.7327
Epoch 30/150: Train Loss=0.1288, Train Acc=0.9568, Val Acc=0.7907
Epoch 40/150: Train Loss=0.0577, Train Acc=0.9820, Val Acc=0.7907
Early stopping at epoch 49
final test: baseline {}
  Df=98.00 Dr=79.33 MIA=47.16 time=0.00s KL=0.0048
final test: retrain {}
  Df=89.00 Dr=78.82 MIA=47.24 time=396.15s KL=0.0000

finetune: 0/12 candidates complete
  [1/12] gap=6.613696488696488 Df=90.00 Dr=79.66 MIA=64.57
  [2/12] gap=6.133597883597879 Df=90.00 Dr=79.56 MIA=63.23
  [3/12] gap=5.351972101972097 Df=92.00 Dr=79.31 MIA=59.09
  [4/12] gap=5.388768638768634 Df=88.00 Dr=79.13 MIA=63.02
  [5/12] gap=5.303511303511297 Df=88.00 Dr=74.57 MIA=58.20
  [6/12] gap=7.1246993746993725 Df=88.00 Dr=75.49 MIA=64.59
  [7/12] gap=9.39694564694564 Df=94.00 Dr=75.54 MIA=65.45
  [8/12] gap=3.162337662337656 Df=80.00 Dr=76.06 MIA=61.27
  [9/12] gap=9.171837421837418 Df=82.00 Dr=55.35 MIA=56.59
  [10/12] gap=11.166666666666664 Df=68.00 Dr=63.33 MIA=60.55
  [11/12] gap=9.468253968253963 Df=94.00 Dr=66.00 MIA=56.12
  [12/12] gap=4.309223184223178 Df=84.00 Dr=71.49 MIA=56.14
final test: finetune {'lr': 0.0001, 'epochs': 10}
  Df=97.00 Dr=79.20 MIA=46.76 time=73.08s KL=0.0051

ssd: 0/25 candidates complete
  [1/25] gap=20.730038480038477 Df=20.00 Dr=78.46 MIA=56.38
  [2/25] gap=12.118566618566613 Df=46.00 Dr=79.19 MIA=57.27
  [3/25] gap=3.8647787397787403 Df=74.00 Dr=79.84 MIA=60.14
  [4/25] gap=7.574675324675319 Df=94.00 Dr=79.88 MIA=63.23
  [5/25] gap=7.652837902837899 Df=94.00 Dr=79.90 MIA=63.45
  [6/25] gap=6.90127465127465 Df=92.00 Dr=79.86 MIA=63.23
  [7/25] gap=6.90127465127465 Df=92.00 Dr=79.86 MIA=63.23
  [8/25] gap=6.894540644540643 Df=92.00 Dr=79.84 MIA=63.23
  [9/25] gap=7.574675324675319 Df=94.00 Dr=79.88 MIA=63.23
  [10/25] gap=7.652837902837899 Df=94.00 Dr=79.90 MIA=63.45
  [11/25] gap=7.504028379028377 Df=94.00 Dr=79.90 MIA=63.00
  [12/25] gap=7.504028379028377 Df=94.00 Dr=79.90 MIA=63.00
  [13/25] gap=7.504028379028377 Df=94.00 Dr=79.90 MIA=63.00
  [14/25] gap=7.652837902837899 Df=94.00 Dr=79.90 MIA=63.45
  [15/25] gap=7.652837902837899 Df=94.00 Dr=79.90 MIA=63.45
  [16/25] gap=7.652837902837899 Df=94.00 Dr=79.90 MIA=63.45
  [17/25] gap=7.652837902837899 Df=94.00 Dr=79.90 MIA=63.45
  [18/25] gap=7.652837902837899 Df=94.00 Dr=79.90 MIA=63.45
  [19/25] gap=7.652837902837899 Df=94.00 Dr=79.90 MIA=63.45
  [20/25] gap=7.652837902837899 Df=94.00 Dr=79.90 MIA=63.45
  [21/25] gap=7.652837902837899 Df=94.00 Dr=79.90 MIA=63.45
  [22/25] gap=7.652837902837899 Df=94.00 Dr=79.90 MIA=63.45
  [23/25] gap=7.652837902837899 Df=94.00 Dr=79.90 MIA=63.45
  [24/25] gap=7.652837902837899 Df=94.00 Dr=79.90 MIA=63.45
  [25/25] gap=7.652837902837899 Df=94.00 Dr=79.90 MIA=63.45
final test: ssd {'alpha': 1.0, 'dampening_constant': 1.0}
  Df=86.00 Dr=79.05 MIA=50.69 time=6.88s KL=0.0047

badteacher: 0/36 candidates complete
  [1/36] gap=18.29353054353054 Df=32.00 Dr=75.13 MIA=57.73
  [2/36] gap=26.036976911976907 Df=8.00 Dr=73.45 MIA=55.29
  [3/36] gap=25.953222703222696 Df=14.00 Dr=74.08 MIA=61.66
  [4/36] gap=26.051106301106298 Df=12.00 Dr=73.86 MIA=59.73
  [5/36] gap=24.95887445887445 Df=12.00 Dr=74.24 MIA=56.84
  [6/36] gap=25.699074074074073 Df=16.00 Dr=75.11 MIA=63.93
  [7/36] gap=25.91841029341029 Df=8.00 Dr=73.60 MIA=55.07
  [8/36] gap=27.565836940836935 Df=10.00 Dr=73.94 MIA=62.36
  [9/36] gap=20.967171717171713 Df=24.00 Dr=76.18 MIA=58.80
  [10/36] gap=26.32864357864358 Df=8.00 Dr=73.45 MIA=53.95
  [11/36] gap=29.910594035594034 Df=4.00 Dr=73.80 MIA=63.25
  [12/36] gap=13.761423761423766 Df=44.00 Dr=77.19 MIA=51.91
  [13/36] gap=23.067941317941308 Df=20.00 Dr=74.81 MIA=59.73
  [14/36] gap=25.04377104377104 Df=12.00 Dr=74.20 MIA=57.05
  [15/36] gap=22.527717652717655 Df=22.00 Dr=75.23 MIA=60.54
  [16/36] gap=25.165644540644532 Df=12.00 Dr=74.28 MIA=57.50
  [17/36] gap=26.111531986531986 Df=12.00 Dr=75.37 MIA=61.43
  [18/36] gap=14.129689754689752 Df=42.00 Dr=77.21 MIA=57.32
  [19/36] gap=24.999278499278493 Df=12.00 Dr=74.12 MIA=56.84
  [20/36] gap=25.641774891774887 Df=10.00 Dr=75.52 MIA=58.16
  [21/36] gap=14.020863395863396 Df=40.00 Dr=77.72 MIA=54.61
  [22/36] gap=24.608164983164983 Df=12.00 Dr=74.38 MIA=54.18
  [23/36] gap=24.236592111592103 Df=14.00 Dr=76.14 MIA=58.57
  [24/36] gap=17.140271765271763 Df=38.00 Dr=78.32 MIA=46.64
  [25/36] gap=23.504990379990375 Df=20.00 Dr=75.05 MIA=61.29
  [26/36] gap=23.829004329004324 Df=16.00 Dr=76.06 MIA=59.27
  [27/36] gap=14.170394420394416 Df=42.00 Dr=76.93 MIA=57.16
  [28/36] gap=23.286195286195284 Df=16.00 Dr=75.47 MIA=57.05
  [29/36] gap=23.074374699374697 Df=20.00 Dr=76.95 MIA=61.89
  [30/36] gap=9.068362193362185 Df=54.00 Dr=78.18 MIA=55.11
  [31/36] gap=24.990139490139487 Df=14.00 Dr=75.43 MIA=60.13
  [32/36] gap=22.83411495911496 Df=18.00 Dr=77.31 MIA=59.54
  [33/36] gap=18.14670514670514 Df=32.00 Dr=78.46 MIA=60.62
  [34/36] gap=25.035293410293406 Df=16.00 Dr=75.96 MIA=62.79
  [35/36] gap=19.075216450216445 Df=30.00 Dr=77.70 MIA=60.64
  [36/36] gap=22.738335738335735 Df=16.00 Dr=78.40 MIA=51.77
final test: badteacher {'temperature': 4.0, 'epochs': 3, 'lr': 0.01}
  Df=56.00 Dr=77.19 MIA=52.17 time=3.11s KL=0.0047

unsir: 0/36 candidates complete
  [1/36] gap=5.582251082251079 Df=94.00 Dr=77.52 MIA=55.98
  [2/36] gap=4.406265031265032 Df=92.00 Dr=78.53 MIA=54.64
  [3/36] gap=6.848424723424718 Df=92.00 Dr=74.02 MIA=58.29
  [4/36] gap=7.927910052910048 Df=94.00 Dr=76.89 MIA=62.39
  [5/36] gap=6.8292448292448285 Df=84.00 Dr=65.13 MIA=52.77
  [6/36] gap=4.0758177008177014 Df=80.00 Dr=71.37 MIA=50.79
  [7/36] gap=5.042688792688793 Df=94.00 Dr=78.38 MIA=54.87
  [8/36] gap=4.498075998075997 Df=92.00 Dr=78.77 MIA=55.98
  [9/36] gap=5.456950456950452 Df=90.00 Dr=75.68 MIA=57.77
  [10/36] gap=8.254449254449248 Df=94.00 Dr=78.14 MIA=64.62
  [11/36] gap=6.572510822510819 Df=86.00 Dr=67.15 MIA=56.59
  [12/36] gap=3.6415343915343925 Df=80.00 Dr=72.44 MIA=51.02
  [13/36] gap=5.032046657046652 Df=94.00 Dr=78.51 MIA=55.32
  [14/36] gap=5.435425685425682 Df=94.00 Dr=78.85 MIA=56.88
  [15/36] gap=5.274470899470896 Df=90.00 Dr=75.78 MIA=57.32
  [16/36] gap=7.108104858104855 Df=94.00 Dr=77.62 MIA=60.66
  [17/36] gap=6.91438191438192 Df=84.00 Dr=68.16 MIA=49.48
  [18/36] gap=3.6519360269360255 Df=76.00 Dr=73.25 MIA=54.18
  [19/36] gap=8.730699855699852 Df=96.00 Dr=76.91 MIA=62.82
  [20/36] gap=6.820887445887439 Df=92.00 Dr=78.42 MIA=62.61
  [21/36] gap=7.2859547859547815 Df=90.00 Dr=74.40 MIA=61.98
  [22/36] gap=5.793891293891288 Df=90.00 Dr=77.74 MIA=60.84
  [23/36] gap=8.580928330928328 Df=72.00 Dr=66.63 MIA=60.09
  [24/36] gap=3.0107623857623764 Df=78.00 Dr=72.75 MIA=55.50
  [25/36] gap=5.593554593554596 Df=94.00 Dr=77.84 MIA=53.77
  [26/36] gap=5.495370370370364 Df=94.00 Dr=78.22 MIA=56.43
  [27/36] gap=3.9472101972101945 Df=86.00 Dr=75.31 MIA=56.88
  [28/36] gap=9.22150072150072 Df=96.00 Dr=77.45 MIA=64.84
  [29/36] gap=4.376803751803749 Df=80.00 Dr=68.36 MIA=57.21
  [30/36] gap=3.9006734006733956 Df=80.00 Dr=73.13 MIA=60.55
  [31/36] gap=5.698713323713318 Df=94.00 Dr=78.51 MIA=57.32
  [32/36] gap=5.7657527657527625 Df=92.00 Dr=78.46 MIA=59.48
  [33/36] gap=5.589646464646461 Df=88.00 Dr=75.94 MIA=60.43
  [34/36] gap=7.754148629148619 Df=94.00 Dr=78.30 MIA=63.29
  [35/36] gap=4.9505170755170695 Df=76.00 Dr=69.54 MIA=56.11
  [36/36] gap=5.726911976911971 Df=86.00 Dr=74.55 MIA=61.45
final test: unsir {'impair_epochs': 2, 'repair_epochs': 1, 'impair_lr': 0.01, 'repair_lr': 0.01}
  Df=97.00 Dr=77.01 MIA=52.00 time=3.06s KL=0.0043

scrub: 0/24 candidates complete
  [1/24] gap=4.193722943722942 Df=92.00 Dr=79.88 MIA=55.09
  [2/24] gap=6.604437229437226 Df=92.00 Dr=79.88 MIA=62.32
  [3/24] gap=6.397667147667147 Df=92.00 Dr=79.92 MIA=61.66
  [4/24] gap=7.317460317460314 Df=92.00 Dr=80.00 MIA=64.34
  [5/24] gap=6.688552188552187 Df=92.00 Dr=79.90 MIA=62.55
  [6/24] gap=6.732263107263111 Df=92.00 Dr=79.80 MIA=62.79
  [7/24] gap=7.3039923039923 Df=92.00 Dr=79.96 MIA=64.34
  [8/24] gap=6.953944203944199 Df=92.00 Dr=79.29 MIA=63.87
  [9/24] gap=6.611171236171233 Df=92.00 Dr=79.90 MIA=62.32
  [10/24] gap=7.724266474266474 Df=94.00 Dr=79.90 MIA=63.66
  [11/24] gap=6.702020202020201 Df=92.00 Dr=79.94 MIA=62.55
  [12/24] gap=7.226611351611351 Df=94.00 Dr=79.96 MIA=62.11
  [13/24] gap=6.806337181337182 Df=92.00 Dr=80.02 MIA=62.79
  [14/24] gap=6.322931697931696 Df=92.00 Dr=80.14 MIA=61.21
  [15/24] gap=7.405663780663784 Df=94.00 Dr=79.82 MIA=62.79
  [16/24] gap=6.116822991822993 Df=90.00 Dr=79.74 MIA=63.00
  [17/24] gap=4.160052910052912 Df=92.00 Dr=79.78 MIA=55.09
  [18/24] gap=7.2711038961038925 Df=94.00 Dr=79.88 MIA=62.32
  [19/24] gap=4.840187590187592 Df=94.00 Dr=79.82 MIA=55.09
  [20/24] gap=7.186207311207315 Df=94.00 Dr=79.84 MIA=62.11
  [21/24] gap=6.488516113516115 Df=92.00 Dr=79.96 MIA=61.89
  [22/24] gap=6.438071188071189 Df=92.00 Dr=80.04 MIA=61.66
  [23/24] gap=5.800865800865798 Df=92.00 Dr=79.88 MIA=59.91
  [24/24] gap=6.965969215969217 Df=92.00 Dr=79.84 MIA=63.45
final test: scrub {'msteps': 2, 'lr': 0.005, 'epochs': 10, 'max_grad_norm': 5.0}
  Df=97.00 Dr=79.35 MIA=46.51 time=8.65s KL=0.0027

mmu: 0/96 candidates complete
  [1/96] gap=7.452801827801828 Df=92.00 Dr=79.96 MIA=64.79
  [2/96] gap=7.297258297258293 Df=92.00 Dr=79.94 MIA=64.34
  [3/96] gap=6.140452140452138 Df=92.00 Dr=80.04 MIA=60.77
  [4/96] gap=5.076539201539203 Df=92.00 Dr=80.08 MIA=57.54
  [5/96] gap=7.386243386243386 Df=94.00 Dr=79.78 MIA=62.77
  [6/96] gap=6.827982202982201 Df=92.00 Dr=79.66 MIA=63.21
  [7/96] gap=7.037397787397791 Df=94.00 Dr=79.84 MIA=61.66
  [8/96] gap=6.908790283790279 Df=92.00 Dr=79.90 MIA=63.21
  [9/96] gap=7.676346801346803 Df=92.00 Dr=79.74 MIA=65.68
  [10/96] gap=6.6642616642616614 Df=90.00 Dr=80.04 MIA=64.34
  [11/96] gap=6.630591630591627 Df=92.00 Dr=79.94 MIA=62.34
  [12/96] gap=6.451539201539203 Df=92.00 Dr=80.08 MIA=61.66
  [13/96] gap=7.3282828282828305 Df=94.00 Dr=79.82 MIA=62.55
  [14/96] gap=6.4152236652236665 Df=92.00 Dr=79.76 MIA=61.88
  [15/96] gap=7.0508658008658 Df=94.00 Dr=79.88 MIA=61.66
  [16/96] gap=6.384199134199133 Df=92.00 Dr=79.88 MIA=61.66
  [17/96] gap=7.155182780182781 Df=92.00 Dr=79.96 MIA=63.89
  [18/96] gap=5.943722943722939 Df=90.00 Dr=79.88 MIA=62.34
  [19/96] gap=7.477092352092353 Df=94.00 Dr=79.82 MIA=63.00
  [20/96] gap=6.819805194805196 Df=92.00 Dr=80.06 MIA=62.79
  [21/96] gap=6.485209235209233 Df=92.00 Dr=80.18 MIA=61.66
  [22/96] gap=6.133718133718131 Df=92.00 Dr=80.02 MIA=60.77
  [23/96] gap=6.350529100529104 Df=92.00 Dr=79.78 MIA=61.66
  [24/96] gap=6.11351611351611 Df=92.00 Dr=79.96 MIA=60.77
  [25/96] gap=5.439213564213564 Df=90.00 Dr=79.45 MIA=61.25
  [26/96] gap=7.077020202020201 Df=94.00 Dr=79.94 MIA=61.68
  [27/96] gap=4.901154401154398 Df=90.00 Dr=79.39 MIA=59.70
  [28/96] gap=6.505591630591629 Df=94.00 Dr=79.94 MIA=59.96
  [29/96] gap=5.054353054353051 Df=90.00 Dr=79.31 MIA=60.20
  [30/96] gap=7.0159331409331385 Df=94.00 Dr=79.90 MIA=61.54
  [31/96] gap=4.610569985569984 Df=90.00 Dr=79.09 MIA=58.64
  [32/96] gap=6.830627705627703 Df=94.00 Dr=79.88 MIA=61.00
  [33/96] gap=4.8334535834535854 Df=94.00 Dr=79.80 MIA=55.09
  [34/96] gap=4.305254930254937 Df=92.00 Dr=79.84 MIA=54.64
  [35/96] gap=4.464405964405967 Df=92.00 Dr=79.80 MIA=55.98
  [36/96] gap=6.42869167869168 Df=92.00 Dr=79.80 MIA=61.88
  [37/96] gap=6.8676046176046155 Df=92.00 Dr=79.76 MIA=63.23
  [38/96] gap=7.134980759980761 Df=92.00 Dr=79.90 MIA=63.89
  [39/96] gap=6.861652236652236 Df=94.00 Dr=79.76 MIA=61.21
  [40/96] gap=6.675084175084177 Df=92.00 Dr=79.86 MIA=62.55
  [41/96] gap=5.049603174603175 Df=94.00 Dr=80.00 MIA=55.54
  [42/96] gap=6.448112073112078 Df=90.00 Dr=79.84 MIA=63.89
  [43/96] gap=5.6763468013468 Df=92.00 Dr=79.74 MIA=59.68
  [44/96] gap=5.910834535834536 Df=90.00 Dr=79.80 MIA=62.32
  [45/96] gap=7.114778739778745 Df=92.00 Dr=79.84 MIA=63.89
  [46/96] gap=6.072330447330451 Df=90.00 Dr=79.82 MIA=62.79
  [47/96] gap=7.010461760461763 Df=94.00 Dr=79.76 MIA=61.66
  [48/96] gap=5.704064454064458 Df=90.00 Dr=79.84 MIA=61.66
  [49/96] gap=5.723003848003849 Df=94.00 Dr=80.02 MIA=57.54
  [50/96] gap=4.939033189033189 Df=88.00 Dr=79.76 MIA=61.45
  [51/96] gap=6.451418951418954 Df=92.00 Dr=79.62 MIA=62.13
  [52/96] gap=5.287878787878789 Df=88.00 Dr=79.70 MIA=62.55
  [53/96] gap=6.708754208754208 Df=92.00 Dr=79.96 MIA=62.55
  [54/96] gap=6.908008658008652 Df=92.00 Dr=79.88 MIA=63.23
  [55/96] gap=6.749819624819625 Df=92.00 Dr=79.64 MIA=63.00
  [56/96] gap=6.201719576719576 Df=92.00 Dr=79.78 MIA=61.21
  [57/96] gap=7.335678210678208 Df=92.00 Dr=79.39 MIA=65.00
  [58/96] gap=6.244949494949499 Df=92.00 Dr=79.82 MIA=61.30
  [59/96] gap=7.477753727753725 Df=94.00 Dr=79.29 MIA=63.45
  [60/96] gap=4.684343434343435 Df=90.00 Dr=79.64 MIA=58.80
  [61/96] gap=6.417087542087541 Df=90.00 Dr=79.96 MIA=63.68
  [62/96] gap=7.0503848003848 Df=94.00 Dr=80.02 MIA=61.52
  [63/96] gap=6.758417508417511 Df=90.00 Dr=79.86 MIA=64.80
  [64/96] gap=6.905363155363155 Df=94.00 Dr=79.66 MIA=61.45
  [65/96] gap=4.288660413660416 Df=92.00 Dr=79.72 MIA=55.54
  [66/96] gap=6.454846079846085 Df=90.00 Dr=79.86 MIA=63.89
  [67/96] gap=7.044131794131798 Df=94.00 Dr=79.86 MIA=61.66
  [68/96] gap=6.181517556517555 Df=90.00 Dr=79.72 MIA=63.21
  [69/96] gap=4.49134199134199 Df=92.00 Dr=79.88 MIA=55.98
  [70/96] gap=6.827982202982201 Df=92.00 Dr=79.66 MIA=63.21
  [71/96] gap=7.601611351611346 Df=94.00 Dr=79.96 MIA=63.23
  [72/96] gap=6.086580086580082 Df=92.00 Dr=79.88 MIA=60.77
  [73/96] gap=6.238035113035113 Df=92.00 Dr=80.10 MIA=61.00
  [74/96] gap=4.234607984607986 Df=86.00 Dr=79.86 MIA=61.23
  [75/96] gap=7.168650793650795 Df=94.00 Dr=80.00 MIA=61.89
  [76/96] gap=5.405663780663782 Df=90.00 Dr=79.82 MIA=60.79
  [77/96] gap=5.716269841269842 Df=92.00 Dr=80.00 MIA=59.54
  [78/96] gap=4.342532467532467 Df=90.00 Dr=79.88 MIA=57.54
  [79/96] gap=7.084535834535835 Df=94.00 Dr=79.98 MIA=61.66
  [80/96] gap=5.402356902356902 Df=90.00 Dr=80.04 MIA=60.55
  [81/96] gap=6.905363155363155 Df=94.00 Dr=79.66 MIA=61.45
  [82/96] gap=3.6528379028379 Df=84.00 Dr=79.90 MIA=61.45
  [83/96] gap=6.61381673881674 Df=94.00 Dr=80.12 MIA=60.11
  [84/96] gap=4.9385521885521895 Df=88.00 Dr=79.90 MIA=61.30
  [85/96] gap=5.689333814333814 Df=94.00 Dr=79.92 MIA=57.54
  [86/96] gap=4.481782106782106 Df=88.00 Dr=79.94 MIA=59.89
  [87/96] gap=7.3282828282828305 Df=94.00 Dr=79.82 MIA=62.55
  [88/96] gap=6.242123617123613 Df=92.00 Dr=79.90 MIA=61.21
  [89/96] gap=5.936868686868682 Df=92.00 Dr=79.39 MIA=60.80
  [90/96] gap=4.2382154882154905 Df=88.00 Dr=79.80 MIA=59.30
  [91/96] gap=7.109487734487732 Df=92.00 Dr=79.39 MIA=64.32
  [92/96] gap=2.3638768638768632 Df=84.00 Dr=79.31 MIA=58.13
  [93/96] gap=7.163359788359787 Df=94.00 Dr=79.56 MIA=62.32
  [94/96] gap=5.936507936507934 Df=92.00 Dr=80.00 MIA=60.20
  [95/96] gap=8.489177489177486 Df=94.00 Dr=79.52 MIA=66.34
  [96/96] gap=6.613696488696486 Df=94.00 Dr=79.66 MIA=60.57
final test: mmu {'msteps': 3, 'lr': 0.001, 'epochs': 5, 'head_mode': 'independent', 'weighting': 'normalised', 'max_grad_norm': 5.0}
  Df=92.00 Dr=79.34 MIA=47.01 time=5.33s KL=0.0045

salun: 0/45 candidates complete
  [1/45] gap=11.368205868205864 Df=54.00 Dr=72.59 MIA=56.41
  [2/45] gap=11.594636844636844 Df=54.00 Dr=73.66 MIA=58.16
  [3/45] gap=12.181577681577677 Df=54.00 Dr=71.72 MIA=57.98
  [4/45] gap=12.877224627224622 Df=58.00 Dr=69.74 MIA=62.09
  [5/45] gap=9.976491101491094 Df=62.00 Dr=69.17 MIA=56.82
  [6/45] gap=12.163840788840785 Df=58.00 Dr=69.25 MIA=59.46
  [7/45] gap=18.30248917748917 Df=40.00 Dr=69.52 MIA=60.14
  [8/45] gap=14.824795574795573 Df=48.00 Dr=70.32 MIA=58.52
  [9/45] gap=14.554894179894177 Df=48.00 Dr=70.22 MIA=57.61
  [10/45] gap=11.983645983645978 Df=54.00 Dr=72.53 MIA=58.20
  [11/45] gap=12.499518999518992 Df=52.00 Dr=73.19 MIA=58.41
  [12/45] gap=13.176226551226547 Df=52.00 Dr=71.39 MIA=58.64
  [13/45] gap=10.850168350168348 Df=60.00 Dr=70.28 MIA=58.55
  [14/45] gap=10.240800865800862 Df=64.00 Dr=69.88 MIA=60.32
  [15/45] gap=11.319805194805186 Df=56.00 Dr=70.61 MIA=56.29
  [16/45] gap=17.36826599326599 Df=42.00 Dr=69.35 MIA=59.18
  [17/45] gap=12.36014911014911 Df=54.00 Dr=71.72 MIA=58.52
  [18/45] gap=17.659932659932654 Df=40.00 Dr=71.35 MIA=60.05
  [19/45] gap=11.997113997113992 Df=54.00 Dr=72.48 MIA=58.20
  [20/45] gap=12.915704665704661 Df=52.00 Dr=73.05 MIA=59.52
  [21/45] gap=13.1223544973545 Df=52.00 Dr=71.56 MIA=58.64
  [22/45] gap=12.290223665223659 Df=56.00 Dr=70.91 MIA=59.50
  [23/45] gap=10.02044252044252 Df=64.00 Dr=70.34 MIA=60.13
  [24/45] gap=13.297619047619046 Df=50.00 Dr=71.33 MIA=53.16
  [25/45] gap=13.202320827320824 Df=56.00 Dr=70.57 MIA=61.89
  [26/45] gap=11.285894660894657 Df=60.00 Dr=71.64 MIA=61.21
  [27/45] gap=14.353294853294848 Df=50.00 Dr=72.20 MIA=60.98
  [28/45] gap=12.02405002405002 Df=54.00 Dr=72.40 MIA=58.20
  [29/45] gap=12.989778739778734 Df=52.00 Dr=72.83 MIA=59.52
  [30/45] gap=12.832130832130828 Df=52.00 Dr=71.98 MIA=58.20
  [31/45] gap=12.357563732563724 Df=56.00 Dr=70.71 MIA=59.50
  [32/45] gap=10.44841269841269 Df=60.00 Dr=70.67 MIA=57.73
  [33/45] gap=10.005351130351132 Df=58.00 Dr=71.66 MIA=55.39
  [34/45] gap=13.595298220298217 Df=54.00 Dr=72.10 MIA=62.61
  [35/45] gap=10.70622895622895 Df=60.00 Dr=72.46 MIA=60.30
  [36/45] gap=11.167568542568544 Df=58.00 Dr=72.85 MIA=60.07
  [37/45] gap=12.050986050986047 Df=54.00 Dr=72.32 MIA=58.20
  [38/45] gap=12.618205868205862 Df=52.00 Dr=72.59 MIA=58.16
  [39/45] gap=13.01461038961039 Df=52.00 Dr=71.88 MIA=58.64
  [40/45] gap=11.463924963924955 Df=56.00 Dr=70.73 MIA=56.84
  [41/45] gap=10.611351611351603 Df=60.00 Dr=71.07 MIA=58.62
  [42/45] gap=11.619288119288115 Df=60.00 Dr=72.40 MIA=62.98
  [43/45] gap=15.920634920634917 Df=52.00 Dr=72.00 MIA=67.48
  [44/45] gap=14.282647907647899 Df=52.00 Dr=72.18 MIA=62.75
  [45/45] gap=10.706890331890326 Df=60.00 Dr=72.91 MIA=60.75
final test: salun {'sparsity': 0.1, 'lr': 0.0001, 'epochs': 5}
  Df=62.00 Dr=73.15 MIA=53.05 time=13.29s KL=0.0047

uniclun: 0/27 candidates complete
  [1/27] gap=10.77958152958152 Df=56.00 Dr=73.03 MIA=57.09
  [2/27] gap=10.77958152958152 Df=56.00 Dr=73.03 MIA=57.09
  [3/27] gap=10.77958152958152 Df=56.00 Dr=73.03 MIA=57.09
  [4/27] gap=11.932419432419424 Df=54.00 Dr=72.46 MIA=57.98
  [5/27] gap=11.932419432419424 Df=54.00 Dr=72.46 MIA=57.98
  [6/27] gap=11.932419432419424 Df=54.00 Dr=72.46 MIA=57.98
  [7/27] gap=12.480098605098599 Df=52.00 Dr=73.23 MIA=58.39
  [8/27] gap=12.480098605098599 Df=52.00 Dr=73.23 MIA=58.39
  [9/27] gap=12.480098605098599 Df=52.00 Dr=73.23 MIA=58.39
  [10/27] gap=12.125841750841749 Df=58.00 Dr=72.08 MIA=62.18
  [11/27] gap=12.125841750841749 Df=58.00 Dr=72.08 MIA=62.18
  [12/27] gap=12.125841750841749 Df=58.00 Dr=72.08 MIA=62.18
  [13/27] gap=11.179773929773923 Df=56.00 Dr=72.69 MIA=57.95
  [14/27] gap=11.179773929773923 Df=56.00 Dr=72.69 MIA=57.95
  [15/27] gap=11.179773929773923 Df=56.00 Dr=72.69 MIA=57.95
  [16/27] gap=12.716029341029335 Df=58.00 Dr=73.60 MIA=65.46
  [17/27] gap=12.716029341029335 Df=58.00 Dr=73.60 MIA=65.46
  [18/27] gap=12.716029341029335 Df=58.00 Dr=73.60 MIA=65.46
  [19/27] gap=7.526455026455021 Df=68.00 Dr=73.11 MIA=59.41
  [20/27] gap=7.526455026455021 Df=68.00 Dr=73.11 MIA=59.41
  [21/27] gap=7.526455026455021 Df=68.00 Dr=73.11 MIA=59.41
  [22/27] gap=6.880772005772002 Df=66.00 Dr=73.03 MIA=55.39
  [23/27] gap=6.880772005772002 Df=66.00 Dr=73.03 MIA=55.39
  [24/27] gap=6.880772005772002 Df=66.00 Dr=73.03 MIA=55.39
  [25/27] gap=7.628787878787875 Df=68.00 Dr=73.70 MIA=60.30
  [26/27] gap=7.628787878787875 Df=68.00 Dr=73.70 MIA=60.30
  [27/27] gap=7.628787878787875 Df=68.00 Dr=73.70 MIA=60.30
final test: uniclun {'lr': 0.01, 'epochs': 10, 'buffer_size': 250}
  Df=74.00 Dr=73.21 MIA=47.77 time=20.74s KL=0.0046

