training one shared source (150 epochs)
Epoch 10/150: Train Loss=0.8156, Train Acc=0.7318, Val Acc=0.6972
Epoch 20/150: Train Loss=0.4529, Train Acc=0.8505, Val Acc=0.7574
Epoch 30/150: Train Loss=0.1616, Train Acc=0.9461, Val Acc=0.7826
Epoch 40/150: Train Loss=0.0495, Train Acc=0.9845, Val Acc=0.7938
Epoch 50/150: Train Loss=0.0303, Train Acc=0.9903, Val Acc=0.7940
Early stopping at epoch 54
training same-recipe retain-only reference (150 epochs)
Epoch 10/150: Train Loss=0.8220, Train Acc=0.7329, Val Acc=0.6834
Epoch 20/150: Train Loss=0.4508, Train Acc=0.8505, Val Acc=0.7471
Epoch 30/150: Train Loss=0.1329, Train Acc=0.9555, Val Acc=0.7869
Epoch 40/150: Train Loss=0.0573, Train Acc=0.9821, Val Acc=0.7907
Epoch 50/150: Train Loss=0.0362, Train Acc=0.9888, Val Acc=0.7917
Epoch 60/150: Train Loss=0.0318, Train Acc=0.9905, Val Acc=0.7923
Early stopping at epoch 64
final test: baseline {}
  Df=97.00 Dr=79.20 MIA=53.58 time=0.00s KL=0.0053
final test: retrain {}
  Df=85.00 Dr=79.14 MIA=49.07 time=501.98s KL=0.0000

finetune: 0/12 candidates complete
  [1/12] gap=8.015331890331893 Df=96.00 Dr=79.37 MIA=55.25
  [2/12] gap=5.195767195767196 Df=90.00 Dr=79.17 MIA=57.91
  [3/12] gap=5.80417267917268 Df=92.00 Dr=79.29 MIA=60.14
  [4/12] gap=6.175084175084176 Df=94.00 Dr=79.09 MIA=59.05
  [5/12] gap=5.065295815295819 Df=86.00 Dr=75.31 MIA=58.16
  [6/12] gap=5.937049062049063 Df=86.00 Dr=75.86 MIA=55.00
  [7/12] gap=6.208333333333336 Df=86.00 Dr=75.62 MIA=54.43
  [8/12] gap=4.04028379028379 Df=84.00 Dr=75.96 MIA=58.59
  [9/12] gap=8.354377104377107 Df=74.00 Dr=58.30 MIA=57.30
  [10/12] gap=13.140271765271764 Df=88.00 Dr=58.61 MIA=52.64
  [11/12] gap=7.3940596440596424 Df=70.00 Dr=66.97 MIA=55.52
  [12/12] gap=8.315596440596442 Df=62.00 Dr=73.15 MIA=54.57
final test: finetune {'lr': 0.0001, 'epochs': 3}
  Df=95.00 Dr=78.95 MIA=48.86 time=19.36s KL=0.0054

ssd: 0/25 candidates complete
  [1/25] gap=28.01424963924964 Df=2.00 Dr=75.56 MIA=53.07
  [2/25] gap=25.925024050024053 Df=2.00 Dr=76.32 MIA=58.57
  [3/25] gap=21.9656685906686 Df=16.00 Dr=77.27 MIA=55.50
  [4/25] gap=6.450637325637324 Df=94.00 Dr=79.88 MIA=57.96
  [5/25] gap=7.260161135161131 Df=96.00 Dr=79.88 MIA=57.54
  [6/25] gap=3.716630591630595 Df=84.00 Dr=79.56 MIA=55.96
  [7/25] gap=3.703162578162581 Df=84.00 Dr=79.64 MIA=55.96
  [8/25] gap=3.547619047619046 Df=84.00 Dr=79.62 MIA=56.41
  [9/25] gap=6.450637325637324 Df=94.00 Dr=79.88 MIA=57.96
  [10/25] gap=7.260161135161131 Df=96.00 Dr=79.88 MIA=57.54
  [11/25] gap=7.116522366522365 Df=96.00 Dr=79.86 MIA=60.16
  [12/25] gap=7.116522366522365 Df=96.00 Dr=79.86 MIA=60.16
  [13/25] gap=7.116522366522365 Df=96.00 Dr=79.86 MIA=60.16
  [14/25] gap=7.116522366522365 Df=96.00 Dr=79.86 MIA=60.16
  [15/25] gap=7.260161135161131 Df=96.00 Dr=79.88 MIA=57.54
  [16/25] gap=7.104617604617611 Df=96.00 Dr=79.86 MIA=57.98
  [17/25] gap=7.104617604617611 Df=96.00 Dr=79.86 MIA=57.98
  [18/25] gap=7.104617604617611 Df=96.00 Dr=79.86 MIA=57.98
  [19/25] gap=7.104617604617611 Df=96.00 Dr=79.86 MIA=57.98
  [20/25] gap=7.104617604617611 Df=96.00 Dr=79.86 MIA=57.98
  [21/25] gap=7.104617604617611 Df=96.00 Dr=79.86 MIA=57.98
  [22/25] gap=7.104617604617611 Df=96.00 Dr=79.86 MIA=57.98
  [23/25] gap=7.104617604617611 Df=96.00 Dr=79.86 MIA=57.98
  [24/25] gap=7.104617604617611 Df=96.00 Dr=79.86 MIA=57.98
  [25/25] gap=7.104617604617611 Df=96.00 Dr=79.86 MIA=57.98
final test: ssd {'alpha': 5.0, 'dampening_constant': 0.5}
  Df=91.00 Dr=79.11 MIA=52.04 time=7.81s KL=0.0053

badteacher: 0/36 candidates complete
  [1/36] gap=14.233164983164983 Df=40.00 Dr=74.67 MIA=57.30
  [2/36] gap=24.57924482924483 Df=12.00 Dr=73.41 MIA=55.52
  [3/36] gap=19.67135642135642 Df=24.00 Dr=73.49 MIA=59.95
  [4/36] gap=20.915283790283794 Df=22.00 Dr=73.96 MIA=55.96
  [5/36] gap=22.346200096200096 Df=16.00 Dr=73.90 MIA=57.73
  [6/36] gap=17.70436507936508 Df=30.00 Dr=74.95 MIA=61.50
  [7/36] gap=21.338203463203467 Df=18.00 Dr=73.80 MIA=58.86
  [8/36] gap=22.63630351130351 Df=16.00 Dr=73.94 MIA=61.29
  [9/36] gap=13.366883116883118 Df=40.00 Dr=75.98 MIA=59.52
  [10/36] gap=24.429773929773933 Df=10.00 Dr=72.97 MIA=58.41
  [11/36] gap=18.791847041847042 Df=26.00 Dr=73.92 MIA=59.73
  [12/36] gap=11.54617604617605 Df=46.00 Dr=77.19 MIA=56.84
  [13/36] gap=18.658730158730155 Df=28.00 Dr=74.28 MIA=56.41
  [14/36] gap=22.44366281866282 Df=14.00 Dr=74.30 MIA=59.07
  [15/36] gap=14.915584415584414 Df=36.00 Dr=75.80 MIA=59.98
  [16/36] gap=21.386002886002885 Df=20.00 Dr=74.10 MIA=56.41
  [17/36] gap=19.988395863395862 Df=22.00 Dr=75.45 MIA=60.86
  [18/36] gap=12.244167869167867 Df=44.00 Dr=77.15 MIA=61.32
  [19/36] gap=22.18801106301106 Df=16.00 Dr=74.14 MIA=57.96
  [20/36] gap=19.94799182299182 Df=24.00 Dr=75.58 MIA=62.86
  [21/36] gap=9.05699855699856 Df=54.00 Dr=77.37 MIA=56.12
  [22/36] gap=22.16780904280904 Df=16.00 Dr=74.20 MIA=57.96
  [23/36] gap=15.169372294372295 Df=34.00 Dr=76.16 MIA=59.11
  [24/36] gap=14.0966810966811 Df=36.00 Dr=78.04 MIA=59.77
  [25/36] gap=19.99272486772487 Df=24.00 Dr=74.73 MIA=55.96
  [26/36] gap=18.082130832130833 Df=28.00 Dr=76.26 MIA=56.16
  [27/36] gap=11.306818181818182 Df=46.00 Dr=77.07 MIA=60.43
  [28/36] gap=19.98665223665224 Df=22.00 Dr=75.19 MIA=57.52
  [29/36] gap=18.95809283309283 Df=26.00 Dr=76.55 MIA=62.86
  [30/36] gap=10.377525252525254 Df=52.00 Dr=77.86 MIA=64.43
  [31/36] gap=20.04118566618567 Df=22.00 Dr=75.47 MIA=57.07
  [32/36] gap=18.21657046657047 Df=30.00 Dr=76.79 MIA=64.88
  [33/36] gap=14.408369408369408 Df=36.00 Dr=77.68 MIA=57.77
  [34/36] gap=18.199134199134196 Df=26.00 Dr=76.16 MIA=60.20
  [35/36] gap=15.438732563732563 Df=38.00 Dr=77.35 MIA=65.11
  [36/36] gap=14.912938912938914 Df=36.00 Dr=78.02 MIA=62.20
final test: badteacher {'temperature': 4.0, 'epochs': 3, 'lr': 0.01}
  Df=53.00 Dr=77.47 MIA=53.25 time=4.34s KL=0.0054

unsir: 0/36 candidates complete
  [1/36] gap=8.98725348725349 Df=98.00 Dr=76.87 MIA=56.84
  [2/36] gap=7.0781024531024554 Df=94.00 Dr=78.83 MIA=61.50
  [3/36] gap=9.653138528138529 Df=92.00 Dr=72.89 MIA=52.82
  [4/36] gap=7.087061087061092 Df=92.00 Dr=77.21 MIA=56.20
  [5/36] gap=9.213684463684466 Df=72.00 Dr=59.94 MIA=55.09
  [6/36] gap=10.020202020202019 Df=92.00 Dr=69.56 MIA=55.05
  [7/36] gap=7.890392015392017 Df=98.00 Dr=78.14 MIA=58.86
  [8/36] gap=7.94522607022607 Df=92.00 Dr=78.26 MIA=52.57
  [9/36] gap=9.604437229437233 Df=92.00 Dr=75.07 MIA=50.79
  [10/36] gap=7.504088504088505 Df=90.00 Dr=77.82 MIA=52.34
  [11/36] gap=10.381613756613758 Df=72.00 Dr=64.06 MIA=47.46
  [12/36] gap=8.285894660894662 Df=90.00 Dr=71.92 MIA=55.89
  [13/36] gap=8.484848484848484 Df=98.00 Dr=78.16 MIA=61.05
  [14/36] gap=5.95526695526696 Df=92.00 Dr=78.46 MIA=59.77
  [15/36] gap=7.535113035113038 Df=88.00 Dr=75.94 MIA=52.12
  [16/36] gap=8.129569504569508 Df=90.00 Dr=77.96 MIA=50.32
  [17/36] gap=9.189033189033195 Df=78.00 Dr=65.19 MIA=47.91
  [18/36] gap=9.76010101010101 Df=92.00 Dr=72.59 MIA=52.80
  [19/36] gap=9.132756132756134 Df=98.00 Dr=76.65 MIA=56.62
  [20/36] gap=5.893999518999519 Df=88.00 Dr=78.20 MIA=54.79
  [21/36] gap=9.659872534872536 Df=92.00 Dr=72.87 MIA=52.82
  [22/36] gap=6.905002405002404 Df=92.00 Dr=76.69 MIA=60.84
  [23/36] gap=10.517977392977398 Df=66.00 Dr=63.15 MIA=53.96
  [24/36] gap=7.8458994708994725 Df=90.00 Dr=72.06 MIA=57.07
  [25/36] gap=8.362433862433868 Df=98.00 Dr=77.17 MIA=58.41
  [26/36] gap=7.888708513708518 Df=98.00 Dr=78.65 MIA=59.75
  [27/36] gap=7.410173160173163 Df=88.00 Dr=74.71 MIA=53.73
  [28/36] gap=6.345418470418473 Df=92.00 Dr=77.92 MIA=60.39
  [29/36] gap=7.032527657527659 Df=80.00 Dr=66.93 MIA=54.64
  [30/36] gap=6.988576238576241 Df=88.00 Dr=73.76 MIA=55.95
  [31/36] gap=8.42622655122655 Df=98.00 Dr=77.68 MIA=60.39
  [32/36] gap=8.013227513227513 Df=94.00 Dr=78.51 MIA=63.98
  [33/36] gap=7.0767797017797065 Df=90.00 Dr=75.94 MIA=55.50
  [34/36] gap=8.495310245310245 Df=94.00 Dr=77.74 MIA=53.45
  [35/36] gap=7.773268398268402 Df=84.00 Dr=68.71 MIA=54.64
  [36/36] gap=6.820887445887446 Df=90.00 Dr=74.71 MIA=60.61
final test: unsir {'impair_epochs': 2, 'repair_epochs': 1, 'impair_lr': 0.001, 'repair_lr': 0.01}
  Df=93.00 Dr=78.09 MIA=48.92 time=4.24s KL=0.0052

scrub: 0/24 candidates complete
  [1/24] gap=6.898809523809523 Df=96.00 Dr=79.62 MIA=59.75
  [2/24] gap=6.986050986050988 Df=96.00 Dr=79.72 MIA=58.20
  [3/24] gap=7.0543530543530535 Df=96.00 Dr=79.60 MIA=60.20
  [4/24] gap=7.06108706108706 Df=96.00 Dr=79.66 MIA=60.20
  [5/24] gap=7.088023088023088 Df=96.00 Dr=79.49 MIA=60.20
  [6/24] gap=6.812950937950942 Df=96.00 Dr=79.37 MIA=58.86
  [7/24] gap=6.914261664261663 Df=96.00 Dr=78.91 MIA=59.09
  [8/24] gap=7.056697931697933 Df=96.00 Dr=79.70 MIA=57.96
  [9/24] gap=6.939213564213564 Df=96.00 Dr=79.74 MIA=59.75
  [10/24] gap=6.972582972582974 Df=96.00 Dr=79.56 MIA=58.20
  [11/24] gap=6.939213564213564 Df=96.00 Dr=79.74 MIA=59.75
  [12/24] gap=6.999518999519002 Df=96.00 Dr=79.47 MIA=58.20
  [13/24] gap=7.06108706108706 Df=96.00 Dr=79.66 MIA=60.20
  [14/24] gap=7.012987012987016 Df=96.00 Dr=79.43 MIA=58.20
  [15/24] gap=6.8873256373256355 Df=96.00 Dr=78.99 MIA=59.09
  [16/24] gap=7.293049543049546 Df=96.00 Dr=79.27 MIA=57.52
  [17/24] gap=7.859487734487733 Df=96.00 Dr=79.56 MIA=55.54
  [18/24] gap=6.753427128427131 Df=96.00 Dr=79.86 MIA=59.07
  [19/24] gap=6.719757094757097 Df=96.00 Dr=79.47 MIA=59.07
  [20/24] gap=6.40428090428091 Df=94.00 Dr=79.76 MIA=57.98
  [21/24] gap=6.539923039923042 Df=94.00 Dr=79.35 MIA=60.41
  [22/24] gap=7.023809523809528 Df=96.00 Dr=79.62 MIA=57.98
  [23/24] gap=7.546957671957675 Df=96.00 Dr=79.17 MIA=56.86
  [24/24] gap=7.2335257335257355 Df=96.00 Dr=79.27 MIA=60.41
final test: scrub {'msteps': 3, 'lr': 0.0005, 'epochs': 10, 'max_grad_norm': 5.0}
  Df=96.00 Dr=79.30 MIA=54.02 time=8.00s KL=0.0051

mmu: 0/96 candidates complete
  [1/96] gap=6.999518999519002 Df=96.00 Dr=79.76 MIA=58.20
  [2/96] gap=7.081289081289081 Df=96.00 Dr=79.72 MIA=60.20
  [3/96] gap=7.387205387205387 Df=96.00 Dr=79.78 MIA=57.05
  [4/96] gap=6.912277537277537 Df=96.00 Dr=79.66 MIA=59.75
  [5/96] gap=7.047619047619047 Df=96.00 Dr=79.62 MIA=60.20
  [6/96] gap=6.83411495911496 Df=96.00 Dr=79.60 MIA=59.54
  [7/96] gap=6.986050986050988 Df=96.00 Dr=79.52 MIA=58.20
  [8/96] gap=6.972582972582974 Df=96.00 Dr=79.56 MIA=58.20
  [9/96] gap=7.353535353535354 Df=96.00 Dr=79.68 MIA=61.05
  [10/96] gap=7.209896584896586 Df=96.00 Dr=79.66 MIA=60.64
  [11/96] gap=7.503908128908127 Df=96.00 Dr=79.72 MIA=56.64
  [12/96] gap=7.31499518999519 Df=96.00 Dr=79.76 MIA=60.86
  [13/96] gap=6.81625781625782 Df=96.00 Dr=79.60 MIA=58.62
  [14/96] gap=7.294793169793169 Df=96.00 Dr=79.54 MIA=60.86
  [15/96] gap=7.0331890331890365 Df=96.00 Dr=79.37 MIA=58.20
  [16/96] gap=7.599146224146222 Df=96.00 Dr=79.52 MIA=61.75
  [17/96] gap=7.661315536315541 Df=96.00 Dr=79.29 MIA=61.71
  [18/96] gap=6.299182299182301 Df=94.00 Dr=79.58 MIA=58.20
  [19/96] gap=8.049001924001926 Df=96.00 Dr=79.27 MIA=62.86
  [20/96] gap=6.983706108706109 Df=96.00 Dr=79.66 MIA=59.96
  [21/96] gap=7.87217412217412 Df=96.00 Dr=79.54 MIA=55.52
  [22/96] gap=6.628126503126502 Df=94.00 Dr=79.54 MIA=60.86
  [23/96] gap=7.388768638768643 Df=96.00 Dr=79.41 MIA=57.09
  [24/96] gap=7.477272727272731 Df=96.00 Dr=79.43 MIA=61.30
  [25/96] gap=8.412518037518042 Df=96.00 Dr=78.65 MIA=54.79
  [26/96] gap=6.350709475709476 Df=94.00 Dr=79.47 MIA=59.96
  [27/96] gap=9.248196248196251 Df=96.00 Dr=78.59 MIA=52.34
  [28/96] gap=7.09145021645022 Df=94.00 Dr=79.25 MIA=61.96
  [29/96] gap=7.4847883597883635 Df=98.00 Dr=79.39 MIA=58.82
  [30/96] gap=6.140632515632515 Df=94.00 Dr=79.21 MIA=59.07
  [31/96] gap=6.910533910533917 Df=96.00 Dr=79.31 MIA=58.62
  [32/96] gap=7.46645021645022 Df=96.00 Dr=79.25 MIA=61.09
  [33/96] gap=6.835678210678211 Df=96.00 Dr=79.56 MIA=58.61
  [34/96] gap=7.037277537277542 Df=96.00 Dr=79.58 MIA=57.98
  [35/96] gap=7.7174122174122175 Df=96.00 Dr=79.54 MIA=55.98
  [36/96] gap=7.8527537277537265 Df=96.00 Dr=79.66 MIA=55.54
  [37/96] gap=7.565476190476187 Df=96.00 Dr=79.62 MIA=61.75
  [38/96] gap=7.301527176527176 Df=96.00 Dr=79.72 MIA=60.86
  [39/96] gap=6.628126503126502 Df=94.00 Dr=79.70 MIA=60.86
  [40/96] gap=6.668530543530544 Df=94.00 Dr=79.82 MIA=60.86
  [41/96] gap=7.561868686868688 Df=96.00 Dr=79.56 MIA=56.43
  [42/96] gap=3.608525733525738 Df=86.00 Dr=79.27 MIA=59.54
  [43/96] gap=7.280363155363157 Df=94.00 Dr=79.29 MIA=55.54
  [44/96] gap=5.771284271284277 Df=92.00 Dr=79.37 MIA=57.98
  [45/96] gap=6.809523809523813 Df=96.00 Dr=79.62 MIA=58.62
  [46/96] gap=6.3876863876863865 Df=94.00 Dr=79.60 MIA=60.20
  [47/96] gap=6.532888407888407 Df=94.00 Dr=79.70 MIA=57.54
  [48/96] gap=7.054353054353055 Df=94.00 Dr=79.64 MIA=62.20
  [49/96] gap=7.529280904280905 Df=96.00 Dr=79.76 MIA=61.50
  [50/96] gap=4.68464405964406 Df=86.00 Dr=79.15 MIA=62.64
  [51/96] gap=6.833934583934588 Df=94.00 Dr=79.29 MIA=56.88
  [52/96] gap=5.283970658970662 Df=90.00 Dr=79.35 MIA=60.64
  [53/96] gap=6.733225108225111 Df=96.00 Dr=79.80 MIA=59.07
  [54/96] gap=6.526455026455028 Df=94.00 Dr=79.39 MIA=60.41
  [55/96] gap=7.303090428090428 Df=96.00 Dr=79.47 MIA=60.82
  [56/96] gap=6.810606060606065 Df=94.00 Dr=79.43 MIA=61.30
  [57/96] gap=8.823112073112073 Df=98.00 Dr=79.11 MIA=55.09
  [58/96] gap=7.885762385762388 Df=94.00 Dr=79.03 MIA=53.98
  [59/96] gap=6.6002284752284766 Df=94.00 Dr=79.33 MIA=57.54
  [60/96] gap=6.370250120250122 Df=92.00 Dr=78.97 MIA=61.52
  [61/96] gap=7.138287638287646 Df=96.00 Dr=79.27 MIA=57.98
  [62/96] gap=7.453763828763833 Df=96.00 Dr=79.27 MIA=61.07
  [63/96] gap=8.42977392977393 Df=98.00 Dr=78.97 MIA=56.41
  [64/96] gap=6.692159692159689 Df=94.00 Dr=79.11 MIA=60.62
  [65/96] gap=6.965848965848967 Df=96.00 Dr=79.66 MIA=58.20
  [66/96] gap=7.030543530543535 Df=96.00 Dr=79.60 MIA=57.98
  [67/96] gap=7.555134680134681 Df=96.00 Dr=79.58 MIA=56.43
  [68/96] gap=7.757816257816259 Df=96.00 Dr=79.41 MIA=55.98
  [69/96] gap=7.081289081289081 Df=96.00 Dr=79.52 MIA=60.20
  [70/96] gap=7.361832611832615 Df=96.00 Dr=79.74 MIA=57.09
  [71/96] gap=6.954244829244833 Df=96.00 Dr=79.82 MIA=59.71
  [72/96] gap=7.2955747955747965 Df=96.00 Dr=79.72 MIA=57.27
  [73/96] gap=6.967712842712847 Df=96.00 Dr=79.86 MIA=59.71
  [74/96] gap=3.3243746993746988 Df=84.00 Dr=79.23 MIA=60.64
  [75/96] gap=7.609006734006736 Df=96.00 Dr=79.41 MIA=56.43
  [76/96] gap=4.1093073593073655 Df=86.00 Dr=79.25 MIA=57.09
  [77/96] gap=6.77849927849928 Df=96.00 Dr=79.49 MIA=58.84
  [78/96] gap=4.305254930254928 Df=88.00 Dr=79.11 MIA=58.64
  [79/96] gap=6.797919672919673 Df=96.00 Dr=79.45 MIA=59.29
  [80/96] gap=6.265812890812889 Df=92.00 Dr=79.52 MIA=61.75
  [81/96] gap=6.798701298701299 Df=96.00 Dr=79.80 MIA=59.27
  [82/96] gap=3.1277657527657516 Df=82.00 Dr=78.93 MIA=61.75
  [83/96] gap=7.314033189033187 Df=96.00 Dr=79.19 MIA=57.54
  [84/96] gap=3.4866522366522354 Df=84.00 Dr=79.19 MIA=61.09
  [85/96] gap=7.285533910533917 Df=96.00 Dr=79.31 MIA=57.50
  [86/96] gap=4.538961038961044 Df=88.00 Dr=79.07 MIA=57.98
  [87/96] gap=6.892195767195766 Df=96.00 Dr=79.17 MIA=59.29
  [88/96] gap=6.008597883597884 Df=92.00 Dr=79.39 MIA=60.86
  [89/96] gap=7.587241462241463 Df=96.00 Dr=79.72 MIA=56.39
  [90/96] gap=5.226130351130354 Df=90.00 Dr=78.85 MIA=59.96
  [91/96] gap=6.349266474266479 Df=94.00 Dr=79.05 MIA=58.57
  [92/96] gap=3.7574555074555107 Df=86.00 Dr=78.81 MIA=59.52
  [93/96] gap=7.150192400192402 Df=96.00 Dr=79.27 MIA=57.95
  [94/96] gap=6.603655603655604 Df=94.00 Dr=79.09 MIA=57.77
  [95/96] gap=7.577982202982203 Df=98.00 Dr=79.29 MIA=58.64
  [96/96] gap=6.603174603174604 Df=94.00 Dr=78.95 MIA=60.20
final test: mmu {'msteps': 3, 'lr': 0.001, 'epochs': 5, 'head_mode': 'independent', 'weighting': 'normalised', 'max_grad_norm': 5.0}
  Df=86.00 Dr=78.94 MIA=52.09 time=5.23s KL=0.0051

salun: 0/45 candidates complete
  [1/45] gap=8.107623857623864 Df=58.00 Dr=73.76 MIA=59.52
  [2/45] gap=8.877946127946132 Df=58.00 Dr=73.23 MIA=61.30
  [3/45] gap=8.521043771043777 Df=58.00 Dr=72.30 MIA=59.30
  [4/45] gap=7.415885040885044 Df=64.00 Dr=71.64 MIA=61.32
  [5/45] gap=7.463023088023088 Df=66.00 Dr=71.49 MIA=63.32
  [6/45] gap=10.394179894179894 Df=64.00 Dr=70.51 MIA=48.98
  [7/45] gap=12.627705627705632 Df=48.00 Dr=70.16 MIA=59.48
  [8/45] gap=13.894540644540646 Df=52.00 Dr=71.11 MIA=49.88
  [9/45] gap=7.73075998075998 Df=66.00 Dr=71.96 MIA=53.52
  [10/45] gap=8.019420394420399 Df=58.00 Dr=73.58 MIA=59.07
  [11/45] gap=8.911616161616166 Df=58.00 Dr=73.13 MIA=61.30
  [12/45] gap=8.398088023088027 Df=60.00 Dr=72.40 MIA=57.07
  [13/45] gap=9.105579605579608 Df=64.00 Dr=71.66 MIA=51.70
  [14/45] gap=7.934403559403563 Df=68.00 Dr=72.08 MIA=50.79
  [15/45] gap=7.573292448292446 Df=70.00 Dr=71.41 MIA=50.54
  [16/45] gap=11.095298220298218 Df=54.00 Dr=70.38 MIA=61.11
  [17/45] gap=11.001563251563256 Df=60.00 Dr=71.58 MIA=50.09
  [18/45] gap=5.503367003367006 Df=70.00 Dr=72.61 MIA=55.55
  [19/45] gap=8.492784992784996 Df=58.00 Dr=73.49 MIA=60.41
  [20/45] gap=9.290043290043295 Df=58.00 Dr=72.89 MIA=62.20
  [21/45] gap=9.070827320827325 Df=58.00 Dr=71.94 MIA=57.52
  [22/45] gap=10.623256373256373 Df=64.00 Dr=71.35 MIA=47.45
  [23/45] gap=7.378126503126505 Df=68.00 Dr=71.54 MIA=53.00
  [24/45] gap=8.289742664742667 Df=70.00 Dr=71.05 MIA=48.75
  [25/45] gap=11.073773448773453 Df=56.00 Dr=71.56 MIA=53.89
  [26/45] gap=10.288540163540167 Df=62.00 Dr=71.70 MIA=50.11
  [27/45] gap=6.198051948051952 Df=68.00 Dr=72.34 MIA=55.73
  [28/45] gap=7.724446849446852 Df=60.00 Dr=73.35 MIA=59.96
  [29/45] gap=9.330447330447333 Df=58.00 Dr=72.77 MIA=62.20
  [30/45] gap=8.90512265512266 Df=60.00 Dr=72.22 MIA=55.73
  [31/45] gap=10.758597883597881 Df=64.00 Dr=71.39 MIA=47.00
  [32/45] gap=9.237914862914863 Df=70.00 Dr=71.31 MIA=45.64
  [33/45] gap=7.262987012987016 Df=70.00 Dr=71.43 MIA=51.45
  [34/45] gap=12.09337421837422 Df=56.00 Dr=71.82 MIA=50.57
  [35/45] gap=9.792207792207796 Df=62.00 Dr=72.53 MIA=50.77
  [36/45] gap=10.318662818662823 Df=66.00 Dr=72.30 MIA=45.41
  [37/45] gap=7.650372775372776 Df=60.00 Dr=73.58 MIA=59.96
  [38/45] gap=9.269841269841274 Df=58.00 Dr=72.95 MIA=62.20
  [39/45] gap=9.294372294372295 Df=60.00 Dr=72.16 MIA=54.62
  [40/45] gap=9.242784992784996 Df=66.00 Dr=71.49 MIA=49.45
  [41/45] gap=7.681697931697933 Df=72.00 Dr=71.54 MIA=48.09
  [42/45] gap=7.72276334776335 Df=70.00 Dr=71.86 MIA=49.64
  [43/45] gap=13.287818662818664 Df=56.00 Dr=70.48 MIA=48.32
  [44/45] gap=11.554533429533434 Df=58.00 Dr=71.90 MIA=50.11
  [45/45] gap=8.217472342472346 Df=60.00 Dr=72.30 MIA=60.39
final test: salun {'sparsity': 0.1, 'lr': 0.0001, 'epochs': 3}
  Df=68.00 Dr=73.65 MIA=53.94 time=6.32s KL=0.0053

uniclun: 0/27 candidates complete
  [1/27] gap=11.07443482443483 Df=58.00 Dr=74.00 MIA=49.45
  [2/27] gap=11.07443482443483 Df=58.00 Dr=74.00 MIA=49.45
  [3/27] gap=11.07443482443483 Df=58.00 Dr=74.00 MIA=49.45
  [4/27] gap=11.712842712842708 Df=56.00 Dr=73.19 MIA=50.34
  [5/27] gap=11.712842712842708 Df=56.00 Dr=73.19 MIA=50.34
  [6/27] gap=11.712842712842708 Df=56.00 Dr=73.19 MIA=50.34
  [7/27] gap=8.812590187590189 Df=58.00 Dr=72.77 MIA=60.64
  [8/27] gap=8.812590187590189 Df=58.00 Dr=72.77 MIA=60.64
  [9/27] gap=8.812590187590189 Df=58.00 Dr=72.77 MIA=60.64
  [10/27] gap=7.232744107744111 Df=68.00 Dr=73.29 MIA=51.68
  [11/27] gap=7.232744107744111 Df=68.00 Dr=73.29 MIA=51.68
  [12/27] gap=7.232744107744111 Df=68.00 Dr=73.29 MIA=51.68
  [13/27] gap=10.012987012987017 Df=66.00 Dr=73.43 MIA=45.20
  [14/27] gap=10.012987012987017 Df=66.00 Dr=73.43 MIA=45.20
  [15/27] gap=10.012987012987017 Df=66.00 Dr=73.43 MIA=45.20
  [16/27] gap=8.31403318903319 Df=66.00 Dr=73.19 MIA=50.54
  [17/27] gap=8.31403318903319 Df=66.00 Dr=73.19 MIA=50.54
  [18/27] gap=8.31403318903319 Df=66.00 Dr=73.19 MIA=50.54
  [19/27] gap=6.8696488696488744 Df=70.00 Dr=73.29 MIA=50.77
  [20/27] gap=6.8696488696488744 Df=70.00 Dr=73.29 MIA=50.77
  [21/27] gap=6.8696488696488744 Df=70.00 Dr=73.29 MIA=50.77
  [22/27] gap=8.55104617604618 Df=68.00 Dr=73.37 MIA=47.64
  [23/27] gap=8.55104617604618 Df=68.00 Dr=73.37 MIA=47.64
  [24/27] gap=8.55104617604618 Df=68.00 Dr=73.37 MIA=47.64
  [25/27] gap=9.329545454545453 Df=64.00 Dr=73.25 MIA=49.43
  [26/27] gap=9.329545454545453 Df=64.00 Dr=73.25 MIA=49.43
  [27/27] gap=9.329545454545453 Df=64.00 Dr=73.25 MIA=49.43
final test: uniclun {'lr': 0.0001, 'epochs': 3, 'buffer_size': 250}
  Df=72.00 Dr=72.97 MIA=51.76 time=4.65s KL=0.0053

