training one shared source (150 epochs)
Epoch 10/150: Train Loss=0.8180, Train Acc=0.7330, Val Acc=0.6708
Epoch 20/150: Train Loss=0.4479, Train Acc=0.8510, Val Acc=0.7308
Epoch 30/150: Train Loss=0.1662, Train Acc=0.9433, Val Acc=0.7662
Epoch 40/150: Train Loss=0.0530, Train Acc=0.9833, Val Acc=0.7756
Epoch 50/150: Train Loss=0.0293, Train Acc=0.9909, Val Acc=0.7862
Epoch 60/150: Train Loss=0.0230, Train Acc=0.9938, Val Acc=0.7862
Epoch 70/150: Train Loss=0.0219, Train Acc=0.9938, Val Acc=0.7856
Early stopping at epoch 70
training same-recipe retain-only reference (150 epochs)
Epoch 10/150: Train Loss=0.7755, Train Acc=0.7474, Val Acc=0.6973
Epoch 20/150: Train Loss=0.4087, Train Acc=0.8645, Val Acc=0.7495
Epoch 30/150: Train Loss=0.1460, Train Acc=0.9502, Val Acc=0.7882
Epoch 40/150: Train Loss=0.0420, Train Acc=0.9864, Val Acc=0.8042
Epoch 50/150: Train Loss=0.0244, Train Acc=0.9924, Val Acc=0.8088
Epoch 60/150: Train Loss=0.0202, Train Acc=0.9941, Val Acc=0.8069
Epoch 70/150: Train Loss=0.0188, Train Acc=0.9942, Val Acc=0.8099
Epoch 80/150: Train Loss=0.0172, Train Acc=0.9946, Val Acc=0.8097
Early stopping at epoch 80
final test: baseline {}
  Df=72.00 Dr=79.82 MIA=68.74 time=0.00s KL=0.0011
final test: retrain {}
  Df=0.00 Dr=80.62 MIA=49.24 time=488.52s KL=0.0000
final test: amnesiac {}
  Df=0.00 Dr=5.26 MIA=50.81 time=0.00s KL=0.7375

finetune: 0/12 candidates complete
  [1/12] gap=21.821577074358498 Df=44.00 Dr=79.79 MIA=67.10
  [2/12] gap=21.8123368920522 Df=42.80 Dr=80.04 MIA=68.53
  [3/12] gap=19.040369607292252 Df=35.20 Dr=80.00 MIA=67.77
  [4/12] gap=16.15956795904352 Df=27.20 Dr=80.02 MIA=67.15
  [5/12] gap=9.379034775550977 Df=11.60 Dr=76.67 MIA=59.06
  [6/12] gap=5.65359305737654 Df=3.60 Dr=77.14 MIA=56.35
  [7/12] gap=6.806255853156024 Df=0.00 Dr=77.41 MIA=63.68
  [8/12] gap=4.253930199163395 Df=0.00 Dr=77.56 MIA=56.17
  [9/12] gap=8.408753199725295 Df=0.00 Dr=58.74 MIA=49.81
  [10/12] gap=4.23117937191734 Df=0.00 Dr=68.86 MIA=47.40
  [11/12] gap=5.880302178934883 Df=0.00 Dr=69.52 MIA=53.00
  [12/12] gap=3.811013298370485 Df=0.00 Dr=71.26 MIA=48.54
final test: finetune {'lr': 0.0001, 'epochs': 10}
  Df=30.40 Dr=80.53 MIA=68.62 time=50.61s KL=0.0012

ssd: 0/25 candidates complete
  [1/25] gap=26.296422551039523 Df=0.00 Dr=5.26 MIA=50.00
  [2/25] gap=27.01718174439658 Df=0.00 Dr=5.26 MIA=52.16
  [3/25] gap=27.445651495286267 Df=0.00 Dr=5.26 MIA=53.45
  [4/25] gap=11.157682462383718 Df=1.20 Dr=51.47 MIA=49.59
  [5/25] gap=5.329087844165573 Df=0.00 Dr=78.55 MIA=60.38
  [6/25] gap=24.704838608977962 Df=0.00 Dr=7.14 MIA=47.10
  [7/25] gap=24.708247487045014 Df=0.00 Dr=8.11 MIA=48.08
  [8/25] gap=24.930349004183057 Df=0.00 Dr=8.86 MIA=44.68
  [9/25] gap=11.157682462383718 Df=1.20 Dr=51.47 MIA=49.59
  [10/25] gap=5.329087844165573 Df=0.00 Dr=78.55 MIA=60.38
  [11/25] gap=10.437135543485047 Df=6.00 Dr=60.97 MIA=52.13
  [12/25] gap=10.155959293250922 Df=4.80 Dr=61.81 MIA=53.33
  [13/25] gap=9.14820503215334 Df=4.00 Dr=62.93 MIA=52.22
  [14/25] gap=6.673709183992009 Df=0.80 Dr=71.73 MIA=56.80
  [15/25] gap=5.329087844165573 Df=0.00 Dr=78.55 MIA=60.38
  [16/25] gap=24.44347880377099 Df=50.80 Dr=80.11 MIA=68.48
  [17/25] gap=24.44347880377099 Df=50.80 Dr=80.11 MIA=68.48
  [18/25] gap=24.44347880377099 Df=50.80 Dr=80.11 MIA=68.48
  [19/25] gap=25.414397202971845 Df=53.20 Dr=80.13 MIA=69.02
  [20/25] gap=26.168883061746897 Df=55.20 Dr=80.08 MIA=69.24
  [21/25] gap=30.985889991883624 Df=69.20 Dr=79.37 MIA=68.97
  [22/25] gap=30.985889991883624 Df=69.20 Dr=79.37 MIA=68.97
  [23/25] gap=30.985889991883624 Df=69.20 Dr=79.37 MIA=68.97
  [24/25] gap=30.985889991883624 Df=69.20 Dr=79.37 MIA=68.97
  [25/25] gap=30.852556658550288 Df=69.20 Dr=79.37 MIA=68.57
final test: ssd {'alpha': 50.0, 'dampening_constant': 0.1}
  Df=72.00 Dr=79.80 MIA=69.02 time=6.21s KL=0.0011

badteacher: 0/36 candidates complete
  [1/36] gap=14.246475619654115 Df=17.60 Dr=78.34 MIA=69.32
  [2/36] gap=10.265268152587874 Df=3.60 Dr=75.75 MIA=68.79
  [3/36] gap=9.128426047324718 Df=2.80 Dr=73.96 MIA=64.39
  [4/36] gap=12.026709121558353 Df=10.00 Dr=77.22 MIA=69.15
  [5/36] gap=10.079640382094027 Df=4.40 Dr=74.93 MIA=66.61
  [6/36] gap=8.156234001373548 Df=1.60 Dr=76.57 MIA=65.28
  [7/36] gap=10.949616032964968 Df=7.20 Dr=77.07 MIA=68.57
  [8/36] gap=9.949953174751826 Df=3.60 Dr=75.09 MIA=67.19
  [9/36] gap=7.558993569332581 Df=0.40 Dr=77.60 MIA=65.72
  [10/36] gap=10.235175126428175 Df=4.40 Dr=76.11 MIA=68.26
  [11/36] gap=9.619017294124996 Df=4.80 Dr=75.60 MIA=65.50
  [12/36] gap=7.497184241743153 Df=0.00 Dr=78.27 MIA=66.61
  [13/36] gap=13.462096522444904 Df=14.40 Dr=77.98 MIA=69.81
  [14/36] gap=10.140300930261597 Df=3.60 Dr=75.81 MIA=68.48
  [15/36] gap=7.657201723169135 Df=2.00 Dr=77.35 MIA=64.17
  [16/36] gap=10.860373353312108 Df=6.80 Dr=77.12 MIA=68.74
  [17/36] gap=9.264931010801023 Df=4.00 Dr=76.93 MIA=66.57
  [18/36] gap=7.874383467565713 Df=1.20 Dr=78.57 MIA=66.84
  [19/36] gap=10.169956920771682 Df=4.40 Dr=76.61 MIA=68.57
  [20/36] gap=8.371367921583317 Df=4.80 Dr=77.56 MIA=63.72
  [21/36] gap=8.043241555846919 Df=0.40 Dr=79.31 MIA=68.88
  [22/36] gap=10.24445276893301 Df=4.80 Dr=76.21 MIA=67.99
  [23/36] gap=7.993169757133047 Df=3.20 Dr=78.25 MIA=64.88
  [24/36] gap=8.43963289005432 Df=0.00 Dr=79.09 MIA=70.26
  [25/36] gap=12.826671661359804 Df=12.00 Dr=77.66 MIA=69.99
  [26/36] gap=9.72812636573641 Df=4.40 Dr=77.89 MIA=68.53
  [27/36] gap=7.077954673159771 Df=1.60 Dr=78.42 MIA=63.90
  [28/36] gap=10.397889742148967 Df=5.60 Dr=77.35 MIA=68.79
  [29/36] gap=8.860136105388028 Df=4.40 Dr=78.72 MIA=66.74
  [30/36] gap=7.036835861896741 Df=0.00 Dr=79.31 MIA=66.26
  [31/36] gap=9.978185677717432 Df=4.80 Dr=77.49 MIA=68.48
  [32/36] gap=8.527689330086783 Df=3.20 Dr=79.05 MIA=67.28
  [33/36] gap=8.691590185427984 Df=0.40 Dr=79.49 MIA=71.02
  [34/36] gap=9.739826434413438 Df=4.00 Dr=77.81 MIA=68.88
  [35/36] gap=7.968783167884126 Df=1.60 Dr=79.66 MIA=67.82
  [36/36] gap=6.837847287257294 Df=0.40 Dr=79.37 MIA=65.33
final test: badteacher {'temperature': 4.0, 'epochs': 3, 'lr': 0.01}
  Df=0.00 Dr=79.33 MIA=66.14 time=3.48s KL=0.0011

unsir: 0/36 candidates complete
  [1/36] gap=31.24590122994319 Df=72.40 Dr=78.32 MIA=65.50
  [2/36] gap=20.160479490541302 Df=41.20 Dr=79.66 MIA=64.79
  [3/36] gap=25.35707061247425 Df=56.00 Dr=75.89 MIA=61.81
  [4/36] gap=5.916301429730912 Df=2.00 Dr=78.25 MIA=59.85
  [5/36] gap=11.303889617281639 Df=0.00 Dr=50.74 MIA=50.50
  [6/36] gap=6.521321096335146 Df=0.00 Dr=63.41 MIA=48.82
  [7/36] gap=30.77560092401823 Df=69.20 Dr=78.40 MIA=67.37
  [8/36] gap=20.317837297871012 Df=39.60 Dr=79.33 MIA=66.53
  [9/36] gap=24.08257476431292 Df=52.40 Dr=77.09 MIA=62.79
  [10/36] gap=5.853455703315228 Df=1.20 Dr=79.16 MIA=61.37
  [11/36] gap=8.86344508959231 Df=0.00 Dr=55.26 MIA=47.70
  [12/36] gap=5.398002122744583 Df=0.00 Dr=66.82 MIA=48.86
  [13/36] gap=29.985790098020846 Df=67.20 Dr=79.35 MIA=67.95
  [14/36] gap=19.91007055004059 Df=39.60 Dr=79.39 MIA=65.37
  [15/36] gap=22.909933195979278 Df=50.40 Dr=77.81 MIA=61.99
  [16/36] gap=6.312218268090155 Df=3.20 Dr=79.24 MIA=60.83
  [17/36] gap=9.410376474995317 Df=0.00 Dr=57.18 MIA=51.26
  [18/36] gap=5.668402322532313 Df=0.00 Dr=69.56 MIA=52.41
  [19/36] gap=31.53754136230255 Df=72.80 Dr=77.98 MIA=65.64
  [20/36] gap=23.56810888431042 Df=48.80 Dr=78.82 MIA=66.57
  [21/36] gap=26.720696759692828 Df=59.20 Dr=75.98 MIA=62.79
  [22/36] gap=9.355247549478678 Df=10.80 Dr=78.21 MIA=61.32
  [23/36] gap=8.6441530873447 Df=3.60 Dr=64.55 MIA=52.73
  [24/36] gap=3.6454017606293334 Df=0.00 Dr=71.81 MIA=48.59
  [25/36] gap=29.650259099706563 Df=68.40 Dr=78.88 MIA=65.28
  [26/36] gap=21.006905163264033 Df=42.00 Dr=79.35 MIA=66.22
  [27/36] gap=23.927989011675095 Df=54.00 Dr=77.12 MIA=60.75
  [28/36] gap=10.384166822750833 Df=13.20 Dr=79.31 MIA=63.11
  [29/36] gap=7.883636136604859 Df=2.40 Dr=66.57 MIA=53.67
  [30/36] gap=3.948342386214646 Df=0.00 Dr=72.51 MIA=50.20
  [31/36] gap=28.31776237747394 Df=65.60 Dr=79.01 MIA=64.21
  [32/36] gap=20.99985015920584 Df=42.80 Dr=79.41 MIA=65.46
  [33/36] gap=23.738752575388656 Df=51.60 Dr=77.28 MIA=62.75
  [34/36] gap=10.89228944246738 Df=14.80 Dr=79.24 MIA=62.97
  [35/36] gap=6.947131173128554 Df=1.60 Dr=68.00 MIA=53.09
  [36/36] gap=3.4439408128863107 Df=0.00 Dr=73.85 MIA=50.03
final test: unsir {'impair_epochs': 1, 'repair_epochs': 3, 'impair_lr': 0.01, 'repair_lr': 0.01}
  Df=3.80 Dr=78.54 MIA=59.75 time=3.84s KL=0.0008

scrub: 0/24 candidates complete
  [1/24] gap=29.41281138790036 Df=64.80 Dr=79.64 MIA=68.93
  [2/24] gap=29.968108884310414 Df=66.80 Dr=79.62 MIA=68.57
  [3/24] gap=29.9011050758569 Df=66.40 Dr=79.60 MIA=68.75
  [4/24] gap=30.527015046513082 Df=67.60 Dr=79.41 MIA=69.24
  [5/24] gap=31.193681713179746 Df=70.00 Dr=79.41 MIA=68.84
  [6/24] gap=30.82266342011613 Df=68.80 Dr=79.37 MIA=68.88
  [7/24] gap=30.00272210776051 Df=67.60 Dr=78.72 MIA=66.97
  [8/24] gap=29.015708309920722 Df=66.40 Dr=79.45 MIA=65.95
  [9/24] gap=27.92144596366361 Df=60.40 Dr=79.54 MIA=68.75
  [10/24] gap=29.5341324842355 Df=65.20 Dr=79.41 MIA=68.66
  [11/24] gap=29.11014547043767 Df=64.80 Dr=79.31 MIA=67.68
  [12/24] gap=30.27434600736717 Df=68.40 Dr=79.41 MIA=67.68
  [13/24] gap=28.848436036710996 Df=66.00 Dr=79.20 MIA=65.59
  [14/24] gap=30.60107385902479 Df=68.40 Dr=79.37 MIA=68.62
  [15/24] gap=30.531660111131924 Df=71.60 Dr=77.79 MIA=63.63
  [16/24] gap=30.699719048510957 Df=70.00 Dr=78.76 MIA=66.70
  [17/24] gap=24.470837235437347 Df=51.20 Dr=80.02 MIA=68.08
  [18/24] gap=28.977723668602113 Df=63.60 Dr=79.75 MIA=68.93
  [19/24] gap=21.27178622713367 Df=41.60 Dr=80.02 MIA=68.08
  [20/24] gap=30.626846475619658 Df=68.00 Dr=79.60 MIA=69.33
  [21/24] gap=24.947355934319784 Df=56.40 Dr=79.35 MIA=63.64
  [22/24] gap=30.79277018168196 Df=69.60 Dr=79.37 MIA=67.99
  [23/24] gap=26.795667103702314 Df=60.40 Dr=78.38 MIA=64.21
  [24/24] gap=29.457851033277148 Df=67.60 Dr=78.88 MIA=65.51
final test: scrub {'msteps': 3, 'lr': 0.0005, 'epochs': 5, 'max_grad_norm': 5.0}
  Df=42.00 Dr=80.53 MIA=67.39 time=4.72s KL=0.0010

mmu: 0/96 candidates complete
  [1/96] gap=29.46332022226385 Df=64.40 Dr=79.54 MIA=69.37
  [2/96] gap=28.09034151214335 Df=61.20 Dr=79.83 MIA=68.75
  [3/96] gap=28.95143909596054 Df=64.40 Dr=79.56 MIA=67.86
  [4/96] gap=27.844927264781166 Df=60.80 Dr=79.81 MIA=68.39
  [5/96] gap=29.759168383592435 Df=64.80 Dr=79.54 MIA=69.86
  [6/96] gap=28.158693887744274 Df=61.20 Dr=79.94 MIA=69.06
  [7/96] gap=29.926677904726244 Df=65.60 Dr=79.39 MIA=69.42
  [8/96] gap=28.188112630330277 Df=61.20 Dr=79.94 MIA=69.15
  [9/96] gap=29.936155334956613 Df=65.60 Dr=79.54 MIA=69.59
  [10/96] gap=15.250696135356188 Df=22.80 Dr=80.53 MIA=69.33
  [11/96] gap=29.593881500905297 Df=65.60 Dr=79.45 MIA=68.48
  [12/96] gap=19.300530686145972 Df=35.60 Dr=80.38 MIA=68.53
  [13/96] gap=30.21209964412812 Df=67.20 Dr=79.64 MIA=68.93
  [14/96] gap=18.847761753137295 Df=32.80 Dr=80.36 MIA=69.95
  [15/96] gap=30.675769494911663 Df=67.60 Dr=79.41 MIA=69.69
  [16/96] gap=22.26617968408566 Df=43.20 Dr=80.19 MIA=69.64
  [17/96] gap=29.893613036149095 Df=66.80 Dr=79.22 MIA=67.95
  [18/96] gap=7.948404819878879 Df=2.40 Dr=80.57 MIA=67.86
  [19/96] gap=30.191484048198788 Df=67.20 Dr=79.35 MIA=68.57
  [20/96] gap=12.985615283761001 Df=16.40 Dr=80.61 MIA=69.01
  [21/96] gap=30.00970219142161 Df=66.80 Dr=79.54 MIA=68.61
  [22/96] gap=11.012574139976278 Df=11.20 Dr=80.44 MIA=68.13
  [23/96] gap=30.73912717737404 Df=68.40 Dr=79.26 MIA=68.93
  [24/96] gap=18.12630330274084 Df=31.60 Dr=80.61 MIA=69.24
  [25/96] gap=28.991721296122865 Df=66.80 Dr=79.35 MIA=65.37
  [26/96] gap=4.722594743085473 Df=0.00 Dr=80.38 MIA=60.39
  [27/96] gap=29.54448398576513 Df=67.20 Dr=78.84 MIA=66.12
  [28/96] gap=6.389798339264533 Df=0.00 Dr=80.44 MIA=65.46
  [29/96] gap=28.997590060560658 Df=66.00 Dr=79.68 MIA=66.52
  [30/96] gap=5.505350565024666 Df=0.00 Dr=80.69 MIA=63.06
  [31/96] gap=29.073234688143845 Df=63.60 Dr=79.33 MIA=68.79
  [32/96] gap=10.730486358244368 Df=11.60 Dr=80.44 MIA=66.88
  [33/96] gap=27.899918836236505 Df=61.20 Dr=80.00 MIA=68.35
  [34/96] gap=23.897221701941692 Df=48.80 Dr=80.23 MIA=68.97
  [35/96] gap=28.48244989698446 Df=62.40 Dr=79.77 MIA=68.66
  [36/96] gap=24.25852531685085 Df=49.60 Dr=80.13 MIA=69.15
  [37/96] gap=29.856739714053816 Df=66.00 Dr=79.60 MIA=69.02
  [38/96] gap=24.45184491477805 Df=50.40 Dr=80.17 MIA=68.97
  [39/96] gap=28.985852531685094 Df=64.40 Dr=79.81 MIA=68.22
  [40/96] gap=25.963114191171893 Df=54.40 Dr=80.17 MIA=69.51
  [41/96] gap=28.7420240993944 Df=64.00 Dr=79.47 MIA=67.55
  [42/96] gap=7.883186614222391 Df=1.60 Dr=80.67 MIA=68.57
  [43/96] gap=28.423100455765752 Df=63.20 Dr=79.41 MIA=67.33
  [44/96] gap=10.045501654492105 Df=9.60 Dr=80.63 MIA=67.02
  [45/96] gap=30.208016482487363 Df=67.60 Dr=79.43 MIA=68.30
  [46/96] gap=8.415171380408319 Df=4.80 Dr=80.59 MIA=66.88
  [47/96] gap=30.167534494599483 Df=66.40 Dr=79.60 MIA=69.55
  [48/96] gap=13.255216332646567 Df=18.00 Dr=80.78 MIA=68.39
  [49/96] gap=29.73811575201349 Df=65.60 Dr=79.60 MIA=69.06
  [50/96] gap=6.855853156021726 Df=0.00 Dr=80.46 MIA=66.88
  [51/96] gap=29.885921208715747 Df=68.40 Dr=79.20 MIA=66.31
  [52/96] gap=6.843004307922837 Df=0.00 Dr=80.51 MIA=66.88
  [53/96] gap=30.15143909596054 Df=67.20 Dr=79.56 MIA=68.66
  [54/96] gap=7.361590809764624 Df=0.00 Dr=80.55 MIA=68.48
  [55/96] gap=30.0391958544047 Df=66.40 Dr=79.45 MIA=69.02
  [56/96] gap=8.171580196041706 Df=2.80 Dr=80.65 MIA=68.21
  [57/96] gap=28.280889055378662 Df=62.40 Dr=78.59 MIA=66.88
  [58/96] gap=1.6152837610039323 Df=0.00 Dr=80.06 MIA=50.76
  [59/96] gap=25.299107198601487 Df=57.60 Dr=79.58 MIA=63.72
  [60/96] gap=4.176712243241553 Df=0.00 Dr=79.68 MIA=58.06
  [61/96] gap=28.23997003184117 Df=62.80 Dr=79.12 MIA=66.88
  [62/96] gap=3.2302428669538656 Df=0.00 Dr=80.32 MIA=55.85
  [63/96] gap=28.94688143847163 Df=66.40 Dr=78.95 MIA=65.24
  [64/96] gap=3.734669413747897 Df=0.00 Dr=80.27 MIA=57.33
  [65/96] gap=24.621377286632953 Df=51.20 Dr=80.15 MIA=68.66
  [66/96] gap=19.261122557282885 Df=34.80 Dr=80.27 MIA=69.10
  [67/96] gap=27.79715302491103 Df=60.00 Dr=80.04 MIA=69.28
  [68/96] gap=20.165711431603928 Df=37.60 Dr=80.32 MIA=69.06
  [69/96] gap=28.80724230505089 Df=63.60 Dr=79.77 MIA=68.44
  [70/96] gap=19.6497846038584 Df=36.00 Dr=80.48 MIA=69.28
  [71/96] gap=29.171954798027098 Df=64.40 Dr=79.83 MIA=68.80
  [72/96] gap=21.429106574264846 Df=42.00 Dr=80.13 MIA=68.26
  [73/96] gap=24.209877005681466 Df=49.20 Dr=79.87 MIA=69.15
  [74/96] gap=7.082474870450149 Df=0.00 Dr=80.27 MIA=67.37
  [75/96] gap=27.020503215333708 Df=57.20 Dr=79.66 MIA=69.37
  [76/96] gap=7.306124742461136 Df=0.80 Dr=80.36 MIA=67.32
  [77/96] gap=30.46679153399513 Df=68.00 Dr=79.37 MIA=68.62
  [78/96] gap=7.074545795092715 Df=0.00 Dr=80.65 MIA=67.72
  [79/96] gap=30.29769619778985 Df=67.60 Dr=79.43 MIA=68.57
  [80/96] gap=7.351002060310922 Df=2.80 Dr=80.32 MIA=65.42
  [81/96] gap=27.403970781045143 Df=60.40 Dr=79.18 MIA=66.84
  [82/96] gap=5.819242055316226 Df=0.00 Dr=80.15 MIA=63.45
  [83/96] gap=28.502116501217458 Df=62.40 Dr=79.66 MIA=68.62
  [84/96] gap=5.227146157207964 Df=0.00 Dr=80.06 MIA=61.59
  [85/96] gap=30.90211650121745 Df=69.20 Dr=79.26 MIA=68.62
  [86/96] gap=5.232140850346511 Df=0.00 Dr=80.32 MIA=61.86
  [87/96] gap=30.13220952737717 Df=67.60 Dr=79.31 MIA=67.95
  [88/96] gap=5.994318536554911 Df=0.00 Dr=80.29 MIA=64.13
  [89/96] gap=22.82275082724605 Df=50.00 Dr=78.34 MIA=62.65
  [90/96] gap=2.0073546856465043 Df=0.00 Dr=78.44 MIA=50.31
  [91/96] gap=23.015833177249178 Df=50.00 Dr=78.78 MIA=63.67
  [92/96] gap=1.9482799525504173 Df=0.00 Dr=79.24 MIA=50.93
  [93/96] gap=28.04336642317538 Df=64.40 Dr=78.23 MIA=63.81
  [94/96] gap=3.051058250608731 Df=0.00 Dr=79.45 MIA=54.45
  [95/96] gap=28.82833239682837 Df=64.80 Dr=78.46 MIA=66.00
  [96/96] gap=4.074346007367171 Df=0.00 Dr=79.81 MIA=57.88
final test: mmu {'msteps': 1, 'lr': 0.005, 'epochs': 10, 'head_mode': 'independent', 'weighting': 'normalised', 'max_grad_norm': 5.0}
  Df=0.00 Dr=80.72 MIA=64.51 time=9.53s KL=0.0004

salun: 0/45 candidates complete
  [1/45] gap=19.52438034588251 Df=33.20 Dr=77.31 MIA=68.53
  [2/45] gap=19.258862458637697 Df=33.20 Dr=77.35 MIA=67.77
  [3/45] gap=19.225123306486857 Df=32.00 Dr=76.74 MIA=68.26
  [4/45] gap=18.328263719797718 Df=27.60 Dr=74.27 MIA=67.51
  [5/45] gap=14.333308359867642 Df=20.40 Dr=73.14 MIA=61.58
  [6/45] gap=11.802747081226194 Df=10.40 Dr=72.42 MIA=63.28
  [7/45] gap=6.426796528688269 Df=0.40 Dr=73.39 MIA=58.12
  [8/45] gap=5.2848348629581094 Df=0.00 Dr=74.02 MIA=55.72
  [9/45] gap=4.335993007429607 Df=0.00 Dr=75.45 MIA=54.31
  [10/45] gap=20.003633639258286 Df=33.60 Dr=77.16 MIA=69.42
  [11/45] gap=19.06149715926828 Df=32.80 Dr=77.05 MIA=67.28
  [12/45] gap=19.211962290066804 Df=32.00 Dr=76.46 MIA=67.95
  [13/45] gap=17.35393644252981 Df=26.80 Dr=74.08 MIA=65.19
  [14/45] gap=13.67005057126803 Df=19.60 Dr=73.71 MIA=60.96
  [15/45] gap=10.01901729412499 Df=10.80 Dr=73.20 MIA=58.30
  [16/45] gap=7.384116875819445 Df=3.20 Dr=74.29 MIA=59.09
  [17/45] gap=6.572691515265034 Df=1.20 Dr=75.14 MIA=59.50
  [18/45] gap=5.08629581070113 Df=0.80 Dr=75.98 MIA=56.29
  [19/45] gap=19.758494100018726 Df=33.60 Dr=77.09 MIA=68.62
  [20/45] gap=19.769994380970225 Df=33.20 Dr=76.97 MIA=68.93
  [21/45] gap=19.44488980458263 Df=32.40 Dr=76.25 MIA=68.03
  [22/45] gap=18.094187425860024 Df=29.20 Dr=73.64 MIA=64.57
  [23/45] gap=15.677817319098459 Df=23.20 Dr=73.64 MIA=63.32
  [24/45] gap=11.224011987263532 Df=12.80 Dr=73.85 MIA=60.57
  [25/45] gap=7.840619341949182 Df=4.80 Dr=75.05 MIA=59.62
  [26/45] gap=6.7621277392770205 Df=1.20 Dr=75.81 MIA=60.74
  [27/45] gap=5.525579072235753 Df=0.40 Dr=75.96 MIA=57.98
  [28/45] gap=20.236124118124494 Df=33.60 Dr=76.91 MIA=69.86
  [29/45] gap=19.646650433913965 Df=32.80 Dr=77.07 MIA=69.06
  [30/45] gap=19.652756446275827 Df=32.00 Dr=76.21 MIA=69.02
  [31/45] gap=18.44553911469064 Df=29.60 Dr=74.19 MIA=65.77
  [32/45] gap=16.088992944995944 Df=24.00 Dr=74.15 MIA=64.26
  [33/45] gap=12.127414621964169 Df=12.40 Dr=74.29 MIA=64.12
  [34/45] gap=8.855141412249484 Df=4.80 Dr=75.26 MIA=62.88
  [35/45] gap=6.505300618093281 Df=1.20 Dr=76.08 MIA=60.25
  [36/45] gap=5.3714303552475515 Df=0.40 Dr=76.02 MIA=57.58
  [37/45] gap=19.71881126303303 Df=34.00 Dr=77.03 MIA=68.04
  [38/45] gap=19.72654055066492 Df=32.80 Dr=77.01 MIA=69.24
  [39/45] gap=19.83973278391709 Df=32.80 Dr=76.32 MIA=68.88
  [40/45] gap=18.758156958231883 Df=30.00 Dr=74.27 MIA=66.40
  [41/45] gap=16.375126428170073 Df=23.60 Dr=74.00 MIA=65.37
  [42/45] gap=12.440744209277648 Df=11.60 Dr=74.38 MIA=65.95
  [43/45] gap=7.958643940812885 Df=5.20 Dr=75.73 MIA=60.25
  [44/45] gap=6.703814696884566 Df=1.60 Dr=76.02 MIA=60.38
  [45/45] gap=5.235799463070486 Df=0.80 Dr=76.34 MIA=57.09
final test: salun {'sparsity': 0.1, 'lr': 0.0001, 'epochs': 5}
  Df=33.20 Dr=77.95 MIA=67.66 time=8.26s KL=0.0011

uniclun: 0/27 candidates complete
  [1/27] gap=19.604707498283073 Df=33.20 Dr=77.68 MIA=69.15
  [2/27] gap=19.604707498283073 Df=33.20 Dr=77.68 MIA=69.15
  [3/27] gap=19.604707498283073 Df=33.20 Dr=77.68 MIA=69.15
  [4/27] gap=19.82752075919336 Df=34.40 Dr=77.24 MIA=68.17
  [5/27] gap=19.82752075919336 Df=34.40 Dr=77.24 MIA=68.17
  [6/27] gap=19.82752075919336 Df=34.40 Dr=77.24 MIA=68.17
  [7/27] gap=19.41075107698071 Df=32.00 Dr=75.96 MIA=68.04
  [8/27] gap=19.41075107698071 Df=32.00 Dr=75.96 MIA=68.04
  [9/27] gap=19.41075107698071 Df=32.00 Dr=75.96 MIA=68.04
  [10/27] gap=19.218580258475374 Df=32.00 Dr=74.36 MIA=65.86
  [11/27] gap=19.218580258475374 Df=32.00 Dr=74.36 MIA=65.86
  [12/27] gap=19.218580258475374 Df=32.00 Dr=74.36 MIA=65.86
  [13/27] gap=17.116251482799523 Df=27.20 Dr=74.44 MIA=64.44
  [14/27] gap=17.116251482799523 Df=27.20 Dr=74.44 MIA=64.44
  [15/27] gap=17.116251482799523 Df=27.20 Dr=74.44 MIA=64.44
  [16/27] gap=13.099956296435039 Df=15.20 Dr=74.76 MIA=64.71
  [17/27] gap=13.099956296435039 Df=15.20 Dr=74.76 MIA=64.71
  [18/27] gap=13.099956296435039 Df=15.20 Dr=74.76 MIA=64.71
  [19/27] gap=8.040506961353561 Df=4.80 Dr=75.98 MIA=61.15
  [20/27] gap=8.040506961353561 Df=4.80 Dr=75.98 MIA=61.15
  [21/27] gap=8.040506961353561 Df=4.80 Dr=75.98 MIA=61.15
  [22/27] gap=7.657876006742833 Df=2.80 Dr=76.59 MIA=62.61
  [23/27] gap=7.657876006742833 Df=2.80 Dr=76.59 MIA=62.61
  [24/27] gap=7.657876006742833 Df=2.80 Dr=76.59 MIA=62.61
  [25/27] gap=5.6986701629518635 Df=0.40 Dr=76.74 MIA=59.28
  [26/27] gap=5.6986701629518635 Df=0.40 Dr=76.74 MIA=59.28
  [27/27] gap=5.6986701629518635 Df=0.40 Dr=76.74 MIA=59.28
final test: uniclun {'lr': 0.0001, 'epochs': 3, 'buffer_size': 250}
  Df=34.40 Dr=78.22 MIA=68.65 time=4.59s KL=0.0010

