training one shared source (150 epochs)
Epoch 10/150: Train Loss=0.8215, Train Acc=0.7312, Val Acc=0.6896
Epoch 20/150: Train Loss=0.4513, Train Acc=0.8508, Val Acc=0.7470
Epoch 30/150: Train Loss=0.1650, Train Acc=0.9442, Val Acc=0.7766
Epoch 40/150: Train Loss=0.0497, Train Acc=0.9849, Val Acc=0.7858
Epoch 50/150: Train Loss=0.0299, Train Acc=0.9904, Val Acc=0.7884
Early stopping at epoch 56
training same-recipe retain-only reference (150 epochs)
Epoch 10/150: Train Loss=0.7684, Train Acc=0.7469, Val Acc=0.6836
Epoch 20/150: Train Loss=0.4141, Train Acc=0.8601, Val Acc=0.7585
Epoch 30/150: Train Loss=0.1448, Train Acc=0.9519, Val Acc=0.7895
Epoch 40/150: Train Loss=0.0418, Train Acc=0.9863, Val Acc=0.8091
Epoch 50/150: Train Loss=0.0237, Train Acc=0.9929, Val Acc=0.8097
Early stopping at epoch 58
final test: baseline {}
  Df=71.80 Dr=80.16 MIA=67.44 time=0.00s KL=0.0042
final test: retrain {}
  Df=0.00 Dr=80.82 MIA=50.10 time=503.92s KL=0.0000
final test: amnesiac {}
  Df=0.00 Dr=5.26 MIA=52.54 time=0.00s KL=0.7173

finetune: 0/12 candidates complete
  [1/12] gap=22.22409939439345 Df=42.40 Dr=80.15 MIA=72.48
  [2/12] gap=19.23716051695074 Df=32.80 Dr=80.00 MIA=72.98
  [3/12] gap=18.66715364924767 Df=32.00 Dr=80.02 MIA=72.09
  [4/12] gap=14.885534119997502 Df=21.20 Dr=80.29 MIA=71.81
  [5/12] gap=10.632115876880812 Df=11.20 Dr=77.14 MIA=65.90
  [6/12] gap=5.372204532684026 Df=1.60 Dr=76.61 MIA=59.19
  [7/12] gap=5.867478304301674 Df=0.80 Dr=77.79 MIA=62.66
  [8/12] gap=4.645838796278954 Df=0.00 Dr=77.98 MIA=59.98
  [9/12] gap=9.066192170818503 Df=0.00 Dr=55.77 MIA=51.03
  [10/12] gap=7.150227882874444 Df=0.00 Dr=61.98 MIA=51.49
  [11/12] gap=5.46599238309296 Df=0.00 Dr=66.93 MIA=51.39
  [12/12] gap=4.149316351376659 Df=0.00 Dr=73.54 MIA=44.82
final test: finetune {'lr': 0.0001, 'epochs': 10}
  Df=24.80 Dr=80.94 MIA=64.55 time=71.90s KL=0.0045

ssd: 0/25 candidates complete
  [1/25] gap=25.46189673471936 Df=0.00 Dr=5.26 MIA=49.71
  [2/25] gap=26.501517138040835 Df=0.00 Dr=5.26 MIA=52.83
  [3/25] gap=26.05122057813573 Df=0.00 Dr=5.26 MIA=51.48
  [4/25] gap=9.924655054005122 Df=0.00 Dr=58.19 MIA=56.03
  [5/25] gap=5.718049572329399 Df=0.00 Dr=78.15 MIA=63.37
  [6/25] gap=22.509758381719422 Df=0.00 Dr=16.80 MIA=52.39
  [7/25] gap=21.785640257226692 Df=0.00 Dr=18.04 MIA=51.46
  [8/25] gap=21.585989885746397 Df=0.00 Dr=19.92 MIA=52.74
  [9/25] gap=9.924655054005122 Df=0.00 Dr=58.19 MIA=56.03
  [10/25] gap=5.718049572329399 Df=0.00 Dr=78.15 MIA=63.37
  [11/25] gap=8.751126927639381 Df=2.40 Dr=60.57 MIA=52.49
  [12/25] gap=8.077442717113067 Df=1.60 Dr=61.39 MIA=52.09
  [13/25] gap=7.726565524130611 Df=1.60 Dr=62.44 MIA=52.09
  [14/25] gap=6.588699506774051 Df=0.40 Dr=69.94 MIA=57.37
  [15/25] gap=5.718049572329399 Df=0.00 Dr=78.15 MIA=63.37
  [16/25] gap=18.036448773178492 Df=33.20 Dr=80.40 MIA=69.37
  [17/25] gap=18.303115439845158 Df=34.00 Dr=80.40 MIA=69.37
  [18/25] gap=18.303115439845158 Df=34.00 Dr=80.40 MIA=69.37
  [19/25] gap=19.813473184741213 Df=38.00 Dr=80.36 MIA=69.86
  [20/25] gap=21.39107198601486 Df=42.00 Dr=80.34 MIA=70.57
  [21/25] gap=31.111281763126673 Df=69.20 Dr=79.62 MIA=71.82
  [22/25] gap=31.111281763126673 Df=69.20 Dr=79.62 MIA=71.82
  [23/25] gap=31.111281763126673 Df=69.20 Dr=79.62 MIA=71.82
  [24/25] gap=31.111281763126673 Df=69.20 Dr=79.62 MIA=71.82
  [25/25] gap=31.111281763126673 Df=69.20 Dr=79.62 MIA=71.82
final test: ssd {'alpha': 50.0, 'dampening_constant': 0.1}
  Df=28.00 Dr=81.12 MIA=66.34 time=8.13s KL=0.0042

badteacher: 0/36 candidates complete
  [1/36] gap=13.729225198226885 Df=16.00 Dr=77.85 MIA=71.10
  [2/36] gap=8.730873446962603 Df=2.40 Dr=75.60 MIA=67.46
  [3/36] gap=8.844065680214767 Df=3.20 Dr=75.71 MIA=67.10
  [4/36] gap=11.26083536242742 Df=9.20 Dr=77.39 MIA=70.04
  [5/36] gap=8.0793906474371 Df=2.00 Dr=75.60 MIA=65.90
  [6/36] gap=6.1548729474932875 Df=0.80 Dr=77.16 MIA=62.89
  [7/36] gap=10.291740026222136 Df=6.40 Dr=77.05 MIA=69.59
  [8/36] gap=8.424199288256228 Df=2.00 Dr=76.17 MIA=67.50
  [9/36] gap=7.312293188487231 Df=1.20 Dr=77.28 MIA=66.08
  [10/36] gap=9.093563089217708 Df=3.20 Dr=75.94 MIA=68.08
  [11/36] gap=8.326153461946689 Df=2.00 Dr=76.11 MIA=67.15
  [12/36] gap=6.81135044015733 Df=1.20 Dr=78.21 MIA=65.51
  [13/36] gap=12.339077230442657 Df=11.60 Dr=77.58 MIA=71.06
  [14/36] gap=8.416195292501717 Df=2.00 Dr=76.23 MIA=67.54
  [15/36] gap=8.347643129175244 Df=0.80 Dr=77.68 MIA=69.99
  [16/36] gap=9.865218205656484 Df=6.00 Dr=76.86 MIA=68.52
  [17/36] gap=8.387213585565332 Df=1.60 Dr=77.07 MIA=68.70
  [18/36] gap=7.632802647187361 Df=0.00 Dr=78.23 MIA=69.19
  [19/36] gap=9.452094649434976 Df=3.60 Dr=76.55 MIA=69.37
  [20/36] gap=9.219641630767304 Df=2.00 Dr=77.16 MIA=70.88
  [21/36] gap=6.608515951801209 Df=0.00 Dr=78.86 MIA=66.75
  [22/36] gap=8.502503589935692 Df=2.40 Dr=76.42 MIA=67.59
  [23/36] gap=7.7616532434288565 Df=1.20 Dr=77.94 MIA=68.09
  [24/36] gap=7.245763875881873 Df=0.00 Dr=79.26 MIA=69.06
  [25/36] gap=12.290391459074733 Df=11.60 Dr=77.77 MIA=71.10
  [26/36] gap=8.234251108197535 Df=2.00 Dr=78.34 MIA=69.10
  [27/36] gap=8.086682899419367 Df=0.00 Dr=78.34 MIA=70.66
  [28/36] gap=9.626858962352504 Df=5.20 Dr=77.58 MIA=69.32
  [29/36] gap=8.539576699756509 Df=2.00 Dr=78.48 MIA=70.17
  [30/36] gap=7.427982768308676 Df=0.00 Dr=79.12 MIA=69.46
  [31/36] gap=9.355871886120996 Df=3.60 Dr=77.77 MIA=70.30
  [32/36] gap=8.563126677904721 Df=1.60 Dr=78.55 MIA=70.70
  [33/36] gap=6.823175376162827 Df=0.00 Dr=79.45 MIA=67.99
  [34/36] gap=9.122944371605168 Df=2.80 Dr=77.98 MIA=70.61
  [35/36] gap=8.392520447025039 Df=1.20 Dr=78.84 MIA=70.88
  [36/36] gap=6.6935630892177045 Df=0.00 Dr=79.54 MIA=67.68
final test: badteacher {'temperature': 4.0, 'epochs': 10, 'lr': 0.01}
  Df=0.20 Dr=80.15 MIA=63.34 time=12.50s KL=0.0043

unsir: 0/36 candidates complete
  [1/36] gap=30.852469251420363 Df=71.20 Dr=78.13 MIA=67.55
  [2/36] gap=15.007841668227506 Df=28.40 Dr=80.02 MIA=64.71
  [3/36] gap=15.291852406817753 Df=27.60 Dr=74.53 MIA=60.87
  [4/36] gap=5.377848535930572 Df=0.00 Dr=78.00 MIA=62.20
  [5/36] gap=9.043016794655678 Df=0.00 Dr=56.88 MIA=52.08
  [6/36] gap=6.261322345008423 Df=0.00 Dr=63.64 MIA=48.37
  [7/36] gap=28.671561465942435 Df=62.00 Dr=78.80 MIA=70.88
  [8/36] gap=16.416707248548416 Df=28.00 Dr=80.19 MIA=69.50
  [9/36] gap=11.698595242554783 Df=19.20 Dr=76.95 MIA=60.91
  [10/36] gap=5.186389461197475 Df=0.80 Dr=79.20 MIA=62.02
  [11/36] gap=8.414846725354309 Df=0.00 Dr=59.35 MIA=52.66
  [12/36] gap=5.225010925891238 Df=0.00 Dr=68.19 MIA=51.93
  [13/36] gap=27.587488293687954 Df=60.40 Dr=79.03 MIA=69.46
  [14/36] gap=14.655578447899108 Df=24.80 Dr=80.23 MIA=67.46
  [15/36] gap=10.82893176000499 Df=16.00 Dr=77.52 MIA=62.07
  [16/36] gap=6.579147156146586 Df=0.80 Dr=79.07 MIA=66.07
  [17/36] gap=7.9342448648311175 Df=0.00 Dr=61.01 MIA=52.88
  [18/36] gap=3.9393893987638102 Df=0.00 Dr=70.29 MIA=48.69
  [19/36] gap=30.713704189298866 Df=70.40 Dr=77.43 MIA=67.24
  [20/36] gap=17.935943060498218 Df=33.20 Dr=79.77 MIA=68.44
  [21/36] gap=16.252544171817437 Df=29.60 Dr=74.44 MIA=61.66
  [22/36] gap=6.411088218767557 Df=0.40 Dr=78.51 MIA=65.40
  [23/36] gap=6.3518886183430086 Df=0.00 Dr=64.38 MIA=51.50
  [24/36] gap=4.237972154585752 Df=0.00 Dr=70.42 MIA=47.67
  [25/36] gap=29.121358556533682 Df=63.60 Dr=78.29 MIA=70.12
  [26/36] gap=16.690229131547728 Df=28.80 Dr=80.08 MIA=69.42
  [27/36] gap=13.561490915901851 Df=22.00 Dr=76.25 MIA=63.00
  [28/36] gap=5.656764687519512 Df=0.00 Dr=79.03 MIA=64.07
  [29/36] gap=5.313966410688638 Df=0.00 Dr=65.94 MIA=49.94
  [30/36] gap=3.1167134919148416 Df=0.00 Dr=72.32 MIA=49.13
  [31/36] gap=26.82305050883436 Df=57.20 Dr=78.93 MIA=70.26
  [32/36] gap=16.316875819441844 Df=28.00 Dr=79.20 MIA=68.21
  [33/36] gap=11.910070550040578 Df=18.40 Dr=77.12 MIA=62.51
  [34/36] gap=6.1056002996815835 Df=0.00 Dr=78.67 MIA=65.05
  [35/36] gap=5.341462196416306 Df=0.00 Dr=67.83 MIA=51.92
  [36/36] gap=3.1780857838546575 Df=0.00 Dr=72.40 MIA=48.87
final test: unsir {'impair_epochs': 1, 'repair_epochs': 3, 'impair_lr': 0.001, 'repair_lr': 0.01}
  Df=31.60 Dr=80.65 MIA=63.27 time=4.46s KL=0.0039

scrub: 0/24 candidates complete
  [1/24] gap=29.45898732596616 Df=65.20 Dr=79.60 MIA=70.84
  [2/24] gap=30.276431291752512 Df=66.40 Dr=79.73 MIA=72.22
  [3/24] gap=30.065193232190797 Df=67.20 Dr=79.56 MIA=70.62
  [4/24] gap=30.225722669663483 Df=66.00 Dr=79.79 MIA=72.53
  [5/24] gap=30.413810326528065 Df=68.00 Dr=79.58 MIA=70.88
  [6/24] gap=29.78246862708372 Df=66.00 Dr=79.87 MIA=71.28
  [7/24] gap=30.034625710182937 Df=66.40 Dr=79.12 MIA=70.88
  [8/24] gap=29.2609102828245 Df=63.60 Dr=79.31 MIA=71.55
  [9/24] gap=26.407067490791036 Df=54.80 Dr=79.96 MIA=72.44
  [10/24] gap=29.37885996129113 Df=64.40 Dr=80.06 MIA=71.86
  [11/24] gap=29.388337391521514 Df=65.60 Dr=79.81 MIA=70.44
  [12/24] gap=30.22457389024162 Df=67.60 Dr=79.75 MIA=70.88
  [13/24] gap=29.2896547418368 Df=65.60 Dr=79.66 MIA=70.00
  [14/24] gap=29.31967284759943 Df=67.60 Dr=79.79 MIA=68.21
  [15/24] gap=29.661347318474117 Df=66.00 Dr=78.55 MIA=69.60
  [16/24] gap=28.137628769432478 Df=62.00 Dr=79.47 MIA=69.95
  [17/24] gap=24.202647187363425 Df=48.40 Dr=80.13 MIA=72.40
  [18/24] gap=29.09248923019292 Df=63.60 Dr=79.81 MIA=71.55
  [19/24] gap=24.670487606917657 Df=52.80 Dr=79.87 MIA=69.15
  [20/24] gap=30.76765936192795 Df=68.00 Dr=79.45 MIA=71.82
  [21/24] gap=27.581307360929014 Df=64.80 Dr=79.58 MIA=65.59
  [22/24] gap=30.15456077917213 Df=69.60 Dr=79.24 MIA=68.17
  [23/24] gap=26.641543360179806 Df=58.80 Dr=77.87 MIA=67.06
  [24/24] gap=27.419816445027152 Df=60.40 Dr=79.09 MIA=69.02
final test: scrub {'msteps': 3, 'lr': 0.0001, 'epochs': 5, 'max_grad_norm': 5.0}
  Df=55.20 Dr=80.83 MIA=67.15 time=4.44s KL=0.0042

mmu: 0/96 candidates complete
  [1/96] gap=28.976837110570013 Df=62.80 Dr=79.94 MIA=72.13
  [2/96] gap=26.53711681338577 Df=58.00 Dr=79.92 MIA=69.59
  [3/96] gap=28.491477804832368 Df=61.60 Dr=79.75 MIA=71.69
  [4/96] gap=25.63435100206031 Df=54.80 Dr=79.96 MIA=70.12
  [5/96] gap=30.328251233064872 Df=66.40 Dr=79.75 MIA=72.40
  [6/96] gap=27.413910220390836 Df=59.20 Dr=80.00 MIA=71.11
  [7/96] gap=29.26269588562153 Df=64.80 Dr=79.83 MIA=70.88
  [8/96] gap=26.288131360429542 Df=56.80 Dr=80.04 MIA=70.17
  [9/96] gap=30.541037647499536 Df=67.20 Dr=79.64 MIA=72.13
  [10/96] gap=14.630005619029776 Df=20.40 Dr=80.44 MIA=72.00
  [11/96] gap=29.163576200287196 Df=63.20 Dr=79.64 MIA=72.00
  [12/96] gap=19.300555659611657 Df=34.40 Dr=80.21 MIA=71.78
  [13/96] gap=29.87865393019916 Df=66.00 Dr=79.49 MIA=71.19
  [14/96] gap=18.19734032590372 Df=32.80 Dr=80.36 MIA=70.21
  [15/96] gap=29.07548230005619 Df=64.40 Dr=79.73 MIA=70.62
  [16/96] gap=22.198089529874512 Df=43.20 Dr=80.32 MIA=71.77
  [17/96] gap=30.31893613036149 Df=68.00 Dr=79.68 MIA=70.70
  [18/96] gap=8.449297621277392 Df=2.80 Dr=80.36 MIA=70.97
  [19/96] gap=28.223862146469383 Df=62.40 Dr=79.75 MIA=70.08
  [20/96] gap=12.884934756820881 Df=14.40 Dr=80.17 MIA=72.49
  [21/96] gap=29.88995442342511 Df=66.40 Dr=79.73 MIA=71.06
  [22/96] gap=11.960879065992387 Df=12.00 Dr=80.27 MIA=72.22
  [23/96] gap=28.53667977773615 Df=63.60 Dr=79.87 MIA=69.95
  [24/96] gap=18.90686145969907 Df=33.60 Dr=80.19 MIA=71.37
  [25/96] gap=31.97713679215833 Df=73.60 Dr=78.80 MIA=69.20
  [26/96] gap=5.113629268901794 Df=0.00 Dr=80.32 MIA=63.72
  [27/96] gap=29.173091090716113 Df=66.40 Dr=78.95 MIA=68.13
  [28/96] gap=6.611138165698942 Df=0.00 Dr=80.32 MIA=68.21
  [29/96] gap=29.429730910907157 Df=65.60 Dr=79.28 MIA=70.04
  [30/96] gap=8.028282449896983 Df=4.80 Dr=80.38 MIA=67.73
  [31/96] gap=27.11377910969594 Df=59.20 Dr=79.35 MIA=69.55
  [32/96] gap=15.869338827495787 Df=25.20 Dr=80.23 MIA=70.70
  [33/96] gap=27.591571455328705 Df=61.20 Dr=80.04 MIA=69.68
  [34/96] gap=24.15051507772991 Df=48.80 Dr=80.19 MIA=71.90
  [35/96] gap=27.974439657863524 Df=60.00 Dr=79.83 MIA=71.82
  [36/96] gap=23.281251170631208 Df=46.40 Dr=80.04 MIA=71.55
  [37/96] gap=29.070287819192114 Df=63.20 Dr=79.83 MIA=71.91
  [38/96] gap=22.84386589248923 Df=46.40 Dr=80.06 MIA=70.26
  [39/96] gap=28.9876631079478 Df=63.60 Dr=79.77 MIA=71.20
  [40/96] gap=24.437597552600362 Df=49.60 Dr=80.04 MIA=71.82
  [41/96] gap=30.861584566398196 Df=68.80 Dr=79.35 MIA=71.20
  [42/96] gap=8.180445776362612 Df=1.20 Dr=80.15 MIA=71.55
  [43/96] gap=28.863407629393766 Df=62.00 Dr=79.43 MIA=72.09
  [44/96] gap=10.388711993506895 Df=8.40 Dr=80.19 MIA=71.02
  [45/96] gap=29.628519697821066 Df=65.20 Dr=79.58 MIA=71.33
  [46/96] gap=9.179871386651685 Df=3.60 Dr=80.13 MIA=72.13
  [47/96] gap=29.644140600611852 Df=65.60 Dr=79.62 MIA=71.02
  [48/96] gap=13.657538864955976 Df=16.80 Dr=80.29 MIA=72.53
  [49/96] gap=30.666441905475438 Df=68.40 Dr=79.22 MIA=70.88
  [50/96] gap=6.393631766248362 Df=0.00 Dr=80.13 MIA=67.37
  [51/96] gap=29.338540300930262 Df=64.80 Dr=79.52 MIA=70.80
  [52/96] gap=6.556658550290318 Df=0.00 Dr=80.08 MIA=67.82
  [53/96] gap=29.94002622213897 Df=66.80 Dr=79.58 MIA=70.66
  [54/96] gap=6.624536430043079 Df=0.00 Dr=80.19 MIA=68.13
  [55/96] gap=30.08830617468939 Df=66.00 Dr=79.58 MIA=71.91
  [56/96] gap=8.766073546856468 Df=4.40 Dr=80.17 MIA=70.13
  [57/96] gap=29.527102453643007 Df=65.60 Dr=78.91 MIA=69.95
  [58/96] gap=1.2266092276955713 Df=0.00 Dr=79.33 MIA=51.07
  [59/96] gap=25.98047074982831 Df=56.00 Dr=79.05 MIA=69.06
  [60/96] gap=2.454017606293315 Df=0.00 Dr=79.45 MIA=54.88
  [61/96] gap=29.316301429730913 Df=67.20 Dr=78.78 MIA=67.59
  [62/96] gap=2.701329837048133 Df=0.00 Dr=79.87 MIA=56.04
  [63/96] gap=25.153349566086035 Df=53.60 Dr=79.54 MIA=69.46
  [64/96] gap=3.626971342948117 Df=0.00 Dr=79.85 MIA=58.80
  [65/96] gap=24.8610726103515 Df=52.80 Dr=80.19 MIA=70.04
  [66/96] gap=19.600649310108007 Df=36.00 Dr=80.11 MIA=70.97
  [67/96] gap=25.611275519760255 Df=54.80 Dr=79.89 MIA=69.99
  [68/96] gap=19.93479428107636 Df=36.00 Dr=80.13 MIA=71.99
  [69/96] gap=29.742186426921393 Df=65.20 Dr=79.68 MIA=71.77
  [70/96] gap=20.722382468627078 Df=38.00 Dr=80.21 MIA=72.44
  [71/96] gap=28.085808828120122 Df=60.80 Dr=79.85 MIA=71.37
  [72/96] gap=21.43182868202535 Df=40.40 Dr=80.13 MIA=72.09
  [73/96] gap=27.75939314478366 Df=58.80 Dr=79.81 MIA=72.35
  [74/96] gap=7.391234313541858 Df=0.00 Dr=79.62 MIA=69.86
  [75/96] gap=25.964175563463815 Df=56.40 Dr=79.77 MIA=69.32
  [76/96] gap=6.962327527002562 Df=0.00 Dr=79.98 MIA=68.93
  [77/96] gap=31.628557158019603 Df=70.00 Dr=79.54 MIA=72.49
  [78/96] gap=7.216907036273956 Df=0.00 Dr=80.23 MIA=69.95
  [79/96] gap=29.813510644939754 Df=64.40 Dr=79.52 MIA=72.62
  [80/96] gap=8.757907223574948 Df=4.40 Dr=80.15 MIA=70.08
  [81/96] gap=30.09457451457826 Df=67.60 Dr=79.60 MIA=70.35
  [82/96] gap=5.42604732471749 Df=0.00 Dr=79.56 MIA=63.90
  [83/96] gap=28.759692826371975 Df=63.60 Dr=79.47 MIA=70.22
  [84/96] gap=6.076930761066369 Df=0.00 Dr=79.83 MIA=66.13
  [85/96] gap=30.234013860273453 Df=69.60 Dr=79.54 MIA=68.70
  [86/96] gap=5.943322719610417 Df=0.00 Dr=80.27 MIA=66.17
  [87/96] gap=29.065767621901728 Df=64.00 Dr=79.58 MIA=70.84
  [88/96] gap=7.019778984828615 Df=0.00 Dr=80.34 MIA=69.46
  [89/96] gap=29.664918524068174 Df=67.60 Dr=78.40 MIA=67.86
  [90/96] gap=1.3253543110445112 Df=0.00 Dr=77.54 MIA=49.29
  [91/96] gap=22.960504464007 Df=49.60 Dr=78.69 MIA=66.04
  [92/96] gap=1.0564275457326555 Df=0.00 Dr=78.21 MIA=49.42
  [93/96] gap=28.71485296872073 Df=64.00 Dr=79.07 MIA=69.28
  [94/96] gap=2.4031841168758157 Df=0.00 Dr=78.99 MIA=54.26
  [95/96] gap=26.107535743272766 Df=56.40 Dr=79.43 MIA=69.42
  [96/96] gap=1.8960229755884417 Df=0.00 Dr=79.31 MIA=53.06
final test: mmu {'msteps': 3, 'lr': 0.001, 'epochs': 10, 'head_mode': 'tied', 'weighting': 'normalised', 'max_grad_norm': 5.0}
  Df=0.00 Dr=81.15 MIA=64.23 time=9.40s KL=0.0038

salun: 0/45 candidates complete
  [1/45] gap=18.10071798713867 Df=29.20 Dr=77.89 MIA=71.06
  [2/45] gap=18.6010239120934 Df=30.40 Dr=77.68 MIA=71.15
  [3/45] gap=19.208141349815822 Df=32.00 Dr=76.88 MIA=70.57
  [4/45] gap=17.375176375101457 Df=26.80 Dr=75.94 MIA=69.33
  [5/45] gap=15.564887307236063 Df=21.20 Dr=75.37 MIA=68.93
  [6/45] gap=11.255565961166257 Df=9.60 Dr=74.38 MIA=66.61
  [7/45] gap=5.053605544109385 Df=0.00 Dr=73.52 MIA=56.74
  [8/45] gap=4.2114253605544105 Df=0.00 Dr=75.33 MIA=56.02
  [9/45] gap=4.04311668851845 Df=0.00 Dr=76.51 MIA=56.70
  [10/45] gap=17.923456327651873 Df=29.60 Dr=77.94 MIA=70.17
  [11/45] gap=18.778048323656115 Df=30.40 Dr=77.64 MIA=71.64
  [12/45] gap=19.145183242804517 Df=32.00 Dr=77.12 MIA=70.61
  [13/45] gap=17.31431603920834 Df=26.80 Dr=75.41 MIA=68.62
  [14/45] gap=15.970756071673847 Df=22.40 Dr=75.31 MIA=68.88
  [15/45] gap=10.51613910220391 Df=10.80 Dr=74.69 MIA=63.51
  [16/45] gap=5.751114440906533 Df=2.80 Dr=75.12 MIA=57.63
  [17/45] gap=5.326615471061992 Df=0.40 Dr=76.25 MIA=59.90
  [18/45] gap=5.872710245364298 Df=0.40 Dr=76.44 MIA=61.72
  [19/45] gap=18.1240307173628 Df=29.60 Dr=77.96 MIA=70.79
  [20/45] gap=18.948729474932883 Df=30.40 Dr=77.66 MIA=72.17
  [21/45] gap=18.636074171193105 Df=30.40 Dr=76.82 MIA=70.39
  [22/45] gap=16.977473933945188 Df=26.40 Dr=75.62 MIA=68.22
  [23/45] gap=15.390360242242613 Df=21.20 Dr=75.54 MIA=68.57
  [24/45] gap=11.285459199600423 Df=10.40 Dr=74.38 MIA=65.90
  [25/45] gap=6.737216707248549 Df=2.80 Dr=75.14 MIA=60.61
  [26/45] gap=6.542148966722853 Df=1.60 Dr=76.93 MIA=63.02
  [27/45] gap=4.9864768683274 Df=0.80 Dr=76.57 MIA=58.79
  [28/45] gap=18.443229069114068 Df=29.60 Dr=77.98 MIA=71.77
  [29/45] gap=19.216981956671038 Df=32.00 Dr=77.75 MIA=71.46
  [30/45] gap=18.71961041393519 Df=30.40 Dr=76.93 MIA=70.75
  [31/45] gap=17.65924954735593 Df=26.40 Dr=75.71 MIA=70.35
  [32/45] gap=16.175213835299996 Df=22.00 Dr=75.49 MIA=70.08
  [33/45] gap=10.558718861209963 Df=12.40 Dr=75.37 MIA=62.71
  [34/45] gap=7.010626209652245 Df=2.80 Dr=74.76 MIA=61.05
  [35/45] gap=6.77031903602422 Df=1.20 Dr=76.06 MIA=63.24
  [36/45] gap=5.473784104389089 Df=0.80 Dr=76.57 MIA=60.25
  [37/45] gap=18.33455703315227 Df=30.00 Dr=78.13 MIA=71.19
  [38/45] gap=19.300518199413123 Df=31.60 Dr=77.85 MIA=72.22
  [39/45] gap=19.23890865954923 Df=31.60 Dr=76.97 MIA=71.15
  [40/45] gap=17.834051320472 Df=28.00 Dr=75.89 MIA=69.46
  [41/45] gap=16.14555784478991 Df=22.40 Dr=75.89 MIA=70.00
  [42/45] gap=11.498395454829238 Df=13.60 Dr=75.71 MIA=64.66
  [43/45] gap=7.299694075045264 Df=3.60 Dr=74.78 MIA=61.14
  [44/45] gap=6.179059749016666 Df=1.60 Dr=75.71 MIA=60.71
  [45/45] gap=5.050271586439406 Df=0.40 Dr=76.86 MIA=59.68
final test: salun {'sparsity': 0.9, 'lr': 0.0001, 'epochs': 3}
  Df=36.00 Dr=78.65 MIA=66.15 time=4.32s KL=0.0042

uniclun: 0/27 candidates complete
  [1/27] gap=18.616844602609728 Df=30.00 Dr=77.77 MIA=71.68
  [2/27] gap=18.616844602609728 Df=30.00 Dr=77.77 MIA=71.68
  [3/27] gap=18.616844602609728 Df=30.00 Dr=77.77 MIA=71.68
  [4/27] gap=18.43938315539739 Df=30.80 Dr=77.77 MIA=70.35
  [5/27] gap=18.43938315539739 Df=30.80 Dr=77.77 MIA=70.35
  [6/27] gap=18.43938315539739 Df=30.80 Dr=77.77 MIA=70.35
  [7/27] gap=18.75557220453268 Df=30.40 Dr=76.91 MIA=70.84
  [8/27] gap=18.75557220453268 Df=30.40 Dr=76.91 MIA=70.84
  [9/27] gap=18.75557220453268 Df=30.40 Dr=76.91 MIA=70.84
  [10/27] gap=16.215296247736777 Df=26.40 Dr=76.04 MIA=66.35
  [11/27] gap=16.215296247736777 Df=26.40 Dr=76.04 MIA=66.35
  [12/27] gap=16.215296247736777 Df=26.40 Dr=76.04 MIA=66.35
  [13/27] gap=15.146369482424921 Df=23.20 Dr=75.92 MIA=66.22
  [14/27] gap=15.146369482424921 Df=23.20 Dr=75.92 MIA=66.22
  [15/27] gap=15.146369482424921 Df=23.20 Dr=75.92 MIA=66.22
  [16/27] gap=11.38746332022226 Df=13.60 Dr=76.13 MIA=64.75
  [17/27] gap=11.38746332022226 Df=13.60 Dr=76.13 MIA=64.75
  [18/27] gap=11.38746332022226 Df=13.60 Dr=76.13 MIA=64.75
  [19/27] gap=7.620478241868013 Df=3.20 Dr=76.48 MIA=64.21
  [20/27] gap=7.620478241868013 Df=3.20 Dr=76.48 MIA=64.21
  [21/27] gap=7.620478241868013 Df=3.20 Dr=76.48 MIA=64.21
  [22/27] gap=6.835899356933257 Df=2.00 Dr=77.28 MIA=63.86
  [23/27] gap=6.835899356933257 Df=2.00 Dr=77.28 MIA=63.86
  [24/27] gap=6.835899356933257 Df=2.00 Dr=77.28 MIA=63.86
  [25/27] gap=6.025348067678093 Df=1.60 Dr=77.41 MIA=61.95
  [26/27] gap=6.025348067678093 Df=1.60 Dr=77.41 MIA=61.95
  [27/27] gap=6.025348067678093 Df=1.60 Dr=77.41 MIA=61.95
final test: uniclun {'lr': 0.0001, 'epochs': 5, 'buffer_size': 250}
  Df=36.60 Dr=78.15 MIA=66.48 time=6.49s KL=0.0042

