training one shared source (150 epochs)
Epoch 10/150: Train Loss=0.8215, Train Acc=0.7312, Val Acc=0.6896
Epoch 20/150: Train Loss=0.4513, Train Acc=0.8508, Val Acc=0.7470
Epoch 30/150: Train Loss=0.1650, Train Acc=0.9442, Val Acc=0.7766
Epoch 40/150: Train Loss=0.0497, Train Acc=0.9849, Val Acc=0.7858
Epoch 50/150: Train Loss=0.0299, Train Acc=0.9904, Val Acc=0.7884
Early stopping at epoch 56
training same-recipe retain-only reference (150 epochs)
Epoch 10/150: Train Loss=0.8309, Train Acc=0.7281, Val Acc=0.6658
Epoch 20/150: Train Loss=0.4542, Train Acc=0.8482, Val Acc=0.7368
Epoch 30/150: Train Loss=0.1666, Train Acc=0.9420, Val Acc=0.7648
Epoch 40/150: Train Loss=0.0511, Train Acc=0.9835, Val Acc=0.7816
Epoch 50/150: Train Loss=0.0293, Train Acc=0.9912, Val Acc=0.7824
Epoch 60/150: Train Loss=0.0243, Train Acc=0.9924, Val Acc=0.7840
Epoch 70/150: Train Loss=0.0221, Train Acc=0.9935, Val Acc=0.7844
Epoch 80/150: Train Loss=0.0218, Train Acc=0.9940, Val Acc=0.7876
Epoch 90/150: Train Loss=0.0228, Train Acc=0.9933, Val Acc=0.7872
Epoch 100/150: Train Loss=0.0216, Train Acc=0.9938, Val Acc=0.7866
Early stopping at epoch 106
final test: baseline {}
  Df=99.74 Dr=79.74 MIA=62.94 time=0.00s KL=0.0071
final test: retrain {}
  Df=78.77 Dr=79.07 MIA=50.61 time=902.96s KL=0.0000

finetune: 0/12 candidates complete
  [1/12] gap=11.548095238095236 Df=99.64 Dr=78.62 MIA=63.93
  [2/12] gap=11.170952380952384 Df=99.20 Dr=78.92 MIA=63.30
  [3/12] gap=11.285357142857144 Df=99.20 Dr=78.56 MIA=63.53
  [4/12] gap=10.883571428571434 Df=98.57 Dr=79.04 MIA=62.95
  [5/12] gap=8.727857142857147 Df=92.86 Dr=75.92 MIA=59.55
  [6/12] gap=8.700357142857143 Df=91.96 Dr=74.44 MIA=58.88
  [7/12] gap=7.022619047619055 Df=89.64 Dr=75.50 MIA=57.23
  [8/12] gap=6.06154761904762 Df=88.12 Dr=75.66 MIA=56.03
  [9/12] gap=20.173095238095236 Df=49.02 Dr=49.62 MIA=50.89
  [10/12] gap=10.028690476190468 Df=64.73 Dr=63.58 MIA=50.13
  [11/12] gap=8.487261904761906 Df=66.61 Dr=66.24 MIA=49.60
  [12/12] gap=7.318928571428569 Df=69.73 Dr=66.62 MIA=50.04
final test: finetune {'lr': 0.0001, 'epochs': 10}
  Df=99.30 Dr=79.29 MIA=62.72 time=60.26s KL=0.0074

ssd: 0/25 candidates complete
  [1/25] gap=49.40654761904762 Df=5.00 Dr=5.00 MIA=49.96
  [2/25] gap=47.51380952380952 Df=7.32 Dr=8.58 MIA=50.18
  [3/25] gap=15.806785714285711 Df=61.61 Dr=54.46 MIA=55.22
  [4/25] gap=11.356666666666674 Df=99.29 Dr=79.12 MIA=63.57
  [5/25] gap=11.387976190476197 Df=99.29 Dr=79.08 MIA=63.71
  [6/25] gap=11.326428571428572 Df=99.20 Dr=78.94 MIA=63.75
  [7/25] gap=11.347976190476194 Df=99.20 Dr=78.96 MIA=63.79
  [8/25] gap=11.359761904761903 Df=99.20 Dr=79.04 MIA=63.75
  [9/25] gap=11.356666666666674 Df=99.29 Dr=79.12 MIA=63.57
  [10/25] gap=11.387976190476197 Df=99.29 Dr=79.08 MIA=63.71
  [11/25] gap=11.393095238095244 Df=99.20 Dr=79.14 MIA=63.75
  [12/25] gap=11.393095238095244 Df=99.20 Dr=79.14 MIA=63.75
  [13/25] gap=11.407976190476198 Df=99.29 Dr=79.14 MIA=63.71
  [14/25] gap=11.393095238095244 Df=99.29 Dr=79.14 MIA=63.66
  [15/25] gap=11.387976190476197 Df=99.29 Dr=79.08 MIA=63.71
  [16/25] gap=11.417738095238102 Df=99.29 Dr=79.08 MIA=63.79
  [17/25] gap=11.417738095238102 Df=99.29 Dr=79.08 MIA=63.79
  [18/25] gap=11.417738095238102 Df=99.29 Dr=79.08 MIA=63.79
  [19/25] gap=11.417738095238102 Df=99.29 Dr=79.08 MIA=63.79
  [20/25] gap=11.417738095238102 Df=99.29 Dr=79.08 MIA=63.79
  [21/25] gap=11.417738095238102 Df=99.29 Dr=79.08 MIA=63.79
  [22/25] gap=11.417738095238102 Df=99.29 Dr=79.08 MIA=63.79
  [23/25] gap=11.417738095238102 Df=99.29 Dr=79.08 MIA=63.79
  [24/25] gap=11.417738095238102 Df=99.29 Dr=79.08 MIA=63.79
  [25/25] gap=11.417738095238102 Df=99.29 Dr=79.08 MIA=63.79
final test: ssd {'alpha': 10.0, 'dampening_constant': 0.1}
  Df=99.65 Dr=79.74 MIA=62.98 time=6.68s KL=0.0071

badteacher: 0/36 candidates complete
  [1/36] gap=10.656190476190481 Df=98.12 Dr=78.26 MIA=62.41
  [2/36] gap=9.269285714285717 Df=71.70 Dr=63.76 MIA=55.00
  [3/36] gap=20.462619047619043 Df=52.32 Dr=47.68 MIA=53.12
  [4/36] gap=8.782857142857146 Df=90.80 Dr=73.88 MIA=59.73
  [5/36] gap=18.21583333333333 Df=55.80 Dr=51.34 MIA=53.53
  [6/36] gap=7.715476190476188 Df=77.77 Dr=63.60 MIA=56.25
  [7/36] gap=6.96428571428572 Df=82.95 Dr=68.80 MIA=57.05
  [8/36] gap=19.14178571428571 Df=54.29 Dr=50.08 MIA=53.53
  [9/36] gap=6.425357142857145 Df=82.05 Dr=68.14 MIA=55.67
  [10/36] gap=10.705476190476192 Df=70.18 Dr=60.88 MIA=54.91
  [11/36] gap=15.311666666666666 Df=62.59 Dr=54.74 MIA=55.00
  [12/36] gap=7.9214285714285735 Df=88.04 Dr=72.00 MIA=58.04
  [13/36] gap=10.246904761904766 Df=95.80 Dr=76.72 MIA=61.96
  [14/36] gap=10.066309523809517 Df=70.98 Dr=61.86 MIA=54.78
  [15/36] gap=7.501666666666665 Df=85.36 Dr=69.42 MIA=56.88
  [16/36] gap=7.428809523809529 Df=84.73 Dr=69.46 MIA=57.32
  [17/36] gap=6.9928571428571376 Df=78.93 Dr=65.50 MIA=57.14
  [18/36] gap=8.884642857142863 Df=93.12 Dr=74.78 MIA=58.62
  [19/36] gap=7.226785714285711 Df=77.05 Dr=65.20 MIA=55.67
  [20/36] gap=8.894880952380953 Df=87.50 Dr=69.66 MIA=59.15
  [21/36] gap=9.304285714285717 Df=92.86 Dr=74.28 MIA=59.64
  [22/36] gap=10.922976190476184 Df=69.55 Dr=60.54 MIA=54.60
  [23/36] gap=9.965714285714283 Df=93.84 Dr=74.26 MIA=60.62
  [24/36] gap=8.532023809523812 Df=91.79 Dr=74.32 MIA=58.44
  [25/36] gap=10.03583333333333 Df=95.18 Dr=75.88 MIA=61.12
  [26/36] gap=9.363809523809527 Df=90.62 Dr=71.78 MIA=59.55
  [27/36] gap=9.060119047619052 Df=90.00 Dr=72.20 MIA=59.69
  [28/36] gap=8.598333333333342 Df=89.91 Dr=72.38 MIA=58.57
  [29/36] gap=10.875000000000002 Df=97.77 Dr=76.80 MIA=61.96
  [30/36] gap=9.333809523809522 Df=94.02 Dr=75.62 MIA=59.91
  [31/36] gap=8.754880952380956 Df=90.36 Dr=72.58 MIA=58.79
  [32/36] gap=10.736071428571428 Df=98.04 Dr=77.44 MIA=61.92
  [33/36] gap=8.901071428571434 Df=92.14 Dr=74.82 MIA=59.69
  [34/36] gap=10.025952380952383 Df=94.64 Dr=75.24 MIA=60.98
  [35/36] gap=10.511785714285715 Df=97.59 Dr=77.22 MIA=61.47
  [36/36] gap=7.345833333333336 Df=86.79 Dr=72.70 MIA=58.26
final test: badteacher {'temperature': 4.0, 'epochs': 10, 'lr': 0.001}
  Df=98.25 Dr=77.73 MIA=61.97 time=14.76s KL=0.0070

unsir: 0/36 candidates complete
  [1/36] gap=10.517261904761902 Df=96.52 Dr=76.40 MIA=61.74
  [2/36] gap=10.968333333333335 Df=96.88 Dr=76.52 MIA=62.86
  [3/36] gap=9.19964285714286 Df=90.36 Dr=71.96 MIA=59.51
  [4/36] gap=10.350119047619048 Df=94.64 Dr=74.58 MIA=61.29
  [5/36] gap=9.009642857142856 Df=71.52 Dr=63.78 MIA=54.06
  [6/36] gap=5.7676190476190525 Df=80.09 Dr=68.64 MIA=56.16
  [7/36] gap=10.926309523809522 Df=97.59 Dr=76.78 MIA=62.28
  [8/36] gap=11.22714285714286 Df=98.48 Dr=77.44 MIA=62.95
  [9/36] gap=9.123333333333335 Df=90.80 Dr=72.68 MIA=59.55
  [10/36] gap=10.77226190476191 Df=96.88 Dr=76.26 MIA=62.01
  [11/36] gap=7.872380952380955 Df=73.39 Dr=65.54 MIA=54.29
  [12/36] gap=6.128690476190481 Df=81.88 Dr=70.28 MIA=57.10
  [13/36] gap=10.902261904761902 Df=97.95 Dr=77.12 MIA=62.19
  [14/36] gap=11.142023809523812 Df=98.75 Dr=77.74 MIA=62.72
  [15/36] gap=9.615476190476196 Df=91.52 Dr=72.90 MIA=60.54
  [16/36] gap=10.641071428571431 Df=97.23 Dr=77.10 MIA=62.10
  [17/36] gap=7.184404761904761 Df=74.82 Dr=66.22 MIA=54.33
  [18/36] gap=6.6779761904761985 Df=83.84 Dr=71.40 MIA=57.90
  [19/36] gap=10.568452380952381 Df=96.07 Dr=75.80 MIA=61.74
  [20/36] gap=11.056190476190475 Df=97.41 Dr=77.06 MIA=63.12
  [21/36] gap=8.871428571428575 Df=90.18 Dr=72.90 MIA=59.64
  [22/36] gap=10.012619047619047 Df=94.29 Dr=75.28 MIA=61.34
  [23/36] gap=6.694880952380951 Df=77.23 Dr=66.26 MIA=55.31
  [24/36] gap=6.5829761904761925 Df=84.02 Dr=71.06 MIA=57.10
  [25/36] gap=10.639404761904762 Df=97.14 Dr=76.48 MIA=61.56
  [26/36] gap=11.437023809523813 Df=98.75 Dr=77.48 MIA=63.35
  [27/36] gap=9.301071428571433 Df=91.79 Dr=73.62 MIA=60.04
  [28/36] gap=10.572738095238094 Df=96.70 Dr=76.68 MIA=62.01
  [29/36] gap=5.574047619047616 Df=79.20 Dr=68.06 MIA=55.71
  [30/36] gap=6.847380952380952 Df=86.43 Dr=71.74 MIA=56.16
  [31/36] gap=10.82214285714286 Df=97.68 Dr=76.78 MIA=61.88
  [32/36] gap=11.097976190476194 Df=98.84 Dr=78.14 MIA=62.90
  [33/36] gap=9.887738095238097 Df=93.57 Dr=74.36 MIA=60.76
  [34/36] gap=10.859166666666669 Df=97.50 Dr=77.16 MIA=62.54
  [35/36] gap=5.776428571428575 Df=80.54 Dr=69.06 MIA=56.16
  [36/36] gap=7.47107142857143 Df=87.50 Dr=72.86 MIA=58.08
final test: unsir {'impair_epochs': 1, 'repair_epochs': 3, 'impair_lr': 0.01, 'repair_lr': 0.01}
  Df=97.63 Dr=77.82 MIA=62.06 time=6.32s KL=0.0066

scrub: 0/24 candidates complete
  [1/24] gap=11.477738095238095 Df=99.20 Dr=79.26 MIA=63.88
  [2/24] gap=11.223809523809528 Df=99.20 Dr=78.90 MIA=63.48
  [3/24] gap=11.425952380952387 Df=99.29 Dr=79.06 MIA=63.84
  [4/24] gap=11.12630952380953 Df=99.20 Dr=78.92 MIA=63.17
  [5/24] gap=11.121190476190485 Df=99.29 Dr=78.86 MIA=63.13
  [6/24] gap=11.220714285714285 Df=99.38 Dr=78.62 MIA=63.21
  [7/24] gap=9.682738095238099 Df=94.73 Dr=75.60 MIA=60.22
  [8/24] gap=10.20380952380953 Df=96.07 Dr=76.76 MIA=61.61
  [9/24] gap=11.46595238095238 Df=99.20 Dr=79.18 MIA=63.93
  [10/24] gap=11.286904761904767 Df=99.29 Dr=79.00 MIA=63.48
  [11/24] gap=11.430595238095243 Df=99.29 Dr=78.94 MIA=63.97
  [12/24] gap=11.412619047619048 Df=99.38 Dr=79.02 MIA=63.75
  [13/24] gap=11.25404761904762 Df=99.20 Dr=79.08 MIA=63.39
  [14/24] gap=11.174047619047625 Df=99.29 Dr=78.76 MIA=63.30
  [15/24] gap=6.7488095238095225 Df=84.91 Dr=71.50 MIA=57.14
  [16/24] gap=9.405238095238092 Df=94.02 Dr=76.12 MIA=60.62
  [17/24] gap=11.353095238095245 Df=99.11 Dr=79.02 MIA=63.84
  [18/24] gap=11.425952380952383 Df=99.38 Dr=79.06 MIA=63.75
  [19/24] gap=11.189404761904768 Df=99.11 Dr=79.02 MIA=63.35
  [20/24] gap=11.313095238095242 Df=99.20 Dr=78.90 MIA=63.75
  [21/24] gap=11.068809523809533 Df=99.02 Dr=79.06 MIA=63.04
  [22/24] gap=11.127857142857144 Df=99.20 Dr=78.72 MIA=63.21
  [23/24] gap=13.072499999999993 Df=65.09 Dr=58.02 MIA=54.06
  [24/24] gap=9.262857142857149 Df=93.04 Dr=74.94 MIA=60.00
final test: scrub {'msteps': 3, 'lr': 0.001, 'epochs': 5, 'max_grad_norm': 5.0}
  Df=99.47 Dr=79.67 MIA=63.25 time=7.20s KL=0.0066

mmu: 0/96 candidates complete
  [1/96] gap=11.645595238095245 Df=99.46 Dr=78.96 MIA=64.42
  [2/96] gap=11.374166666666673 Df=99.29 Dr=78.86 MIA=63.88
  [3/96] gap=11.437738095238101 Df=99.38 Dr=79.14 MIA=63.71
  [4/96] gap=11.240238095238098 Df=99.20 Dr=78.86 MIA=63.57
  [5/96] gap=11.502380952380959 Df=99.29 Dr=79.20 MIA=63.93
  [6/96] gap=11.432619047619054 Df=99.20 Dr=79.08 MIA=63.93
  [7/96] gap=11.41928571428572 Df=99.29 Dr=79.04 MIA=63.84
  [8/96] gap=11.316190476190485 Df=99.20 Dr=78.82 MIA=63.84
  [9/96] gap=11.33976190476191 Df=99.29 Dr=78.98 MIA=63.66
  [10/96] gap=11.536785714285719 Df=99.29 Dr=79.08 MIA=64.15
  [11/96] gap=11.380833333333337 Df=99.38 Dr=78.88 MIA=63.79
  [12/96] gap=11.436190476190477 Df=99.38 Dr=79.18 MIA=63.66
  [13/96] gap=11.371547619047627 Df=99.29 Dr=79.12 MIA=63.62
  [14/96] gap=11.407976190476198 Df=99.29 Dr=79.14 MIA=63.71
  [15/96] gap=11.386428571428576 Df=99.55 Dr=79.12 MIA=63.39
  [16/96] gap=11.404404761904766 Df=99.46 Dr=79.04 MIA=63.62
  [17/96] gap=11.456190476190484 Df=99.11 Dr=79.24 MIA=63.93
  [18/96] gap=11.430595238095242 Df=99.38 Dr=78.94 MIA=63.88
  [19/96] gap=11.273571428571435 Df=99.29 Dr=78.96 MIA=63.48
  [20/96] gap=11.393095238095244 Df=99.29 Dr=79.14 MIA=63.66
  [21/96] gap=11.245357142857147 Df=99.20 Dr=78.92 MIA=63.53
  [22/96] gap=11.469047619047629 Df=99.38 Dr=79.10 MIA=63.84
  [23/96] gap=11.263809523809527 Df=99.46 Dr=79.02 MIA=63.21
  [24/96] gap=11.278214285714292 Df=99.38 Dr=78.84 MIA=63.53
  [25/96] gap=9.14726190476191 Df=93.84 Dr=76.76 MIA=60.67
  [26/96] gap=10.45559523809524 Df=97.77 Dr=78.46 MIA=62.37
  [27/96] gap=8.82833333333334 Df=92.77 Dr=75.44 MIA=59.46
  [28/96] gap=10.240833333333336 Df=96.79 Dr=77.14 MIA=61.38
  [29/96] gap=10.515952380952386 Df=97.23 Dr=77.52 MIA=62.14
  [30/96] gap=10.857857142857148 Df=98.39 Dr=79.32 MIA=62.77
  [31/96] gap=9.898571428571428 Df=96.07 Dr=77.14 MIA=61.07
  [32/96] gap=10.497738095238097 Df=98.75 Dr=78.78 MIA=61.83
  [33/96] gap=11.350000000000007 Df=99.20 Dr=79.10 MIA=63.66
  [34/96] gap=11.344880952380956 Df=99.29 Dr=79.04 MIA=63.62
  [35/96] gap=11.20940476190477 Df=99.02 Dr=79.08 MIA=63.44
  [36/96] gap=11.268928571428576 Df=99.11 Dr=79.08 MIA=63.53
  [37/96] gap=11.393095238095247 Df=99.29 Dr=79.14 MIA=63.66
  [38/96] gap=11.29559523809524 Df=99.20 Dr=79.16 MIA=63.44
  [39/96] gap=11.37619047619048 Df=99.29 Dr=79.00 MIA=63.75
  [40/96] gap=11.215595238095247 Df=99.29 Dr=78.92 MIA=63.35
  [41/96] gap=11.340238095238098 Df=99.20 Dr=79.16 MIA=63.57
  [42/96] gap=11.393095238095244 Df=99.29 Dr=79.14 MIA=63.66
  [43/96] gap=11.129404761904768 Df=99.02 Dr=78.84 MIA=63.44
  [44/96] gap=11.286904761904765 Df=99.20 Dr=79.00 MIA=63.57
  [45/96] gap=11.467500000000006 Df=99.38 Dr=79.14 MIA=63.79
  [46/96] gap=11.462857142857146 Df=99.38 Dr=79.26 MIA=63.66
  [47/96] gap=11.285357142857144 Df=99.29 Dr=79.04 MIA=63.44
  [48/96] gap=11.404880952380957 Df=99.38 Dr=79.22 MIA=63.53
  [49/96] gap=11.287380952380952 Df=99.20 Dr=79.18 MIA=63.39
  [50/96] gap=11.192976190476195 Df=99.11 Dr=79.12 MIA=63.26
  [51/96] gap=10.975952380952384 Df=98.93 Dr=78.64 MIA=62.95
  [52/96] gap=11.084761904761912 Df=99.02 Dr=78.84 MIA=63.30
  [53/96] gap=11.263809523809527 Df=99.29 Dr=79.02 MIA=63.39
  [54/96] gap=11.277142857142863 Df=99.29 Dr=79.06 MIA=63.39
  [55/96] gap=11.12833333333334 Df=99.11 Dr=78.54 MIA=63.12
  [56/96] gap=11.344880952380954 Df=99.38 Dr=79.04 MIA=63.53
  [57/96] gap=7.351190476190479 Df=85.71 Dr=71.30 MIA=57.95
  [58/96] gap=24.407380952380944 Df=45.27 Dr=41.56 MIA=51.79
  [59/96] gap=29.504761904761903 Df=34.91 Dr=36.00 MIA=48.48
  [60/96] gap=40.9127380952381 Df=17.68 Dr=18.16 MIA=50.31
  [61/96] gap=9.286190476190475 Df=94.20 Dr=76.12 MIA=60.09
  [62/96] gap=10.527500000000002 Df=98.12 Dr=78.78 MIA=62.54
  [63/96] gap=5.6051190476190484 Df=80.62 Dr=69.44 MIA=55.94
  [64/96] gap=9.370714285714286 Df=93.39 Dr=75.42 MIA=60.45
  [65/96] gap=11.378214285714293 Df=99.29 Dr=79.14 MIA=63.62
  [66/96] gap=11.281785714285718 Df=99.20 Dr=78.94 MIA=63.62
  [67/96] gap=11.47107142857143 Df=99.20 Dr=79.24 MIA=63.88
  [68/96] gap=11.356190476190484 Df=99.11 Dr=78.94 MIA=63.93
  [69/96] gap=11.275595238095248 Df=99.38 Dr=79.10 MIA=63.26
  [70/96] gap=11.465952380952382 Df=99.29 Dr=79.18 MIA=63.84
  [71/96] gap=11.38952380952381 Df=99.38 Dr=79.04 MIA=63.66
  [72/96] gap=11.326428571428572 Df=99.20 Dr=78.94 MIA=63.75
  [73/96] gap=11.33714285714286 Df=99.29 Dr=79.24 MIA=63.39
  [74/96] gap=11.182261904761914 Df=98.93 Dr=78.82 MIA=63.71
  [75/96] gap=11.314642857142864 Df=99.29 Dr=78.86 MIA=63.71
  [76/96] gap=11.13964285714286 Df=98.75 Dr=78.64 MIA=63.62
  [77/96] gap=11.242261904761909 Df=99.20 Dr=79.00 MIA=63.44
  [78/96] gap=11.369523809523812 Df=99.46 Dr=78.98 MIA=63.57
  [79/96] gap=11.442380952380956 Df=99.29 Dr=79.02 MIA=63.93
  [80/96] gap=11.279761904761907 Df=99.38 Dr=78.80 MIA=63.57
  [81/96] gap=11.246904761904771 Df=99.02 Dr=78.88 MIA=63.75
  [82/96] gap=10.119761904761909 Df=96.70 Dr=77.28 MIA=61.25
  [83/96] gap=11.171428571428573 Df=99.20 Dr=78.50 MIA=63.12
  [84/96] gap=9.90011904761905 Df=96.34 Dr=77.18 MIA=60.85
  [85/96] gap=11.265357142857146 Df=99.29 Dr=78.98 MIA=63.44
  [86/96] gap=11.350000000000009 Df=99.46 Dr=79.10 MIA=63.39
  [87/96] gap=11.290000000000001 Df=99.46 Dr=78.68 MIA=63.39
  [88/96] gap=11.071428571428575 Df=99.11 Dr=78.80 MIA=63.21
  [89/96] gap=8.136666666666663 Df=71.70 Dr=65.64 MIA=53.48
  [90/96] gap=43.086904761904755 Df=14.82 Dr=15.70 MIA=51.52
  [91/96] gap=43.416547619047606 Df=14.46 Dr=14.22 MIA=48.97
  [92/96] gap=44.45892857142857 Df=12.68 Dr=12.70 MIA=49.15
  [93/96] gap=7.975476190476196 Df=91.25 Dr=75.32 MIA=58.30
  [94/96] gap=9.657261904761905 Df=95.27 Dr=76.48 MIA=60.49
  [95/96] gap=13.032023809523805 Df=63.30 Dr=58.32 MIA=52.46
  [96/96] gap=10.720833333333333 Df=69.46 Dr=60.70 MIA=54.06
final test: mmu {'msteps': 1, 'lr': 0.005, 'epochs': 10, 'head_mode': 'tied', 'weighting': 'mrl', 'max_grad_norm': 5.0}
  Df=95.61 Dr=77.87 MIA=60.26 time=9.13s KL=0.0117

salun: 0/45 candidates complete
  [1/45] gap=6.178571428571428 Df=80.80 Dr=68.30 MIA=56.34
  [2/45] gap=9.454285714285705 Df=72.23 Dr=62.58 MIA=54.91
  [3/45] gap=15.012976190476186 Df=61.43 Dr=54.52 MIA=52.72
  [4/45] gap=20.915119047619047 Df=50.98 Dr=47.26 MIA=52.72
  [5/45] gap=20.166785714285712 Df=53.12 Dr=48.88 MIA=54.24
  [6/45] gap=14.989880952380949 Df=62.59 Dr=54.50 MIA=53.79
  [7/45] gap=8.851428571428565 Df=73.66 Dr=62.96 MIA=54.91
  [8/45] gap=6.898214285714286 Df=81.61 Dr=66.90 MIA=56.29
  [9/45] gap=7.565952380952377 Df=85.80 Dr=70.12 MIA=57.32
  [10/45] gap=6.029642857142863 Df=79.91 Dr=67.72 MIA=56.21
  [11/45] gap=10.022142857142851 Df=71.43 Dr=61.68 MIA=54.91
  [12/45] gap=15.17404761904762 Df=60.71 Dr=54.26 MIA=52.23
  [13/45] gap=19.61511904761905 Df=54.20 Dr=48.66 MIA=53.44
  [14/45] gap=16.836071428571426 Df=59.20 Dr=51.64 MIA=53.08
  [15/45] gap=9.767499999999993 Df=73.66 Dr=61.06 MIA=55.76
  [16/45] gap=6.113095238095241 Df=79.64 Dr=66.80 MIA=55.80
  [17/45] gap=7.2496428571428595 Df=84.29 Dr=69.06 MIA=56.83
  [18/45] gap=8.359166666666672 Df=89.91 Dr=72.16 MIA=57.63
  [19/45] gap=5.893095238095239 Df=79.29 Dr=67.46 MIA=56.16
  [20/45] gap=10.095476190476186 Df=71.25 Dr=61.46 MIA=54.73
  [21/45] gap=15.427023809523808 Df=60.71 Dr=54.26 MIA=52.99
  [22/45] gap=19.516666666666662 Df=54.29 Dr=49.00 MIA=53.57
  [23/45] gap=16.62845238095238 Df=60.54 Dr=52.62 MIA=54.78
  [24/45] gap=8.728095238095234 Df=76.61 Dr=62.08 MIA=56.61
  [25/45] gap=6.959285714285715 Df=81.52 Dr=66.94 MIA=56.61
  [26/45] gap=7.787976190476196 Df=86.07 Dr=69.32 MIA=56.92
  [27/45] gap=7.865595238095236 Df=88.93 Dr=72.48 MIA=57.46
  [28/45] gap=5.916190476190477 Df=78.93 Dr=67.48 MIA=55.89
  [29/45] gap=10.180119047619046 Df=71.25 Dr=61.34 MIA=54.87
  [30/45] gap=15.758452380952379 Df=60.09 Dr=53.98 MIA=53.08
  [31/45] gap=18.73785714285714 Df=56.07 Dr=49.64 MIA=53.66
  [32/45] gap=15.703333333333328 Df=61.70 Dr=52.94 MIA=53.48
  [33/45] gap=7.94678571428571 Df=77.77 Dr=63.04 MIA=56.38
  [34/45] gap=6.656071428571434 Df=81.07 Dr=67.18 MIA=56.38
  [35/45] gap=7.616190476190482 Df=86.34 Dr=69.88 MIA=56.70
  [36/45] gap=7.969166666666666 Df=88.21 Dr=72.08 MIA=58.08
  [37/45] gap=5.896666666666666 Df=78.84 Dr=67.36 MIA=55.62
  [38/45] gap=10.263214285714284 Df=71.07 Dr=61.18 MIA=54.78
  [39/45] gap=15.613214285714287 Df=60.62 Dr=53.88 MIA=53.08
  [40/45] gap=19.221190476190472 Df=54.73 Dr=49.44 MIA=53.57
  [41/45] gap=16.311428571428568 Df=61.43 Dr=53.08 MIA=55.18
  [42/45] gap=7.583214285714284 Df=78.57 Dr=64.22 MIA=57.28
  [43/45] gap=6.718809523809523 Df=81.96 Dr=67.84 MIA=56.34
  [44/45] gap=7.3766666666666625 Df=85.80 Dr=70.42 MIA=57.05
  [45/45] gap=8.170357142857148 Df=89.29 Dr=72.28 MIA=57.81
final test: salun {'sparsity': 0.5, 'lr': 0.01, 'epochs': 10}
  Df=90.00 Dr=72.53 MIA=56.84 time=15.71s KL=0.0045

uniclun: 0/27 candidates complete
  [1/27] gap=6.25952380952381 Df=80.00 Dr=67.70 MIA=56.79
  [2/27] gap=6.25952380952381 Df=80.00 Dr=67.70 MIA=56.79
  [3/27] gap=6.25952380952381 Df=80.00 Dr=67.70 MIA=56.79
  [4/27] gap=10.080119047619045 Df=71.16 Dr=61.64 MIA=54.78
  [5/27] gap=10.080119047619045 Df=71.16 Dr=61.64 MIA=54.78
  [6/27] gap=10.080119047619045 Df=71.16 Dr=61.64 MIA=54.78
  [7/27] gap=15.853809523809524 Df=60.00 Dr=53.56 MIA=52.86
  [8/27] gap=15.853809523809524 Df=60.00 Dr=53.56 MIA=52.86
  [9/27] gap=15.853809523809524 Df=60.00 Dr=53.56 MIA=52.86
  [10/27] gap=17.56845238095238 Df=56.52 Dr=52.30 MIA=53.26
  [11/27] gap=17.56845238095238 Df=56.52 Dr=52.30 MIA=53.26
  [12/27] gap=17.56845238095238 Df=56.52 Dr=52.30 MIA=53.26
  [13/27] gap=14.429404761904758 Df=63.12 Dr=56.36 MIA=54.51
  [14/27] gap=14.429404761904758 Df=63.12 Dr=56.36 MIA=54.51
  [15/27] gap=14.429404761904758 Df=63.12 Dr=56.36 MIA=54.51
  [16/27] gap=7.514999999999991 Df=78.48 Dr=64.38 MIA=57.14
  [17/27] gap=7.514999999999991 Df=78.48 Dr=64.38 MIA=57.14
  [18/27] gap=7.514999999999991 Df=78.48 Dr=64.38 MIA=57.14
  [19/27] gap=7.539047619047618 Df=85.54 Dr=69.04 MIA=56.43
  [20/27] gap=7.539047619047618 Df=85.54 Dr=69.04 MIA=56.43
  [21/27] gap=7.539047619047618 Df=85.54 Dr=69.04 MIA=56.43
  [22/27] gap=8.476547619047622 Df=89.20 Dr=71.54 MIA=58.08
  [23/27] gap=8.476547619047622 Df=89.20 Dr=71.54 MIA=58.08
  [24/27] gap=8.476547619047622 Df=89.20 Dr=71.54 MIA=58.08
  [25/27] gap=8.223571428571432 Df=90.62 Dr=74.04 MIA=58.39
  [26/27] gap=8.223571428571432 Df=90.62 Dr=74.04 MIA=58.39
  [27/27] gap=8.223571428571432 Df=90.62 Dr=74.04 MIA=58.39
final test: uniclun {'lr': 0.01, 'epochs': 10, 'buffer_size': 250}
  Df=92.02 Dr=73.42 MIA=57.68 time=13.84s KL=0.0069

