training one shared source (150 epochs)
Epoch 10/150: Train Loss=0.8202, Train Acc=0.7322, Val Acc=0.6984
Epoch 20/150: Train Loss=0.4558, Train Acc=0.8477, Val Acc=0.7488
Epoch 30/150: Train Loss=0.1223, Train Acc=0.9581, Val Acc=0.7984
Epoch 40/150: Train Loss=0.0598, Train Acc=0.9805, Val Acc=0.7942
Epoch 50/150: Train Loss=0.0369, Train Acc=0.9887, Val Acc=0.8030
Epoch 60/150: Train Loss=0.0317, Train Acc=0.9903, Val Acc=0.8030
Early stopping at epoch 69
training same-recipe retain-only reference (150 epochs)
Epoch 10/150: Train Loss=0.7564, Train Acc=0.7512, Val Acc=0.7078
Epoch 20/150: Train Loss=0.4063, Train Acc=0.8628, Val Acc=0.7659
Epoch 30/150: Train Loss=0.1392, Train Acc=0.9521, Val Acc=0.7989
Epoch 40/150: Train Loss=0.0439, Train Acc=0.9853, Val Acc=0.8128
Epoch 50/150: Train Loss=0.0240, Train Acc=0.9926, Val Acc=0.8160
Epoch 60/150: Train Loss=0.0189, Train Acc=0.9942, Val Acc=0.8139
Early stopping at epoch 61
final test: baseline {}
  Df=74.80 Dr=79.21 MIA=68.11 time=0.00s KL=0.0007
final test: retrain {}
  Df=0.00 Dr=80.86 MIA=49.64 time=386.22s KL=0.0000
final test: amnesiac {}
  Df=0.00 Dr=5.26 MIA=50.40 time=0.00s KL=0.7270

finetune: 0/12 candidates complete
  [1/12] gap=19.73510644939751 Df=44.40 Dr=81.24 MIA=69.46
  [2/12] gap=17.869313854030096 Df=41.60 Dr=80.93 MIA=66.35
  [3/12] gap=14.78742586002373 Df=34.00 Dr=81.37 MIA=65.15
  [4/12] gap=12.683348941749392 Df=27.60 Dr=81.28 MIA=65.15
  [5/12] gap=5.224261721920458 Df=11.20 Dr=77.43 MIA=55.32
  [6/12] gap=3.241118811263039 Df=3.20 Dr=75.68 MIA=54.74
  [7/12] gap=1.6455516014234852 Df=0.40 Dr=77.77 MIA=55.72
  [8/12] gap=1.5297371542735831 Df=0.00 Dr=78.21 MIA=54.15
  [9/12] gap=10.698545295623404 Df=0.00 Dr=57.94 MIA=46.92
  [10/12] gap=5.986751576450023 Df=0.00 Dr=65.73 MIA=53.27
  [11/12] gap=5.839508022725856 Df=0.00 Dr=67.09 MIA=52.34
  [12/12] gap=4.185452956234005 Df=0.00 Dr=74.25 MIA=50.14
final test: finetune {'lr': 0.0001, 'epochs': 10}
  Df=30.00 Dr=80.19 MIA=66.05 time=50.90s KL=0.0006

ssd: 0/25 candidates complete
  [1/25] gap=26.521108821876766 Df=0.00 Dr=5.64 MIA=51.75
  [2/25] gap=27.472335643378916 Df=0.00 Dr=5.26 MIA=49.27
  [3/25] gap=24.574214896672288 Df=0.00 Dr=12.88 MIA=50.35
  [4/25] gap=6.593194730598738 Df=10.80 Dr=81.28 MIA=63.68
  [5/25] gap=20.173603046762814 Df=48.00 Dr=81.71 MIA=67.64
  [6/25] gap=1.8261097583817165 Df=0.00 Dr=76.82 MIA=55.71
  [7/25] gap=2.1405506649185213 Df=0.00 Dr=77.39 MIA=57.23
  [8/25] gap=2.1210838484110632 Df=0.00 Dr=77.94 MIA=57.72
  [9/25] gap=6.593194730598738 Df=10.80 Dr=81.28 MIA=63.68
  [10/25] gap=20.173603046762814 Df=48.00 Dr=81.71 MIA=67.64
  [11/25] gap=4.379259536742207 Df=7.20 Dr=81.75 MIA=61.10
  [12/25] gap=4.505575326215891 Df=7.20 Dr=81.77 MIA=61.50
  [13/25] gap=5.624099394393451 Df=9.60 Dr=81.79 MIA=62.43
  [14/25] gap=11.030779796466257 Df=24.80 Dr=81.71 MIA=63.41
  [15/25] gap=20.173603046762814 Df=48.00 Dr=81.71 MIA=67.64
  [16/25] gap=28.72390585003434 Df=73.20 Dr=81.03 MIA=67.42
  [17/25] gap=28.72390585003434 Df=73.20 Dr=81.03 MIA=67.42
  [18/25] gap=28.72390585003434 Df=73.20 Dr=81.03 MIA=67.42
  [19/25] gap=28.72390585003434 Df=73.20 Dr=81.03 MIA=67.42
  [20/25] gap=28.72390585003434 Df=73.20 Dr=81.03 MIA=67.42
  [21/25] gap=28.72390585003434 Df=73.20 Dr=81.03 MIA=67.42
  [22/25] gap=28.72390585003434 Df=73.20 Dr=81.03 MIA=67.42
  [23/25] gap=28.72390585003434 Df=73.20 Dr=81.03 MIA=67.42
  [24/25] gap=28.72390585003434 Df=73.20 Dr=81.03 MIA=67.42
  [25/25] gap=28.72390585003434 Df=73.20 Dr=81.03 MIA=67.42
final test: ssd {'alpha': 10.0, 'dampening_constant': 0.5}
  Df=12.40 Dr=80.21 MIA=65.49 time=4.96s KL=0.0007

badteacher: 0/36 candidates complete
  [1/36] gap=10.173565586564274 Df=16.80 Dr=79.75 MIA=66.88
  [2/36] gap=7.097346569270145 Df=5.20 Dr=77.68 MIA=67.19
  [3/36] gap=5.203358931135666 Df=2.40 Dr=75.73 MIA=62.35
  [4/36] gap=8.629668477242927 Df=9.20 Dr=79.22 MIA=69.33
  [5/36] gap=5.6615595929325115 Df=4.80 Dr=76.84 MIA=62.44
  [6/36] gap=5.64292938752575 Df=2.40 Dr=78.72 MIA=66.66
  [7/36] gap=6.730885933695451 Df=6.40 Dr=78.65 MIA=65.86
  [8/36] gap=6.205519135918089 Df=4.80 Dr=77.03 MIA=64.26
  [9/36] gap=4.896772179559216 Df=1.60 Dr=79.26 MIA=65.77
  [10/36] gap=6.469451208091403 Df=4.80 Dr=77.71 MIA=65.73
  [11/36] gap=7.25672722732097 Df=4.40 Dr=76.67 MIA=67.46
  [12/36] gap=3.9195479802709587 Df=0.40 Dr=80.46 MIA=65.24
  [13/36] gap=8.86600486982581 Df=11.60 Dr=79.58 MIA=67.99
  [14/36] gap=6.523568708247489 Df=4.80 Dr=77.41 MIA=65.60
  [15/36] gap=4.409901979147151 Df=1.20 Dr=78.91 MIA=64.35
  [16/36] gap=6.98351751264282 Df=6.40 Dr=78.69 MIA=66.66
  [17/36] gap=5.70433913966411 Df=5.60 Dr=78.36 MIA=63.29
  [18/36] gap=4.231966036086657 Df=1.20 Dr=80.91 MIA=65.82
  [19/36] gap=6.151164387837917 Df=4.80 Dr=78.13 MIA=65.20
  [20/36] gap=7.053255915589691 Df=4.80 Dr=78.44 MIA=68.22
  [21/36] gap=4.386551788724478 Df=0.00 Dr=80.88 MIA=67.46
  [22/36] gap=6.145295623400134 Df=4.80 Dr=77.79 MIA=64.84
  [23/36] gap=6.178797527626895 Df=4.00 Dr=80.00 MIA=67.95
  [24/36] gap=3.477480177311603 Df=0.00 Dr=80.95 MIA=64.80
  [25/36] gap=8.596641068864333 Df=10.80 Dr=79.81 MIA=68.22
  [26/36] gap=6.0287319722794495 Df=6.40 Dr=79.07 MIA=64.18
  [27/36] gap=4.903827183617403 Df=0.80 Dr=79.60 MIA=66.93
  [28/36] gap=6.651233064868578 Df=6.40 Dr=79.12 MIA=66.08
  [29/36] gap=6.465605294374726 Df=5.20 Dr=80.29 MIA=67.91
  [30/36] gap=3.0575388649559847 Df=0.00 Dr=80.69 MIA=63.28
  [31/36] gap=6.598027096210278 Df=5.60 Dr=79.45 MIA=67.06
  [32/36] gap=5.926165948679524 Df=4.80 Dr=80.36 MIA=66.75
  [33/36] gap=3.7463694824249174 Df=0.00 Dr=80.72 MIA=65.37
  [34/36] gap=5.3419242055316225 Df=5.20 Dr=79.18 MIA=63.42
  [35/36] gap=4.814422176437528 Df=1.20 Dr=81.16 MIA=67.82
  [36/36] gap=2.273434475869388 Df=1.20 Dr=80.69 MIA=59.73
final test: badteacher {'temperature': 2.0, 'epochs': 10, 'lr': 0.01}
  Df=0.20 Dr=79.22 MIA=64.39 time=12.72s KL=0.0007

unsir: 0/36 candidates complete
  [1/36] gap=26.960641818068297 Df=68.00 Dr=79.07 MIA=65.37
  [2/36] gap=14.819416869576072 Df=36.80 Dr=80.61 MIA=61.68
  [3/36] gap=17.46063557470188 Df=41.20 Dr=76.55 MIA=61.14
  [4/36] gap=2.0693388274957862 Df=0.00 Dr=79.03 MIA=58.65
  [5/36] gap=8.867353436973218 Df=0.40 Dr=63.26 MIA=47.49
  [6/36] gap=4.7456327651869925 Df=0.00 Dr=71.41 MIA=51.30
  [7/36] gap=25.464756196541174 Df=64.00 Dr=79.92 MIA=65.73
  [8/36] gap=15.036923269026659 Df=35.60 Dr=80.00 MIA=62.93
  [9/36] gap=15.296297683711058 Df=35.60 Dr=77.66 MIA=61.37
  [10/36] gap=1.507735530998313 Df=0.00 Dr=80.27 MIA=58.21
  [11/36] gap=8.110769807079977 Df=0.40 Dr=66.86 MIA=46.16
  [12/36] gap=3.2897546356995733 Df=0.00 Dr=73.68 MIA=53.40
  [13/36] gap=24.42096522444902 Df=62.00 Dr=80.34 MIA=65.01
  [14/36] gap=13.908047699319473 Df=33.60 Dr=80.59 MIA=62.13
  [15/36] gap=14.820253480676778 Df=34.80 Dr=78.34 MIA=61.41
  [16/36] gap=2.1402634700630565 Df=0.00 Dr=80.38 MIA=60.21
  [17/36] gap=7.3999375663357725 Df=0.40 Dr=68.51 MIA=46.65
  [18/36] gap=3.4412062183929613 Df=0.00 Dr=74.65 MIA=51.98
  [19/36] gap=26.200686770306543 Df=66.80 Dr=78.86 MIA=64.08
  [20/36] gap=14.573328338640193 Df=33.20 Dr=80.15 MIA=64.08
  [21/36] gap=18.874808016482486 Df=46.00 Dr=76.08 MIA=60.12
  [22/36] gap=1.4322532309421234 Df=0.00 Dr=79.52 MIA=57.23
  [23/36] gap=8.057089342573516 Df=1.20 Dr=67.20 MIA=46.78
  [24/36] gap=4.762689642255104 Df=0.00 Dr=74.11 MIA=48.56
  [25/36] gap=25.357033152275704 Df=63.60 Dr=79.66 MIA=65.55
  [26/36] gap=13.132434288568392 Df=30.80 Dr=80.38 MIA=62.39
  [27/36] gap=17.380583130423926 Df=42.80 Dr=77.33 MIA=60.08
  [28/36] gap=2.0738964849847012 Df=0.40 Dr=80.04 MIA=59.28
  [29/36] gap=4.673072360616849 Df=1.20 Dr=69.77 MIA=54.36
  [30/36] gap=3.155147655615911 Df=0.00 Dr=75.52 MIA=51.97
  [31/36] gap=24.007005057126804 Df=61.60 Dr=79.89 MIA=63.73
  [32/36] gap=15.23270275332459 Df=37.20 Dr=80.21 MIA=62.12
  [33/36] gap=17.049534869201473 Df=41.20 Dr=77.56 MIA=60.92
  [34/36] gap=2.443091715052757 Df=0.00 Dr=80.00 MIA=60.74
  [35/36] gap=4.1829306361990355 Df=0.80 Dr=71.22 MIA=53.98
  [36/36] gap=3.969956920771684 Df=0.00 Dr=75.94 MIA=49.11
final test: unsir {'impair_epochs': 1, 'repair_epochs': 3, 'impair_lr': 0.01, 'repair_lr': 0.01}
  Df=0.00 Dr=78.84 MIA=60.17 time=4.27s KL=0.0009

scrub: 0/24 candidates complete
  [1/24] gap=28.183554972841353 Df=70.40 Dr=81.05 MIA=68.62
  [2/24] gap=27.701404757445214 Df=70.00 Dr=80.99 MIA=67.51
  [3/24] gap=28.66958856215271 Df=71.60 Dr=80.88 MIA=68.71
  [4/24] gap=28.360579384404065 Df=72.00 Dr=81.01 MIA=67.51
  [5/24] gap=28.167971530249115 Df=71.60 Dr=80.57 MIA=66.89
  [6/24] gap=27.80619341949178 Df=71.60 Dr=81.07 MIA=66.31
  [7/24] gap=27.18183180370856 Df=70.00 Dr=80.19 MIA=65.15
  [8/24] gap=27.141986639195853 Df=70.00 Dr=80.84 MIA=65.68
  [9/24] gap=26.652619092214525 Df=66.40 Dr=81.56 MIA=68.53
  [10/24] gap=28.89843291502778 Df=72.40 Dr=80.86 MIA=68.57
  [11/24] gap=28.944583879627896 Df=72.80 Dr=80.99 MIA=68.44
  [12/24] gap=28.509096584878563 Df=72.40 Dr=80.61 MIA=67.15
  [13/24] gap=28.811487794218646 Df=72.80 Dr=80.59 MIA=67.64
  [14/24] gap=28.912705250671156 Df=72.40 Dr=80.82 MIA=68.57
  [15/24] gap=28.15715801960417 Df=75.20 Dr=79.79 MIA=62.48
  [16/24] gap=27.31469064119373 Df=72.40 Dr=80.59 MIA=63.55
  [17/24] gap=24.16749703440095 Df=58.40 Dr=81.37 MIA=68.89
  [18/24] gap=28.876268964225506 Df=71.60 Dr=80.84 MIA=69.29
  [19/24] gap=27.539252044702504 Df=69.60 Dr=80.72 MIA=67.15
  [20/24] gap=29.101979147156147 Df=72.80 Dr=80.61 MIA=68.53
  [21/24] gap=27.265567834176192 Df=70.00 Dr=80.34 MIA=65.55
  [22/24] gap=30.074920397078102 Df=75.20 Dr=80.36 MIA=68.80
  [23/24] gap=24.260598114503342 Df=68.00 Dr=79.79 MIA=57.99
  [24/24] gap=28.36482487357183 Df=76.00 Dr=80.11 MIA=62.61
final test: scrub {'msteps': 3, 'lr': 0.0001, 'epochs': 5, 'max_grad_norm': 5.0}
  Df=60.40 Dr=79.79 MIA=68.43 time=5.52s KL=0.0007

mmu: 0/96 candidates complete
  [1/96] gap=27.94293563089217 Df=70.40 Dr=80.84 MIA=67.69
  [2/96] gap=25.309770868452272 Df=63.20 Dr=81.05 MIA=67.20
  [3/96] gap=27.811188112630322 Df=70.40 Dr=81.33 MIA=67.78
  [4/96] gap=25.613548105138292 Df=63.60 Dr=81.47 MIA=68.13
  [5/96] gap=27.83149154023849 Df=70.40 Dr=80.91 MIA=67.41
  [6/96] gap=25.46955110195417 Df=62.80 Dr=81.33 MIA=68.35
  [7/96] gap=28.549616032964973 Df=72.00 Dr=80.80 MIA=67.86
  [8/96] gap=25.688043953299616 Df=63.60 Dr=81.07 MIA=67.95
  [9/96] gap=28.557545108322405 Df=72.00 Dr=80.42 MIA=67.51
  [10/96] gap=13.158082037834797 Df=25.20 Dr=81.28 MIA=68.97
  [11/96] gap=28.218879940063687 Df=71.20 Dr=80.95 MIA=67.82
  [12/96] gap=16.088918024598858 Df=34.80 Dr=81.98 MIA=68.44
  [13/96] gap=27.66691640132359 Df=70.40 Dr=80.82 MIA=66.84
  [14/96] gap=15.474945370543793 Df=34.40 Dr=81.66 MIA=67.10
  [15/96] gap=27.75615908097646 Df=70.40 Dr=81.18 MIA=67.46
  [16/96] gap=20.162901916713498 Df=46.80 Dr=81.60 MIA=68.70
  [17/96] gap=28.00720484485234 Df=70.40 Dr=80.34 MIA=67.37
  [18/96] gap=5.795292501716928 Df=2.80 Dr=81.33 MIA=69.33
  [19/96] gap=28.081937940937753 Df=71.60 Dr=80.74 MIA=66.80
  [20/96] gap=10.377311606418179 Df=16.80 Dr=82.00 MIA=69.28
  [21/96] gap=28.548667041268647 Df=70.80 Dr=80.80 MIA=69.06
  [22/96] gap=9.357944683773491 Df=14.40 Dr=81.71 MIA=68.79
  [23/96] gap=28.23743522507335 Df=71.60 Dr=81.16 MIA=67.69
  [24/96] gap=16.572217019416865 Df=36.00 Dr=81.66 MIA=68.80
  [25/96] gap=26.10517575076481 Df=67.60 Dr=80.48 MIA=64.61
  [26/96] gap=1.2397202971842443 Df=0.00 Dr=80.99 MIA=58.12
  [27/96] gap=26.45855029031655 Df=66.40 Dr=79.56 MIA=65.95
  [28/96] gap=2.6721733158519023 Df=0.00 Dr=81.58 MIA=63.01
  [29/96] gap=26.722282574764307 Df=69.60 Dr=80.19 MIA=64.17
  [30/96] gap=2.3331460323406374 Df=1.20 Dr=81.58 MIA=60.79
  [31/96] gap=27.647487045014667 Df=71.60 Dr=80.13 MIA=64.88
  [32/96] gap=13.387638134482112 Df=30.40 Dr=81.66 MIA=64.84
  [33/96] gap=26.47377161765624 Df=66.80 Dr=81.52 MIA=67.55
  [34/96] gap=20.371005806330775 Df=48.00 Dr=81.56 MIA=68.09
  [35/96] gap=27.535243803458815 Df=69.20 Dr=81.22 MIA=68.04
  [36/96] gap=21.22032840107386 Df=50.80 Dr=81.45 MIA=67.73
  [37/96] gap=28.16091652619092 Df=71.20 Dr=81.03 MIA=67.73
  [38/96] gap=21.612636573640504 Df=50.80 Dr=81.43 MIA=68.88
  [39/96] gap=28.5324093151027 Df=71.60 Dr=81.07 MIA=68.49
  [40/96] gap=23.28962976837111 Df=56.00 Dr=81.56 MIA=68.84
  [41/96] gap=28.48368608353623 Df=72.40 Dr=80.91 MIA=67.37
  [42/96] gap=4.2442155210089245 Df=0.80 Dr=82.00 MIA=66.88
  [43/96] gap=28.425560342136475 Df=71.60 Dr=80.91 MIA=68.00
  [44/96] gap=6.50386464381594 Df=5.60 Dr=81.98 MIA=68.88
  [45/96] gap=28.483486295810696 Df=71.60 Dr=80.86 MIA=68.13
  [46/96] gap=5.6400324655054 Df=3.20 Dr=81.71 MIA=68.84
  [47/96] gap=28.344995941811817 Df=72.40 Dr=80.53 MIA=66.58
  [48/96] gap=10.633988886807769 Df=18.80 Dr=82.11 MIA=67.95
  [49/96] gap=28.206118499094703 Df=71.60 Dr=80.76 MIA=67.19
  [50/96] gap=3.1268027720546905 Df=0.00 Dr=81.64 MIA=64.44
  [51/96] gap=28.430992070924635 Df=72.40 Dr=80.80 MIA=67.11
  [52/96] gap=3.8908035212586634 Df=0.00 Dr=81.71 MIA=66.79
  [53/96] gap=28.991446588000247 Df=72.40 Dr=80.72 MIA=68.71
  [54/96] gap=3.686420678029594 Df=0.00 Dr=81.43 MIA=65.91
  [55/96] gap=28.66780295935568 Df=72.80 Dr=80.76 MIA=67.38
  [56/96] gap=4.848635824436533 Df=2.40 Dr=81.77 MIA=67.33
  [57/96] gap=25.79842667166136 Df=68.40 Dr=79.94 MIA=62.35
  [58/96] gap=0.5564712492976227 Df=0.00 Dr=81.09 MIA=54.19
  [59/96] gap=23.82562277580071 Df=62.80 Dr=79.77 MIA=61.86
  [60/96] gap=0.9007055004058179 Df=0.00 Dr=81.24 MIA=53.01
  [61/96] gap=26.559493038646433 Df=70.80 Dr=80.63 MIA=62.93
  [62/96] gap=0.37965911219329723 Df=0.00 Dr=81.03 MIA=55.59
  [63/96] gap=26.553224698757564 Df=69.60 Dr=79.81 MIA=63.29
  [64/96] gap=0.5540238496597354 Df=0.00 Dr=81.18 MIA=56.26
  [65/96] gap=24.521308609602297 Df=60.40 Dr=81.28 MIA=67.86
  [66/96] gap=15.67103702316289 Df=33.60 Dr=81.39 MIA=68.22
  [67/96] gap=26.309633514390963 Df=65.60 Dr=81.47 MIA=68.22
  [68/96] gap=17.018168196291438 Df=38.00 Dr=81.79 MIA=68.22
  [69/96] gap=28.08463507523256 Df=70.40 Dr=80.91 MIA=68.17
  [70/96] gap=17.08473496909534 Df=38.00 Dr=81.73 MIA=68.40
  [71/96] gap=27.34168695760754 Df=69.20 Dr=81.18 MIA=67.42
  [72/96] gap=19.543572454267338 Df=44.40 Dr=81.81 MIA=69.37
  [73/96] gap=27.127714303552477 Df=68.40 Dr=80.88 MIA=67.28
  [74/96] gap=3.639083473809073 Df=0.00 Dr=81.31 MIA=65.64
  [75/96] gap=27.4769682212649 Df=68.80 Dr=80.99 MIA=68.04
  [76/96] gap=4.1194480864081955 Df=0.00 Dr=81.64 MIA=67.42
  [77/96] gap=28.545020915277508 Df=72.40 Dr=80.63 MIA=67.28
  [78/96] gap=3.7350689891989717 Df=0.00 Dr=81.85 MIA=66.30
  [79/96] gap=27.887944059436848 Df=70.80 Dr=81.05 MIA=67.33
  [80/96] gap=5.305213210963347 Df=2.00 Dr=81.89 MIA=68.97
  [81/96] gap=26.951838671411622 Df=67.60 Dr=80.57 MIA=67.24
  [82/96] gap=1.1786227133670455 Df=0.00 Dr=80.86 MIA=57.81
  [83/96] gap=27.932034713117314 Df=70.80 Dr=80.69 MIA=67.11
  [84/96] gap=2.7684335393644255 Df=0.00 Dr=81.12 MIA=62.84
  [85/96] gap=28.60568146344509 Df=72.80 Dr=80.72 MIA=67.15
  [86/96] gap=2.1375663357682435 Df=0.00 Dr=81.41 MIA=61.24
  [87/96] gap=28.01989136542423 Df=70.40 Dr=81.01 MIA=68.09
  [88/96] gap=4.058275582193922 Df=0.00 Dr=81.60 MIA=67.19
  [89/96] gap=25.532708996691014 Df=68.40 Dr=80.34 MIA=61.95
  [90/96] gap=2.2419054754323517 Df=0.00 Dr=79.60 MIA=50.63
  [91/96] gap=19.548492227008804 Df=52.40 Dr=79.26 MIA=58.92
  [92/96] gap=1.8572891302990608 Df=0.00 Dr=80.04 MIA=51.34
  [93/96] gap=26.330174189923202 Df=70.40 Dr=80.25 MIA=62.26
  [94/96] gap=0.9960916526190928 Df=0.00 Dr=80.69 MIA=53.27
  [95/96] gap=26.55993007429605 Df=69.20 Dr=79.07 MIA=62.97
  [96/96] gap=0.9894362240119889 Df=0.00 Dr=80.44 MIA=53.54
final test: mmu {'msteps': 3, 'lr': 0.0005, 'epochs': 10, 'head_mode': 'independent', 'weighting': 'normalised', 'max_grad_norm': 5.0}
  Df=0.00 Dr=80.14 MIA=66.04 time=11.50s KL=0.0007

salun: 0/45 candidates complete
  [1/45] gap=16.075794468377346 Df=34.00 Dr=79.24 MIA=66.88
  [2/45] gap=16.564962227633142 Df=33.60 Dr=78.88 MIA=68.39
  [3/45] gap=16.66185927452082 Df=32.80 Dr=78.11 MIA=68.71
  [4/45] gap=14.808116376350128 Df=27.60 Dr=76.38 MIA=66.62
  [5/45] gap=13.587425860023727 Df=24.00 Dr=74.97 MIA=65.15
  [6/45] gap=6.958781294874194 Df=6.80 Dr=73.83 MIA=61.32
  [7/45] gap=2.986014859212086 Df=0.00 Dr=74.42 MIA=56.79
  [8/45] gap=1.801398514078791 Df=0.00 Dr=76.86 MIA=55.68
  [9/45] gap=2.4842479865143283 Df=0.00 Dr=77.47 MIA=58.34
  [10/45] gap=16.127377161765622 Df=34.40 Dr=79.26 MIA=66.66
  [11/45] gap=16.794281076356366 Df=34.00 Dr=78.86 MIA=68.66
  [12/45] gap=15.579846413185985 Df=32.80 Dr=78.02 MIA=65.38
  [13/45] gap=14.792258225635264 Df=28.00 Dr=75.94 MIA=65.73
  [14/45] gap=12.88324904788662 Df=22.00 Dr=74.86 MIA=64.93
  [15/45] gap=7.843940812886305 Df=8.00 Dr=74.78 MIA=63.73
  [16/45] gap=3.685271898607727 Df=0.80 Dr=76.19 MIA=59.86
  [17/45] gap=2.5734157457701152 Df=0.00 Dr=77.92 MIA=59.05
  [18/45] gap=2.7548354872947436 Df=0.00 Dr=77.60 MIA=59.28
  [19/45] gap=16.326128488480986 Df=34.40 Dr=79.20 MIA=67.19
  [20/45] gap=16.703964537678715 Df=33.60 Dr=78.78 MIA=68.71
  [21/45] gap=15.266079790222888 Df=32.00 Dr=77.89 MIA=65.11
  [22/45] gap=15.037397764874823 Df=29.20 Dr=75.60 MIA=64.93
  [23/45] gap=12.75784478991072 Df=22.80 Dr=75.28 MIA=64.17
  [24/45] gap=7.258387962789534 Df=7.60 Dr=75.87 MIA=63.46
  [25/45] gap=3.2628332396828363 Df=0.00 Dr=76.61 MIA=59.81
  [26/45] gap=3.7652868826871457 Df=0.40 Dr=77.05 MIA=61.36
  [27/45] gap=2.514728101392271 Df=0.80 Dr=77.75 MIA=57.91
  [28/45] gap=16.33382031591434 Df=34.40 Dr=79.22 MIA=67.24
  [29/45] gap=16.557270400199787 Df=33.20 Dr=78.86 MIA=68.75
  [30/45] gap=15.250458887432103 Df=31.60 Dr=77.85 MIA=65.42
  [31/45] gap=14.844552662795783 Df=28.40 Dr=75.56 MIA=65.11
  [32/45] gap=12.46584254229881 Df=22.40 Dr=75.49 MIA=63.91
  [33/45] gap=8.161391022039082 Df=10.40 Dr=76.23 MIA=63.73
  [34/45] gap=2.892763938315541 Df=0.80 Dr=76.97 MIA=58.26
  [35/45] gap=3.81016420053693 Df=1.20 Dr=77.41 MIA=61.06
  [36/45] gap=2.204495223824684 Df=0.00 Dr=77.92 MIA=57.94
  [37/45] gap=16.41874258600237 Df=34.80 Dr=79.37 MIA=67.24
  [38/45] gap=16.56587375913092 Df=33.20 Dr=78.93 MIA=68.84
  [39/45] gap=16.50814759318224 Df=32.00 Dr=77.81 MIA=68.75
  [40/45] gap=14.665467940313412 Df=28.00 Dr=75.92 MIA=65.33
  [41/45] gap=12.588986701629521 Df=22.00 Dr=76.15 MIA=65.33
  [42/45] gap=8.920596865830058 Df=12.80 Dr=76.88 MIA=64.26
  [43/45] gap=3.9855278766310787 Df=1.60 Dr=77.37 MIA=61.14
  [44/45] gap=3.3723793469438696 Df=0.80 Dr=78.15 MIA=60.88
  [45/45] gap=3.0826371979771494 Df=0.00 Dr=78.08 MIA=60.75
final test: salun {'sparsity': 0.9, 'lr': 0.0001, 'epochs': 3}
  Df=31.60 Dr=77.37 MIA=66.14 time=6.14s KL=0.0007

uniclun: 0/27 candidates complete
  [1/27] gap=17.07791721296123 Df=35.60 Dr=79.39 MIA=68.44
  [2/27] gap=17.07791721296123 Df=35.60 Dr=79.39 MIA=68.44
  [3/27] gap=17.07791721296123 Df=35.60 Dr=79.39 MIA=68.44
  [4/27] gap=16.250558781294874 Df=33.20 Dr=78.67 MIA=67.64
  [5/27] gap=16.250558781294874 Df=33.20 Dr=78.67 MIA=67.64
  [6/27] gap=16.250558781294874 Df=33.20 Dr=78.67 MIA=67.64
  [7/27] gap=15.362065305612782 Df=32.80 Dr=77.87 MIA=64.58
  [8/27] gap=15.362065305612782 Df=32.80 Dr=77.87 MIA=64.58
  [9/27] gap=15.362065305612782 Df=32.80 Dr=77.87 MIA=64.58
  [10/27] gap=16.073496909533617 Df=31.60 Dr=77.16 MIA=67.19
  [11/27] gap=16.073496909533617 Df=31.60 Dr=77.16 MIA=67.19
  [12/27] gap=16.073496909533617 Df=31.60 Dr=77.16 MIA=67.19
  [13/27] gap=13.245426734095025 Df=22.80 Dr=76.44 MIA=66.79
  [14/27] gap=13.245426734095025 Df=22.80 Dr=76.44 MIA=66.79
  [15/27] gap=13.245426734095025 Df=22.80 Dr=76.44 MIA=66.79
  [16/27] gap=10.447050009365048 Df=15.20 Dr=77.28 MIA=66.84
  [17/27] gap=10.447050009365048 Df=15.20 Dr=77.28 MIA=66.84
  [18/27] gap=10.447050009365048 Df=15.20 Dr=77.28 MIA=66.84
  [19/27] gap=6.331997252918772 Df=2.80 Dr=77.94 MIA=67.55
  [20/27] gap=6.331997252918772 Df=2.80 Dr=77.94 MIA=67.55
  [21/27] gap=6.331997252918772 Df=2.80 Dr=77.94 MIA=67.55
  [22/27] gap=5.201897983392648 Df=2.00 Dr=78.57 MIA=65.59
  [23/27] gap=5.201897983392648 Df=2.00 Dr=78.57 MIA=65.59
  [24/27] gap=5.201897983392648 Df=2.00 Dr=78.57 MIA=65.59
  [25/27] gap=3.9394143722295047 Df=2.00 Dr=79.20 MIA=62.43
  [26/27] gap=3.9394143722295047 Df=2.00 Dr=79.20 MIA=62.43
  [27/27] gap=3.9394143722295047 Df=2.00 Dr=79.20 MIA=62.43
final test: uniclun {'lr': 0.0001, 'epochs': 3, 'buffer_size': 250}
  Df=34.40 Dr=77.69 MIA=67.25 time=5.05s KL=0.0007

