training one shared source (150 epochs)
Epoch 10/150: Train Loss=0.8202, Train Acc=0.7322, Val Acc=0.6984
Epoch 20/150: Train Loss=0.4558, Train Acc=0.8477, Val Acc=0.7488
Epoch 30/150: Train Loss=0.1223, Train Acc=0.9581, Val Acc=0.7984
Epoch 40/150: Train Loss=0.0598, Train Acc=0.9805, Val Acc=0.7942
Epoch 50/150: Train Loss=0.0369, Train Acc=0.9887, Val Acc=0.8030
Epoch 60/150: Train Loss=0.0317, Train Acc=0.9903, Val Acc=0.8030
Early stopping at epoch 69
training same-recipe retain-only reference (150 epochs)
Epoch 10/150: Train Loss=0.8576, Train Acc=0.7161, Val Acc=0.6446
Epoch 20/150: Train Loss=0.4687, Train Acc=0.8450, Val Acc=0.7424
Epoch 30/150: Train Loss=0.1313, Train Acc=0.9558, Val Acc=0.7808
Epoch 40/150: Train Loss=0.0585, Train Acc=0.9811, Val Acc=0.7878
Epoch 50/150: Train Loss=0.0327, Train Acc=0.9899, Val Acc=0.7914
Epoch 60/150: Train Loss=0.0272, Train Acc=0.9924, Val Acc=0.7918
Early stopping at epoch 60
final test: baseline {}
  Df=99.39 Dr=78.99 MIA=63.42 time=0.00s KL=0.0013
final test: retrain {}
  Df=78.16 Dr=78.47 MIA=48.73 time=397.61s KL=0.0000

finetune: 0/12 candidates complete
  [1/12] gap=11.045119047619048 Df=99.29 Dr=80.12 MIA=62.77
  [2/12] gap=10.408333333333337 Df=99.11 Dr=80.04 MIA=61.12
  [3/12] gap=10.821309523809525 Df=99.29 Dr=80.52 MIA=61.70
  [4/12] gap=10.354999999999999 Df=99.02 Dr=79.88 MIA=61.21
  [5/12] gap=8.170952380952384 Df=93.04 Dr=75.82 MIA=57.46
  [6/12] gap=7.719523809523807 Df=91.96 Dr=76.46 MIA=57.81
  [7/12] gap=6.256547619047619 Df=89.29 Dr=76.34 MIA=55.98
  [8/12] gap=6.57904761904761 Df=88.93 Dr=75.06 MIA=56.03
  [9/12] gap=15.519166666666669 Df=57.32 Dr=56.32 MIA=50.54
  [10/12] gap=9.27511904761905 Df=66.25 Dr=65.32 MIA=49.64
  [11/12] gap=8.747857142857145 Df=67.23 Dr=66.50 MIA=50.31
  [12/12] gap=5.928928571428574 Df=71.61 Dr=70.18 MIA=49.91
final test: finetune {'lr': 0.0001, 'epochs': 10}
  Df=99.39 Dr=78.81 MIA=62.37 time=50.49s KL=0.0014

ssd: 0/25 candidates complete
  [1/25] gap=49.991904761904756 Df=5.00 Dr=5.00 MIA=50.31
  [2/25] gap=50.02166666666667 Df=5.00 Dr=5.00 MIA=50.40
  [3/25] gap=48.91678571428571 Df=6.34 Dr=7.02 MIA=50.45
  [4/25] gap=11.178452380952379 Df=99.55 Dr=80.52 MIA=62.50
  [5/25] gap=11.200000000000001 Df=99.55 Dr=80.54 MIA=62.54
  [6/25] gap=10.397142857142859 Df=99.11 Dr=79.56 MIA=61.56
  [7/25] gap=10.374047619047618 Df=99.11 Dr=79.58 MIA=61.47
  [8/25] gap=10.435119047619052 Df=99.11 Dr=79.54 MIA=61.70
  [9/25] gap=11.178452380952379 Df=99.55 Dr=80.52 MIA=62.50
  [10/25] gap=11.200000000000001 Df=99.55 Dr=80.54 MIA=62.54
  [11/25] gap=11.018333333333336 Df=99.46 Dr=80.62 MIA=62.01
  [12/25] gap=11.018333333333336 Df=99.46 Dr=80.62 MIA=62.01
  [13/25] gap=11.049642857142858 Df=99.46 Dr=80.58 MIA=62.14
  [14/25] gap=11.00190476190476 Df=99.55 Dr=80.66 MIA=61.83
  [15/25] gap=11.200000000000001 Df=99.55 Dr=80.54 MIA=62.54
  [16/25] gap=11.286190476190471 Df=99.64 Dr=80.62 MIA=62.63
  [17/25] gap=11.286190476190471 Df=99.64 Dr=80.62 MIA=62.63
  [18/25] gap=11.286190476190471 Df=99.64 Dr=80.62 MIA=62.63
  [19/25] gap=11.286190476190471 Df=99.64 Dr=80.62 MIA=62.63
  [20/25] gap=11.292857142857137 Df=99.64 Dr=80.64 MIA=62.63
  [21/25] gap=11.307738095238093 Df=99.64 Dr=80.64 MIA=62.68
  [22/25] gap=11.307738095238093 Df=99.64 Dr=80.64 MIA=62.68
  [23/25] gap=11.307738095238093 Df=99.64 Dr=80.64 MIA=62.68
  [24/25] gap=11.307738095238093 Df=99.64 Dr=80.64 MIA=62.68
  [25/25] gap=11.307738095238093 Df=99.64 Dr=80.64 MIA=62.68
final test: ssd {'alpha': 5.0, 'dampening_constant': 0.5}
  Df=99.21 Dr=77.72 MIA=63.29 time=7.25s KL=0.0012

badteacher: 0/36 candidates complete
  [1/36] gap=11.147738095238092 Df=99.64 Dr=80.16 MIA=62.68
  [2/36] gap=9.613690476190476 Df=73.48 Dr=62.34 MIA=55.00
  [3/36] gap=17.988809523809525 Df=57.95 Dr=50.92 MIA=53.17
  [4/36] gap=9.327142857142853 Df=94.64 Dr=76.28 MIA=59.78
  [5/36] gap=18.243809523809524 Df=58.39 Dr=50.78 MIA=54.24
  [6/36] gap=6.881190476190473 Df=82.05 Dr=67.10 MIA=55.85
  [7/36] gap=8.006547619047614 Df=86.70 Dr=69.84 MIA=57.32
  [8/36] gap=18.173928571428572 Df=58.13 Dr=50.32 MIA=53.30
  [9/36] gap=7.4008333333333285 Df=87.59 Dr=71.30 MIA=56.07
  [10/36] gap=12.625476190476194 Df=67.95 Dr=58.26 MIA=54.42
  [11/36] gap=13.870476190476197 Df=66.61 Dr=56.40 MIA=54.96
  [12/36] gap=7.863095238095229 Df=90.89 Dr=73.44 MIA=56.29
  [13/36] gap=10.414047619047622 Df=99.02 Dr=79.70 MIA=61.56
  [14/36] gap=11.649166666666668 Df=69.82 Dr=59.18 MIA=54.29
  [15/36] gap=7.845357142857137 Df=86.43 Dr=69.52 MIA=56.79
  [16/36] gap=7.37285714285714 Df=85.00 Dr=70.00 MIA=57.28
  [17/36] gap=6.839285714285711 Df=79.82 Dr=65.44 MIA=56.12
  [18/36] gap=8.803928571428566 Df=93.04 Dr=74.68 MIA=58.21
  [19/36] gap=8.679523809523808 Df=75.62 Dr=63.58 MIA=55.58
  [20/36] gap=9.143452380952377 Df=90.18 Dr=71.34 MIA=58.75
  [21/36] gap=8.563928571428567 Df=92.95 Dr=75.40 MIA=58.30
  [22/36] gap=12.56547619047619 Df=69.64 Dr=58.44 MIA=56.12
  [23/36] gap=10.063214285714283 Df=95.54 Dr=74.92 MIA=59.73
  [24/36] gap=8.098571428571427 Df=92.59 Dr=75.68 MIA=57.54
  [25/36] gap=10.097738095238087 Df=97.77 Dr=78.12 MIA=60.80
  [26/36] gap=8.50285714285714 Df=90.36 Dr=72.86 MIA=58.17
  [27/36] gap=7.635833333333328 Df=89.82 Dr=73.72 MIA=56.96
  [28/36] gap=8.804761904761897 Df=91.34 Dr=73.74 MIA=58.97
  [29/36] gap=10.659047619047621 Df=98.57 Dr=77.82 MIA=61.38
  [30/36] gap=7.6752380952380905 Df=91.96 Dr=75.70 MIA=56.92
  [31/36] gap=9.181904761904754 Df=91.61 Dr=73.68 MIA=59.78
  [32/36] gap=10.462023809523807 Df=98.66 Dr=77.92 MIA=60.80
  [33/36] gap=7.841309523809521 Df=90.98 Dr=74.80 MIA=57.50
  [34/36] gap=9.789880952380953 Df=95.80 Dr=75.74 MIA=59.46
  [35/36] gap=10.035714285714285 Df=98.12 Dr=78.44 MIA=60.58
  [36/36] gap=6.2986904761904725 Df=84.46 Dr=71.66 MIA=56.25
final test: badteacher {'temperature': 4.0, 'epochs': 1, 'lr': 0.0001}
  Df=97.46 Dr=76.99 MIA=61.58 time=1.26s KL=0.0012

unsir: 0/36 candidates complete
  [1/36] gap=10.147619047619044 Df=98.21 Dr=78.64 MIA=61.03
  [2/36] gap=10.100833333333329 Df=97.68 Dr=78.20 MIA=60.98
  [3/36] gap=8.370833333333328 Df=91.88 Dr=74.64 MIA=58.04
  [4/36] gap=9.151190476190473 Df=95.27 Dr=76.54 MIA=58.88
  [5/36] gap=13.638928571428574 Df=63.04 Dr=58.30 MIA=52.59
  [6/36] gap=8.980952380952381 Df=72.23 Dr=64.64 MIA=54.15
  [7/36] gap=10.421071428571423 Df=98.66 Dr=78.40 MIA=61.16
  [8/36] gap=10.229166666666664 Df=98.48 Dr=78.44 MIA=60.80
  [9/36] gap=8.66964285714286 Df=93.21 Dr=75.44 MIA=58.39
  [10/36] gap=9.587619047619043 Df=96.96 Dr=77.82 MIA=59.78
  [11/36] gap=11.612500000000004 Df=66.16 Dr=60.54 MIA=51.88
  [12/36] gap=6.060357142857147 Df=76.43 Dr=68.00 MIA=52.95
  [13/36] gap=10.385238095238092 Df=98.66 Dr=78.82 MIA=61.47
  [14/36] gap=10.249285714285714 Df=98.93 Dr=78.96 MIA=60.94
  [15/36] gap=8.857023809523808 Df=93.75 Dr=75.86 MIA=58.84
  [16/36] gap=9.693452380952378 Df=97.32 Dr=78.44 MIA=60.36
  [17/36] gap=11.215119047619046 Df=67.59 Dr=62.00 MIA=53.57
  [18/36] gap=5.60702380952381 Df=77.95 Dr=69.36 MIA=54.46
  [19/36] gap=10.017142857142858 Df=97.68 Dr=77.96 MIA=60.49
  [20/36] gap=10.295357142857133 Df=98.30 Dr=78.42 MIA=61.16
  [21/36] gap=8.10309523809523 Df=91.61 Dr=75.22 MIA=58.08
  [22/36] gap=9.226190476190473 Df=95.18 Dr=76.94 MIA=59.60
  [23/36] gap=8.999285714285719 Df=72.32 Dr=63.96 MIA=53.62
  [24/36] gap=4.78773809523809 Df=80.89 Dr=70.30 MIA=53.93
  [25/36] gap=10.135238095238089 Df=97.95 Dr=78.32 MIA=60.94
  [26/36] gap=10.312261904761897 Df=98.21 Dr=78.28 MIA=61.16
  [27/36] gap=8.728690476190474 Df=93.30 Dr=75.62 MIA=58.66
  [28/36] gap=9.635357142857137 Df=96.96 Dr=77.90 MIA=60.00
  [29/36] gap=7.467023809523809 Df=75.18 Dr=66.28 MIA=54.20
  [30/36] gap=4.996428571428562 Df=82.23 Dr=72.04 MIA=54.96
  [31/36] gap=10.156309523809519 Df=98.21 Dr=78.48 MIA=60.89
  [32/36] gap=10.019880952380953 Df=98.48 Dr=78.80 MIA=60.54
  [33/36] gap=8.89452380952381 Df=93.75 Dr=76.06 MIA=59.15
  [34/36] gap=9.544047619047623 Df=97.23 Dr=78.04 MIA=59.60
  [35/36] gap=6.705833333333338 Df=75.89 Dr=67.76 MIA=54.11
  [36/36] gap=5.726904761904758 Df=85.00 Dr=73.42 MIA=55.76
final test: unsir {'impair_epochs': 2, 'repair_epochs': 2, 'impair_lr': 0.01, 'repair_lr': 0.01}
  Df=97.19 Dr=76.71 MIA=59.65 time=6.45s KL=0.0011

scrub: 0/24 candidates complete
  [1/24] gap=11.16464285714286 Df=99.55 Dr=80.30 MIA=62.68
  [2/24] gap=11.24976190476191 Df=99.55 Dr=80.60 MIA=62.63
  [3/24] gap=11.155357142857147 Df=99.46 Dr=80.54 MIA=62.50
  [4/24] gap=11.135357142857137 Df=99.64 Dr=80.48 MIA=62.32
  [5/24] gap=10.951190476190476 Df=99.38 Dr=80.24 MIA=62.28
  [6/24] gap=11.042499999999999 Df=99.55 Dr=80.38 MIA=62.23
  [7/24] gap=8.231904761904756 Df=94.91 Dr=77.78 MIA=57.72
  [8/24] gap=8.839047619047614 Df=96.07 Dr=78.28 MIA=58.88
  [9/24] gap=10.995833333333332 Df=99.55 Dr=80.24 MIA=62.23
  [10/24] gap=11.07845238095238 Df=99.55 Dr=80.22 MIA=62.50
  [11/24] gap=10.921428571428569 Df=99.55 Dr=80.24 MIA=62.01
  [12/24] gap=11.087142857142853 Df=99.55 Dr=80.38 MIA=62.37
  [13/24] gap=10.929642857142857 Df=99.38 Dr=80.22 MIA=62.23
  [14/24] gap=11.102500000000001 Df=99.46 Dr=80.56 MIA=62.32
  [15/24] gap=6.389523809523806 Df=76.61 Dr=66.70 MIA=52.81
  [16/24] gap=7.287499999999994 Df=91.70 Dr=76.64 MIA=56.96
  [17/24] gap=10.952261904761905 Df=99.46 Dr=80.02 MIA=62.41
  [18/24] gap=11.084047619047611 Df=99.64 Dr=80.46 MIA=62.19
  [19/24] gap=10.930119047619051 Df=99.46 Dr=80.40 MIA=61.96
  [20/24] gap=11.036785714285715 Df=99.46 Dr=80.72 MIA=61.96
  [21/24] gap=10.974761904761905 Df=99.55 Dr=80.40 MIA=62.01
  [22/24] gap=10.948571428571427 Df=99.38 Dr=80.50 MIA=62.01
  [23/24] gap=24.90095238095238 Df=43.21 Dr=41.88 MIA=49.24
  [24/24] gap=6.908809523809519 Df=88.39 Dr=74.16 MIA=56.65
final test: scrub {'msteps': 1, 'lr': 0.005, 'epochs': 5, 'max_grad_norm': 5.0}
  Df=95.00 Dr=76.22 MIA=59.78 time=5.59s KL=0.0028

mmu: 0/96 candidates complete
  [1/96] gap=10.79107142857143 Df=99.55 Dr=80.34 MIA=61.52
  [2/96] gap=10.966547619047619 Df=99.55 Dr=80.42 MIA=61.96
  [3/96] gap=10.974285714285712 Df=99.55 Dr=80.22 MIA=62.19
  [4/96] gap=11.063571428571423 Df=99.64 Dr=80.22 MIA=62.37
  [5/96] gap=11.055833333333332 Df=99.64 Dr=80.42 MIA=62.14
  [6/96] gap=11.177380952380945 Df=99.64 Dr=80.74 MIA=62.19
  [7/96] gap=10.991190476190475 Df=99.46 Dr=80.36 MIA=62.19
  [8/96] gap=11.076904761904759 Df=99.46 Dr=80.26 MIA=62.54
  [9/96] gap=10.866547619047621 Df=99.55 Dr=80.12 MIA=61.96
  [10/96] gap=10.704404761904762 Df=99.55 Dr=80.08 MIA=61.52
  [11/96] gap=11.155357142857143 Df=99.55 Dr=80.54 MIA=62.41
  [12/96] gap=11.01892857142857 Df=99.64 Dr=80.22 MIA=62.23
  [13/96] gap=10.925476190476184 Df=99.64 Dr=80.52 MIA=61.65
  [14/96] gap=11.01678571428571 Df=99.55 Dr=80.66 MIA=61.87
  [15/96] gap=10.996309523809524 Df=99.55 Dr=80.42 MIA=62.05
  [16/96] gap=10.919880952380952 Df=99.55 Dr=80.28 MIA=61.96
  [17/96] gap=10.832738095238094 Df=99.38 Dr=79.84 MIA=62.32
  [18/96] gap=10.901428571428566 Df=99.64 Dr=80.18 MIA=61.92
  [19/96] gap=10.939880952380953 Df=99.55 Dr=80.34 MIA=61.96
  [20/96] gap=10.782380952380947 Df=99.64 Dr=80.18 MIA=61.56
  [21/96] gap=10.923452380952382 Df=99.46 Dr=80.38 MIA=61.96
  [22/96] gap=10.964999999999996 Df=99.55 Dr=80.46 MIA=61.92
  [23/96] gap=10.930119047619051 Df=99.46 Dr=80.40 MIA=61.96
  [24/96] gap=10.888571428571426 Df=99.64 Dr=80.32 MIA=61.74
  [25/96] gap=8.321071428571427 Df=94.20 Dr=77.20 MIA=58.13
  [26/96] gap=9.915238095238093 Df=98.30 Dr=78.98 MIA=60.58
  [27/96] gap=6.380595238095235 Df=86.43 Dr=73.20 MIA=56.07
  [28/96] gap=8.432619047619044 Df=94.64 Dr=78.16 MIA=58.97
  [29/96] gap=8.610833333333332 Df=96.16 Dr=78.92 MIA=58.75
  [30/96] gap=10.187738095238101 Df=99.02 Dr=79.78 MIA=60.80
  [31/96] gap=7.929523809523808 Df=93.12 Dr=77.08 MIA=57.90
  [32/96] gap=9.08452380952381 Df=97.05 Dr=79.24 MIA=59.60
  [33/96] gap=10.896785714285718 Df=99.64 Dr=80.30 MIA=61.79
  [34/96] gap=11.103571428571426 Df=99.64 Dr=80.34 MIA=62.37
  [35/96] gap=10.856785714285708 Df=99.55 Dr=80.18 MIA=61.87
  [36/96] gap=11.011309523809524 Df=99.73 Dr=79.84 MIA=62.50
  [37/96] gap=11.058928571428572 Df=99.64 Dr=80.34 MIA=62.23
  [38/96] gap=11.029166666666667 Df=99.64 Dr=80.34 MIA=62.14
  [39/96] gap=10.97833333333333 Df=99.64 Dr=80.50 MIA=61.83
  [40/96] gap=11.158452380952376 Df=99.64 Dr=80.46 MIA=62.41
  [41/96] gap=11.020476190476186 Df=99.38 Dr=80.18 MIA=62.54
  [42/96] gap=10.916309523809522 Df=99.73 Dr=80.18 MIA=61.88
  [43/96] gap=10.976309523809524 Df=99.55 Dr=80.36 MIA=62.05
  [44/96] gap=10.749047619047618 Df=99.46 Dr=80.08 MIA=61.74
  [45/96] gap=10.70952380952381 Df=99.46 Dr=80.14 MIA=61.56
  [46/96] gap=10.979880952380947 Df=99.64 Dr=80.46 MIA=61.88
  [47/96] gap=10.93833333333333 Df=99.55 Dr=80.38 MIA=61.92
  [48/96] gap=11.11535714285714 Df=99.64 Dr=80.42 MIA=62.32
  [49/96] gap=10.861904761904759 Df=99.55 Dr=80.24 MIA=61.83
  [50/96] gap=10.83785714285714 Df=99.64 Dr=79.90 MIA=62.01
  [51/96] gap=10.802857142857144 Df=99.46 Dr=80.42 MIA=61.56
  [52/96] gap=10.816785714285714 Df=99.64 Dr=80.06 MIA=61.79
  [53/96] gap=10.931190476190473 Df=99.55 Dr=80.18 MIA=62.10
  [54/96] gap=11.0225 Df=99.64 Dr=80.32 MIA=62.14
  [55/96] gap=10.943928571428577 Df=99.46 Dr=80.62 MIA=61.79
  [56/96] gap=11.043571428571424 Df=99.64 Dr=80.16 MIA=62.37
  [57/96] gap=6.479523809523805 Df=85.98 Dr=72.68 MIA=56.29
  [58/96] gap=41.084761904761905 Df=17.68 Dr=19.40 MIA=50.67
  [59/96] gap=46.836666666666666 Df=9.38 Dr=10.18 MIA=48.97
  [60/96] gap=34.47380952380953 Df=28.66 Dr=28.34 MIA=50.76
  [61/96] gap=9.1725 Df=95.89 Dr=77.86 MIA=59.64
  [62/96] gap=8.791309523809518 Df=95.00 Dr=78.20 MIA=59.73
  [63/96] gap=40.2925 Df=19.38 Dr=19.50 MIA=50.09
  [64/96] gap=8.69428571428571 Df=94.73 Dr=78.00 MIA=59.51
  [65/96] gap=10.936785714285714 Df=99.55 Dr=80.42 MIA=61.88
  [66/96] gap=11.057380952380953 Df=99.73 Dr=80.38 MIA=62.10
  [67/96] gap=10.82904761904762 Df=99.64 Dr=80.32 MIA=61.56
  [68/96] gap=11.09797619047619 Df=99.64 Dr=80.10 MIA=62.59
  [69/96] gap=10.977857142857147 Df=99.55 Dr=80.32 MIA=62.10
  [70/96] gap=10.977380952380953 Df=99.46 Dr=80.14 MIA=62.37
  [71/96] gap=10.994761904761901 Df=99.55 Dr=80.46 MIA=62.01
  [72/96] gap=10.987619047619042 Df=99.64 Dr=80.26 MIA=62.10
  [73/96] gap=10.899880952380954 Df=99.46 Dr=80.22 MIA=62.05
  [74/96] gap=10.365833333333336 Df=99.38 Dr=79.60 MIA=61.16
  [75/96] gap=10.928095238095233 Df=99.55 Dr=80.26 MIA=62.01
  [76/96] gap=10.496190476190478 Df=99.46 Dr=79.50 MIA=61.56
  [77/96] gap=10.888571428571431 Df=99.64 Dr=80.32 MIA=61.74
  [78/96] gap=10.858333333333329 Df=99.64 Dr=80.14 MIA=61.83
  [79/96] gap=10.827023809523808 Df=99.46 Dr=80.18 MIA=61.88
  [80/96] gap=10.789047619047617 Df=99.38 Dr=80.20 MIA=61.83
  [81/96] gap=10.756190476190476 Df=99.55 Dr=80.28 MIA=61.47
  [82/96] gap=9.908095238095243 Df=99.02 Dr=79.18 MIA=60.04
  [83/96] gap=10.562857142857146 Df=99.46 Dr=79.70 MIA=61.56
  [84/96] gap=10.66392857142857 Df=99.20 Dr=79.78 MIA=62.05
  [85/96] gap=10.826547619047622 Df=99.46 Dr=80.00 MIA=62.05
  [86/96] gap=10.908571428571426 Df=99.55 Dr=80.38 MIA=61.83
  [87/96] gap=10.762857142857149 Df=99.46 Dr=80.30 MIA=61.56
  [88/96] gap=10.898333333333332 Df=99.55 Dr=80.26 MIA=61.92
  [89/96] gap=17.433333333333334 Df=57.95 Dr=52.14 MIA=52.72
  [90/96] gap=47.48357142857143 Df=8.04 Dr=9.40 MIA=50.22
  [91/96] gap=48.175952380952374 Df=8.04 Dr=7.68 MIA=50.58
  [92/96] gap=46.0927380952381 Df=11.07 Dr=10.76 MIA=50.45
  [93/96] gap=8.42428571428571 Df=94.11 Dr=77.56 MIA=58.88
  [94/96] gap=28.97214285714286 Df=36.34 Dr=36.72 MIA=50.31
  [95/96] gap=47.39369047619048 Df=9.11 Dr=9.00 MIA=50.62
  [96/96] gap=12.534285714285714 Df=64.91 Dr=58.98 MIA=51.83
final test: mmu {'msteps': 3, 'lr': 0.005, 'epochs': 10, 'head_mode': 'independent', 'weighting': 'mrl', 'max_grad_norm': 5.0}
  Df=94.74 Dr=76.67 MIA=59.39 time=11.74s KL=0.0024

salun: 0/45 candidates complete
  [1/45] gap=7.817023809523801 Df=87.59 Dr=71.48 MIA=57.50
  [2/45] gap=7.79869047619048 Df=77.32 Dr=64.66 MIA=55.71
  [3/45] gap=14.290119047619044 Df=64.20 Dr=55.90 MIA=53.30
  [4/45] gap=20.36702380952381 Df=55.98 Dr=47.58 MIA=55.00
  [5/45] gap=19.17940476190476 Df=58.04 Dr=49.00 MIA=54.91
  [6/45] gap=13.489285714285712 Df=68.04 Dr=56.74 MIA=55.58
  [7/45] gap=8.992857142857149 Df=75.71 Dr=62.64 MIA=55.67
  [8/45] gap=7.116666666666663 Df=81.79 Dr=66.84 MIA=56.56
  [9/45] gap=8.082738095238087 Df=88.39 Dr=71.04 MIA=57.05
  [10/45] gap=7.6742857142857135 Df=86.79 Dr=71.06 MIA=57.46
  [11/45] gap=8.618452380952384 Df=76.07 Dr=63.54 MIA=55.80
  [12/45] gap=15.062738095238096 Df=62.86 Dr=55.10 MIA=53.48
  [13/45] gap=19.76726190476191 Df=56.61 Dr=48.04 MIA=54.29
  [14/45] gap=17.126309523809525 Df=61.79 Dr=51.32 MIA=54.82
  [15/45] gap=9.524642857142858 Df=75.80 Dr=61.00 MIA=55.71
  [16/45] gap=7.08845238095238 Df=81.16 Dr=66.88 MIA=57.14
  [17/45] gap=7.859404761904763 Df=87.41 Dr=70.46 MIA=56.79
  [18/45] gap=8.076904761904764 Df=90.00 Dr=72.62 MIA=57.01
  [19/45] gap=7.385357142857146 Df=86.34 Dr=70.90 MIA=56.88
  [20/45] gap=8.87952380952381 Df=75.71 Dr=62.98 MIA=55.67
  [21/45] gap=15.376190476190473 Df=61.61 Dr=54.74 MIA=52.81
  [22/45] gap=19.736547619047624 Df=56.70 Dr=48.40 MIA=54.64
  [23/45] gap=16.1952380952381 Df=63.75 Dr=52.64 MIA=55.31
  [24/45] gap=7.514880952380956 Df=79.29 Dr=64.44 MIA=56.61
  [25/45] gap=7.171190476190479 Df=83.12 Dr=67.48 MIA=56.03
  [26/45] gap=7.977976190476189 Df=87.86 Dr=70.64 MIA=56.88
  [27/45] gap=8.048095238095236 Df=89.91 Dr=72.26 MIA=56.65
  [28/45] gap=7.477142857142856 Df=85.98 Dr=70.58 MIA=57.19
  [29/45] gap=8.940000000000003 Df=75.89 Dr=62.62 MIA=55.67
  [30/45] gap=15.797380952380957 Df=61.34 Dr=54.28 MIA=53.35
  [31/45] gap=18.904285714285717 Df=58.30 Dr=48.62 MIA=53.97
  [32/45] gap=15.377023809523807 Df=65.09 Dr=53.80 MIA=55.36
  [33/45] gap=6.963571428571432 Df=80.54 Dr=65.96 MIA=56.47
  [34/45] gap=7.354404761904756 Df=83.30 Dr=67.60 MIA=56.52
  [35/45] gap=8.401428571428573 Df=89.20 Dr=71.20 MIA=57.37
  [36/45] gap=7.830714285714284 Df=90.09 Dr=73.18 MIA=56.74
  [37/45] gap=7.329404761904762 Df=86.34 Dr=70.80 MIA=56.61
  [38/45] gap=9.175000000000002 Df=75.36 Dr=62.54 MIA=55.76
  [39/45] gap=15.699404761904765 Df=61.34 Dr=54.44 MIA=53.21
  [40/45] gap=18.776666666666667 Df=58.57 Dr=49.36 MIA=54.60
  [41/45] gap=13.900476190476192 Df=67.68 Dr=55.06 MIA=54.78
  [42/45] gap=7.2336904761904774 Df=82.05 Dr=66.98 MIA=56.79
  [43/45] gap=7.594166666666662 Df=84.20 Dr=68.22 MIA=56.96
  [44/45] gap=8.210595238095236 Df=89.20 Dr=71.46 MIA=57.05
  [45/45] gap=7.660833333333332 Df=89.82 Dr=73.02 MIA=56.34
final test: salun {'sparsity': 0.7, 'lr': 0.01, 'epochs': 10}
  Df=91.49 Dr=72.59 MIA=57.81 time=22.86s KL=0.0004

uniclun: 0/27 candidates complete
  [1/27] gap=7.854047619047613 Df=85.36 Dr=69.36 MIA=57.72
  [2/27] gap=7.854047619047613 Df=85.36 Dr=69.36 MIA=57.72
  [3/27] gap=7.854047619047613 Df=85.36 Dr=69.36 MIA=57.72
  [4/27] gap=9.132857142857143 Df=76.79 Dr=62.22 MIA=56.74
  [5/27] gap=9.132857142857143 Df=76.79 Dr=62.22 MIA=56.74
  [6/27] gap=9.132857142857143 Df=76.79 Dr=62.22 MIA=56.74
  [7/27] gap=15.519642857142856 Df=64.64 Dr=53.64 MIA=55.18
  [8/27] gap=15.519642857142856 Df=64.64 Dr=53.64 MIA=55.18
  [9/27] gap=15.519642857142856 Df=64.64 Dr=53.64 MIA=55.18
  [10/27] gap=17.453690476190477 Df=59.11 Dr=51.32 MIA=53.12
  [11/27] gap=17.453690476190477 Df=59.11 Dr=51.32 MIA=53.12
  [12/27] gap=17.453690476190477 Df=59.11 Dr=51.32 MIA=53.12
  [13/27] gap=13.195833333333331 Df=67.41 Dr=57.04 MIA=54.37
  [14/27] gap=13.195833333333331 Df=67.41 Dr=57.04 MIA=54.37
  [15/27] gap=13.195833333333331 Df=67.41 Dr=57.04 MIA=54.37
  [16/27] gap=7.691309523809522 Df=83.30 Dr=66.50 MIA=56.43
  [17/27] gap=7.691309523809522 Df=83.30 Dr=66.50 MIA=56.43
  [18/27] gap=7.691309523809522 Df=83.30 Dr=66.50 MIA=56.43
  [19/27] gap=6.975119047619046 Df=84.82 Dr=69.72 MIA=55.98
  [20/27] gap=6.975119047619046 Df=84.82 Dr=69.72 MIA=55.98
  [21/27] gap=6.975119047619046 Df=84.82 Dr=69.72 MIA=55.98
  [22/27] gap=7.818809523809523 Df=89.73 Dr=72.68 MIA=56.56
  [23/27] gap=7.818809523809523 Df=89.73 Dr=72.68 MIA=56.56
  [24/27] gap=7.818809523809523 Df=89.73 Dr=72.68 MIA=56.56
  [25/27] gap=7.7539285714285695 Df=90.98 Dr=74.08 MIA=56.52
  [26/27] gap=7.7539285714285695 Df=90.98 Dr=74.08 MIA=56.52
  [27/27] gap=7.7539285714285695 Df=90.98 Dr=74.08 MIA=56.52
final test: uniclun {'lr': 0.01, 'epochs': 10, 'buffer_size': 250}
  Df=90.79 Dr=72.91 MIA=58.29 time=14.94s KL=0.0012

