training one shared source (150 epochs)
Epoch 10/150: Train Loss=0.8102, Train Acc=0.7330, Val Acc=0.6920
Epoch 20/150: Train Loss=0.3688, Train Acc=0.8762, Val Acc=0.7604
Epoch 30/150: Train Loss=0.1003, Train Acc=0.9659, Val Acc=0.7810
Epoch 40/150: Train Loss=0.0218, Train Acc=0.9933, Val Acc=0.8016
Epoch 50/150: Train Loss=0.0114, Train Acc=0.9969, Val Acc=0.8008
Early stopping at epoch 58
training same-recipe retain-only reference (150 epochs)
Epoch 10/150: Train Loss=0.8003, Train Acc=0.7381, Val Acc=0.6818
Epoch 20/150: Train Loss=0.3691, Train Acc=0.8747, Val Acc=0.7586
Epoch 30/150: Train Loss=0.0643, Train Acc=0.9790, Val Acc=0.8014
Epoch 40/150: Train Loss=0.0250, Train Acc=0.9926, Val Acc=0.8044
Epoch 50/150: Train Loss=0.0118, Train Acc=0.9971, Val Acc=0.8085
Epoch 60/150: Train Loss=0.0101, Train Acc=0.9971, Val Acc=0.8105
Epoch 70/150: Train Loss=0.0090, Train Acc=0.9979, Val Acc=0.8083
Epoch 80/150: Train Loss=0.0093, Train Acc=0.9974, Val Acc=0.8113
Early stopping at epoch 87
final test: baseline {}
  Df=92.00 Dr=80.19 MIA=55.23 time=0.00s KL=0.0020
final test: retrain {}
  Df=83.00 Dr=80.28 MIA=49.57 time=1571.52s KL=0.0000

finetune: 0/12 candidates complete
  [1/12] gap=5.921837421837421 Df=96.00 Dr=79.54 MIA=58.16
  [2/12] gap=7.149951899951901 Df=96.00 Dr=80.10 MIA=53.91
  [3/12] gap=7.048100048100046 Df=96.00 Dr=79.66 MIA=54.66
  [4/12] gap=6.462241462241463 Df=96.00 Dr=79.41 MIA=56.66
  [5/12] gap=7.166426166426163 Df=94.00 Dr=76.44 MIA=55.52
  [6/12] gap=4.669973544973542 Df=88.00 Dr=77.74 MIA=55.71
  [7/12] gap=5.210978835978835 Df=92.00 Dr=77.29 MIA=58.54
  [8/12] gap=4.012987012987016 Df=78.00 Dr=77.33 MIA=56.09
  [9/12] gap=10.539983164983163 Df=76.00 Dr=60.02 MIA=55.82
  [10/12] gap=7.179292929292932 Df=80.00 Dr=66.73 MIA=55.20
  [11/12] gap=11.828763828763824 Df=66.00 Dr=71.17 MIA=50.80
  [12/12] gap=5.627525252525253 Df=78.00 Dr=75.76 MIA=52.82
final test: finetune {'lr': 0.0001, 'epochs': 3}
  Df=94.00 Dr=79.93 MIA=50.70 time=46.84s KL=0.0020

ssd: 0/25 candidates complete
  [1/25] gap=7.692099567099568 Df=98.00 Dr=80.24 MIA=54.14
  [2/25] gap=7.996452621452623 Df=98.00 Dr=80.22 MIA=53.25
  [3/25] gap=7.8476430976431 Df=98.00 Dr=80.22 MIA=53.70
  [4/25] gap=5.180194805194806 Df=96.00 Dr=80.24 MIA=60.21
  [5/25] gap=5.675024050024052 Df=96.00 Dr=80.22 MIA=58.21
  [6/25] gap=5.180194805194806 Df=96.00 Dr=80.24 MIA=60.21
  [7/25] gap=5.180194805194806 Df=96.00 Dr=80.24 MIA=60.21
  [8/25] gap=5.180194805194806 Df=96.00 Dr=80.24 MIA=60.21
  [9/25] gap=5.180194805194806 Df=96.00 Dr=80.24 MIA=60.21
  [10/25] gap=5.675024050024052 Df=96.00 Dr=80.22 MIA=58.21
  [11/25] gap=5.675024050024052 Df=96.00 Dr=80.22 MIA=58.21
  [12/25] gap=5.675024050024052 Df=96.00 Dr=80.22 MIA=58.21
  [13/25] gap=5.675024050024052 Df=96.00 Dr=80.22 MIA=58.21
  [14/25] gap=5.675024050024052 Df=96.00 Dr=80.22 MIA=58.21
  [15/25] gap=5.675024050024052 Df=96.00 Dr=80.22 MIA=58.21
  [16/25] gap=5.675024050024052 Df=96.00 Dr=80.22 MIA=58.21
  [17/25] gap=5.675024050024052 Df=96.00 Dr=80.22 MIA=58.21
  [18/25] gap=5.675024050024052 Df=96.00 Dr=80.22 MIA=58.21
  [19/25] gap=5.675024050024052 Df=96.00 Dr=80.22 MIA=58.21
  [20/25] gap=5.675024050024052 Df=96.00 Dr=80.22 MIA=58.21
  [21/25] gap=5.675024050024052 Df=96.00 Dr=80.22 MIA=58.21
  [22/25] gap=5.675024050024052 Df=96.00 Dr=80.22 MIA=58.21
  [23/25] gap=5.675024050024052 Df=96.00 Dr=80.22 MIA=58.21
  [24/25] gap=5.675024050024052 Df=96.00 Dr=80.22 MIA=58.21
  [25/25] gap=5.675024050024052 Df=96.00 Dr=80.22 MIA=58.21
final test: ssd {'alpha': 1.0, 'dampening_constant': 5.0}
  Df=92.00 Dr=80.18 MIA=50.74 time=15.08s KL=0.0019

badteacher: 0/36 candidates complete
  [1/36] gap=15.271284271284273 Df=44.00 Dr=75.27 MIA=58.38
  [2/36] gap=28.48514911014911 Df=10.00 Dr=73.90 MIA=54.11
  [3/36] gap=29.21771284271284 Df=6.00 Dr=73.27 MIA=56.54
  [4/36] gap=20.291786916786915 Df=30.00 Dr=75.05 MIA=57.54
  [5/36] gap=27.83627946127946 Df=8.00 Dr=73.13 MIA=58.82
  [6/36] gap=28.901455026455025 Df=8.00 Dr=73.29 MIA=55.46
  [7/36] gap=22.873977873977875 Df=22.00 Dr=74.46 MIA=58.38
  [8/36] gap=28.400493025493024 Df=6.00 Dr=73.01 MIA=59.25
  [9/36] gap=28.261483886483884 Df=8.00 Dr=74.14 MIA=56.54
  [10/36] gap=27.55188792688793 Df=14.00 Dr=74.02 MIA=52.79
  [11/36] gap=28.22354497354497 Df=8.00 Dr=73.74 MIA=57.05
  [12/36] gap=27.71735209235209 Df=10.00 Dr=74.67 MIA=55.64
  [13/36] gap=16.851791726791728 Df=38.00 Dr=75.19 MIA=59.71
  [14/36] gap=28.002224627224624 Df=10.00 Dr=73.92 MIA=55.54
  [15/36] gap=27.641534391534393 Df=10.00 Dr=74.63 MIA=55.91
  [16/36] gap=22.01467051467051 Df=26.00 Dr=74.83 MIA=56.59
  [17/36] gap=28.798460798460795 Df=6.00 Dr=74.26 MIA=56.80
  [18/36] gap=25.62343674843675 Df=14.00 Dr=75.56 MIA=57.04
  [19/36] gap=25.833393458393456 Df=16.00 Dr=74.28 MIA=55.68
  [20/36] gap=27.06240981240981 Df=10.00 Dr=74.36 MIA=57.91
  [21/36] gap=23.489718614718612 Df=22.00 Dr=76.24 MIA=54.75
  [22/36] gap=26.629449254449256 Df=14.00 Dr=74.32 MIA=55.25
  [23/36] gap=27.1475468975469 Df=10.00 Dr=75.39 MIA=56.62
  [24/36] gap=22.168229918229915 Df=22.00 Dr=77.47 MIA=57.48
  [25/36] gap=18.803571428571427 Df=36.00 Dr=75.52 MIA=55.54
  [26/36] gap=26.6501924001924 Df=14.00 Dr=75.17 MIA=54.34
  [27/36] gap=25.948532948532954 Df=12.00 Dr=76.38 MIA=57.23
  [28/36] gap=22.092712842712846 Df=26.00 Dr=75.27 MIA=55.91
  [29/36] gap=25.968734968734964 Df=16.00 Dr=76.32 MIA=53.23
  [30/36] gap=26.41570466570467 Df=14.00 Dr=77.23 MIA=52.98
  [31/36] gap=26.961279461279464 Df=14.00 Dr=75.13 MIA=53.45
  [32/36] gap=24.081228956228955 Df=20.00 Dr=76.65 MIA=54.57
  [33/36] gap=20.081228956228962 Df=26.00 Dr=78.65 MIA=58.57
  [34/36] gap=25.63943001443002 Df=14.00 Dr=75.76 MIA=56.79
  [35/36] gap=24.874639249639255 Df=14.00 Dr=76.91 MIA=61.96
  [36/36] gap=21.333573833573837 Df=22.00 Dr=78.59 MIA=58.88
final test: badteacher {'temperature': 4.0, 'epochs': 5, 'lr': 0.01}
  Df=35.00 Dr=78.60 MIA=51.61 time=16.48s KL=0.0020

unsir: 0/36 candidates complete
  [1/36] gap=8.0249518999519 Df=100.00 Dr=78.10 MIA=57.29
  [2/36] gap=6.811808561808564 Df=96.00 Dr=78.69 MIA=56.34
  [3/36] gap=9.524290524290528 Df=100.00 Dr=73.66 MIA=57.23
  [4/36] gap=6.101551226551227 Df=96.00 Dr=78.12 MIA=59.04
  [5/36] gap=11.039862914862914 Df=98.00 Dr=68.48 MIA=55.86
  [6/36] gap=8.262926887926888 Df=94.00 Dr=74.57 MIA=54.11
  [7/36] gap=8.688852813852817 Df=100.00 Dr=78.79 MIA=54.61
  [8/36] gap=7.640331890331891 Df=96.00 Dr=79.27 MIA=53.27
  [9/36] gap=9.476370851370852 Df=100.00 Dr=75.82 MIA=55.21
  [10/36] gap=8.53294853294853 Df=96.00 Dr=78.20 MIA=51.66
  [11/36] gap=12.851010101010099 Df=96.00 Dr=71.21 MIA=45.70
  [12/36] gap=8.467171717171714 Df=96.00 Dr=76.36 MIA=53.70
  [13/36] gap=8.506373256373253 Df=100.00 Dr=78.89 MIA=55.05
  [14/36] gap=6.851791726791724 Df=98.00 Dr=79.19 MIA=57.71
  [15/36] gap=9.098605098605098 Df=100.00 Dr=76.51 MIA=55.66
  [16/36] gap=8.290644540644541 Df=98.00 Dr=78.46 MIA=54.12
  [17/36] gap=12.067099567099568 Df=96.00 Dr=72.24 MIA=47.02
  [18/36] gap=8.968915343915342 Df=94.00 Dr=76.63 MIA=49.93
  [19/36] gap=8.132696007696005 Df=100.00 Dr=77.78 MIA=57.29
  [20/36] gap=9.242724867724872 Df=98.00 Dr=78.63 MIA=51.11
  [21/36] gap=9.401996151996146 Df=100.00 Dr=74.20 MIA=57.05
  [22/36] gap=6.950036075036074 Df=94.00 Dr=77.58 MIA=55.04
  [23/36] gap=11.012866762866759 Df=94.00 Dr=69.80 MIA=50.62
  [24/36] gap=7.693001443001445 Df=92.00 Dr=75.76 MIA=52.62
  [25/36] gap=8.836339586339584 Df=100.00 Dr=77.90 MIA=55.05
  [26/36] gap=7.616822991822993 Df=98.00 Dr=79.11 MIA=55.50
  [27/36] gap=8.59589947089947 Df=100.00 Dr=75.96 MIA=57.71
  [28/36] gap=8.068662818662814 Df=100.00 Dr=78.20 MIA=57.05
  [29/36] gap=10.665343915343913 Df=94.00 Dr=72.63 MIA=48.84
  [30/36] gap=7.36646224146224 Df=92.00 Dr=76.51 MIA=52.86
  [31/36] gap=9.303631553631549 Df=100.00 Dr=78.28 MIA=53.27
  [32/36] gap=9.186387686387688 Df=98.00 Dr=79.31 MIA=50.59
  [33/36] gap=8.885882635882632 Df=98.00 Dr=76.46 MIA=54.34
  [34/36] gap=7.658429533429529 Df=96.00 Dr=78.34 MIA=54.14
  [35/36] gap=9.451899951899955 Df=94.00 Dr=73.37 MIA=51.73
  [36/36] gap=7.725348725348724 Df=94.00 Dr=76.77 MIA=53.52
final test: unsir {'impair_epochs': 2, 'repair_epochs': 3, 'impair_lr': 0.001, 'repair_lr': 0.01}
  Df=95.00 Dr=79.75 MIA=52.13 time=7.30s KL=0.0018

scrub: 0/24 candidates complete
  [1/24] gap=6.890091390091392 Df=96.00 Dr=80.20 MIA=54.59
  [2/24] gap=5.648088023088024 Df=96.00 Dr=80.30 MIA=58.21
  [3/24] gap=5.389610389610392 Df=96.00 Dr=80.06 MIA=60.66
  [4/24] gap=6.721079846079848 Df=96.00 Dr=80.26 MIA=55.04
  [5/24] gap=7.099506974506973 Df=96.00 Dr=80.02 MIA=54.14
  [6/24] gap=5.133056758056758 Df=96.00 Dr=80.38 MIA=60.21
  [7/24] gap=6.014129389129391 Df=96.00 Dr=79.92 MIA=57.50
  [8/24] gap=5.275132275132279 Df=96.00 Dr=80.40 MIA=60.66
  [9/24] gap=5.207130832130829 Df=96.00 Dr=80.16 MIA=60.21
  [10/24] gap=5.207130832130829 Df=96.00 Dr=80.16 MIA=60.21
  [11/24] gap=5.962782587782589 Df=96.00 Dr=80.32 MIA=57.25
  [12/24] gap=7.265873015873019 Df=96.00 Dr=80.18 MIA=53.48
  [13/24] gap=6.8078403078403085 Df=96.00 Dr=80.02 MIA=55.02
  [14/24] gap=7.583694083694081 Df=96.00 Dr=80.12 MIA=52.59
  [15/24] gap=5.8316498316498295 Df=96.00 Dr=80.02 MIA=57.95
  [16/24] gap=7.25583213083213 Df=98.00 Dr=79.98 MIA=55.71
  [17/24] gap=5.607683982683983 Df=96.00 Dr=80.42 MIA=58.21
  [18/24] gap=5.715428090428088 Df=96.00 Dr=80.10 MIA=58.21
  [19/24] gap=7.065836940836938 Df=96.00 Dr=80.12 MIA=54.14
  [20/24] gap=6.605940355940352 Df=96.00 Dr=80.16 MIA=55.48
  [21/24] gap=6.483285233285234 Df=96.00 Dr=80.10 MIA=55.91
  [22/24] gap=6.8011063011063015 Df=96.00 Dr=80.04 MIA=55.02
  [23/24] gap=5.112193362193366 Df=94.00 Dr=80.00 MIA=61.77
  [24/24] gap=7.32239057239057 Df=96.00 Dr=79.80 MIA=53.70
final test: scrub {'msteps': 3, 'lr': 0.005, 'epochs': 5, 'max_grad_norm': 5.0}
  Df=93.00 Dr=80.03 MIA=53.90 time=7.41s KL=0.0013

mmu: 0/96 candidates complete
  [1/96] gap=5.19366281866282 Df=96.00 Dr=80.20 MIA=60.21
  [2/96] gap=5.708694083694081 Df=96.00 Dr=80.12 MIA=58.21
  [3/96] gap=5.234066859066857 Df=96.00 Dr=80.08 MIA=60.21
  [4/96] gap=7.214646464646464 Df=96.00 Dr=80.12 MIA=53.70
  [5/96] gap=7.559403559403559 Df=96.00 Dr=79.98 MIA=52.80
  [6/96] gap=5.715428090428088 Df=96.00 Dr=80.10 MIA=58.21
  [7/96] gap=7.1465247715247715 Df=96.00 Dr=80.34 MIA=53.68
  [8/96] gap=5.688492063492066 Df=96.00 Dr=80.18 MIA=58.21
  [9/96] gap=6.676587301587304 Df=96.00 Dr=80.18 MIA=55.25
  [10/96] gap=5.7019600769600745 Df=96.00 Dr=80.14 MIA=58.21
  [11/96] gap=7.751924001924 Df=96.00 Dr=80.08 MIA=52.12
  [12/96] gap=6.841510341510343 Df=96.00 Dr=79.92 MIA=55.02
  [13/96] gap=6.54124579124579 Df=96.00 Dr=80.14 MIA=55.70
  [14/96] gap=6.81866281866282 Df=96.00 Dr=80.20 MIA=54.80
  [15/96] gap=6.453042328042329 Df=96.00 Dr=79.96 MIA=56.14
  [16/96] gap=6.60515873015873 Df=96.00 Dr=80.18 MIA=55.46
  [17/96] gap=6.548761423761422 Df=96.00 Dr=80.10 MIA=55.71
  [18/96] gap=6.273869648869649 Df=94.00 Dr=80.28 MIA=54.36
  [19/96] gap=6.501623376623378 Df=96.00 Dr=80.24 MIA=55.71
  [20/96] gap=6.581649831649831 Df=96.00 Dr=80.02 MIA=55.70
  [21/96] gap=6.629449254449256 Df=96.00 Dr=80.32 MIA=55.25
  [22/96] gap=6.534511784511783 Df=94.00 Dr=80.16 MIA=53.70
  [23/96] gap=6.271344396344396 Df=96.00 Dr=80.04 MIA=56.61
  [24/96] gap=6.009920634920637 Df=96.00 Dr=80.18 MIA=57.25
  [25/96] gap=5.572089947089945 Df=96.00 Dr=79.96 MIA=61.11
  [26/96] gap=2.6153198653198664 Df=80.00 Dr=79.92 MIA=55.70
  [27/96] gap=5.66372053872054 Df=96.00 Dr=79.90 MIA=61.32
  [28/96] gap=6.146043771043772 Df=94.00 Dr=80.20 MIA=54.82
  [29/96] gap=4.967953342953344 Df=94.00 Dr=80.34 MIA=58.21
  [30/96] gap=5.54064454064454 Df=94.00 Dr=80.46 MIA=56.38
  [31/96] gap=6.1231962481962485 Df=96.00 Dr=80.48 MIA=56.61
  [32/96] gap=6.429413179413184 Df=96.00 Dr=80.26 MIA=55.91
  [33/96] gap=5.627886002886004 Df=96.00 Dr=80.36 MIA=58.21
  [34/96] gap=5.587481962481962 Df=96.00 Dr=80.48 MIA=58.21
  [35/96] gap=6.44366281866282 Df=96.00 Dr=80.20 MIA=55.93
  [36/96] gap=5.492544492544492 Df=96.00 Dr=80.32 MIA=58.66
  [37/96] gap=6.605940355940352 Df=96.00 Dr=80.16 MIA=55.48
  [38/96] gap=6.930495430495429 Df=96.00 Dr=80.08 MIA=54.59
  [39/96] gap=5.397607022607019 Df=96.00 Dr=80.16 MIA=59.11
  [40/96] gap=5.546416546416542 Df=96.00 Dr=80.16 MIA=58.66
  [41/96] gap=5.560545935545934 Df=96.00 Dr=80.57 MIA=58.21
  [42/96] gap=4.941017316017316 Df=94.00 Dr=80.42 MIA=58.21
  [43/96] gap=5.681758056758059 Df=96.00 Dr=80.20 MIA=58.21
  [44/96] gap=4.294853294853297 Df=90.00 Dr=80.20 MIA=56.38
  [45/96] gap=6.968253968253973 Df=96.00 Dr=80.18 MIA=54.37
  [46/96] gap=4.788419913419912 Df=90.00 Dr=80.06 MIA=55.04
  [47/96] gap=6.896825396825399 Df=96.00 Dr=80.18 MIA=54.59
  [48/96] gap=6.250360750360748 Df=94.00 Dr=80.12 MIA=54.59
  [49/96] gap=5.0522486772486745 Df=96.00 Dr=80.63 MIA=60.21
  [50/96] gap=1.9695165945165958 Df=82.00 Dr=80.30 MIA=55.25
  [51/96] gap=6.872534872534871 Df=96.00 Dr=80.04 MIA=54.80
  [52/96] gap=3.472643097643098 Df=86.00 Dr=80.22 MIA=54.82
  [53/96] gap=6.206649831649831 Df=96.00 Dr=80.02 MIA=56.82
  [54/96] gap=2.957431457431454 Df=86.00 Dr=80.00 MIA=56.59
  [55/96] gap=6.781685906685905 Df=96.00 Dr=80.08 MIA=55.04
  [56/96] gap=3.66780904280904 Df=90.00 Dr=80.10 MIA=58.36
  [57/96] gap=5.147787397787397 Df=96.00 Dr=80.46 MIA=59.55
  [58/96] gap=12.111171236171232 Df=50.00 Dr=78.95 MIA=58.18
  [59/96] gap=5.729978354978354 Df=96.00 Dr=79.88 MIA=58.39
  [60/96] gap=4.547318422318422 Df=74.00 Dr=79.68 MIA=56.14
  [61/96] gap=6.937229437229433 Df=98.00 Dr=80.06 MIA=56.59
  [62/96] gap=0.8490259740259773 Df=82.00 Dr=79.88 MIA=59.04
  [63/96] gap=5.771043771043772 Df=96.00 Dr=80.20 MIA=57.95
  [64/96] gap=4.5251322751322745 Df=90.00 Dr=80.40 MIA=55.48
  [65/96] gap=5.61441798941799 Df=96.00 Dr=80.40 MIA=58.21
  [66/96] gap=5.621151996151997 Df=96.00 Dr=80.38 MIA=58.21
  [67/96] gap=6.869889369889371 Df=96.00 Dr=80.26 MIA=54.59
  [68/96] gap=5.506012506012506 Df=96.00 Dr=80.28 MIA=58.66
  [69/96] gap=5.3531144781144775 Df=96.00 Dr=80.08 MIA=59.32
  [70/96] gap=5.722162097162095 Df=96.00 Dr=80.08 MIA=58.21
  [71/96] gap=7.417989417989418 Df=96.00 Dr=80.40 MIA=52.80
  [72/96] gap=5.6413540163540175 Df=96.00 Dr=80.32 MIA=58.21
  [73/96] gap=7.12974987974988 Df=96.00 Dr=80.16 MIA=53.91
  [74/96] gap=2.2032227032227047 Df=82.00 Dr=80.26 MIA=54.59
  [75/96] gap=5.728896103896102 Df=96.00 Dr=80.06 MIA=58.21
  [76/96] gap=3.048761423761422 Df=88.00 Dr=80.10 MIA=58.21
  [77/96] gap=6.53198653198653 Df=96.00 Dr=79.92 MIA=55.95
  [78/96] gap=3.299543049543049 Df=84.00 Dr=80.08 MIA=53.48
  [79/96] gap=6.447089947089947 Df=96.00 Dr=79.96 MIA=56.16
  [80/96] gap=6.602513227513228 Df=96.00 Dr=80.40 MIA=55.25
  [81/96] gap=5.220598845598843 Df=96.00 Dr=80.12 MIA=60.21
  [82/96] gap=5.440957190957188 Df=72.00 Dr=79.66 MIA=55.48
  [83/96] gap=5.512746512746513 Df=96.00 Dr=80.26 MIA=58.66
  [84/96] gap=2.206649831649829 Df=82.00 Dr=80.02 MIA=54.82
  [85/96] gap=6.464646464646461 Df=96.00 Dr=80.12 MIA=55.95
  [86/96] gap=3.7183742183742154 Df=80.00 Dr=79.72 MIA=52.59
  [87/96] gap=7.001142376142373 Df=96.00 Dr=80.10 MIA=54.36
  [88/96] gap=4.074615199615202 Df=86.00 Dr=80.20 MIA=53.04
  [89/96] gap=5.731721981721985 Df=96.00 Dr=80.14 MIA=61.77
  [90/96] gap=30.479437229437224 Df=0.00 Dr=76.97 MIA=55.05
  [91/96] gap=6.143518518518516 Df=98.00 Dr=79.96 MIA=59.07
  [92/96] gap=10.098785473785474 Df=60.00 Dr=78.81 MIA=54.36
  [93/96] gap=5.830868205868204 Df=96.00 Dr=80.04 MIA=57.93
  [94/96] gap=8.740740740740746 Df=58.00 Dr=79.29 MIA=59.95
  [95/96] gap=6.872534872534871 Df=96.00 Dr=80.04 MIA=54.80
  [96/96] gap=2.1419552669552693 Df=80.00 Dr=80.00 MIA=57.04
final test: mmu {'msteps': 2, 'lr': 0.001, 'epochs': 5, 'head_mode': 'independent', 'weighting': 'normalised', 'max_grad_norm': 5.0}
  Df=89.00 Dr=80.09 MIA=50.53 time=6.11s KL=0.0018

salun: 0/45 candidates complete
  [1/45] gap=9.76497113997114 Df=60.00 Dr=74.67 MIA=60.39
  [2/45] gap=11.481361231361229 Df=60.00 Dr=73.54 MIA=55.48
  [3/45] gap=10.5518278018278 Df=62.00 Dr=73.25 MIA=56.55
  [4/45] gap=14.443181818181815 Df=56.00 Dr=72.06 MIA=52.07
  [5/45] gap=15.129870129870133 Df=48.00 Dr=71.70 MIA=58.38
  [6/45] gap=13.070406445406448 Df=54.00 Dr=70.46 MIA=60.11
  [7/45] gap=10.552248677248679 Df=70.00 Dr=66.63 MIA=55.18
  [8/45] gap=11.864838864838864 Df=62.00 Dr=67.78 MIA=58.09
  [9/45] gap=10.772486772486772 Df=64.00 Dr=70.63 MIA=56.52
  [10/45] gap=9.562289562289559 Df=60.00 Dr=74.83 MIA=59.95
  [11/45] gap=11.332551707551707 Df=60.00 Dr=73.54 MIA=55.93
  [12/45] gap=9.443602693602694 Df=64.00 Dr=73.43 MIA=57.70
  [13/45] gap=13.63900913900914 Df=54.00 Dr=72.38 MIA=56.16
  [14/45] gap=16.975108225108226 Df=46.00 Dr=71.70 MIA=54.84
  [15/45] gap=13.39514189514189 Df=54.00 Dr=70.69 MIA=58.59
  [16/45] gap=12.197450697450698 Df=70.00 Dr=66.57 MIA=50.30
  [17/45] gap=15.726611351611353 Df=54.00 Dr=68.89 MIA=53.39
  [18/45] gap=11.843314093314094 Df=62.00 Dr=70.95 MIA=54.98
  [19/45] gap=9.758237133237133 Df=60.00 Dr=74.69 MIA=60.39
  [20/45] gap=11.197210197210197 Df=60.00 Dr=73.49 MIA=56.38
  [21/45] gap=10.238215488215488 Df=62.00 Dr=73.05 MIA=57.70
  [22/45] gap=12.921897546897547 Df=54.00 Dr=72.30 MIA=58.39
  [23/45] gap=11.365440115440117 Df=58.00 Dr=71.45 MIA=59.91
  [24/45] gap=12.618506493506493 Df=58.00 Dr=70.61 MIA=57.00
  [25/45] gap=14.042448292448292 Df=64.00 Dr=67.49 MIA=49.84
  [26/45] gap=16.1780303030303 Df=50.00 Dr=68.61 MIA=56.32
  [27/45] gap=12.8243746993747 Df=58.00 Dr=71.13 MIA=55.86
  [28/45] gap=11.614598364598365 Df=60.00 Dr=74.71 MIA=53.91
  [29/45] gap=11.406625781625783 Df=60.00 Dr=73.31 MIA=55.93
  [30/45] gap=10.189514189514187 Df=64.00 Dr=73.23 MIA=55.66
  [31/45] gap=13.708333333333329 Df=56.00 Dr=71.52 MIA=54.82
  [32/45] gap=17.078763828763822 Df=46.00 Dr=71.17 MIA=55.05
  [33/45] gap=12.422739297739293 Df=56.00 Dr=71.05 MIA=60.75
  [34/45] gap=13.717893217893215 Df=62.00 Dr=67.58 MIA=52.73
  [35/45] gap=15.468193843193845 Df=52.00 Dr=69.41 MIA=55.64
  [36/45] gap=9.697270322270326 Df=64.00 Dr=72.26 MIA=58.11
  [37/45] gap=9.751503126503126 Df=60.00 Dr=74.71 MIA=60.39
  [38/45] gap=11.298220298220295 Df=60.00 Dr=73.19 MIA=56.38
  [39/45] gap=10.204545454545453 Df=62.00 Dr=73.15 MIA=57.70
  [40/45] gap=14.164682539682538 Df=54.00 Dr=72.18 MIA=54.79
  [41/45] gap=15.71031746031746 Df=46.00 Dr=70.85 MIA=59.48
  [42/45] gap=14.89051226551227 Df=54.00 Dr=71.58 MIA=53.21
  [43/45] gap=12.57190957190957 Df=64.00 Dr=67.66 MIA=54.09
  [44/45] gap=12.802849927849929 Df=60.00 Dr=70.30 MIA=54.75
  [45/45] gap=11.033128908128907 Df=62.00 Dr=72.51 MIA=55.86
final test: salun {'sparsity': 0.3, 'lr': 0.0001, 'epochs': 3}
  Df=70.00 Dr=74.42 MIA=52.17 time=6.33s KL=0.0020

uniclun: 0/27 candidates complete
  [1/27] gap=12.310846560846562 Df=60.00 Dr=74.40 MIA=52.12
  [2/27] gap=12.310846560846562 Df=60.00 Dr=74.40 MIA=52.12
  [3/27] gap=12.310846560846562 Df=60.00 Dr=74.40 MIA=52.12
  [4/27] gap=10.175745550745551 Df=60.00 Dr=73.43 MIA=59.50
  [5/27] gap=10.175745550745551 Df=60.00 Dr=73.43 MIA=59.50
  [6/27] gap=10.175745550745551 Df=60.00 Dr=73.43 MIA=59.50
  [7/27] gap=13.383537758537763 Df=58.00 Dr=72.53 MIA=52.79
  [8/27] gap=13.383537758537763 Df=58.00 Dr=72.53 MIA=52.79
  [9/27] gap=13.383537758537763 Df=58.00 Dr=72.53 MIA=52.79
  [10/27] gap=12.387025012025012 Df=56.00 Dr=73.05 MIA=62.64
  [11/27] gap=12.387025012025012 Df=56.00 Dr=73.05 MIA=62.64
  [12/27] gap=12.387025012025012 Df=56.00 Dr=73.05 MIA=62.64
  [13/27] gap=12.214947089947088 Df=56.00 Dr=71.96 MIA=58.86
  [14/27] gap=12.214947089947088 Df=56.00 Dr=71.96 MIA=58.86
  [15/27] gap=12.214947089947088 Df=56.00 Dr=71.96 MIA=58.86
  [16/27] gap=14.56030543530543 Df=56.00 Dr=71.49 MIA=52.29
  [17/27] gap=14.56030543530543 Df=56.00 Dr=71.49 MIA=52.29
  [18/27] gap=14.56030543530543 Df=56.00 Dr=71.49 MIA=52.29
  [19/27] gap=12.63570226070226 Df=62.00 Dr=72.16 MIA=51.39
  [20/27] gap=12.63570226070226 Df=62.00 Dr=72.16 MIA=51.39
  [21/27] gap=12.63570226070226 Df=62.00 Dr=72.16 MIA=51.39
  [22/27] gap=11.012145262145262 Df=64.00 Dr=72.59 MIA=53.84
  [23/27] gap=11.012145262145262 Df=64.00 Dr=72.59 MIA=53.84
  [24/27] gap=11.012145262145262 Df=64.00 Dr=72.59 MIA=53.84
  [25/27] gap=12.686387686387688 Df=56.00 Dr=73.31 MIA=56.09
  [26/27] gap=12.686387686387688 Df=56.00 Dr=73.31 MIA=56.09
  [27/27] gap=12.686387686387688 Df=56.00 Dr=73.31 MIA=56.09
final test: uniclun {'lr': 0.0001, 'epochs': 3, 'buffer_size': 250}
  Df=70.00 Dr=74.53 MIA=49.76 time=5.54s KL=0.0020

