training one shared source (150 epochs)
Epoch 10/150: Train Loss=0.7896, Train Acc=0.7409, Val Acc=0.6770
Epoch 20/150: Train Loss=0.3643, Train Acc=0.8755, Val Acc=0.7594
Epoch 30/150: Train Loss=0.0974, Train Acc=0.9666, Val Acc=0.7790
Epoch 40/150: Train Loss=0.0217, Train Acc=0.9933, Val Acc=0.7954
Epoch 50/150: Train Loss=0.0105, Train Acc=0.9973, Val Acc=0.7958
Epoch 60/150: Train Loss=0.0069, Train Acc=0.9984, Val Acc=0.8016
Epoch 70/150: Train Loss=0.0060, Train Acc=0.9985, Val Acc=0.7996
Epoch 80/150: Train Loss=0.0063, Train Acc=0.9985, Val Acc=0.8004
Epoch 90/150: Train Loss=0.0058, Train Acc=0.9988, Val Acc=0.8020
Early stopping at epoch 92
training same-recipe retain-only reference (150 epochs)
Epoch 10/150: Train Loss=0.8161, Train Acc=0.7327, Val Acc=0.6664
Epoch 20/150: Train Loss=0.3690, Train Acc=0.8749, Val Acc=0.7342
Epoch 30/150: Train Loss=0.0605, Train Acc=0.9806, Val Acc=0.7880
Epoch 40/150: Train Loss=0.0190, Train Acc=0.9950, Val Acc=0.7964
Epoch 50/150: Train Loss=0.0105, Train Acc=0.9975, Val Acc=0.7956
Epoch 60/150: Train Loss=0.0085, Train Acc=0.9980, Val Acc=0.7990
Epoch 70/150: Train Loss=0.0073, Train Acc=0.9984, Val Acc=0.7968
Epoch 80/150: Train Loss=0.0083, Train Acc=0.9983, Val Acc=0.7994
Epoch 90/150: Train Loss=0.0078, Train Acc=0.9982, Val Acc=0.8002
Early stopping at epoch 97
final test: baseline {}
  Df=99.91 Dr=80.81 MIA=67.11 time=0.00s KL=0.0203
final test: retrain {}
  Df=81.58 Dr=79.63 MIA=49.91 time=858.00s KL=0.0000

finetune: 0/12 candidates complete
  [1/12] gap=12.499404761904762 Df=100.00 Dr=79.78 MIA=65.45
  [2/12] gap=12.734880952380953 Df=100.00 Dr=79.52 MIA=65.89
  [3/12] gap=12.653809523809523 Df=99.91 Dr=79.54 MIA=65.76
  [4/12] gap=12.58047619047619 Df=100.00 Dr=79.76 MIA=65.67
  [5/12] gap=11.238571428571428 Df=95.62 Dr=74.50 MIA=60.76
  [6/12] gap=8.948095238095235 Df=92.05 Dr=75.30 MIA=58.26
  [7/12] gap=10.192619047619045 Df=94.46 Dr=76.12 MIA=60.40
  [8/12] gap=8.225119047619046 Df=91.88 Dr=75.46 MIA=56.43
  [9/12] gap=13.50285714285714 Df=60.89 Dr=58.60 MIA=48.53
  [10/12] gap=8.506071428571424 Df=68.04 Dr=66.76 MIA=49.91
  [11/12] gap=6.620357142857135 Df=71.61 Dr=69.56 MIA=50.62
  [12/12] gap=4.2667857142857075 Df=74.64 Dr=72.96 MIA=50.00
final test: finetune {'lr': 0.0001, 'epochs': 5}
  Df=99.65 Dr=80.37 MIA=65.00 time=37.57s KL=0.0205

ssd: 0/25 candidates complete
  [1/25] gap=48.82845238095238 Df=7.23 Dr=7.40 MIA=50.71
  [2/25] gap=48.676547619047604 Df=6.70 Dr=7.32 MIA=49.64
  [3/25] gap=28.820119047619045 Df=40.00 Dr=36.80 MIA=52.86
  [4/25] gap=12.596428571428575 Df=100.00 Dr=79.98 MIA=65.94
  [5/25] gap=12.789880952380955 Df=100.00 Dr=80.38 MIA=66.52
  [6/25] gap=12.4475 Df=99.82 Dr=79.40 MIA=65.09
  [7/25] gap=12.657380952380953 Df=99.91 Dr=79.44 MIA=65.67
  [8/25] gap=12.799523809523814 Df=99.91 Dr=79.46 MIA=66.12
  [9/25] gap=12.58154761904762 Df=100.00 Dr=79.98 MIA=65.89
  [10/25] gap=12.789880952380955 Df=100.00 Dr=80.38 MIA=66.52
  [11/25] gap=12.700119047619049 Df=100.00 Dr=80.16 MIA=66.43
  [12/25] gap=12.713452380952381 Df=100.00 Dr=80.12 MIA=66.43
  [13/25] gap=12.700119047619049 Df=100.00 Dr=80.16 MIA=66.43
  [14/25] gap=12.736547619047622 Df=100.00 Dr=80.22 MIA=66.52
  [15/25] gap=12.789880952380955 Df=100.00 Dr=80.38 MIA=66.52
  [16/25] gap=12.679047619047628 Df=100.00 Dr=80.36 MIA=66.21
  [17/25] gap=12.679047619047628 Df=100.00 Dr=80.36 MIA=66.21
  [18/25] gap=12.679047619047628 Df=100.00 Dr=80.36 MIA=66.21
  [19/25] gap=12.685714285714292 Df=100.00 Dr=80.38 MIA=66.21
  [20/25] gap=12.58154761904762 Df=100.00 Dr=80.38 MIA=65.89
  [21/25] gap=12.55488095238096 Df=100.00 Dr=80.30 MIA=65.89
  [22/25] gap=12.55488095238096 Df=100.00 Dr=80.30 MIA=65.89
  [23/25] gap=12.55488095238096 Df=100.00 Dr=80.30 MIA=65.89
  [24/25] gap=12.55488095238096 Df=100.00 Dr=80.30 MIA=65.89
  [25/25] gap=12.55488095238096 Df=100.00 Dr=80.30 MIA=65.89
final test: ssd {'alpha': 5.0, 'dampening_constant': 0.1}
  Df=79.56 Dr=65.57 MIA=56.40 time=9.81s KL=0.0604

badteacher: 0/36 candidates complete
  [1/36] gap=12.826785714285714 Df=100.00 Dr=79.78 MIA=66.43
  [2/36] gap=8.522976190476186 Df=78.12 Dr=64.12 MIA=57.41
  [3/36] gap=21.744999999999994 Df=52.77 Dr=46.82 MIA=54.42
  [4/36] gap=12.418928571428575 Df=98.93 Dr=77.70 MIA=64.20
  [5/36] gap=18.022142857142853 Df=59.91 Dr=51.56 MIA=55.13
  [6/36] gap=11.066785714285707 Df=73.93 Dr=60.06 MIA=56.79
  [7/36] gap=11.820952380952379 Df=96.07 Dr=74.36 MIA=61.92
  [8/36] gap=19.827857142857138 Df=56.43 Dr=49.00 MIA=54.51
  [9/36] gap=8.555 Df=81.52 Dr=65.14 MIA=57.46
  [10/36] gap=8.732976190476194 Df=83.30 Dr=67.24 MIA=58.30
  [11/36] gap=20.85214285714285 Df=55.45 Dr=46.82 MIA=54.42
  [12/36] gap=9.941190476190476 Df=90.71 Dr=71.16 MIA=58.44
  [13/36] gap=12.944642857142858 Df=99.82 Dr=78.98 MIA=66.16
  [14/36] gap=13.101547619047613 Df=68.75 Dr=58.42 MIA=56.07
  [15/36] gap=12.30821428571428 Df=72.50 Dr=58.30 MIA=57.32
  [16/36] gap=11.585357142857148 Df=95.54 Dr=74.04 MIA=61.43
  [17/36] gap=14.81595238095237 Df=64.91 Dr=56.00 MIA=54.96
  [18/36] gap=11.011190476190473 Df=94.46 Dr=74.20 MIA=60.94
  [19/36] gap=9.425595238095246 Df=86.52 Dr=69.18 MIA=59.11
  [20/36] gap=13.463095238095235 Df=69.29 Dr=57.38 MIA=56.65
  [21/36] gap=11.618809523809526 Df=95.27 Dr=74.52 MIA=62.28
  [22/36] gap=9.80011904761904 Df=76.88 Dr=61.36 MIA=57.23
  [23/36] gap=9.985952380952385 Df=87.86 Dr=69.24 MIA=59.51
  [24/36] gap=11.162261904761905 Df=95.54 Dr=75.22 MIA=61.34
  [25/36] gap=12.712023809523814 Df=99.38 Dr=78.16 MIA=65.09
  [26/36] gap=9.090238095238098 Df=84.11 Dr=67.82 MIA=59.15
  [27/36] gap=12.138928571428574 Df=95.89 Dr=73.54 MIA=62.23
  [28/36] gap=11.79154761904762 Df=95.27 Dr=73.60 MIA=61.88
  [29/36] gap=12.04857142857143 Df=95.09 Dr=73.32 MIA=62.54
  [30/36] gap=11.952738095238091 Df=97.59 Dr=76.42 MIA=62.86
  [31/36] gap=10.737619047619049 Df=91.25 Dr=71.36 MIA=60.49
  [32/36] gap=12.33904761904762 Df=97.86 Dr=76.02 MIA=63.35
  [33/36] gap=12.205595238095237 Df=98.12 Dr=75.84 MIA=62.50
  [34/36] gap=10.926785714285709 Df=90.71 Dr=70.48 MIA=60.71
  [35/36] gap=12.443928571428566 Df=98.39 Dr=77.00 MIA=64.11
  [36/36] gap=11.69642857142857 Df=97.05 Dr=75.18 MIA=61.38
final test: badteacher {'temperature': 2.0, 'epochs': 1, 'lr': 0.0001}
  Df=99.82 Dr=80.34 MIA=66.23 time=2.08s KL=0.0203

unsir: 0/36 candidates complete
  [1/36] gap=12.403690476190482 Df=99.46 Dr=78.46 MIA=64.38
  [2/36] gap=12.601309523809528 Df=99.46 Dr=78.76 MIA=65.27
  [3/36] gap=11.168928571428575 Df=95.89 Dr=75.20 MIA=60.98
  [4/36] gap=11.77476190476191 Df=97.50 Dr=76.82 MIA=62.81
  [5/36] gap=8.580476190476196 Df=82.86 Dr=66.76 MIA=57.81
  [6/36] gap=10.062738095238094 Df=89.82 Dr=70.84 MIA=59.38
  [7/36] gap=12.414999999999997 Df=99.38 Dr=78.56 MIA=64.60
  [8/36] gap=12.146309523809526 Df=99.38 Dr=79.50 MIA=64.73
  [9/36] gap=11.36607142857143 Df=96.16 Dr=75.68 MIA=61.79
  [10/36] gap=11.78571428571428 Df=98.30 Dr=77.68 MIA=62.90
  [11/36] gap=8.37238095238095 Df=83.57 Dr=67.92 MIA=57.63
  [12/36] gap=9.940833333333336 Df=90.98 Dr=71.92 MIA=58.93
  [13/36] gap=12.530952380952376 Df=99.64 Dr=78.48 MIA=64.60
  [14/36] gap=12.718333333333328 Df=99.73 Dr=78.90 MIA=65.49
  [15/36] gap=11.838690476190473 Df=96.96 Dr=75.78 MIA=62.50
  [16/36] gap=12.18452380952381 Df=98.57 Dr=78.18 MIA=64.33
  [17/36] gap=8.856904761904758 Df=84.82 Dr=68.52 MIA=58.44
  [18/36] gap=9.989761904761904 Df=91.61 Dr=72.80 MIA=59.33
  [19/36] gap=12.22 Df=99.38 Dr=78.52 MIA=63.97
  [20/36] gap=11.971190476190474 Df=99.20 Dr=78.82 MIA=63.71
  [21/36] gap=11.458928571428574 Df=96.16 Dr=75.58 MIA=61.96
  [22/36] gap=11.927142857142856 Df=98.04 Dr=76.72 MIA=62.63
  [23/36] gap=8.42035714285714 Df=84.91 Dr=69.16 MIA=57.68
  [24/36] gap=9.87785714285714 Df=91.16 Dr=72.60 MIA=59.24
  [25/36] gap=12.45654761904762 Df=99.46 Dr=78.48 MIA=64.55
  [26/36] gap=12.580714285714285 Df=99.38 Dr=78.42 MIA=64.96
  [27/36] gap=11.705714285714286 Df=96.61 Dr=75.42 MIA=62.10
  [28/36] gap=12.264880952380954 Df=98.57 Dr=77.18 MIA=63.57
  [29/36] gap=8.916190476190478 Df=86.88 Dr=69.86 MIA=57.90
  [30/36] gap=10.412738095238096 Df=92.95 Dr=73.54 MIA=60.00
  [31/36] gap=12.572023809523804 Df=99.46 Dr=78.58 MIA=65.00
  [32/36] gap=12.45107142857143 Df=99.64 Dr=79.30 MIA=65.18
  [33/36] gap=11.950595238095234 Df=97.14 Dr=75.98 MIA=62.86
  [34/36] gap=12.115119047619045 Df=98.30 Dr=77.54 MIA=63.75
  [35/36] gap=9.519285714285713 Df=88.57 Dr=70.64 MIA=58.79
  [36/36] gap=10.69547619047619 Df=93.75 Dr=73.54 MIA=60.04
final test: unsir {'impair_epochs': 1, 'repair_epochs': 3, 'impair_lr': 0.01, 'repair_lr': 0.01}
  Df=99.12 Dr=77.84 MIA=64.04 time=7.74s KL=0.0194

scrub: 0/24 candidates complete
  [1/24] gap=12.736547619047622 Df=100.00 Dr=80.22 MIA=66.52
  [2/24] gap=12.632380952380956 Df=100.00 Dr=80.14 MIA=66.21
  [3/24] gap=12.609285714285713 Df=100.00 Dr=80.12 MIA=66.12
  [4/24] gap=12.587738095238095 Df=100.00 Dr=80.14 MIA=66.07
  [5/24] gap=12.574880952380951 Df=100.00 Dr=80.00 MIA=65.89
  [6/24] gap=12.535357142857142 Df=100.00 Dr=79.94 MIA=65.71
  [7/24] gap=12.255119047619052 Df=99.91 Dr=79.62 MIA=64.64
  [8/24] gap=12.224404761904765 Df=100.00 Dr=79.98 MIA=64.82
  [9/24] gap=12.693452380952385 Df=100.00 Dr=80.18 MIA=66.43
  [10/24] gap=12.798571428571426 Df=100.00 Dr=79.82 MIA=66.38
  [11/24] gap=12.664166666666668 Df=100.00 Dr=80.36 MIA=66.16
  [12/24] gap=12.61440476190476 Df=100.00 Dr=80.06 MIA=66.07
  [13/24] gap=12.462500000000006 Df=100.00 Dr=80.38 MIA=65.54
  [14/24] gap=12.626190476190478 Df=100.00 Dr=79.98 MIA=66.03
  [15/24] gap=11.668452380952381 Df=99.20 Dr=78.88 MIA=62.86
  [16/24] gap=12.125238095238096 Df=99.91 Dr=79.34 MIA=63.97
  [17/24] gap=12.663690476190476 Df=100.00 Dr=80.18 MIA=66.34
  [18/24] gap=12.543095238095242 Df=100.00 Dr=80.22 MIA=65.94
  [19/24] gap=12.452261904761906 Df=100.00 Dr=80.26 MIA=65.62
  [20/24] gap=12.470714285714289 Df=100.00 Dr=80.00 MIA=65.58
  [21/24] gap=12.332619047619048 Df=100.00 Dr=79.70 MIA=64.87
  [22/24] gap=12.510714285714291 Df=100.00 Dr=79.88 MIA=65.58
  [23/24] gap=11.140238095238091 Df=97.32 Dr=77.92 MIA=62.19
  [24/24] gap=11.92404761904762 Df=99.55 Dr=79.14 MIA=63.53
final test: scrub {'msteps': 2, 'lr': 0.005, 'epochs': 5, 'max_grad_norm': 5.0}
  Df=99.30 Dr=79.32 MIA=63.77 time=8.46s KL=0.0173

mmu: 0/96 candidates complete
  [1/96] gap=12.834047619047624 Df=100.00 Dr=80.20 MIA=66.83
  [2/96] gap=12.758095238095237 Df=100.00 Dr=80.12 MIA=66.56
  [3/96] gap=12.586190476190476 Df=100.00 Dr=80.26 MIA=66.03
  [4/96] gap=12.629285714285723 Df=100.00 Dr=80.30 MIA=66.12
  [5/96] gap=12.61130952380953 Df=100.00 Dr=80.38 MIA=65.98
  [6/96] gap=12.644166666666672 Df=100.00 Dr=80.30 MIA=66.16
  [7/96] gap=12.670833333333334 Df=100.00 Dr=79.98 MIA=66.16
  [8/96] gap=12.677023809523808 Df=100.00 Dr=80.14 MIA=66.34
  [9/96] gap=12.641071428571431 Df=100.00 Dr=79.98 MIA=66.07
  [10/96] gap=12.662142857142863 Df=100.00 Dr=80.22 MIA=66.29
  [11/96] gap=12.62571428571429 Df=100.00 Dr=80.16 MIA=66.21
  [12/96] gap=12.642619047619055 Df=100.00 Dr=80.34 MIA=66.12
  [13/96] gap=12.59440476190476 Df=100.00 Dr=80.12 MIA=66.07
  [14/96] gap=12.679047619047628 Df=100.00 Dr=80.36 MIA=66.21
  [15/96] gap=12.579523809523806 Df=100.00 Dr=80.12 MIA=66.03
  [16/96] gap=12.655476190476193 Df=100.00 Dr=80.16 MIA=66.29
  [17/96] gap=12.376309523809525 Df=100.00 Dr=80.06 MIA=65.36
  [18/96] gap=12.648809523809527 Df=100.00 Dr=80.18 MIA=66.29
  [19/96] gap=12.434285714285721 Df=100.00 Dr=80.34 MIA=65.49
  [20/96] gap=12.64928571428572 Df=100.00 Dr=80.36 MIA=66.12
  [21/96] gap=12.460476190476191 Df=100.00 Dr=80.24 MIA=65.67
  [22/96] gap=12.539999999999997 Df=100.00 Dr=80.06 MIA=65.85
  [23/96] gap=12.62464285714286 Df=100.00 Dr=79.94 MIA=65.98
  [24/96] gap=12.698571428571427 Df=100.00 Dr=80.12 MIA=66.38
  [25/96] gap=11.955476190476192 Df=99.82 Dr=79.76 MIA=63.97
  [26/96] gap=11.039285714285716 Df=96.25 Dr=76.08 MIA=61.12
  [27/96] gap=12.105238095238093 Df=99.73 Dr=79.40 MIA=64.15
  [28/96] gap=11.89404761904762 Df=98.84 Dr=77.98 MIA=62.99
  [29/96] gap=12.097619047619048 Df=99.91 Dr=79.78 MIA=64.33
  [30/96] gap=12.354642857142858 Df=99.82 Dr=79.50 MIA=64.91
  [31/96] gap=12.462380952380949 Df=99.91 Dr=79.40 MIA=65.04
  [32/96] gap=12.250476190476192 Df=100.00 Dr=79.50 MIA=64.42
  [33/96] gap=12.595952380952388 Df=100.00 Dr=80.20 MIA=66.12
  [34/96] gap=12.705238095238093 Df=100.00 Dr=80.10 MIA=66.38
  [35/96] gap=12.594404761904764 Df=100.00 Dr=80.24 MIA=66.07
  [36/96] gap=12.559523809523816 Df=100.00 Dr=80.18 MIA=66.03
  [37/96] gap=12.539999999999997 Df=100.00 Dr=80.06 MIA=65.85
  [38/96] gap=12.819642857142858 Df=100.00 Dr=79.98 MIA=66.61
  [39/96] gap=12.49178571428572 Df=100.00 Dr=80.20 MIA=65.80
  [40/96] gap=12.559523809523816 Df=100.00 Dr=80.18 MIA=66.03
  [41/96] gap=12.521547619047624 Df=100.00 Dr=80.20 MIA=65.89
  [42/96] gap=12.601071428571425 Df=100.00 Dr=80.10 MIA=66.07
  [43/96] gap=12.33011904761905 Df=100.00 Dr=80.02 MIA=65.18
  [44/96] gap=12.659047619047621 Df=100.00 Dr=80.06 MIA=66.21
  [45/96] gap=12.610238095238097 Df=100.00 Dr=79.76 MIA=65.76
  [46/96] gap=12.735 Df=100.00 Dr=80.10 MIA=66.47
  [47/96] gap=12.627738095238096 Df=100.00 Dr=80.02 MIA=66.07
  [48/96] gap=12.606190476190482 Df=100.00 Dr=80.32 MIA=66.03
  [49/96] gap=12.255714285714285 Df=100.00 Dr=80.02 MIA=64.96
  [50/96] gap=12.725238095238092 Df=100.00 Dr=80.04 MIA=66.38
  [51/96] gap=12.31988095238095 Df=100.00 Dr=80.14 MIA=65.27
  [52/96] gap=12.541547619047615 Df=100.00 Dr=80.10 MIA=65.89
  [53/96] gap=12.327023809523814 Df=100.00 Dr=79.94 MIA=65.09
  [54/96] gap=12.503571428571433 Df=100.00 Dr=80.08 MIA=65.76
  [55/96] gap=12.247500000000002 Df=100.00 Dr=80.00 MIA=64.91
  [56/96] gap=12.644166666666672 Df=100.00 Dr=80.30 MIA=66.16
  [57/96] gap=11.873809523809527 Df=99.73 Dr=79.38 MIA=63.44
  [58/96] gap=26.028214285714284 Df=44.55 Dr=39.64 MIA=51.88
  [59/96] gap=11.322619047619057 Df=98.84 Dr=78.98 MIA=62.28
  [60/96] gap=35.015833333333326 Df=28.21 Dr=27.32 MIA=50.18
  [61/96] gap=12.046785714285718 Df=99.91 Dr=79.62 MIA=64.02
  [62/96] gap=12.217500000000001 Df=99.55 Dr=78.84 MIA=64.11
  [63/96] gap=11.995952380952387 Df=99.91 Dr=79.46 MIA=63.71
  [64/96] gap=12.402142857142858 Df=99.73 Dr=78.42 MIA=64.06
  [65/96] gap=12.672380952380957 Df=100.00 Dr=80.02 MIA=66.21
  [66/96] gap=12.63238095238095 Df=100.00 Dr=80.14 MIA=66.21
  [67/96] gap=12.5877380952381 Df=100.00 Dr=80.22 MIA=66.07
  [68/96] gap=12.697023809523808 Df=100.00 Dr=80.08 MIA=66.34
  [69/96] gap=12.660595238095235 Df=100.00 Dr=80.10 MIA=66.25
  [70/96] gap=12.563095238095238 Df=100.00 Dr=80.08 MIA=65.94
  [71/96] gap=12.740119047619046 Df=100.00 Dr=80.04 MIA=66.43
  [72/96] gap=12.796071428571432 Df=100.00 Dr=80.22 MIA=66.70
  [73/96] gap=12.493809523809523 Df=100.00 Dr=80.02 MIA=65.67
  [74/96] gap=12.775952380952381 Df=100.00 Dr=79.62 MIA=66.12
  [75/96] gap=12.473809523809527 Df=100.00 Dr=80.08 MIA=65.67
  [76/96] gap=12.682619047619047 Df=100.00 Dr=79.90 MIA=66.12
  [77/96] gap=12.603095238095241 Df=100.00 Dr=79.96 MIA=65.94
  [78/96] gap=12.632380952380956 Df=100.00 Dr=80.14 MIA=66.21
  [79/96] gap=12.639523809523808 Df=100.00 Dr=79.94 MIA=66.03
  [80/96] gap=12.776547619047625 Df=100.00 Dr=80.34 MIA=66.52
  [81/96] gap=12.3075 Df=100.00 Dr=79.82 MIA=64.91
  [82/96] gap=11.070238095238096 Df=93.93 Dr=74.38 MIA=61.83
  [83/96] gap=12.292619047619047 Df=100.00 Dr=79.82 MIA=64.87
  [84/96] gap=12.128928571428576 Df=98.57 Dr=77.32 MIA=63.30
  [85/96] gap=12.447619047619048 Df=100.00 Dr=79.98 MIA=65.49
  [86/96] gap=12.609761904761905 Df=100.00 Dr=79.94 MIA=65.94
  [87/96] gap=12.53119047619048 Df=100.00 Dr=79.64 MIA=65.40
  [88/96] gap=12.64261904761905 Df=100.00 Dr=80.02 MIA=66.12
  [89/96] gap=11.545357142857144 Df=99.11 Dr=79.16 MIA=62.86
  [90/96] gap=45.32440476190476 Df=11.70 Dr=13.18 MIA=50.45
  [91/96] gap=11.435714285714283 Df=98.04 Dr=77.48 MIA=61.92
  [92/96] gap=42.71880952380952 Df=15.62 Dr=16.22 MIA=49.60
  [93/96] gap=11.888214285714286 Df=99.91 Dr=79.56 MIA=63.48
  [94/96] gap=11.658928571428575 Df=98.84 Dr=77.48 MIA=61.79
  [95/96] gap=12.270833333333329 Df=99.38 Dr=78.68 MIA=64.29
  [96/96] gap=11.538690476190473 Df=97.86 Dr=76.68 MIA=61.61
final test: mmu {'msteps': 2, 'lr': 0.005, 'epochs': 5, 'head_mode': 'tied', 'weighting': 'mrl', 'max_grad_norm': 5.0}
  Df=98.68 Dr=79.15 MIA=63.99 time=9.55s KL=0.0176

salun: 0/45 candidates complete
  [1/45] gap=9.518214285714286 Df=88.75 Dr=70.42 MIA=58.39
  [2/45] gap=8.284404761904762 Df=79.46 Dr=64.30 MIA=57.86
  [3/45] gap=13.599999999999994 Df=68.04 Dr=56.88 MIA=55.31
  [4/45] gap=19.138690476190472 Df=57.50 Dr=48.88 MIA=53.39
  [5/45] gap=19.97869047619047 Df=55.80 Dr=48.86 MIA=54.20
  [6/45] gap=20.646904761904757 Df=55.00 Dr=46.90 MIA=53.44
  [7/45] gap=9.306547619047612 Df=78.48 Dr=61.68 MIA=57.68
  [8/45] gap=8.83892857142857 Df=85.27 Dr=68.44 MIA=57.86
  [9/45] gap=10.296428571428569 Df=91.34 Dr=71.88 MIA=59.60
  [10/45] gap=9.43607142857143 Df=88.30 Dr=70.22 MIA=58.39
  [11/45] gap=8.086309523809513 Df=78.93 Dr=64.18 MIA=56.96
  [12/45] gap=13.439404761904754 Df=68.21 Dr=56.96 MIA=55.09
  [13/45] gap=19.462499999999995 Df=57.23 Dr=48.98 MIA=54.20
  [14/45] gap=19.959166666666658 Df=56.25 Dr=48.74 MIA=54.46
  [15/45] gap=20.238095238095234 Df=56.34 Dr=47.68 MIA=54.33
  [16/45] gap=8.598333333333338 Df=80.36 Dr=63.76 MIA=57.37
  [17/45] gap=9.327499999999995 Df=86.70 Dr=68.76 MIA=58.21
  [18/45] gap=10.825238095238094 Df=93.30 Dr=73.24 MIA=60.58
  [19/45] gap=9.45404761904762 Df=88.39 Dr=70.30 MIA=58.44
  [20/45] gap=8.476785714285713 Df=79.02 Dr=64.08 MIA=58.13
  [21/45] gap=13.757976190476185 Df=67.68 Dr=56.54 MIA=55.09
  [22/45] gap=19.3322619047619 Df=57.14 Dr=49.46 MIA=54.20
  [23/45] gap=19.954523809523803 Df=56.16 Dr=48.62 MIA=54.24
  [24/45] gap=19.40273809523809 Df=58.57 Dr=47.82 MIA=54.20
  [25/45] gap=8.617380952380957 Df=80.36 Dr=64.06 MIA=57.72
  [26/45] gap=9.523214285714282 Df=87.77 Dr=69.78 MIA=58.75
  [27/45] gap=11.415833333333339 Df=95.00 Dr=73.12 MIA=60.54
  [28/45] gap=9.406309523809524 Df=88.21 Dr=70.22 MIA=58.39
  [29/45] gap=8.481904761904758 Df=79.02 Dr=64.02 MIA=58.08
  [30/45] gap=13.715952380952373 Df=67.86 Dr=56.80 MIA=55.40
  [31/45] gap=18.892023809523803 Df=57.86 Dr=49.62 MIA=53.75
  [32/45] gap=19.739523809523806 Df=56.43 Dr=48.64 MIA=53.88
  [33/45] gap=19.47464285714285 Df=57.77 Dr=48.14 MIA=53.93
  [34/45] gap=8.460595238095237 Df=81.34 Dr=65.20 MIA=57.41
  [35/45] gap=9.513214285714286 Df=86.43 Dr=68.56 MIA=58.84
  [36/45] gap=10.94833333333333 Df=94.02 Dr=72.96 MIA=59.96
  [37/45] gap=9.449404761904765 Df=88.21 Dr=70.18 MIA=58.48
  [38/45] gap=8.493690476190475 Df=79.02 Dr=63.94 MIA=58.04
  [39/45] gap=13.714404761904758 Df=67.86 Dr=56.76 MIA=55.36
  [40/45] gap=19.519523809523808 Df=56.96 Dr=49.30 MIA=54.42
  [41/45] gap=20.46809523809523 Df=54.82 Dr=48.24 MIA=54.06
  [42/45] gap=19.64642857142857 Df=57.77 Dr=47.58 MIA=53.88
  [43/45] gap=9.279166666666663 Df=83.57 Dr=65.78 MIA=58.21
  [44/45] gap=9.501428571428571 Df=86.88 Dr=68.64 MIA=58.44
  [45/45] gap=10.980119047619048 Df=93.57 Dr=72.82 MIA=60.36
final test: salun {'sparsity': 0.3, 'lr': 0.01, 'epochs': 10}
  Df=94.56 Dr=73.36 MIA=60.35 time=25.80s KL=0.0173

uniclun: 0/27 candidates complete
  [1/27] gap=11.539404761904763 Df=93.39 Dr=72.66 MIA=62.05
  [2/27] gap=11.539404761904763 Df=93.39 Dr=72.66 MIA=62.05
  [3/27] gap=11.539404761904763 Df=93.39 Dr=72.66 MIA=62.05
  [4/27] gap=9.56095238095238 Df=83.57 Dr=66.14 MIA=59.42
  [5/27] gap=9.56095238095238 Df=83.57 Dr=66.14 MIA=59.42
  [6/27] gap=9.56095238095238 Df=83.57 Dr=66.14 MIA=59.42
  [7/27] gap=13.211666666666657 Df=70.54 Dr=57.42 MIA=57.19
  [8/27] gap=13.211666666666657 Df=70.54 Dr=57.42 MIA=57.19
  [9/27] gap=13.211666666666657 Df=70.54 Dr=57.42 MIA=57.19
  [10/27] gap=18.99619047619047 Df=59.02 Dr=49.62 MIA=55.22
  [11/27] gap=18.99619047619047 Df=59.02 Dr=49.62 MIA=55.22
  [12/27] gap=18.99619047619047 Df=59.02 Dr=49.62 MIA=55.22
  [13/27] gap=21.43761904761904 Df=55.62 Dr=46.76 MIA=56.29
  [14/27] gap=21.43761904761904 Df=55.62 Dr=46.76 MIA=56.29
  [15/27] gap=21.43761904761904 Df=55.62 Dr=46.76 MIA=56.29
  [16/27] gap=15.81619047619047 Df=64.38 Dr=54.16 MIA=55.58
  [17/27] gap=15.81619047619047 Df=64.38 Dr=54.16 MIA=55.58
  [18/27] gap=15.81619047619047 Df=64.38 Dr=54.16 MIA=55.58
  [19/27] gap=9.432023809523814 Df=86.34 Dr=68.00 MIA=58.13
  [20/27] gap=9.432023809523814 Df=86.34 Dr=68.00 MIA=58.13
  [21/27] gap=9.432023809523814 Df=86.34 Dr=68.00 MIA=58.13
  [22/27] gap=10.779285714285715 Df=91.70 Dr=71.86 MIA=60.67
  [23/27] gap=10.779285714285715 Df=91.70 Dr=71.86 MIA=60.67
  [24/27] gap=10.779285714285715 Df=91.70 Dr=71.86 MIA=60.67
  [25/27] gap=10.469047619047622 Df=92.50 Dr=72.88 MIA=59.96
  [26/27] gap=10.469047619047622 Df=92.50 Dr=72.88 MIA=59.96
  [27/27] gap=10.469047619047622 Df=92.50 Dr=72.88 MIA=59.96
final test: uniclun {'lr': 0.01, 'epochs': 10, 'buffer_size': 250}
  Df=92.98 Dr=73.79 MIA=59.74 time=23.01s KL=0.0203

