training one shared source (150 epochs)
Epoch 10/150: Train Loss=0.7835, Train Acc=0.7429, Val Acc=0.7260
Epoch 20/150: Train Loss=0.3568, Train Acc=0.8801, Val Acc=0.7726
Epoch 30/150: Train Loss=0.0659, Train Acc=0.9787, Val Acc=0.8088
Epoch 40/150: Train Loss=0.0220, Train Acc=0.9936, Val Acc=0.8092
Epoch 50/150: Train Loss=0.0110, Train Acc=0.9971, Val Acc=0.8160
Epoch 60/150: Train Loss=0.0086, Train Acc=0.9976, Val Acc=0.8182
Early stopping at epoch 61
training same-recipe retain-only reference (150 epochs)
Epoch 10/150: Train Loss=0.8097, Train Acc=0.7350, Val Acc=0.7030
Epoch 20/150: Train Loss=0.3644, Train Acc=0.8766, Val Acc=0.7472
Epoch 30/150: Train Loss=0.0622, Train Acc=0.9801, Val Acc=0.7966
Epoch 40/150: Train Loss=0.0224, Train Acc=0.9935, Val Acc=0.8042
Epoch 50/150: Train Loss=0.0119, Train Acc=0.9969, Val Acc=0.8094
Epoch 60/150: Train Loss=0.0089, Train Acc=0.9980, Val Acc=0.8104
Epoch 70/150: Train Loss=0.0075, Train Acc=0.9981, Val Acc=0.8110
Epoch 80/150: Train Loss=0.0078, Train Acc=0.9982, Val Acc=0.8096
Early stopping at epoch 83
final test: baseline {}
  Df=100.00 Dr=80.98 MIA=65.04 time=0.00s KL=0.0079
final test: retrain {}
  Df=81.58 Dr=80.61 MIA=50.26 time=706.47s KL=0.0000

finetune: 0/12 candidates complete
  [1/12] gap=10.876428571428571 Df=99.82 Dr=81.32 MIA=64.51
  [2/12] gap=10.684999999999997 Df=99.82 Dr=81.46 MIA=63.79
  [3/12] gap=10.96571428571429 Df=99.73 Dr=81.32 MIA=64.87
  [4/12] gap=10.533571428571422 Df=99.64 Dr=81.72 MIA=63.26
  [5/12] gap=9.041785714285714 Df=95.36 Dr=77.86 MIA=60.09
  [6/12] gap=7.704523809523811 Df=93.21 Dr=77.72 MIA=58.08
  [7/12] gap=7.656190476190479 Df=92.23 Dr=77.24 MIA=58.44
  [8/12] gap=6.471428571428572 Df=90.18 Dr=77.58 MIA=57.28
  [9/12] gap=12.924999999999999 Df=63.12 Dr=61.88 MIA=49.24
  [10/12] gap=11.370000000000003 Df=65.45 Dr=63.42 MIA=50.04
  [11/12] gap=6.544047619047625 Df=71.88 Dr=71.38 MIA=51.03
  [12/12] gap=5.529880952380954 Df=73.75 Dr=72.86 MIA=49.82
final test: finetune {'lr': 0.0001, 'epochs': 10}
  Df=99.91 Dr=81.21 MIA=63.25 time=75.47s KL=0.0083

ssd: 0/25 candidates complete
  [1/25] gap=50.9177380952381 Df=5.00 Dr=5.00 MIA=50.27
  [2/25] gap=51.11119047619048 Df=5.09 Dr=5.00 MIA=49.60
  [3/25] gap=43.151071428571434 Df=17.59 Dr=15.80 MIA=50.98
  [4/25] gap=10.98107142857143 Df=99.82 Dr=81.50 MIA=64.64
  [5/25] gap=11.054404761904758 Df=99.82 Dr=81.72 MIA=64.64
  [6/25] gap=10.702261904761903 Df=99.55 Dr=80.20 MIA=63.21
  [7/25] gap=10.7397619047619 Df=99.64 Dr=80.40 MIA=63.44
  [8/25] gap=10.780833333333334 Df=99.64 Dr=80.50 MIA=63.66
  [9/25] gap=10.98107142857143 Df=99.82 Dr=81.50 MIA=64.64
  [10/25] gap=11.054404761904758 Df=99.82 Dr=81.72 MIA=64.64
  [11/25] gap=11.037976190476192 Df=99.82 Dr=81.76 MIA=64.55
  [12/25] gap=11.05285714285714 Df=99.82 Dr=81.76 MIA=64.60
  [13/25] gap=11.104166666666666 Df=99.82 Dr=81.78 MIA=64.73
  [14/25] gap=11.054404761904763 Df=99.82 Dr=81.72 MIA=64.64
  [15/25] gap=11.054404761904758 Df=99.82 Dr=81.72 MIA=64.64
  [16/25] gap=11.086190476190476 Df=99.73 Dr=81.86 MIA=64.69
  [17/25] gap=11.086190476190476 Df=99.73 Dr=81.86 MIA=64.69
  [18/25] gap=11.086190476190476 Df=99.73 Dr=81.86 MIA=64.69
  [19/25] gap=11.086190476190476 Df=99.73 Dr=81.86 MIA=64.69
  [20/25] gap=11.099523809523808 Df=99.73 Dr=81.90 MIA=64.69
  [21/25] gap=11.026666666666666 Df=99.73 Dr=81.86 MIA=64.51
  [22/25] gap=11.026666666666666 Df=99.73 Dr=81.86 MIA=64.51
  [23/25] gap=11.026666666666666 Df=99.73 Dr=81.86 MIA=64.51
  [24/25] gap=11.026666666666666 Df=99.73 Dr=81.86 MIA=64.51
  [25/25] gap=11.011785714285713 Df=99.73 Dr=81.86 MIA=64.46
final test: ssd {'alpha': 5.0, 'dampening_constant': 0.1}
  Df=96.93 Dr=76.97 MIA=61.36 time=9.83s KL=0.0357

badteacher: 0/36 candidates complete
  [1/36] gap=10.981547619047612 Df=99.82 Dr=81.68 MIA=64.46
  [2/36] gap=7.5902380952380994 Df=79.73 Dr=65.92 MIA=56.56
  [3/36] gap=18.464285714285715 Df=58.39 Dr=51.78 MIA=53.71
  [4/36] gap=10.251547619047615 Df=98.12 Dr=79.32 MIA=62.41
  [5/36] gap=17.402857142857144 Df=61.70 Dr=53.00 MIA=55.04
  [6/36] gap=14.321785714285717 Df=67.68 Dr=57.02 MIA=55.80
  [7/36] gap=10.014880952380956 Df=95.71 Dr=76.28 MIA=61.07
  [8/36] gap=18.81761904761905 Df=59.02 Dr=50.72 MIA=54.33
  [9/36] gap=7.968214285714285 Df=80.98 Dr=64.92 MIA=57.95
  [10/36] gap=7.295476190476189 Df=85.00 Dr=69.84 MIA=57.19
  [11/36] gap=19.596309523809527 Df=57.50 Dr=49.50 MIA=53.93
  [12/36] gap=10.465357142857139 Df=95.09 Dr=73.50 MIA=60.27
  [13/36] gap=10.545952380952379 Df=99.55 Dr=81.40 MIA=63.71
  [14/36] gap=10.39011904761905 Df=74.91 Dr=61.94 MIA=56.16
  [15/36] gap=9.732380952380955 Df=76.96 Dr=62.44 MIA=56.74
  [16/36] gap=9.865476190476187 Df=94.55 Dr=75.88 MIA=61.38
  [17/36] gap=13.693809523809525 Df=68.30 Dr=57.52 MIA=55.04
  [18/36] gap=9.569166666666666 Df=94.38 Dr=74.76 MIA=59.55
  [19/36] gap=8.26595238095238 Df=87.23 Dr=70.50 MIA=58.53
  [20/36] gap=12.289761904761908 Df=71.07 Dr=59.50 MIA=55.58
  [21/36] gap=9.728690476190474 Df=96.96 Dr=76.96 MIA=59.64
  [22/36] gap=9.677738095238103 Df=74.64 Dr=63.72 MIA=55.54
  [23/36] gap=7.872738095238096 Df=83.30 Dr=67.26 MIA=58.04
  [24/36] gap=9.635952380952382 Df=97.05 Dr=77.64 MIA=59.96
  [25/36] gap=10.557142857142862 Df=99.29 Dr=80.68 MIA=63.53
  [26/36] gap=7.995833333333327 Df=85.71 Dr=69.48 MIA=58.21
  [27/36] gap=10.030119047619047 Df=95.36 Dr=75.52 MIA=60.71
  [28/36] gap=9.844285714285713 Df=94.02 Dr=75.14 MIA=61.12
  [29/36] gap=10.29892857142857 Df=95.54 Dr=75.16 MIA=60.98
  [30/36] gap=10.21785714285714 Df=97.77 Dr=77.68 MIA=61.03
  [31/36] gap=8.902142857142858 Df=90.27 Dr=72.52 MIA=59.42
  [32/36] gap=11.10297619047619 Df=98.75 Dr=77.48 MIA=62.50
  [33/36] gap=9.83047619047619 Df=97.32 Dr=77.86 MIA=60.49
  [34/36] gap=8.720714285714289 Df=88.75 Dr=71.10 MIA=58.97
  [35/36] gap=11.085833333333333 Df=99.20 Dr=78.96 MIA=63.48
  [36/36] gap=9.539761904761905 Df=96.16 Dr=76.50 MIA=59.42
final test: badteacher {'temperature': 1.0, 'epochs': 3, 'lr': 0.0001}
  Df=99.04 Dr=78.60 MIA=61.18 time=7.15s KL=0.0079

unsir: 0/36 candidates complete
  [1/36] gap=10.139880952380947 Df=97.59 Dr=77.78 MIA=61.07
  [2/36] gap=10.62869047619048 Df=98.93 Dr=79.26 MIA=62.68
  [3/36] gap=9.97345238095238 Df=94.11 Dr=74.44 MIA=60.71
  [4/36] gap=10.616309523809527 Df=96.79 Dr=76.44 MIA=61.96
  [5/36] gap=8.277738095238098 Df=77.14 Dr=65.42 MIA=55.54
  [6/36] gap=6.607023809523807 Df=84.38 Dr=70.70 MIA=56.61
  [7/36] gap=10.618333333333332 Df=98.75 Dr=78.80 MIA=62.37
  [8/36] gap=11.106547619047626 Df=99.46 Dr=79.88 MIA=64.20
  [9/36] gap=10.14095238095238 Df=95.62 Dr=75.50 MIA=60.76
  [10/36] gap=10.120238095238099 Df=96.34 Dr=77.08 MIA=61.56
  [11/36] gap=7.002380952380953 Df=80.09 Dr=66.88 MIA=56.12
  [12/36] gap=8.127261904761903 Df=88.84 Dr=72.30 MIA=58.30
  [13/36] gap=10.554285714285719 Df=99.02 Dr=79.26 MIA=62.37
  [14/36] gap=10.72952380952381 Df=99.64 Dr=80.52 MIA=63.53
  [15/36] gap=9.954285714285712 Df=96.07 Dr=76.06 MIA=60.31
  [16/36] gap=10.402857142857142 Df=98.48 Dr=79.00 MIA=62.19
  [17/36] gap=6.4863095238095285 Df=81.07 Dr=67.58 MIA=56.25
  [18/36] gap=8.06845238095238 Df=89.91 Dr=73.28 MIA=58.04
  [19/36] gap=10.800238095238093 Df=98.21 Dr=77.54 MIA=62.19
  [20/36] gap=10.948690476190473 Df=98.39 Dr=78.30 MIA=63.21
  [21/36] gap=10.412857142857144 Df=95.80 Dr=75.22 MIA=61.12
  [22/36] gap=10.123690476190475 Df=95.80 Dr=76.40 MIA=61.43
  [23/36] gap=6.657738095238095 Df=84.38 Dr=70.28 MIA=56.34
  [24/36] gap=7.488571428571433 Df=89.29 Dr=73.10 MIA=56.74
  [25/36] gap=10.793214285714283 Df=98.75 Dr=78.32 MIA=62.41
  [26/36] gap=10.446547619047623 Df=99.02 Dr=79.36 MIA=62.14
  [27/36] gap=9.732619047619048 Df=95.98 Dr=76.10 MIA=59.78
  [28/36] gap=10.639761904761905 Df=98.12 Dr=78.20 MIA=62.46
  [29/36] gap=6.953452380952378 Df=85.71 Dr=71.00 MIA=56.61
  [30/36] gap=8.160476190476194 Df=90.80 Dr=74.12 MIA=58.26
  [31/36] gap=10.827142857142858 Df=98.93 Dr=78.62 MIA=62.63
  [32/36] gap=10.523095238095237 Df=98.84 Dr=79.80 MIA=62.99
  [33/36] gap=10.299642857142855 Df=96.43 Dr=76.14 MIA=61.07
  [34/36] gap=10.567976190476193 Df=98.12 Dr=78.46 MIA=62.50
  [35/36] gap=7.28559523809524 Df=86.61 Dr=71.70 MIA=57.41
  [36/36] gap=8.293571428571425 Df=91.96 Dr=75.06 MIA=58.44
final test: unsir {'impair_epochs': 2, 'repair_epochs': 3, 'impair_lr': 0.001, 'repair_lr': 0.01}
  Df=98.95 Dr=79.24 MIA=63.25 time=8.90s KL=0.0076

scrub: 0/24 candidates complete
  [1/24] gap=11.218095238095236 Df=99.82 Dr=81.72 MIA=65.13
  [2/24] gap=11.127261904761909 Df=99.91 Dr=81.76 MIA=64.73
  [3/24] gap=11.045714285714283 Df=99.82 Dr=81.56 MIA=64.78
  [4/24] gap=11.085714285714284 Df=99.91 Dr=81.68 MIA=64.69
  [5/24] gap=11.155000000000001 Df=99.82 Dr=81.62 MIA=65.04
  [6/24] gap=11.107261904761904 Df=99.91 Dr=81.70 MIA=64.73
  [7/24] gap=10.562380952380954 Df=99.46 Dr=81.20 MIA=63.88
  [8/24] gap=10.646547619047618 Df=99.64 Dr=81.30 MIA=64.02
  [9/24] gap=11.214999999999998 Df=99.82 Dr=81.80 MIA=65.04
  [10/24] gap=11.091309523809523 Df=99.73 Dr=81.92 MIA=64.64
  [11/24] gap=11.148333333333332 Df=99.73 Dr=81.60 MIA=65.13
  [12/24] gap=11.09083333333333 Df=99.73 Dr=81.74 MIA=64.82
  [13/24] gap=10.913333333333336 Df=99.73 Dr=81.52 MIA=64.51
  [14/24] gap=10.78964285714286 Df=99.73 Dr=81.64 MIA=64.02
  [15/24] gap=9.919285714285714 Df=99.46 Dr=80.54 MIA=61.29
  [16/24] gap=10.370476190476191 Df=99.82 Dr=81.24 MIA=62.99
  [17/24] gap=11.09083333333333 Df=99.73 Dr=81.74 MIA=64.82
  [18/24] gap=11.161666666666662 Df=99.82 Dr=81.64 MIA=65.04
  [19/24] gap=10.982619047619044 Df=99.73 Dr=81.46 MIA=64.78
  [20/24] gap=11.053928571428571 Df=99.82 Dr=81.54 MIA=64.82
  [21/24] gap=10.742500000000007 Df=99.73 Dr=81.24 MIA=64.20
  [22/24] gap=11.017500000000004 Df=99.82 Dr=81.52 MIA=64.73
  [23/24] gap=9.662619047619046 Df=98.75 Dr=80.06 MIA=60.76
  [24/24] gap=10.271904761904763 Df=99.82 Dr=81.00 MIA=62.46
final test: scrub {'msteps': 3, 'lr': 0.005, 'epochs': 5, 'max_grad_norm': 5.0}
  Df=98.33 Dr=79.29 MIA=61.54 time=9.30s KL=0.0060

mmu: 0/96 candidates complete
  [1/96] gap=11.038452380952378 Df=99.82 Dr=81.94 MIA=64.38
  [2/96] gap=11.059999999999997 Df=99.82 Dr=81.96 MIA=64.42
  [3/96] gap=11.145238095238094 Df=99.91 Dr=81.68 MIA=64.87
  [4/96] gap=11.171904761904761 Df=99.82 Dr=81.76 MIA=64.96
  [5/96] gap=10.954880952380952 Df=99.82 Dr=81.60 MIA=64.46
  [6/96] gap=10.966666666666663 Df=99.82 Dr=81.68 MIA=64.42
  [7/96] gap=11.006666666666666 Df=99.73 Dr=81.80 MIA=64.51
  [8/96] gap=11.114404761904757 Df=99.82 Dr=81.90 MIA=64.64
  [9/96] gap=10.933809523809524 Df=99.82 Dr=81.76 MIA=64.24
  [10/96] gap=11.094880952380953 Df=99.82 Dr=82.02 MIA=64.46
  [11/96] gap=11.137023809523805 Df=99.82 Dr=81.70 MIA=64.91
  [12/96] gap=11.122142857142853 Df=99.91 Dr=81.70 MIA=64.78
  [13/96] gap=10.961547619047622 Df=99.82 Dr=81.62 MIA=64.46
  [14/96] gap=11.153928571428574 Df=99.91 Dr=81.84 MIA=64.73
  [15/96] gap=10.943571428571426 Df=99.73 Dr=81.70 MIA=64.42
  [16/96] gap=11.12928571428571 Df=99.82 Dr=81.90 MIA=64.69
  [17/96] gap=10.86452380952381 Df=99.82 Dr=81.82 MIA=63.97
  [18/96] gap=11.21547619047619 Df=99.82 Dr=81.98 MIA=64.87
  [19/96] gap=11.12011904761905 Df=99.91 Dr=81.56 MIA=64.91
  [20/96] gap=11.009761904761902 Df=99.82 Dr=81.72 MIA=64.51
  [21/96] gap=10.882499999999993 Df=99.82 Dr=81.74 MIA=64.11
  [22/96] gap=10.915357142857141 Df=99.82 Dr=81.66 MIA=64.29
  [23/96] gap=11.027738095238098 Df=99.91 Dr=81.64 MIA=64.55
  [24/96] gap=10.904047619047617 Df=99.82 Dr=81.76 MIA=64.15
  [25/96] gap=10.624404761904762 Df=99.64 Dr=80.88 MIA=63.57
  [26/96] gap=9.677023809523808 Df=96.07 Dr=77.74 MIA=61.16
  [27/96] gap=10.510952380952384 Df=99.46 Dr=80.64 MIA=63.17
  [28/96] gap=10.1352380952381 Df=99.02 Dr=80.16 MIA=62.01
  [29/96] gap=10.802500000000004 Df=99.73 Dr=81.50 MIA=64.20
  [30/96] gap=10.478214285714282 Df=99.64 Dr=81.14 MIA=63.39
  [31/96] gap=10.50440476190476 Df=99.64 Dr=81.32 MIA=63.57
  [32/96] gap=10.453571428571427 Df=99.55 Dr=81.48 MIA=63.35
  [33/96] gap=11.037976190476192 Df=99.82 Dr=81.76 MIA=64.55
  [34/96] gap=11.144166666666669 Df=99.91 Dr=81.90 MIA=64.64
  [35/96] gap=11.0 Df=99.73 Dr=81.78 MIA=64.51
  [36/96] gap=11.016428571428571 Df=99.91 Dr=81.74 MIA=64.42
  [37/96] gap=11.072380952380948 Df=99.82 Dr=81.64 MIA=64.78
  [38/96] gap=11.142142857142858 Df=99.82 Dr=81.76 MIA=64.87
  [39/96] gap=11.183214285714286 Df=99.82 Dr=81.66 MIA=65.09
  [40/96] gap=11.198571428571427 Df=99.82 Dr=81.84 MIA=64.96
  [41/96] gap=11.01952380952381 Df=99.91 Dr=81.66 MIA=64.51
  [42/96] gap=11.079523809523806 Df=99.82 Dr=81.84 MIA=64.60
  [43/96] gap=10.969166666666661 Df=99.64 Dr=82.00 MIA=64.29
  [44/96] gap=10.950238095238097 Df=99.73 Dr=81.72 MIA=64.42
  [45/96] gap=10.978452380952385 Df=99.91 Dr=81.76 MIA=64.29
  [46/96] gap=11.045714285714283 Df=99.82 Dr=81.56 MIA=64.78
  [47/96] gap=11.009761904761902 Df=99.82 Dr=81.72 MIA=64.51
  [48/96] gap=11.143690476190477 Df=99.82 Dr=81.72 MIA=64.91
  [49/96] gap=10.994404761904766 Df=99.91 Dr=81.54 MIA=64.55
  [50/96] gap=10.47714285714286 Df=99.46 Dr=80.92 MIA=63.35
  [51/96] gap=10.765595238095235 Df=99.82 Dr=81.30 MIA=64.20
  [52/96] gap=10.85273809523809 Df=99.73 Dr=81.74 MIA=64.11
  [53/96] gap=10.969761904761901 Df=99.82 Dr=81.60 MIA=64.51
  [54/96] gap=11.044642857142856 Df=99.82 Dr=81.78 MIA=64.55
  [55/96] gap=10.953333333333333 Df=99.82 Dr=81.64 MIA=64.42
  [56/96] gap=11.093928571428568 Df=99.82 Dr=81.66 MIA=64.82
  [57/96] gap=10.350833333333332 Df=99.55 Dr=80.54 MIA=62.50
  [58/96] gap=7.116190476190478 Df=80.98 Dr=66.36 MIA=56.83
  [59/96] gap=9.695952380952383 Df=98.12 Dr=79.96 MIA=61.38
  [60/96] gap=19.065952380952385 Df=56.70 Dr=50.60 MIA=52.63
  [61/96] gap=10.617261904761905 Df=99.73 Dr=81.08 MIA=63.66
  [62/96] gap=10.287619047619044 Df=99.20 Dr=80.06 MIA=62.19
  [63/96] gap=10.088214285714285 Df=99.38 Dr=81.06 MIA=62.41
  [64/96] gap=10.189166666666665 Df=99.11 Dr=80.40 MIA=62.32
  [65/96] gap=11.155000000000001 Df=99.91 Dr=81.62 MIA=64.96
  [66/96] gap=11.251428571428571 Df=99.91 Dr=81.82 MIA=65.04
  [67/96] gap=10.945119047619045 Df=99.82 Dr=81.66 MIA=64.38
  [68/96] gap=11.15035714285714 Df=99.91 Dr=81.74 MIA=64.82
  [69/96] gap=11.048809523809519 Df=99.82 Dr=81.48 MIA=64.87
  [70/96] gap=11.077023809523814 Df=99.82 Dr=81.52 MIA=64.91
  [71/96] gap=11.104166666666666 Df=99.91 Dr=81.78 MIA=64.64
  [72/96] gap=11.171904761904765 Df=99.91 Dr=81.76 MIA=64.87
  [73/96] gap=11.095476190476191 Df=99.91 Dr=81.62 MIA=64.78
  [74/96] gap=9.866785714285717 Df=98.21 Dr=79.76 MIA=61.61
  [75/96] gap=10.871785714285712 Df=99.82 Dr=81.44 MIA=64.38
  [76/96] gap=10.25547619047619 Df=99.64 Dr=80.96 MIA=62.54
  [77/96] gap=10.878452380952377 Df=99.82 Dr=81.46 MIA=64.38
  [78/96] gap=11.048809523809519 Df=99.82 Dr=81.48 MIA=64.87
  [79/96] gap=10.870714285714286 Df=99.73 Dr=81.66 MIA=64.24
  [80/96] gap=11.18011904761905 Df=99.91 Dr=81.74 MIA=64.91
  [81/96] gap=10.741428571428573 Df=99.73 Dr=81.54 MIA=63.97
  [82/96] gap=6.684999999999998 Df=80.18 Dr=68.10 MIA=56.47
  [83/96] gap=10.835833333333332 Df=99.82 Dr=80.96 MIA=64.11
  [84/96] gap=8.947857142857147 Df=93.04 Dr=75.24 MIA=59.51
  [85/96] gap=10.845595238095243 Df=99.82 Dr=81.54 MIA=64.20
  [86/96] gap=10.847619047619048 Df=99.82 Dr=80.88 MIA=64.06
  [87/96] gap=10.804047619047617 Df=99.73 Dr=81.46 MIA=64.24
  [88/96] gap=10.91023809523809 Df=99.82 Dr=81.60 MIA=64.33
  [89/96] gap=9.988571428571426 Df=98.66 Dr=80.60 MIA=62.37
  [90/96] gap=43.419047619047625 Df=15.98 Dr=16.38 MIA=50.76
  [91/96] gap=9.455714285714286 Df=97.50 Dr=79.52 MIA=60.85
  [92/96] gap=39.49214285714286 Df=22.68 Dr=22.00 MIA=49.87
  [93/96] gap=10.225714285714291 Df=99.46 Dr=80.96 MIA=62.63
  [94/96] gap=9.3025 Df=96.34 Dr=78.06 MIA=60.09
  [95/96] gap=10.01726190476191 Df=99.11 Dr=80.38 MIA=61.79
  [96/96] gap=9.596071428571422 Df=97.41 Dr=78.34 MIA=60.18
final test: mmu {'msteps': 3, 'lr': 0.005, 'epochs': 5, 'head_mode': 'tied', 'weighting': 'mrl', 'max_grad_norm': 5.0}
  Df=98.60 Dr=79.14 MIA=60.96 time=9.95s KL=0.0062

salun: 0/45 candidates complete
  [1/45] gap=9.392738095238089 Df=91.61 Dr=72.70 MIA=59.73
  [2/45] gap=7.407499999999996 Df=83.30 Dr=68.12 MIA=57.50
  [3/45] gap=11.479761904761908 Df=72.50 Dr=60.68 MIA=55.76
  [4/45] gap=18.10869047619048 Df=59.11 Dr=51.82 MIA=53.39
  [5/45] gap=19.38714285714286 Df=56.61 Dr=50.44 MIA=53.35
  [6/45] gap=18.045595238095242 Df=59.46 Dr=51.92 MIA=53.66
  [7/45] gap=11.802857142857148 Df=74.11 Dr=59.80 MIA=57.46
  [8/45] gap=8.211309523809524 Df=84.29 Dr=66.78 MIA=57.59
  [9/45] gap=9.2275 Df=91.52 Dr=72.66 MIA=59.29
  [10/45] gap=9.593333333333332 Df=91.34 Dr=72.50 MIA=60.40
  [11/45] gap=7.067738095238087 Df=82.41 Dr=67.80 MIA=57.05
  [12/45] gap=12.175476190476196 Df=71.43 Dr=60.20 MIA=56.29
  [13/45] gap=17.91464285714286 Df=59.20 Dr=51.42 MIA=52.50
  [14/45] gap=19.316428571428577 Df=56.43 Dr=50.92 MIA=53.44
  [15/45] gap=17.47404761904762 Df=61.16 Dr=52.34 MIA=54.06
  [16/45] gap=8.265238095238095 Df=81.34 Dr=64.52 MIA=58.44
  [17/45] gap=9.0222619047619 Df=89.02 Dr=70.24 MIA=58.75
  [18/45] gap=9.487976190476191 Df=94.55 Dr=74.20 MIA=58.57
  [19/45] gap=9.553809523809525 Df=91.25 Dr=72.44 MIA=60.31
  [20/45] gap=7.009761904761899 Df=82.32 Dr=67.84 MIA=57.01
  [21/45] gap=11.914761904761908 Df=71.70 Dr=60.00 MIA=55.58
  [22/45] gap=18.214880952380955 Df=58.75 Dr=51.68 MIA=53.21
  [23/45] gap=19.07571428571429 Df=57.05 Dr=50.66 MIA=53.08
  [24/45] gap=17.549523809523816 Df=60.36 Dr=52.56 MIA=53.71
  [25/45] gap=8.149404761904764 Df=81.07 Dr=65.18 MIA=58.84
  [26/45] gap=9.08595238095238 Df=89.29 Dr=70.54 MIA=58.97
  [27/45] gap=9.887738095238097 Df=94.64 Dr=74.34 MIA=59.82
  [28/45] gap=9.53892857142857 Df=91.25 Dr=72.44 MIA=60.27
  [29/45] gap=7.1621428571428565 Df=82.23 Dr=67.74 MIA=57.46
  [30/45] gap=11.785952380952383 Df=71.96 Dr=59.94 MIA=55.40
  [31/45] gap=18.05678571428572 Df=59.38 Dr=51.44 MIA=53.12
  [32/45] gap=19.012619047619054 Df=57.50 Dr=50.76 MIA=53.44
  [33/45] gap=17.243214285714284 Df=61.25 Dr=52.72 MIA=53.84
  [34/45] gap=7.9514285714285675 Df=81.79 Dr=65.64 MIA=58.17
  [35/45] gap=9.03107142857143 Df=90.00 Dr=70.66 MIA=58.21
  [36/45] gap=9.907738095238093 Df=94.82 Dr=74.28 MIA=59.64
  [37/45] gap=9.510714285714286 Df=91.25 Dr=72.48 MIA=60.22
  [38/45] gap=7.047738095238093 Df=82.14 Dr=67.86 MIA=57.32
  [39/45] gap=12.05583333333334 Df=71.25 Dr=59.80 MIA=55.36
  [40/45] gap=18.265595238095244 Df=58.66 Dr=51.26 MIA=52.86
  [41/45] gap=18.998214285714287 Df=56.79 Dr=50.58 MIA=52.50
  [42/45] gap=17.210357142857145 Df=61.52 Dr=52.64 MIA=53.93
  [43/45] gap=8.301309523809527 Df=82.14 Dr=65.26 MIA=58.48
  [44/45] gap=9.54416666666667 Df=90.45 Dr=70.46 MIA=59.11
  [45/45] gap=9.878571428571432 Df=95.45 Dr=74.68 MIA=59.33
final test: salun {'sparsity': 0.9, 'lr': 0.01, 'epochs': 10}
  Df=94.47 Dr=74.46 MIA=59.39 time=22.73s KL=0.0034

uniclun: 0/27 candidates complete
  [1/27] gap=9.898690476190474 Df=94.46 Dr=75.20 MIA=60.89
  [2/27] gap=9.898690476190474 Df=94.46 Dr=75.20 MIA=60.89
  [3/27] gap=9.898690476190474 Df=94.46 Dr=75.20 MIA=60.89
  [4/27] gap=7.234166666666671 Df=83.39 Dr=68.64 MIA=57.41
  [5/27] gap=7.234166666666671 Df=83.39 Dr=68.64 MIA=57.41
  [6/27] gap=7.234166666666671 Df=83.39 Dr=68.64 MIA=57.41
  [7/27] gap=12.389404761904766 Df=70.00 Dr=59.96 MIA=55.27
  [8/27] gap=12.389404761904766 Df=70.00 Dr=59.96 MIA=55.27
  [9/27] gap=12.389404761904766 Df=70.00 Dr=59.96 MIA=55.27
  [10/27] gap=19.604761904761908 Df=57.41 Dr=50.68 MIA=55.04
  [11/27] gap=19.604761904761908 Df=57.41 Dr=50.68 MIA=55.04
  [12/27] gap=19.604761904761908 Df=57.41 Dr=50.68 MIA=55.04
  [13/27] gap=19.47535714285715 Df=57.50 Dr=50.22 MIA=54.29
  [14/27] gap=19.47535714285715 Df=57.50 Dr=50.22 MIA=54.29
  [15/27] gap=19.47535714285715 Df=57.50 Dr=50.22 MIA=54.29
  [16/27] gap=17.546547619047626 Df=60.45 Dr=53.06 MIA=54.29
  [17/27] gap=17.546547619047626 Df=60.45 Dr=53.06 MIA=54.29
  [18/27] gap=17.546547619047626 Df=60.45 Dr=53.06 MIA=54.29
  [19/27] gap=8.896904761904759 Df=85.45 Dr=67.00 MIA=58.71
  [20/27] gap=8.896904761904759 Df=85.45 Dr=67.00 MIA=58.71
  [21/27] gap=8.896904761904759 Df=85.45 Dr=67.00 MIA=58.71
  [22/27] gap=9.688452380952379 Df=93.39 Dr=73.42 MIA=59.55
  [23/27] gap=9.688452380952379 Df=93.39 Dr=73.42 MIA=59.55
  [24/27] gap=9.688452380952379 Df=93.39 Dr=73.42 MIA=59.55
  [25/27] gap=9.469285714285713 Df=94.55 Dr=75.64 MIA=59.96
  [26/27] gap=9.469285714285713 Df=94.55 Dr=75.64 MIA=59.96
  [27/27] gap=9.469285714285713 Df=94.55 Dr=75.64 MIA=59.96
final test: uniclun {'lr': 0.01, 'epochs': 10, 'buffer_size': 250}
  Df=96.40 Dr=75.89 MIA=59.08 time=23.71s KL=0.0080

