training one shared source (150 epochs)
Epoch 10/150: Train Loss=0.7835, Train Acc=0.7429, Val Acc=0.7260
Epoch 20/150: Train Loss=0.3568, Train Acc=0.8801, Val Acc=0.7726
Epoch 30/150: Train Loss=0.0659, Train Acc=0.9787, Val Acc=0.8088
Epoch 40/150: Train Loss=0.0220, Train Acc=0.9936, Val Acc=0.8092
Epoch 50/150: Train Loss=0.0110, Train Acc=0.9971, Val Acc=0.8160
Epoch 60/150: Train Loss=0.0086, Train Acc=0.9976, Val Acc=0.8182
Early stopping at epoch 61
training same-recipe retain-only reference (150 epochs)
Epoch 10/150: Train Loss=0.7438, Train Acc=0.7543, Val Acc=0.7091
Epoch 20/150: Train Loss=0.3330, Train Acc=0.8870, Val Acc=0.7743
Epoch 30/150: Train Loss=0.0599, Train Acc=0.9810, Val Acc=0.8147
Epoch 40/150: Train Loss=0.0202, Train Acc=0.9938, Val Acc=0.8145
Epoch 50/150: Train Loss=0.0086, Train Acc=0.9978, Val Acc=0.8225
Epoch 60/150: Train Loss=0.0066, Train Acc=0.9982, Val Acc=0.8219
Epoch 70/150: Train Loss=0.0054, Train Acc=0.9989, Val Acc=0.8280
Epoch 80/150: Train Loss=0.0061, Train Acc=0.9984, Val Acc=0.8244
Epoch 90/150: Train Loss=0.0066, Train Acc=0.9984, Val Acc=0.8267
Early stopping at epoch 98
final test: baseline {}
  Df=72.60 Dr=81.42 MIA=70.84 time=0.00s KL=0.0011
final test: retrain {}
  Df=0.00 Dr=82.49 MIA=50.37 time=950.66s KL=0.0000
final test: amnesiac {}
  Df=0.00 Dr=5.26 MIA=49.79 time=0.00s KL=1.0589

finetune: 0/12 candidates complete
  [1/12] gap=28.33707935318724 Df=65.20 Dr=81.85 MIA=66.93
  [2/12] gap=24.80725479178373 Df=52.80 Dr=81.64 MIA=68.53
  [3/12] gap=21.803471311731283 Df=44.40 Dr=81.89 MIA=68.17
  [4/12] gap=18.077630018105754 Df=33.20 Dr=81.87 MIA=68.17
  [5/12] gap=13.80481987887869 Df=21.60 Dr=78.38 MIA=63.46
  [6/12] gap=7.320646812761435 Df=4.80 Dr=78.99 MIA=61.42
  [7/12] gap=4.757782356246487 Df=2.00 Dr=79.52 MIA=57.06
  [8/12] gap=3.5625023412624066 Df=0.00 Dr=79.81 MIA=55.76
  [9/12] gap=7.528588374851718 Df=0.00 Dr=61.66 MIA=49.52
  [10/12] gap=6.5053255915589645 Df=0.00 Dr=70.21 MIA=54.99
  [11/12] gap=4.925504151838671 Df=0.00 Dr=70.86 MIA=50.91
  [12/12] gap=2.7070487606917624 Df=0.00 Dr=76.67 MIA=50.06
final test: finetune {'lr': 0.0001, 'epochs': 10}
  Df=32.40 Dr=82.36 MIA=69.18 time=82.01s KL=0.0012

ssd: 0/25 candidates complete
  [1/25] gap=27.475682087781735 Df=0.00 Dr=5.26 MIA=52.96
  [2/25] gap=26.557769869513645 Df=0.00 Dr=5.26 MIA=50.20
  [3/25] gap=26.205219454329775 Df=0.00 Dr=5.26 MIA=49.15
  [4/25] gap=5.264356621090089 Df=1.60 Dr=75.73 MIA=55.19
  [5/25] gap=11.829993132296934 Df=21.60 Dr=82.08 MIA=61.24
  [6/25] gap=27.436486233377035 Df=35.20 Dr=38.65 MIA=51.03
  [7/25] gap=21.50142973091091 Df=22.00 Dr=43.39 MIA=51.16
  [8/25] gap=15.94444652556659 Df=12.80 Dr=48.51 MIA=47.45
  [9/25] gap=5.264356621090089 Df=1.60 Dr=75.73 MIA=55.19
  [10/25] gap=11.829993132296934 Df=21.60 Dr=82.08 MIA=61.24
  [11/25] gap=5.615908097646252 Df=5.60 Dr=78.32 MIA=54.83
  [12/25] gap=5.781831803708559 Df=5.60 Dr=78.48 MIA=55.50
  [13/25] gap=5.874246113504401 Df=5.60 Dr=78.61 MIA=55.90
  [14/25] gap=6.388786913903971 Df=6.40 Dr=80.40 MIA=58.43
  [15/25] gap=11.829993132296934 Df=21.60 Dr=82.08 MIA=61.24
  [16/25] gap=33.225735156396325 Df=78.00 Dr=81.94 MIA=68.88
  [17/25] gap=32.8495973028657 Df=78.00 Dr=81.92 MIA=67.73
  [18/25] gap=32.8495973028657 Df=78.00 Dr=81.92 MIA=67.73
  [19/25] gap=33.469763376412565 Df=78.40 Dr=81.92 MIA=69.19
  [20/25] gap=33.32239495535993 Df=78.00 Dr=81.96 MIA=69.19
  [21/25] gap=33.36069176499969 Df=78.00 Dr=81.98 MIA=69.33
  [22/25] gap=33.36069176499969 Df=78.00 Dr=81.98 MIA=69.33
  [23/25] gap=33.36069176499969 Df=78.00 Dr=81.98 MIA=69.33
  [24/25] gap=33.48700755447337 Df=78.40 Dr=82.00 MIA=69.33
  [25/25] gap=33.48700755447337 Df=78.40 Dr=82.00 MIA=69.33
final test: ssd {'alpha': 1.0, 'dampening_constant': 10.0}
  Df=36.60 Dr=81.59 MIA=66.14 time=8.70s KL=0.0006

badteacher: 0/36 candidates complete
  [1/36] gap=17.22799525504151 Df=26.00 Dr=80.46 MIA=71.41
  [2/36] gap=11.109246425672717 Df=8.80 Dr=79.94 MIA=69.73
  [3/36] gap=10.276818380470745 Df=6.40 Dr=78.25 MIA=67.95
  [4/36] gap=14.846350752325648 Df=17.60 Dr=80.63 MIA=72.84
  [5/36] gap=10.703028032715238 Df=6.00 Dr=78.53 MIA=69.90
  [6/36] gap=8.251445339326962 Df=4.40 Dr=78.11 MIA=63.73
  [7/36] gap=13.92030967097459 Df=14.80 Dr=80.57 MIA=72.80
  [8/36] gap=9.499619154648185 Df=5.20 Dr=78.36 MIA=66.92
  [9/36] gap=6.87954048823125 Df=2.40 Dr=77.73 MIA=61.23
  [10/36] gap=11.30890928388587 Df=10.40 Dr=79.92 MIA=68.71
  [11/36] gap=9.226958856215264 Df=4.40 Dr=78.29 MIA=66.84
  [12/36] gap=6.176474995317476 Df=0.80 Dr=78.91 MIA=61.90
  [13/36] gap=16.628806892676526 Df=22.80 Dr=80.48 MIA=72.84
  [14/36] gap=10.640781669476178 Df=6.00 Dr=79.16 MIA=70.35
  [15/36] gap=8.182181432228253 Df=4.00 Dr=79.16 MIA=64.97
  [16/36] gap=12.889879503028034 Df=13.60 Dr=80.51 MIA=70.84
  [17/36] gap=8.800474495848157 Df=4.40 Dr=78.86 MIA=66.13
  [18/36] gap=7.110120496971966 Df=1.60 Dr=80.02 MIA=65.02
  [19/36] gap=11.959955047761753 Df=11.20 Dr=80.27 MIA=70.22
  [20/36] gap=10.12135855653368 Df=4.80 Dr=78.99 MIA=69.82
  [21/36] gap=6.925366797777358 Df=0.80 Dr=80.48 MIA=65.73
  [22/36] gap=10.917600049946934 Df=7.60 Dr=79.35 MIA=69.77
  [23/36] gap=9.221289879503024 Df=6.00 Dr=79.60 MIA=66.53
  [24/36] gap=6.45820066179684 Df=0.40 Dr=81.18 MIA=65.42
  [25/36] gap=16.08052694012611 Df=21.20 Dr=80.48 MIA=72.79
  [26/36] gap=9.936330149216452 Df=4.40 Dr=79.49 MIA=70.17
  [27/36] gap=7.966460635574702 Df=2.80 Dr=80.29 MIA=66.66
  [28/36] gap=13.333732908784413 Df=13.20 Dr=80.15 MIA=72.21
  [29/36] gap=9.74443403883374 Df=5.20 Dr=80.25 MIA=69.55
  [30/36] gap=7.201273646750326 Df=0.40 Dr=81.03 MIA=67.50
  [31/36] gap=12.129412499219576 Df=10.40 Dr=80.34 MIA=71.59
  [32/36] gap=9.859649122807014 Df=6.00 Dr=80.88 MIA=69.73
  [33/36] gap=7.436898295560968 Df=0.40 Dr=81.39 MIA=68.57
  [34/36] gap=10.447224823624895 Df=6.80 Dr=79.92 MIA=69.72
  [35/36] gap=8.383267777985887 Df=4.00 Dr=81.14 MIA=67.55
  [36/36] gap=7.061634513329589 Df=0.00 Dr=81.45 MIA=67.90
final test: badteacher {'temperature': 4.0, 'epochs': 10, 'lr': 0.01}
  Df=0.00 Dr=81.61 MIA=66.65 time=20.13s KL=0.0012

unsir: 0/36 candidates complete
  [1/36] gap=36.69790847224824 Df=88.40 Dr=79.35 MIA=66.31
  [2/36] gap=30.152999937566335 Df=70.00 Dr=80.76 MIA=66.48
  [3/36] gap=34.62333770368983 Df=82.40 Dr=75.43 MIA=62.17
  [4/36] gap=15.313754136230253 Df=30.40 Dr=80.74 MIA=61.54
  [5/36] gap=21.73258412936255 Df=46.00 Dr=70.11 MIA=54.57
  [6/36] gap=4.284198039582937 Df=1.60 Dr=77.16 MIA=53.68
  [7/36] gap=36.024661297371544 Df=87.20 Dr=79.81 MIA=65.95
  [8/36] gap=28.749928201286128 Df=66.00 Dr=81.41 MIA=66.93
  [9/36] gap=31.50235374914153 Df=75.60 Dr=77.68 MIA=61.86
  [10/36] gap=13.923805956171572 Df=26.40 Dr=80.51 MIA=61.14
  [11/36] gap=16.744459012299426 Df=34.40 Dr=73.16 MIA=54.26
  [12/36] gap=4.7133046138477885 Df=1.60 Dr=77.64 MIA=55.45
  [13/36] gap=34.996928263719795 Df=85.60 Dr=80.32 MIA=64.97
  [14/36] gap=27.968321158768806 Df=67.20 Dr=81.14 MIA=63.11
  [15/36] gap=29.566423175376162 Df=70.00 Dr=78.74 MIA=62.70
  [16/36] gap=15.718149466192166 Df=28.40 Dr=80.46 MIA=64.48
  [17/36] gap=14.96949491165636 Df=30.00 Dr=74.48 MIA=54.66
  [18/36] gap=4.645938690141721 Df=1.60 Dr=78.29 MIA=55.90
  [19/36] gap=35.83629893238434 Df=88.00 Dr=78.86 MIA=63.64
  [20/36] gap=29.91626396953237 Df=71.20 Dr=80.72 MIA=64.53
  [21/36] gap=33.45038396703503 Df=82.40 Dr=75.83 MIA=59.05
  [22/36] gap=16.000124867328463 Df=31.60 Dr=79.79 MIA=61.46
  [23/36] gap=21.118136979459326 Df=46.00 Dr=72.21 MIA=54.83
  [24/36] gap=6.48366111007055 Df=8.00 Dr=77.49 MIA=54.21
  [25/36] gap=35.295985515389894 Df=84.80 Dr=79.24 MIA=65.60
  [26/36] gap=27.88660797902229 Df=66.40 Dr=81.12 MIA=63.64
  [27/36] gap=30.515776986951362 Df=74.00 Dr=78.06 MIA=60.88
  [28/36] gap=15.672760192295684 Df=30.40 Dr=80.95 MIA=62.83
  [29/36] gap=14.977861022663417 Df=32.40 Dr=74.95 MIA=52.75
  [30/36] gap=5.144459012299429 Df=6.40 Dr=78.76 MIA=53.06
  [31/36] gap=35.096085409252666 Df=84.40 Dr=79.66 MIA=65.82
  [32/36] gap=28.09020415808203 Df=66.80 Dr=81.47 MIA=64.21
  [33/36] gap=28.719248298682647 Df=70.00 Dr=78.69 MIA=60.12
  [34/36] gap=15.333620528188794 Df=30.40 Dr=81.07 MIA=61.94
  [35/36] gap=13.910045576574888 Df=29.20 Dr=75.71 MIA=53.50
  [36/36] gap=6.768808141349813 Df=7.60 Dr=78.59 MIA=56.56
final test: unsir {'impair_epochs': 2, 'repair_epochs': 3, 'impair_lr': 0.01, 'repair_lr': 0.01}
  Df=30.80 Dr=80.97 MIA=64.06 time=6.38s KL=0.0008

scrub: 0/24 candidates complete
  [1/24] gap=31.83360179808953 Df=75.60 Dr=81.89 MIA=67.06
  [2/24] gap=32.566360741711925 Df=76.80 Dr=81.87 MIA=68.04
  [3/24] gap=29.63774739339452 Df=68.40 Dr=82.17 MIA=67.95
  [4/24] gap=32.54756820877817 Df=75.60 Dr=82.06 MIA=69.37
  [5/24] gap=30.336604857339072 Df=69.20 Dr=82.25 MIA=69.33
  [6/24] gap=33.72516701005182 Df=78.00 Dr=82.04 MIA=70.48
  [7/24] gap=29.190684897296624 Df=67.20 Dr=81.60 MIA=67.24
  [8/24] gap=33.53791596428795 Df=78.40 Dr=81.58 MIA=69.06
  [9/24] gap=30.382318786289563 Df=69.60 Dr=82.34 MIA=69.15
  [10/24] gap=31.35819441843041 Df=72.40 Dr=82.25 MIA=69.19
  [11/24] gap=21.82432415558469 Df=41.60 Dr=82.59 MIA=71.73
  [12/24] gap=30.89820815383654 Df=70.40 Dr=82.21 MIA=69.77
  [13/24] gap=11.77179247050009 Df=12.40 Dr=82.57 MIA=70.75
  [14/24] gap=32.07061247424611 Df=73.20 Dr=81.89 MIA=70.17
  [15/24] gap=3.742973091090711 Df=0.00 Dr=82.29 MIA=58.79
  [16/24] gap=29.959205843790965 Df=69.20 Dr=81.52 MIA=67.46
  [17/24] gap=27.841768121371047 Df=62.40 Dr=82.32 MIA=68.71
  [18/24] gap=28.468115127676842 Df=63.20 Dr=82.17 MIA=69.64
  [19/24] gap=9.790585003433852 Df=6.80 Dr=82.38 MIA=70.22
  [20/24] gap=22.292676531185617 Df=44.00 Dr=82.29 MIA=70.44
  [21/24] gap=6.644427795467313 Df=0.00 Dr=82.53 MIA=67.73
  [22/24] gap=18.34001373540613 Df=33.20 Dr=82.42 MIA=69.51
  [23/24] gap=3.794081288630828 Df=0.00 Dr=81.52 MIA=58.16
  [24/24] gap=22.71598926140975 Df=53.60 Dr=81.56 MIA=61.37
final test: scrub {'msteps': 3, 'lr': 0.001, 'epochs': 5, 'max_grad_norm': 5.0}
  Df=0.00 Dr=82.07 MIA=70.44 time=8.18s KL=0.0010

mmu: 0/96 candidates complete
  [1/96] gap=31.575538490353996 Df=73.20 Dr=81.96 MIA=68.75
  [2/96] gap=32.363326465630266 Df=75.60 Dr=82.08 MIA=68.84
  [3/96] gap=32.48873072360617 Df=76.00 Dr=82.06 MIA=68.80
  [4/96] gap=32.48873072360617 Df=75.60 Dr=82.06 MIA=69.20
  [5/96] gap=32.310120496971955 Df=75.60 Dr=82.02 MIA=68.62
  [6/96] gap=32.557320347131174 Df=76.00 Dr=82.17 MIA=69.11
  [7/96] gap=32.41602047824187 Df=76.00 Dr=82.19 MIA=68.70
  [8/96] gap=32.49007929075357 Df=76.00 Dr=82.15 MIA=68.88
  [9/96] gap=30.177224199288258 Df=68.40 Dr=82.06 MIA=69.46
  [10/96] gap=21.629655990510084 Df=43.20 Dr=82.46 MIA=69.42
  [11/96] gap=31.24571392895049 Df=72.00 Dr=82.15 MIA=69.15
  [12/96] gap=23.416195292501715 Df=48.40 Dr=82.53 MIA=69.64
  [13/96] gap=32.65084597615034 Df=76.00 Dr=81.98 MIA=69.20
  [14/96] gap=22.59443091715053 Df=46.00 Dr=82.59 MIA=69.64
  [15/96] gap=32.37664980957732 Df=74.40 Dr=82.04 MIA=70.04
  [16/96] gap=24.727327214834236 Df=52.40 Dr=82.55 MIA=69.60
  [17/96] gap=30.718923643628642 Df=70.40 Dr=82.13 MIA=69.15
  [18/96] gap=10.420777923456328 Df=8.80 Dr=82.44 MIA=70.17
  [19/96] gap=31.453980146094768 Df=70.80 Dr=82.19 MIA=71.02
  [20/96] gap=12.482861959168384 Df=16.40 Dr=82.53 MIA=68.84
  [21/96] gap=33.36703502528564 Df=77.60 Dr=81.92 MIA=69.68
  [22/96] gap=10.678204407816688 Df=10.80 Dr=82.69 MIA=69.20
  [23/96] gap=32.30286570518823 Df=73.60 Dr=82.04 MIA=70.62
  [24/96] gap=16.936504963476306 Df=29.20 Dr=82.63 MIA=69.51
  [25/96] gap=31.643216582381218 Df=73.20 Dr=81.62 MIA=68.62
  [26/96] gap=5.568008990447647 Df=0.00 Dr=82.42 MIA=64.39
  [27/96] gap=31.933395766997567 Df=72.80 Dr=81.73 MIA=69.99
  [28/96] gap=5.0131485296872045 Df=0.00 Dr=82.48 MIA=62.79
  [29/96] gap=33.655428607104945 Df=78.80 Dr=81.49 MIA=68.93
  [30/96] gap=5.377861022663417 Df=0.00 Dr=82.55 MIA=63.95
  [31/96] gap=31.961865517887247 Df=74.80 Dr=81.73 MIA=68.08
  [32/96] gap=6.171954798027097 Df=0.00 Dr=82.65 MIA=66.43
  [33/96] gap=29.908734469626015 Df=68.80 Dr=82.38 MIA=68.57
  [34/96] gap=29.33012424299182 Df=66.80 Dr=82.34 MIA=68.79
  [35/96] gap=30.259411874882932 Df=70.40 Dr=82.08 MIA=67.73
  [36/96] gap=29.034513329587316 Df=65.60 Dr=82.34 MIA=69.11
  [37/96] gap=31.105363051757504 Df=72.40 Dr=82.17 MIA=68.35
  [38/96] gap=30.40836611100705 Df=69.60 Dr=82.13 MIA=69.02
  [39/96] gap=30.353973902728352 Df=70.80 Dr=82.06 MIA=67.59
  [40/96] gap=29.04196790909658 Df=65.20 Dr=82.36 MIA=69.55
  [41/96] gap=23.264231753761635 Df=48.40 Dr=82.40 MIA=69.06
  [42/96] gap=9.22014110008116 Df=7.20 Dr=82.36 MIA=68.08
  [43/96] gap=28.439133420740458 Df=62.80 Dr=82.21 MIA=69.99
  [44/96] gap=9.70344009489917 Df=8.80 Dr=82.46 MIA=68.04
  [45/96] gap=31.534344758693887 Df=72.40 Dr=82.13 MIA=69.60
  [46/96] gap=10.40269713429481 Df=9.60 Dr=82.23 MIA=69.11
  [47/96] gap=30.38410438908659 Df=69.20 Dr=82.06 MIA=69.28
  [48/96] gap=12.005394268589624 Df=14.40 Dr=82.40 MIA=69.28
  [49/96] gap=16.583767247299736 Df=28.00 Dr=82.44 MIA=69.46
  [50/96] gap=5.737703689829559 Df=0.00 Dr=82.08 MIA=64.56
  [51/96] gap=26.974726852718987 Df=58.40 Dr=82.34 MIA=70.13
  [52/96] gap=6.655253792845097 Df=0.00 Dr=82.36 MIA=67.59
  [53/96] gap=33.186401947930314 Df=76.80 Dr=81.75 MIA=69.77
  [54/96] gap=6.772566647936567 Df=0.00 Dr=82.23 MIA=67.82
  [55/96] gap=30.473983892114628 Df=68.40 Dr=82.11 MIA=70.39
  [56/96] gap=6.622263844665042 Df=0.00 Dr=82.51 MIA=67.64
  [57/96] gap=3.1943684834862958 Df=0.00 Dr=82.13 MIA=56.98
  [58/96] gap=0.9603296497471424 Df=0.00 Dr=81.85 MIA=50.00
  [59/96] gap=15.834513329587312 Df=25.60 Dr=82.34 MIA=69.51
  [60/96] gap=2.5410126740338392 Df=0.00 Dr=82.23 MIA=55.12
  [61/96] gap=32.657788599612914 Df=77.20 Dr=81.64 MIA=67.68
  [62/96] gap=0.7536492476743438 Df=0.00 Dr=82.29 MIA=49.82
  [63/96] gap=32.96204033214709 Df=76.00 Dr=81.66 MIA=69.82
  [64/96] gap=4.9753636760941475 Df=0.00 Dr=82.02 MIA=62.21
  [65/96] gap=28.006543048011483 Df=62.80 Dr=82.44 MIA=68.93
  [66/96] gap=27.48110132983705 Df=61.60 Dr=82.51 MIA=68.61
  [67/96] gap=29.146119747767994 Df=65.20 Dr=82.36 MIA=69.86
  [68/96] gap=27.65840044952238 Df=61.60 Dr=82.42 MIA=69.06
  [69/96] gap=29.573278391708808 Df=67.20 Dr=82.23 MIA=69.02
  [70/96] gap=27.88363613660486 Df=62.40 Dr=82.19 MIA=68.71
  [71/96] gap=30.457726165948674 Df=69.60 Dr=82.38 MIA=69.42
  [72/96] gap=26.739102203908345 Df=59.20 Dr=82.38 MIA=68.66
  [73/96] gap=11.724929762127736 Df=12.40 Dr=82.44 MIA=70.48
  [74/96] gap=7.155160142348753 Df=0.00 Dr=82.46 MIA=69.20
  [75/96] gap=23.564200536929516 Df=48.00 Dr=82.57 MIA=70.53
  [76/96] gap=6.667066242117746 Df=0.00 Dr=82.55 MIA=67.81
  [77/96] gap=26.489604794905414 Df=57.20 Dr=82.15 MIA=69.68
  [78/96] gap=7.2208153836548705 Df=0.00 Dr=82.40 MIA=69.33
  [79/96] gap=29.811163139164638 Df=67.20 Dr=82.32 MIA=69.82
  [80/96] gap=7.422026596740962 Df=1.20 Dr=82.51 MIA=68.84
  [81/96] gap=7.1572204532683985 Df=0.00 Dr=82.55 MIA=69.29
  [82/96] gap=5.5973902728351135 Df=0.00 Dr=82.06 MIA=64.12
  [83/96] gap=18.162040332147097 Df=32.00 Dr=82.46 MIA=70.22
  [84/96] gap=5.647661859274517 Df=0.00 Dr=82.36 MIA=64.57
  [85/96] gap=25.294599488043954 Df=53.20 Dr=82.00 MIA=69.95
  [86/96] gap=5.899619154648183 Df=0.00 Dr=82.36 MIA=65.32
  [87/96] gap=29.631878628956738 Df=65.60 Dr=82.23 MIA=70.79
  [88/96] gap=6.2935131422863195 Df=0.00 Dr=82.42 MIA=66.57
  [89/96] gap=2.35202597240432 Df=0.00 Dr=81.85 MIA=54.18
  [90/96] gap=1.4866454392208273 Df=0.00 Dr=80.27 MIA=50.00
  [91/96] gap=5.582518574015107 Df=0.00 Dr=81.98 MIA=63.99
  [92/96] gap=1.1638384216769662 Df=0.00 Dr=81.24 MIA=50.00
  [93/96] gap=26.344296684772427 Df=62.00 Dr=81.47 MIA=63.77
  [94/96] gap=1.0094524567646868 Df=0.00 Dr=81.71 MIA=50.00
  [95/96] gap=30.090279078479117 Df=68.40 Dr=81.79 MIA=68.93
  [96/96] gap=0.7473059873883988 Df=0.00 Dr=81.96 MIA=49.47
final test: mmu {'msteps': 1, 'lr': 0.005, 'epochs': 10, 'head_mode': 'tied', 'weighting': 'normalised', 'max_grad_norm': 5.0}
  Df=0.00 Dr=82.35 MIA=67.90 time=13.30s KL=0.0003

salun: 0/45 candidates complete
  [1/45] gap=21.204045701442215 Df=40.00 Dr=80.72 MIA=69.59
  [2/45] gap=21.187750515077727 Df=38.80 Dr=80.63 MIA=70.66
  [3/45] gap=19.863457576325153 Df=36.40 Dr=80.34 MIA=68.79
  [4/45] gap=18.803571205594054 Df=31.20 Dr=77.92 MIA=68.39
  [5/45] gap=19.238022101517135 Df=32.40 Dr=78.13 MIA=68.71
  [6/45] gap=18.294424673784103 Df=31.20 Dr=76.86 MIA=65.81
  [7/45] gap=10.516925766373225 Df=8.00 Dr=72.11 MIA=60.92
  [8/45] gap=7.275220078666415 Df=0.40 Dr=73.12 MIA=59.81
  [9/45] gap=4.712830117999623 Df=0.00 Dr=76.44 MIA=55.85
  [10/45] gap=21.2337016919523 Df=40.00 Dr=80.72 MIA=69.68
  [11/45] gap=21.500168570893425 Df=39.20 Dr=80.67 MIA=71.24
  [12/45] gap=19.78876194043828 Df=36.00 Dr=80.29 MIA=68.93
  [13/45] gap=17.98747580695511 Df=31.60 Dr=78.67 MIA=66.30
  [14/45] gap=18.80721733158519 Df=32.40 Dr=78.08 MIA=67.37
  [15/45] gap=20.242679652868826 Df=33.20 Dr=76.76 MIA=69.55
  [16/45] gap=10.975925579072237 Df=9.60 Dr=71.79 MIA=60.38
  [17/45] gap=6.814085034650681 Df=0.40 Dr=73.83 MIA=59.14
  [18/45] gap=4.9694199912592865 Df=0.00 Dr=76.57 MIA=56.74
  [19/45] gap=21.18366735343697 Df=40.00 Dr=80.82 MIA=69.64
  [20/45] gap=21.351888618343008 Df=38.80 Dr=80.67 MIA=71.20
  [21/45] gap=20.158194418430423 Df=37.20 Dr=80.25 MIA=68.79
  [22/45] gap=18.857925953674215 Df=32.40 Dr=78.02 MIA=67.46
  [23/45] gap=19.162140226009864 Df=33.20 Dr=78.48 MIA=68.04
  [24/45] gap=19.761640756696007 Df=32.40 Dr=76.78 MIA=68.93
  [25/45] gap=10.977548854342258 Df=10.40 Dr=72.63 MIA=60.43
  [26/45] gap=7.64809889492414 Df=0.80 Dr=74.80 MIA=62.21
  [27/45] gap=4.236311419117186 Df=0.00 Dr=77.12 MIA=55.09
  [28/45] gap=21.042642192670282 Df=40.00 Dr=80.80 MIA=69.19
  [29/45] gap=21.168995442342514 Df=38.80 Dr=80.78 MIA=70.75
  [30/45] gap=20.26436910782294 Df=36.80 Dr=79.98 MIA=69.24
  [31/45] gap=19.011400387088717 Df=32.80 Dr=78.32 MIA=67.82
  [32/45] gap=19.71113192233252 Df=35.60 Dr=78.08 MIA=66.88
  [33/45] gap=19.208728226259595 Df=33.20 Dr=76.65 MIA=66.35
  [34/45] gap=9.814459636636075 Df=7.20 Dr=73.41 MIA=60.92
  [35/45] gap=6.607754261097583 Df=0.40 Dr=75.35 MIA=60.04
  [36/45] gap=4.594368483486295 Df=0.00 Dr=77.33 MIA=56.38
  [37/45] gap=21.154011362926884 Df=40.00 Dr=80.82 MIA=69.55
  [38/45] gap=21.58188175063995 Df=39.60 Dr=80.69 MIA=71.11
  [39/45] gap=20.287681838047074 Df=37.20 Dr=80.04 MIA=68.97
  [40/45] gap=18.08936754698133 Df=30.40 Dr=78.15 MIA=67.28
  [41/45] gap=19.979621651994755 Df=34.40 Dr=78.17 MIA=68.97
  [42/45] gap=19.705225697696193 Df=32.00 Dr=77.39 MIA=69.77
  [43/45] gap=10.602996815883126 Df=10.80 Dr=74.29 MIA=60.57
  [44/45] gap=6.9372291939813975 Df=0.40 Dr=76.88 MIA=62.56
  [45/45] gap=3.833614284822372 Df=0.00 Dr=78.55 MIA=55.31
final test: salun {'sparsity': 0.5, 'lr': 0.0001, 'epochs': 3}
  Df=37.40 Dr=80.84 MIA=71.92 time=7.02s KL=0.0011

uniclun: 0/27 candidates complete
  [1/27] gap=21.81925454204907 Df=42.80 Dr=80.82 MIA=68.75
  [2/27] gap=21.81925454204907 Df=42.80 Dr=80.82 MIA=68.75
  [3/27] gap=21.81925454204907 Df=42.80 Dr=80.82 MIA=68.75
  [4/27] gap=20.64934756820877 Df=39.60 Dr=80.46 MIA=68.08
  [5/27] gap=20.64934756820877 Df=39.60 Dr=80.46 MIA=68.08
  [6/27] gap=20.64934756820877 Df=39.60 Dr=80.46 MIA=68.08
  [7/27] gap=19.723144159330705 Df=34.00 Dr=79.92 MIA=70.35
  [8/27] gap=19.723144159330705 Df=34.00 Dr=79.92 MIA=70.35
  [9/27] gap=19.723144159330705 Df=34.00 Dr=79.92 MIA=70.35
  [10/27] gap=20.5919710307798 Df=37.20 Dr=78.82 MIA=68.66
  [11/27] gap=20.5919710307798 Df=37.20 Dr=78.82 MIA=68.66
  [12/27] gap=20.5919710307798 Df=37.20 Dr=78.82 MIA=68.66
  [13/27] gap=20.465780108634572 Df=35.60 Dr=78.53 MIA=69.59
  [14/27] gap=20.465780108634572 Df=35.60 Dr=78.53 MIA=69.59
  [15/27] gap=20.465780108634572 Df=35.60 Dr=78.53 MIA=69.59
  [16/27] gap=19.803234063807206 Df=34.80 Dr=77.89 MIA=67.77
  [17/27] gap=19.803234063807206 Df=34.80 Dr=77.89 MIA=67.77
  [18/27] gap=19.803234063807206 Df=34.80 Dr=77.89 MIA=67.77
  [19/27] gap=12.290179184616349 Df=16.80 Dr=76.97 MIA=62.31
  [20/27] gap=12.290179184616349 Df=16.80 Dr=76.97 MIA=62.31
  [21/27] gap=12.290179184616349 Df=16.80 Dr=76.97 MIA=62.31
  [22/27] gap=5.851645127052506 Df=2.80 Dr=78.55 MIA=58.57
  [23/27] gap=5.851645127052506 Df=2.80 Dr=78.55 MIA=58.57
  [24/27] gap=5.851645127052506 Df=2.80 Dr=78.55 MIA=58.57
  [25/27] gap=4.578622713367044 Df=0.00 Dr=79.16 MIA=58.16
  [26/27] gap=4.578622713367044 Df=0.00 Dr=79.16 MIA=58.16
  [27/27] gap=4.578622713367044 Df=0.00 Dr=79.16 MIA=58.16
final test: uniclun {'lr': 0.0001, 'epochs': 3, 'buffer_size': 250}
  Df=39.00 Dr=80.67 MIA=68.79 time=8.11s KL=0.0011

