training one shared source (150 epochs)
Epoch 10/150: Train Loss=0.7875, Train Acc=0.7428, Val Acc=0.6960
Epoch 20/150: Train Loss=0.3617, Train Acc=0.8778, Val Acc=0.7584
Epoch 30/150: Train Loss=0.0653, Train Acc=0.9780, Val Acc=0.7936
Epoch 40/150: Train Loss=0.0233, Train Acc=0.9931, Val Acc=0.8046
Epoch 50/150: Train Loss=0.0114, Train Acc=0.9969, Val Acc=0.8072
Epoch 60/150: Train Loss=0.0079, Train Acc=0.9982, Val Acc=0.8126
Epoch 70/150: Train Loss=0.0079, Train Acc=0.9982, Val Acc=0.8064
Early stopping at epoch 75
training same-recipe retain-only reference (150 epochs)
Epoch 10/150: Train Loss=0.7375, Train Acc=0.7562, Val Acc=0.7059
Epoch 20/150: Train Loss=0.3321, Train Acc=0.8867, Val Acc=0.7676
Epoch 30/150: Train Loss=0.0620, Train Acc=0.9794, Val Acc=0.8147
Epoch 40/150: Train Loss=0.0186, Train Acc=0.9941, Val Acc=0.8181
Epoch 50/150: Train Loss=0.0106, Train Acc=0.9970, Val Acc=0.8206
Epoch 60/150: Train Loss=0.0062, Train Acc=0.9985, Val Acc=0.8194
Early stopping at epoch 61
final test: baseline {}
  Df=72.40 Dr=81.41 MIA=70.19 time=0.00s KL=0.0002
final test: retrain {}
  Df=0.00 Dr=81.79 MIA=51.26 time=554.03s KL=0.0000
final test: amnesiac {}
  Df=0.00 Dr=5.26 MIA=50.19 time=0.00s KL=1.0598

finetune: 0/12 candidates complete
  [1/12] gap=26.72227008803147 Df=54.80 Dr=81.54 MIA=72.40
  [2/12] gap=22.461946681650744 Df=42.40 Dr=81.47 MIA=71.95
  [3/12] gap=21.175476056689764 Df=38.00 Dr=81.60 MIA=72.62
  [4/12] gap=18.70823500031217 Df=32.00 Dr=81.98 MIA=71.60
  [5/12] gap=11.786639195854404 Df=10.40 Dr=76.65 MIA=67.11
  [6/12] gap=8.495136417556344 Df=4.80 Dr=78.97 MIA=65.15
  [7/12] gap=6.999962539801462 Df=1.20 Dr=78.61 MIA=63.90
  [8/12] gap=4.984628831866142 Df=0.00 Dr=79.18 MIA=59.63
  [9/12] gap=9.512805144533935 Df=0.00 Dr=60.04 MIA=54.07
  [10/12] gap=6.153162265093333 Df=0.00 Dr=68.55 MIA=52.50
  [11/12] gap=3.7854654429668457 Df=0.00 Dr=72.51 MIA=46.77
  [12/12] gap=3.468739464319159 Df=0.00 Dr=74.91 MIA=50.81
final test: finetune {'lr': 0.0001, 'epochs': 10}
  Df=35.80 Dr=81.56 MIA=68.52 time=80.20s KL=0.0003

ssd: 0/25 candidates complete
  [1/25] gap=26.255016544921023 Df=0.00 Dr=5.26 MIA=49.52
  [2/25] gap=26.553474433414497 Df=0.00 Dr=5.26 MIA=50.42
  [3/25] gap=26.804482737091842 Df=0.00 Dr=5.26 MIA=51.17
  [4/25] gap=11.80091153149778 Df=12.00 Dr=81.81 MIA=70.71
  [5/25] gap=23.23427608166323 Df=45.60 Dr=82.44 MIA=72.04
  [6/25] gap=6.471511519011053 Df=1.20 Dr=76.99 MIA=60.70
  [7/25] gap=6.633589311356681 Df=1.20 Dr=77.35 MIA=61.54
  [8/25] gap=6.191009552350628 Df=1.20 Dr=78.27 MIA=61.14
  [9/25] gap=11.80091153149778 Df=12.00 Dr=81.81 MIA=70.71
  [10/25] gap=23.23427608166323 Df=45.60 Dr=82.44 MIA=72.04
  [11/25] gap=8.196278953611785 Df=5.20 Dr=82.08 MIA=66.97
  [12/25] gap=9.256165324342886 Df=7.20 Dr=82.11 MIA=68.17
  [13/25] gap=9.6496222763314 Df=8.00 Dr=82.13 MIA=68.57
  [14/25] gap=14.79554223637385 Df=21.60 Dr=82.38 MIA=70.66
  [15/25] gap=23.23427608166323 Df=45.60 Dr=82.44 MIA=72.04
  [16/25] gap=31.882899419366918 Df=70.40 Dr=81.79 MIA=72.53
  [17/25] gap=31.882899419366918 Df=70.40 Dr=81.79 MIA=72.53
  [18/25] gap=31.882899419366918 Df=70.40 Dr=81.79 MIA=72.53
  [19/25] gap=31.882899419366918 Df=70.40 Dr=81.79 MIA=72.53
  [20/25] gap=31.875881875507265 Df=70.40 Dr=81.81 MIA=72.53
  [21/25] gap=31.9786102266342 Df=70.40 Dr=81.81 MIA=72.84
  [22/25] gap=31.9786102266342 Df=70.40 Dr=81.81 MIA=72.84
  [23/25] gap=31.9786102266342 Df=70.40 Dr=81.81 MIA=72.84
  [24/25] gap=31.9786102266342 Df=70.40 Dr=81.81 MIA=72.84
  [25/25] gap=31.9786102266342 Df=70.40 Dr=81.81 MIA=72.84
final test: ssd {'alpha': 10.0, 'dampening_constant': 0.1}
  Df=4.40 Dr=79.97 MIA=59.56 time=10.65s KL=0.0264

badteacher: 0/36 candidates complete
  [1/36] gap=15.499394393456955 Df=21.60 Dr=80.72 MIA=71.11
  [2/36] gap=10.59547980270962 Df=8.40 Dr=80.32 MIA=69.20
  [3/36] gap=9.456939501779363 Df=5.20 Dr=78.17 MIA=66.83
  [4/36] gap=14.057389024161827 Df=17.20 Dr=80.46 MIA=70.93
  [5/36] gap=9.084210526315792 Df=4.80 Dr=79.12 MIA=67.06
  [6/36] gap=7.452931260535681 Df=1.60 Dr=77.87 MIA=64.13
  [7/36] gap=12.710495098957352 Df=12.80 Dr=80.11 MIA=70.93
  [8/36] gap=8.978035836923267 Df=4.40 Dr=78.59 MIA=66.62
  [9/36] gap=7.429543609914465 Df=2.00 Dr=77.89 MIA=63.68
  [10/36] gap=11.11703814696885 Df=7.60 Dr=80.08 MIA=71.33
  [11/36] gap=9.25211962290067 Df=4.00 Dr=78.65 MIA=67.90
  [12/36] gap=6.658525316850846 Df=0.00 Dr=78.65 MIA=64.12
  [13/36] gap=14.714103764749956 Df=19.20 Dr=80.72 MIA=71.15
  [14/36] gap=9.904826122245117 Df=6.00 Dr=79.81 MIA=69.02
  [15/36] gap=8.22070300305925 Df=3.60 Dr=79.03 MIA=65.59
  [16/36] gap=12.68940500717987 Df=12.40 Dr=80.61 MIA=71.77
  [17/36] gap=8.412586626709123 Df=4.00 Dr=79.22 MIA=65.95
  [18/36] gap=6.9377161765624065 Df=0.40 Dr=80.04 MIA=65.95
  [19/36] gap=11.455228819379405 Df=8.80 Dr=79.96 MIA=71.02
  [20/36] gap=9.236099144658802 Df=4.40 Dr=79.33 MIA=68.13
  [21/36] gap=7.430093026159703 Df=0.40 Dr=80.61 MIA=68.00
  [22/36] gap=10.034076293937689 Df=5.60 Dr=80.00 MIA=70.00
  [23/36] gap=8.079952550415188 Df=2.80 Dr=80.17 MIA=67.10
  [24/36] gap=7.697234188674533 Df=0.00 Dr=80.61 MIA=69.20
  [25/36] gap=15.62115252544172 Df=18.80 Dr=80.53 MIA=74.08
  [26/36] gap=9.876718486607976 Df=4.80 Dr=80.34 MIA=70.66
  [27/36] gap=8.265892489230195 Df=2.40 Dr=80.51 MIA=68.40
  [28/36] gap=12.255703315227569 Df=11.20 Dr=80.36 MIA=71.42
  [29/36] gap=9.884884809889495 Df=4.80 Dr=80.76 MIA=71.11
  [30/36] gap=8.463495036523689 Df=0.40 Dr=80.80 MIA=71.28
  [31/36] gap=10.59952550415184 Df=6.40 Dr=80.17 MIA=71.06
  [32/36] gap=9.780970219142159 Df=4.80 Dr=81.16 MIA=71.20
  [33/36] gap=8.188699506774052 Df=0.00 Dr=81.14 MIA=71.20
  [34/36] gap=10.001011425360554 Df=5.20 Dr=80.23 MIA=70.53
  [35/36] gap=9.04547668102641 Df=2.00 Dr=81.05 MIA=71.68
  [36/36] gap=6.744671286757821 Df=0.00 Dr=81.56 MIA=67.29
final test: badteacher {'temperature': 4.0, 'epochs': 10, 'lr': 0.01}
  Df=0.00 Dr=81.14 MIA=65.88 time=20.08s KL=0.0003

unsir: 0/36 candidates complete
  [1/36] gap=35.73549353811575 Df=82.40 Dr=78.67 MIA=68.97
  [2/36] gap=30.281276144096903 Df=66.40 Dr=79.75 MIA=69.69
  [3/36] gap=35.55030280327153 Df=80.00 Dr=74.69 MIA=66.84
  [4/36] gap=17.739301991633887 Df=31.60 Dr=79.73 MIA=66.84
  [5/36] gap=25.157844789910715 Df=46.00 Dr=68.88 MIA=63.85
  [6/36] gap=7.568620840357116 Df=2.40 Dr=75.71 MIA=61.51
  [7/36] gap=34.12058437909721 Df=78.00 Dr=79.43 MIA=69.29
  [8/36] gap=28.585290628706996 Df=61.20 Dr=80.97 MIA=71.02
  [9/36] gap=32.03396391334207 Df=73.20 Dr=76.93 MIA=65.32
  [10/36] gap=17.59288256227758 Df=30.00 Dr=80.17 MIA=68.44
  [11/36] gap=21.413086096022976 Df=38.80 Dr=71.33 MIA=62.26
  [12/36] gap=7.475582193918964 Df=2.80 Dr=76.55 MIA=61.67
  [13/36] gap=34.78130736092901 Df=77.60 Dr=79.58 MIA=71.82
  [14/36] gap=27.887619404382836 Df=58.80 Dr=80.88 MIA=71.24
  [15/36] gap=31.83092963726041 Df=72.00 Dr=77.54 MIA=66.52
  [16/36] gap=18.41437222950615 Df=32.80 Dr=80.55 MIA=68.48
  [17/36] gap=19.937379034775542 Df=35.20 Dr=72.42 MIA=62.53
  [18/36] gap=8.424211774989077 Df=4.40 Dr=77.22 MIA=63.59
  [19/36] gap=34.84541424736218 Df=80.00 Dr=78.59 MIA=68.62
  [20/36] gap=29.272135855653364 Df=64.00 Dr=80.02 MIA=69.33
  [21/36] gap=35.402697134294804 Df=82.80 Dr=75.54 MIA=64.44
  [22/36] gap=20.01473434475869 Df=38.80 Dr=79.87 MIA=66.61
  [23/36] gap=23.675507273521884 Df=48.00 Dr=71.43 MIA=59.95
  [24/36] gap=11.279952550415183 Df=12.40 Dr=76.57 MIA=63.50
  [25/36] gap=33.940388337391525 Df=78.00 Dr=79.31 MIA=68.62
  [26/36] gap=27.591971030779792 Df=59.20 Dr=80.93 MIA=70.00
  [27/36] gap=34.73575575950553 Df=79.60 Dr=76.38 MIA=66.48
  [28/36] gap=19.828107635637135 Df=38.00 Dr=80.44 MIA=67.42
  [29/36] gap=21.30536305175751 Df=41.20 Dr=73.07 MIA=61.28
  [30/36] gap=11.411263033027405 Df=12.80 Dr=77.24 MIA=64.17
  [31/36] gap=33.19446837734907 Df=76.40 Dr=79.45 MIA=68.13
  [32/36] gap=28.142473621776862 Df=59.20 Dr=81.09 MIA=71.82
  [33/36] gap=32.718786289567326 Df=73.60 Dr=77.45 MIA=67.50
  [34/36] gap=19.53265904975963 Df=38.00 Dr=80.53 MIA=66.62
  [35/36] gap=19.744096897046887 Df=37.60 Dr=73.94 MIA=61.06
  [36/36] gap=10.518686395704563 Df=11.60 Dr=77.43 MIA=62.88
final test: unsir {'impair_epochs': 1, 'repair_epochs': 3, 'impair_lr': 0.001, 'repair_lr': 0.01}
  Df=63.00 Dr=81.05 MIA=68.09 time=5.77s KL=0.0002

scrub: 0/24 candidates complete
  [1/24] gap=32.04470250358993 Df=70.40 Dr=81.79 MIA=73.02
  [2/24] gap=31.711032028469745 Df=69.20 Dr=81.77 MIA=73.20
  [3/24] gap=30.09564837360305 Df=64.40 Dr=82.13 MIA=73.51
  [4/24] gap=31.711069488668297 Df=68.40 Dr=81.73 MIA=73.95
  [5/24] gap=30.975575950552535 Df=66.80 Dr=82.02 MIA=73.64
  [6/24] gap=31.691839920084906 Df=70.40 Dr=81.47 MIA=71.64
  [7/24] gap=29.656714740588125 Df=63.20 Dr=80.82 MIA=72.09
  [8/24] gap=32.007829181494664 Df=69.60 Dr=81.37 MIA=73.29
  [9/24] gap=30.14659424361616 Df=63.60 Dr=81.66 MIA=74.00
  [10/24] gap=30.32655303739777 Df=64.80 Dr=81.79 MIA=73.46
  [11/24] gap=20.903340201036396 Df=38.00 Dr=82.59 MIA=72.75
  [12/24] gap=30.615421115065242 Df=66.00 Dr=81.77 MIA=73.11
  [13/24] gap=13.12516701005182 Df=15.20 Dr=82.59 MIA=72.22
  [14/24] gap=31.455466067303494 Df=68.40 Dr=81.56 MIA=73.02
  [15/24] gap=3.9733782855715796 Df=0.00 Dr=81.56 MIA=58.97
  [16/24] gap=30.214434663170383 Df=67.60 Dr=81.01 MIA=69.55
  [17/24] gap=26.343285259411875 Df=54.00 Dr=82.32 MIA=72.84
  [18/24] gap=28.16852094649435 Df=59.60 Dr=82.08 MIA=72.48
  [19/24] gap=11.057326590497595 Df=10.80 Dr=82.74 MIA=70.27
  [20/24] gap=23.396391334207404 Df=45.20 Dr=82.36 MIA=72.84
  [21/24] gap=7.805194480864074 Df=0.00 Dr=82.67 MIA=71.37
  [22/24] gap=19.031678841231194 Df=33.20 Dr=82.29 MIA=71.68
  [23/24] gap=2.9287132421801823 Df=0.00 Dr=81.09 MIA=55.38
  [24/24] gap=21.058887432103393 Df=48.00 Dr=80.78 MIA=61.45
final test: scrub {'msteps': 3, 'lr': 0.001, 'epochs': 5, 'max_grad_norm': 5.0}
  Df=0.00 Dr=82.04 MIA=68.60 time=7.99s KL=0.0002

mmu: 0/96 candidates complete
  [1/96] gap=31.517712430542556 Df=68.40 Dr=81.73 MIA=73.37
  [2/96] gap=31.18697633764126 Df=67.60 Dr=81.47 MIA=72.93
  [3/96] gap=31.834413435724542 Df=69.20 Dr=81.62 MIA=73.42
  [4/96] gap=31.56298932384342 Df=68.40 Dr=81.37 MIA=73.15
  [5/96] gap=31.247199850159205 Df=68.00 Dr=81.92 MIA=73.15
  [6/96] gap=31.238596491228076 Df=67.60 Dr=81.45 MIA=73.06
  [7/96] gap=31.383030530061813 Df=67.20 Dr=81.64 MIA=74.09
  [8/96] gap=31.031241805581573 Df=66.40 Dr=81.45 MIA=73.64
  [9/96] gap=29.580633077355312 Df=63.20 Dr=81.94 MIA=72.97
  [10/96] gap=21.905500405818817 Df=40.00 Dr=82.25 MIA=73.46
  [11/96] gap=30.617206717862274 Df=66.00 Dr=81.89 MIA=73.24
  [12/96] gap=23.08761940438284 Df=42.40 Dr=82.08 MIA=74.44
  [13/96] gap=31.06046076044203 Df=67.60 Dr=81.81 MIA=72.89
  [14/96] gap=21.84821127551976 Df=40.80 Dr=82.38 MIA=72.62
  [15/96] gap=31.54693138540301 Df=67.60 Dr=81.68 MIA=74.22
  [16/96] gap=23.082424923518758 Df=42.80 Dr=82.19 MIA=74.13
  [17/96] gap=30.310932134606976 Df=65.60 Dr=81.75 MIA=72.57
  [18/96] gap=12.136604857339075 Df=12.00 Dr=82.36 MIA=72.26
  [19/96] gap=31.2465255665855 Df=68.00 Dr=81.87 MIA=73.11
  [20/96] gap=13.678916151588936 Df=14.80 Dr=82.40 MIA=74.13
  [21/96] gap=32.10425173253418 Df=70.40 Dr=81.79 MIA=73.20
  [22/96] gap=12.494974090029345 Df=12.00 Dr=82.48 MIA=73.46
  [23/96] gap=31.388662046575515 Df=68.00 Dr=81.58 MIA=73.24
  [24/96] gap=15.871086970094275 Df=21.60 Dr=82.40 MIA=73.91
  [25/96] gap=32.27810451395393 Df=71.20 Dr=81.18 MIA=72.31
  [26/96] gap=5.982855715801961 Df=0.00 Dr=82.63 MIA=65.95
  [27/96] gap=30.7871761253668 Df=68.40 Dr=81.12 MIA=70.57
  [28/96] gap=6.026072298183176 Df=0.00 Dr=82.67 MIA=66.04
  [29/96] gap=32.05263157894736 Df=69.60 Dr=81.41 MIA=73.46
  [30/96] gap=6.026546794031337 Df=0.00 Dr=82.67 MIA=66.04
  [31/96] gap=30.677867266029846 Df=65.60 Dr=81.58 MIA=73.51
  [32/96] gap=7.115814447149911 Df=0.00 Dr=82.61 MIA=69.37
  [33/96] gap=29.19173378285572 Df=61.60 Dr=81.73 MIA=73.20
  [34/96] gap=28.470749828307422 Df=58.80 Dr=81.58 MIA=73.69
  [35/96] gap=30.087719298245613 Df=64.40 Dr=82.11 MIA=73.46
  [36/96] gap=28.28171317974652 Df=59.20 Dr=81.79 MIA=72.93
  [37/96] gap=30.558331772491726 Df=66.00 Dr=81.94 MIA=73.11
  [38/96] gap=27.91430355247549 Df=58.80 Dr=81.96 MIA=72.40
  [39/96] gap=30.873009926952616 Df=66.80 Dr=82.11 MIA=73.42
  [40/96] gap=28.5572204532684 Df=59.20 Dr=81.85 MIA=73.82
  [41/96] gap=22.932559155896865 Df=43.20 Dr=82.51 MIA=73.60
  [42/96] gap=12.317749890741089 Df=10.80 Dr=82.08 MIA=73.73
  [43/96] gap=27.599900106137227 Df=56.40 Dr=82.15 MIA=74.04
  [44/96] gap=12.310058063307737 Df=11.60 Dr=82.46 MIA=73.29
  [45/96] gap=30.376350127989014 Df=65.60 Dr=82.08 MIA=73.11
  [46/96] gap=12.613835299993758 Df=12.00 Dr=82.65 MIA=73.82
  [47/96] gap=30.671524005743894 Df=66.80 Dr=82.04 MIA=72.75
  [48/96] gap=13.630030592495473 Df=15.20 Dr=82.59 MIA=73.73
  [49/96] gap=16.074633202222632 Df=23.60 Dr=82.55 MIA=72.67
  [50/96] gap=7.441905475432354 Df=0.00 Dr=82.00 MIA=69.82
  [51/96] gap=26.182793282137727 Df=51.60 Dr=82.04 MIA=74.48
  [52/96] gap=8.086570518823754 Df=0.00 Dr=82.46 MIA=72.22
  [53/96] gap=31.780533183492533 Df=68.80 Dr=81.92 MIA=73.95
  [54/96] gap=7.59244552662796 Df=0.00 Dr=82.61 MIA=70.80
  [55/96] gap=30.386976337641254 Df=66.00 Dr=81.87 MIA=72.53
  [56/96] gap=8.271086970094274 Df=0.00 Dr=82.74 MIA=72.71
  [57/96] gap=5.465855029031654 Df=0.00 Dr=82.15 MIA=64.04
  [58/96] gap=1.066841480926513 Df=0.00 Dr=81.31 MIA=50.00
  [59/96] gap=14.015246300805389 Df=19.60 Dr=81.83 MIA=69.77
  [60/96] gap=1.488406068552166 Df=0.00 Dr=82.40 MIA=52.36
  [61/96] gap=31.416057938440403 Df=69.60 Dr=81.05 MIA=71.20
  [62/96] gap=0.7019292002247587 Df=0.00 Dr=82.74 MIA=50.00
  [63/96] gap=31.678241868015235 Df=70.00 Dr=81.56 MIA=72.09
  [64/96] gap=4.18688893051133 Df=0.00 Dr=82.63 MIA=60.56
  [65/96] gap=26.55813198476619 Df=53.60 Dr=82.29 MIA=73.86
  [66/96] gap=25.27685584066929 Df=50.40 Dr=81.92 MIA=72.84
  [67/96] gap=27.0966597989636 Df=55.20 Dr=82.19 MIA=73.77
  [68/96] gap=25.809077854779293 Df=51.20 Dr=81.83 MIA=73.55
  [69/96] gap=28.52982456140351 Df=60.00 Dr=81.98 MIA=73.06
  [70/96] gap=25.875607167384658 Df=51.60 Dr=81.85 MIA=73.37
  [71/96] gap=28.873958918648935 Df=61.60 Dr=82.11 MIA=72.62
  [72/96] gap=25.714640694262346 Df=52.00 Dr=81.98 MIA=72.62
  [73/96] gap=13.587650621214957 Df=14.00 Dr=82.82 MIA=74.57
  [74/96] gap=8.111269276393832 Df=0.00 Dr=82.17 MIA=72.00
  [75/96] gap=20.948417306611727 Df=37.20 Dr=82.59 MIA=73.69
  [76/96] gap=8.02888181307361 Df=0.00 Dr=82.11 MIA=71.69
  [77/96] gap=24.327939064743713 Df=47.20 Dr=82.23 MIA=73.51
  [78/96] gap=8.100643066741588 Df=0.00 Dr=82.38 MIA=72.18
  [79/96] gap=28.791771243054257 Df=60.40 Dr=82.08 MIA=73.55
  [80/96] gap=8.81258662670912 Df=2.00 Dr=82.42 MIA=72.35
  [81/96] gap=7.878741337329084 Df=0.00 Dr=82.46 MIA=71.59
  [82/96] gap=7.775538490354005 Df=0.00 Dr=82.06 MIA=70.88
  [83/96] gap=14.88141349815821 Df=20.00 Dr=82.53 MIA=72.66
  [84/96] gap=7.25330586252107 Df=0.00 Dr=82.25 MIA=69.51
  [85/96] gap=22.87507023787226 Df=44.00 Dr=82.19 MIA=72.31
  [86/96] gap=7.0402822001623235 Df=0.00 Dr=82.36 MIA=68.97
  [87/96] gap=28.277667478304306 Df=59.20 Dr=81.94 MIA=73.06
  [88/96] gap=7.154623212836365 Df=0.00 Dr=82.63 MIA=69.46
  [89/96] gap=3.300056190297807 Df=0.00 Dr=82.11 MIA=57.50
  [90/96] gap=1.214209901979146 Df=0.00 Dr=80.86 MIA=50.00
  [91/96] gap=5.203234063807206 Df=0.00 Dr=81.60 MIA=62.70
  [92/96] gap=0.8352625335580939 Df=0.00 Dr=82.00 MIA=50.00
  [93/96] gap=24.858462883186615 Df=54.80 Dr=81.39 MIA=66.66
  [94/96] gap=0.8352625335580939 Df=0.00 Dr=82.00 MIA=50.00
  [95/96] gap=28.62354997814822 Df=63.20 Dr=81.43 MIA=69.60
  [96/96] gap=0.8282449896984426 Df=0.00 Dr=82.02 MIA=50.00
final test: mmu {'msteps': 2, 'lr': 0.001, 'epochs': 10, 'head_mode': 'tied', 'weighting': 'normalised', 'max_grad_norm': 5.0}
  Df=0.00 Dr=82.43 MIA=69.94 time=12.13s KL=0.0001

salun: 0/45 candidates complete
  [1/45] gap=19.74726852718986 Df=34.80 Dr=80.51 MIA=70.44
  [2/45] gap=20.504688768183804 Df=35.60 Dr=80.23 MIA=71.64
  [3/45] gap=19.832827620653052 Df=33.20 Dr=79.94 MIA=71.73
  [4/45] gap=18.021589561091343 Df=28.80 Dr=78.17 MIA=68.93
  [5/45] gap=17.332084660048697 Df=28.40 Dr=77.71 MIA=66.80
  [6/45] gap=17.644265467940315 Df=27.20 Dr=76.55 MIA=67.77
  [7/45] gap=10.01628269963164 Df=2.00 Dr=71.20 MIA=64.74
  [8/45] gap=7.588974214896671 Df=0.40 Dr=73.09 MIA=60.96
  [9/45] gap=6.917500156084162 Df=0.00 Dr=75.83 MIA=62.08
  [10/45] gap=20.085459199600425 Df=35.20 Dr=80.38 MIA=70.93
  [11/45] gap=20.28873072360617 Df=34.40 Dr=80.17 MIA=72.13
  [12/45] gap=19.87017543859649 Df=33.20 Dr=79.96 MIA=71.86
  [13/45] gap=18.34716863332709 Df=31.20 Dr=78.08 MIA=67.42
  [14/45] gap=17.52905038396703 Df=30.40 Dr=77.92 MIA=65.60
  [15/45] gap=17.728638321783105 Df=26.80 Dr=76.78 MIA=68.66
  [16/45] gap=9.958194418430416 Df=2.40 Dr=71.16 MIA=64.13
  [17/45] gap=7.164462758319286 Df=0.00 Dr=74.38 MIA=61.37
  [18/45] gap=6.895336205281886 Df=0.00 Dr=76.61 MIA=62.79
  [19/45] gap=20.38019604170569 Df=35.60 Dr=80.29 MIA=71.33
  [20/45] gap=20.561066366985077 Df=35.20 Dr=80.06 MIA=72.04
  [21/45] gap=19.840519448086408 Df=33.60 Dr=79.96 MIA=71.37
  [22/45] gap=18.247736779671598 Df=30.00 Dr=77.98 MIA=68.22
  [23/45] gap=18.938427920334643 Df=33.60 Dr=77.64 MIA=66.35
  [24/45] gap=18.259474308547166 Df=27.60 Dr=76.25 MIA=68.93
  [25/45] gap=10.568483486295808 Df=3.20 Dr=71.73 MIA=65.73
  [26/45] gap=7.246850221639505 Df=0.00 Dr=74.84 MIA=62.08
  [27/45] gap=4.853880252232 Df=0.00 Dr=77.07 MIA=57.13
  [28/45] gap=20.536167821689457 Df=36.00 Dr=80.32 MIA=71.42
  [29/45] gap=20.404857339077232 Df=35.60 Dr=80.04 MIA=71.15
  [30/45] gap=20.54905412998689 Df=34.40 Dr=79.83 MIA=72.57
  [31/45] gap=19.323955796965723 Df=33.20 Dr=78.04 MIA=68.31
  [32/45] gap=18.282861959168386 Df=31.20 Dr=78.23 MIA=67.37
  [33/45] gap=17.68784416557408 Df=27.20 Dr=77.03 MIA=68.39
  [34/45] gap=10.863257788599611 Df=6.80 Dr=72.80 MIA=64.08
  [35/45] gap=6.944184304176805 Df=0.40 Dr=75.71 MIA=61.63
  [36/45] gap=6.750939626646688 Df=0.00 Dr=77.98 MIA=63.73
  [37/45] gap=20.39581694449647 Df=35.60 Dr=80.34 MIA=71.42
  [38/45] gap=20.40235999250796 Df=35.20 Dr=79.92 MIA=71.42
  [39/45] gap=20.24369107822938 Df=33.20 Dr=79.73 MIA=72.75
  [40/45] gap=17.577186739089715 Df=28.00 Dr=78.21 MIA=68.44
  [41/45] gap=17.81859274520821 Df=31.20 Dr=77.54 MIA=65.29
  [42/45] gap=17.22773303365174 Df=26.80 Dr=77.26 MIA=67.64
  [43/45] gap=10.67418367984017 Df=6.80 Dr=74.25 MIA=64.97
  [44/45] gap=6.625897483923332 Df=0.00 Dr=76.53 MIA=61.90
  [45/45] gap=6.37350315290004 Df=0.00 Dr=78.48 MIA=63.10
final test: salun {'sparsity': 0.1, 'lr': 0.0001, 'epochs': 3}
  Df=39.40 Dr=80.47 MIA=69.63 time=6.66s KL=0.0002

uniclun: 0/27 candidates complete
  [1/27] gap=20.38673908971717 Df=34.00 Dr=80.67 MIA=73.33
  [2/27] gap=20.38673908971717 Df=34.00 Dr=80.67 MIA=73.33
  [3/27] gap=20.38673908971717 Df=34.00 Dr=80.67 MIA=73.33
  [4/27] gap=21.071524005743893 Df=36.40 Dr=80.44 MIA=72.75
  [5/27] gap=21.071524005743893 Df=36.40 Dr=80.44 MIA=72.75
  [6/27] gap=21.071524005743893 Df=36.40 Dr=80.44 MIA=72.75
  [7/27] gap=19.835087719298244 Df=34.00 Dr=79.66 MIA=70.66
  [8/27] gap=19.835087719298244 Df=34.00 Dr=79.66 MIA=70.66
  [9/27] gap=19.835087719298244 Df=34.00 Dr=79.66 MIA=70.66
  [10/27] gap=19.405906224636322 Df=32.80 Dr=78.46 MIA=69.38
  [11/27] gap=19.405906224636322 Df=32.80 Dr=78.46 MIA=69.38
  [12/27] gap=19.405906224636322 Df=32.80 Dr=78.46 MIA=69.38
  [13/27] gap=19.79996253980146 Df=34.00 Dr=77.81 MIA=68.70
  [14/27] gap=19.79996253980146 Df=34.00 Dr=77.81 MIA=68.70
  [15/27] gap=19.79996253980146 Df=34.00 Dr=77.81 MIA=68.70
  [16/27] gap=18.97070612474246 Df=29.60 Dr=77.89 MIA=70.70
  [17/27] gap=18.97070612474246 Df=29.60 Dr=77.89 MIA=70.70
  [18/27] gap=18.97070612474246 Df=29.60 Dr=77.89 MIA=70.70
  [19/27] gap=12.555085221951671 Df=12.00 Dr=76.65 MIA=67.81
  [20/27] gap=12.555085221951671 Df=12.00 Dr=76.65 MIA=67.81
  [21/27] gap=12.555085221951671 Df=12.00 Dr=76.65 MIA=67.81
  [22/27] gap=8.095773240931509 Df=1.60 Dr=77.85 MIA=66.03
  [23/27] gap=8.095773240931509 Df=1.60 Dr=77.85 MIA=66.03
  [24/27] gap=8.095773240931509 Df=1.60 Dr=77.85 MIA=66.03
  [25/27] gap=5.607404632577885 Df=0.00 Dr=79.18 MIA=61.50
  [26/27] gap=5.607404632577885 Df=0.00 Dr=79.18 MIA=61.50
  [27/27] gap=5.607404632577885 Df=0.00 Dr=79.18 MIA=61.50
final test: uniclun {'lr': 0.0001, 'epochs': 3, 'buffer_size': 250}
  Df=39.60 Dr=80.67 MIA=70.85 time=5.94s KL=0.0002

