training one shared source (150 epochs)
Epoch 10/150: Train Loss=0.7896, Train Acc=0.7409, Val Acc=0.6770
Epoch 20/150: Train Loss=0.3643, Train Acc=0.8755, Val Acc=0.7594
Epoch 30/150: Train Loss=0.0974, Train Acc=0.9666, Val Acc=0.7790
Epoch 40/150: Train Loss=0.0217, Train Acc=0.9933, Val Acc=0.7954
Epoch 50/150: Train Loss=0.0105, Train Acc=0.9973, Val Acc=0.7958
Epoch 60/150: Train Loss=0.0069, Train Acc=0.9984, Val Acc=0.8016
Epoch 70/150: Train Loss=0.0060, Train Acc=0.9985, Val Acc=0.7996
Epoch 80/150: Train Loss=0.0063, Train Acc=0.9985, Val Acc=0.8004
Epoch 90/150: Train Loss=0.0058, Train Acc=0.9988, Val Acc=0.8020
Early stopping at epoch 92
training same-recipe retain-only reference (150 epochs)
Epoch 10/150: Train Loss=0.7329, Train Acc=0.7601, Val Acc=0.6909
Epoch 20/150: Train Loss=0.3300, Train Acc=0.8872, Val Acc=0.7617
Epoch 30/150: Train Loss=0.0529, Train Acc=0.9826, Val Acc=0.8099
Epoch 40/150: Train Loss=0.0205, Train Acc=0.9939, Val Acc=0.8109
Epoch 50/150: Train Loss=0.0107, Train Acc=0.9969, Val Acc=0.8189
Epoch 60/150: Train Loss=0.0075, Train Acc=0.9982, Val Acc=0.8160
Early stopping at epoch 66
final test: baseline {}
  Df=68.80 Dr=81.44 MIA=71.07 time=0.00s KL=0.0119
final test: retrain {}
  Df=0.00 Dr=82.49 MIA=52.81 time=647.56s KL=0.0000
final test: amnesiac {}
  Df=0.00 Dr=5.26 MIA=49.72 time=0.00s KL=1.0284

finetune: 0/12 candidates complete
  [1/12] gap=27.338815009052883 Df=56.80 Dr=81.01 MIA=75.42
  [2/12] gap=24.000686770306544 Df=47.60 Dr=80.80 MIA=74.40
  [3/12] gap=22.90551289255167 Df=46.80 Dr=80.84 MIA=71.95
  [4/12] gap=20.56145345570332 Df=39.20 Dr=81.03 MIA=72.71
  [5/12] gap=11.867353436973213 Df=16.40 Dr=78.40 MIA=66.80
  [6/12] gap=6.824036960729231 Df=4.00 Dr=77.22 MIA=62.89
  [7/12] gap=5.025572828869333 Df=1.20 Dr=78.69 MIA=61.76
  [8/12] gap=4.595991758756322 Df=0.00 Dr=78.61 MIA=61.59
  [9/12] gap=8.041131297995882 Df=0.00 Dr=58.27 MIA=51.59
  [10/12] gap=5.8564899793968905 Df=0.00 Dr=66.61 MIA=49.22
  [11/12] gap=4.064431541487174 Df=0.00 Dr=72.48 MIA=48.73
  [12/12] gap=1.8978834987825408 Df=0.00 Dr=76.48 MIA=51.23
final test: finetune {'lr': 0.0001, 'epochs': 10}
  Df=42.40 Dr=81.87 MIA=70.21 time=81.83s KL=0.0124

ssd: 0/25 candidates complete
  [1/25] gap=26.275956795904353 Df=0.00 Dr=5.26 MIA=49.31
  [2/25] gap=26.502054067553228 Df=0.00 Dr=5.26 MIA=48.63
  [3/25] gap=26.4140350877193 Df=0.00 Dr=5.26 MIA=48.90
  [4/25] gap=13.4992445526628 Df=17.60 Dr=66.42 MIA=58.51
  [5/25] gap=26.10088031466567 Df=59.60 Dr=79.52 MIA=67.41
  [6/25] gap=25.56270212898795 Df=0.40 Dr=7.89 MIA=49.22
  [7/25] gap=26.0480614347256 Df=0.80 Dr=9.28 MIA=46.78
  [8/25] gap=24.76278953611788 Df=0.40 Dr=11.26 MIA=48.25
  [9/25] gap=13.4992445526628 Df=17.60 Dr=66.42 MIA=58.51
  [10/25] gap=26.10088031466567 Df=59.60 Dr=79.52 MIA=67.41
  [11/25] gap=10.961378535306238 Df=16.40 Dr=73.12 MIA=58.79
  [12/25] gap=11.123693575575956 Df=16.80 Dr=73.47 MIA=59.24
  [13/25] gap=11.417281638259354 Df=18.00 Dr=73.75 MIA=59.19
  [14/25] gap=16.66403196603609 Df=33.20 Dr=76.80 MIA=62.79
  [15/25] gap=25.967546981332333 Df=59.60 Dr=79.52 MIA=67.01
  [16/25] gap=33.224236748454764 Df=74.80 Dr=80.06 MIA=74.13
  [17/25] gap=33.08388587126179 Df=74.40 Dr=80.08 MIA=74.13
  [18/25] gap=33.0698507835425 Df=74.40 Dr=80.13 MIA=74.13
  [19/25] gap=33.04812386838984 Df=73.60 Dr=80.15 MIA=74.88
  [20/25] gap=32.611450334020105 Df=72.40 Dr=80.17 MIA=74.80
  [21/25] gap=30.937428981706933 Df=68.00 Dr=80.97 MIA=74.97
  [22/25] gap=30.90777299119685 Df=68.00 Dr=80.97 MIA=74.88
  [23/25] gap=30.90777299119685 Df=68.00 Dr=80.97 MIA=74.88
  [24/25] gap=30.89215208840608 Df=68.00 Dr=80.93 MIA=74.80
  [25/25] gap=30.89916963226572 Df=68.00 Dr=80.91 MIA=74.80
final test: ssd {'alpha': 100.0, 'dampening_constant': 0.1}
  Df=69.00 Dr=81.44 MIA=70.57 time=10.12s KL=0.0119

badteacher: 0/36 candidates complete
  [1/36] gap=14.892626584254236 Df=23.60 Dr=80.13 MIA=70.40
  [2/36] gap=9.49950677405257 Df=8.00 Dr=79.33 MIA=69.02
  [3/36] gap=7.9610788537179245 Df=4.00 Dr=77.05 MIA=66.13
  [4/36] gap=12.323056752200786 Df=14.80 Dr=80.19 MIA=71.55
  [5/36] gap=8.976837110570022 Df=6.40 Dr=78.67 MIA=68.40
  [6/36] gap=6.1413997627520756 Df=4.00 Dr=74.51 MIA=58.12
  [7/36] gap=11.255478554036339 Df=12.40 Dr=80.15 MIA=70.71
  [8/36] gap=8.970381469688455 Df=6.00 Dr=78.06 MIA=68.17
  [9/36] gap=6.500006243366426 Df=3.60 Dr=76.23 MIA=61.32
  [10/36] gap=9.761216207779238 Df=9.20 Dr=79.43 MIA=68.71
  [11/36] gap=9.003958294312293 Df=5.60 Dr=77.79 MIA=68.39
  [12/36] gap=5.649335081475933 Df=2.80 Dr=78.25 MIA=61.59
  [13/36] gap=13.389049135293751 Df=19.20 Dr=80.15 MIA=70.31
  [14/36] gap=8.93493163513767 Df=5.20 Dr=78.84 MIA=69.64
  [15/36] gap=7.807729287631891 Df=4.40 Dr=77.28 MIA=65.50
  [16/36] gap=11.695323718549048 Df=12.40 Dr=79.89 MIA=71.77
  [17/36] gap=9.665193232190804 Df=5.20 Dr=78.69 MIA=71.68
  [18/36] gap=6.395180121121315 Df=3.20 Dr=79.39 MIA=64.57
  [19/36] gap=9.99458075794469 Df=9.60 Dr=79.66 MIA=69.24
  [20/36] gap=8.956383842167698 Df=6.00 Dr=78.46 MIA=68.53
  [21/36] gap=5.390959605419244 Df=0.80 Dr=79.60 MIA=64.17
  [22/36] gap=9.766173440719234 Df=7.60 Dr=78.93 MIA=69.82
  [23/36] gap=8.554598239370671 Df=4.80 Dr=78.34 MIA=68.39
  [24/36] gap=5.9893488168820594 Df=0.00 Dr=80.21 MIA=67.37
  [25/36] gap=12.757232940001254 Df=17.60 Dr=80.04 MIA=69.91
  [26/36] gap=8.33051133171006 Df=4.80 Dr=79.01 MIA=68.40
  [27/36] gap=7.06006118499095 Df=2.00 Dr=79.66 MIA=68.04
  [28/36] gap=10.93132296934508 Df=11.60 Dr=79.83 MIA=70.22
  [29/36] gap=8.986751576450024 Df=5.60 Dr=79.66 MIA=70.22
  [30/36] gap=5.202597240432042 Df=0.40 Dr=80.65 MIA=65.05
  [31/36] gap=9.678354248610852 Df=8.80 Dr=79.37 MIA=68.80
  [32/36] gap=8.84410314041331 Df=5.60 Dr=80.00 MIA=70.13
  [33/36] gap=5.587725541612042 Df=0.00 Dr=80.57 MIA=66.52
  [34/36] gap=9.51988512205782 Df=7.20 Dr=79.22 MIA=69.77
  [35/36] gap=7.771405381781861 Df=3.60 Dr=79.98 MIA=68.89
  [36/36] gap=7.029568583380161 Df=0.00 Dr=80.74 MIA=71.02
final test: badteacher {'temperature': 4.0, 'epochs': 10, 'lr': 0.01}
  Df=0.00 Dr=81.57 MIA=69.69 time=19.05s KL=0.0121

unsir: 0/36 candidates complete
  [1/36] gap=34.69022913154773 Df=80.00 Dr=78.02 MIA=71.28
  [2/36] gap=31.346943872135853 Df=70.40 Dr=79.87 MIA=72.71
  [3/36] gap=33.03999500530686 Df=76.80 Dr=74.48 MIA=66.00
  [4/36] gap=21.440432040956484 Df=45.60 Dr=78.53 MIA=66.44
  [5/36] gap=24.793194730598742 Df=54.40 Dr=68.82 MIA=57.99
  [6/36] gap=5.6456889554848 Df=2.00 Dr=74.88 MIA=59.01
  [7/36] gap=34.57140538178186 Df=78.80 Dr=78.38 MIA=72.49
  [8/36] gap=30.208041455953055 Df=67.20 Dr=79.60 MIA=72.22
  [9/36] gap=30.903889617281635 Df=70.40 Dr=76.00 MIA=67.50
  [10/36] gap=21.34646937628769 Df=44.00 Dr=79.47 MIA=68.71
  [11/36] gap=20.87467066242118 Df=43.60 Dr=71.24 MIA=59.46
  [12/36] gap=5.990260348379849 Df=2.00 Dr=75.85 MIA=61.02
  [13/36] gap=33.13915215083974 Df=76.00 Dr=79.03 MIA=71.64
  [14/36] gap=28.928388587126182 Df=61.60 Dr=79.66 MIA=74.04
  [15/36] gap=29.303727289754637 Df=66.00 Dr=77.12 MIA=68.22
  [16/36] gap=21.606318286820255 Df=46.00 Dr=79.94 MIA=67.95
  [17/36] gap=17.90152962477368 Df=35.20 Dr=73.05 MIA=60.75
  [18/36] gap=5.61464693762877 Df=2.00 Dr=76.44 MIA=60.48
  [19/36] gap=33.39812699007305 Df=77.20 Dr=77.81 MIA=70.00
  [20/36] gap=29.413073609290127 Df=67.20 Dr=79.41 MIA=69.64
  [21/36] gap=32.93762876943248 Df=75.20 Dr=74.21 MIA=67.02
  [22/36] gap=21.443840919023543 Df=43.60 Dr=77.49 MIA=67.42
  [23/36] gap=22.68258725104576 Df=47.20 Dr=70.21 MIA=60.25
  [24/36] gap=7.529325092089658 Df=4.80 Dr=75.41 MIA=62.39
  [25/36] gap=32.53564337890992 Df=73.60 Dr=78.44 MIA=71.64
  [26/36] gap=28.630242866953864 Df=62.40 Dr=79.98 MIA=72.66
  [27/36] gap=31.184391583942062 Df=70.40 Dr=75.92 MIA=68.26
  [28/36] gap=21.76954485858775 Df=44.40 Dr=79.54 MIA=69.64
  [29/36] gap=18.732733970156712 Df=36.00 Dr=72.38 MIA=61.77
  [30/36] gap=7.16258974839234 Df=5.60 Dr=76.02 MIA=61.10
  [31/36] gap=32.02562277580071 Df=73.20 Dr=78.91 MIA=70.98
  [32/36] gap=27.751464069426238 Df=58.40 Dr=80.13 MIA=74.17
  [33/36] gap=29.040631828682034 Df=65.20 Dr=76.57 MIA=67.68
  [34/36] gap=20.995392395579703 Df=42.80 Dr=79.28 MIA=68.66
  [35/36] gap=17.916638571517765 Df=32.40 Dr=73.14 MIA=63.68
  [36/36] gap=7.1184990947118685 Df=5.20 Dr=76.78 MIA=62.13
final test: unsir {'impair_epochs': 2, 'repair_epochs': 3, 'impair_lr': 0.001, 'repair_lr': 0.01}
  Df=61.40 Dr=80.83 MIA=70.18 time=8.66s KL=0.0115

scrub: 0/24 candidates complete
  [1/24] gap=29.815733283386407 Df=65.20 Dr=80.82 MIA=74.26
  [2/24] gap=30.683885871261783 Df=66.80 Dr=80.88 MIA=75.33
  [3/24] gap=27.56377598801274 Df=58.40 Dr=81.22 MIA=74.71
  [4/24] gap=29.966273334582013 Df=65.60 Dr=80.95 MIA=74.44
  [5/24] gap=26.719410626209662 Df=55.60 Dr=81.22 MIA=74.97
  [6/24] gap=30.907535743272774 Df=67.60 Dr=80.97 MIA=75.28
  [7/24] gap=22.600624336642316 Df=47.20 Dr=81.54 MIA=71.33
  [8/24] gap=30.648835612162078 Df=68.80 Dr=80.55 MIA=72.89
  [9/24] gap=28.470425173253417 Df=61.20 Dr=80.95 MIA=74.35
  [10/24] gap=29.601835549728417 Df=64.00 Dr=80.84 MIA=74.84
  [11/24] gap=18.76563651120685 Df=31.60 Dr=81.26 MIA=75.15
  [12/24] gap=27.328151339202105 Df=57.60 Dr=81.26 MIA=74.84
  [13/24] gap=8.765399263282765 Df=4.40 Dr=81.26 MIA=72.35
  [14/24] gap=26.668502216395083 Df=57.20 Dr=81.24 MIA=73.24
  [15/24] gap=3.9800711743772275 Df=0.00 Dr=80.91 MIA=62.04
  [16/24] gap=23.739252044702507 Df=54.80 Dr=81.05 MIA=66.66
  [17/24] gap=26.496197789848292 Df=56.00 Dr=81.18 MIA=73.86
  [18/24] gap=27.652981207467068 Df=58.40 Dr=81.22 MIA=74.97
  [19/24] gap=9.317325341824315 Df=5.60 Dr=81.43 MIA=72.98
  [20/24] gap=17.563376412561656 Df=30.00 Dr=81.54 MIA=73.42
  [21/24] gap=5.7461946681650815 Df=0.00 Dr=81.52 MIA=67.95
  [22/24] gap=8.778085783854651 Df=6.00 Dr=81.54 MIA=71.06
  [23/24] gap=1.1891365424236777 Df=0.00 Dr=80.72 MIA=53.48
  [24/24] gap=3.401498407941563 Df=0.40 Dr=80.82 MIA=59.82
final test: scrub {'msteps': 3, 'lr': 0.001, 'epochs': 5, 'max_grad_norm': 5.0}
  Df=0.00 Dr=82.01 MIA=68.76 time=8.42s KL=0.0115

mmu: 0/96 candidates complete
  [1/96] gap=30.055241306112254 Df=65.20 Dr=80.95 MIA=75.11
  [2/96] gap=30.3966036086658 Df=67.20 Dr=80.99 MIA=74.17
  [3/96] gap=30.060435786976342 Df=65.20 Dr=80.84 MIA=75.02
  [4/96] gap=29.291752512954986 Df=64.80 Dr=80.84 MIA=73.11
  [5/96] gap=30.19559218330524 Df=65.20 Dr=80.93 MIA=75.51
  [6/96] gap=30.544209277642512 Df=66.40 Dr=80.95 MIA=75.37
  [7/96] gap=30.9331085721421 Df=68.40 Dr=80.76 MIA=74.35
  [8/96] gap=31.20929012923769 Df=68.80 Dr=80.86 MIA=74.88
  [9/96] gap=27.64096897046888 Df=59.20 Dr=80.99 MIA=73.91
  [10/96] gap=21.39063495036524 Df=39.60 Dr=81.43 MIA=75.20
  [11/96] gap=29.052644065680212 Df=62.40 Dr=80.80 MIA=74.75
  [12/96] gap=21.638746332022226 Df=40.40 Dr=81.22 MIA=74.93
  [13/96] gap=29.43702316288943 Df=64.00 Dr=81.16 MIA=74.66
  [14/96] gap=21.587563214085037 Df=40.00 Dr=81.28 MIA=75.24
  [15/96] gap=30.66327027533246 Df=66.80 Dr=80.99 MIA=75.37
  [16/96] gap=23.654129986888936 Df=46.80 Dr=81.26 MIA=74.62
  [17/96] gap=27.623999500530687 Df=58.80 Dr=81.26 MIA=74.53
  [18/96] gap=11.947043765998629 Df=11.60 Dr=81.49 MIA=74.93
  [19/96] gap=28.282537304114374 Df=60.80 Dr=80.80 MIA=74.04
  [20/96] gap=14.210538802522324 Df=18.00 Dr=81.33 MIA=75.15
  [21/96] gap=29.65524130611226 Df=64.40 Dr=80.95 MIA=74.71
  [22/96] gap=12.871099456827123 Df=14.00 Dr=81.39 MIA=75.20
  [23/96] gap=31.126665417993383 Df=67.60 Dr=80.80 MIA=75.77
  [24/96] gap=17.593232190797277 Df=28.80 Dr=81.18 MIA=74.35
  [25/96] gap=27.2167821689455 Df=61.20 Dr=80.84 MIA=70.49
  [26/96] gap=4.753586814010117 Df=0.00 Dr=81.47 MIA=64.93
  [27/96] gap=27.928962976837113 Df=62.00 Dr=80.88 MIA=71.86
  [28/96] gap=5.273996378847468 Df=0.00 Dr=80.80 MIA=65.81
  [29/96] gap=29.86303302740838 Df=68.40 Dr=80.59 MIA=70.97
  [30/96] gap=4.899369419991257 Df=0.00 Dr=81.35 MIA=65.24
  [31/96] gap=30.499169632265716 Df=69.20 Dr=80.51 MIA=72.00
  [32/96] gap=5.681688206280832 Df=0.00 Dr=81.22 MIA=67.46
  [33/96] gap=28.643803458825005 Df=62.00 Dr=81.14 MIA=74.26
  [34/96] gap=29.07508272460511 Df=62.40 Dr=81.18 MIA=75.20
  [35/96] gap=29.153586814010122 Df=63.20 Dr=81.07 MIA=74.53
  [36/96] gap=28.646063557470196 Df=61.60 Dr=81.26 MIA=74.79
  [37/96] gap=29.398326777798587 Df=63.60 Dr=81.05 MIA=74.84
  [38/96] gap=29.159930074296057 Df=62.80 Dr=81.01 MIA=74.88
  [39/96] gap=29.493600549416254 Df=64.00 Dr=81.03 MIA=74.71
  [40/96] gap=28.12517949678467 Df=60.00 Dr=81.14 MIA=74.71
  [41/96] gap=20.213747892863836 Df=35.20 Dr=81.45 MIA=76.09
  [42/96] gap=11.56266466878941 Df=10.40 Dr=81.54 MIA=75.02
  [43/96] gap=27.090229131547733 Df=56.80 Dr=81.22 MIA=74.88
  [44/96] gap=12.337329087844168 Df=13.60 Dr=81.35 MIA=73.95
  [45/96] gap=27.275619654117502 Df=57.20 Dr=80.84 MIA=74.66
  [46/96] gap=11.664793656739716 Df=12.00 Dr=81.41 MIA=73.60
  [47/96] gap=28.405007179871387 Df=60.40 Dr=81.01 MIA=75.02
  [48/96] gap=14.367184866079791 Df=19.20 Dr=81.39 MIA=74.48
  [49/96] gap=11.87056252731473 Df=12.00 Dr=81.33 MIA=74.13
  [50/96] gap=6.947106199662858 Df=0.00 Dr=81.16 MIA=71.19
  [51/96] gap=24.119547980270966 Df=49.20 Dr=81.20 MIA=73.55
  [52/96] gap=6.347206093525631 Df=0.00 Dr=81.18 MIA=69.41
  [53/96] gap=27.467827932821375 Df=58.80 Dr=80.80 MIA=73.60
  [54/96] gap=7.124605107073741 Df=0.00 Dr=81.12 MIA=71.68
  [55/96] gap=28.474071299244553 Df=60.80 Dr=81.12 MIA=74.93
  [56/96] gap=7.322007866641698 Df=0.40 Dr=81.37 MIA=72.13
  [57/96] gap=4.597103077979651 Df=0.00 Dr=81.09 MIA=64.08
  [58/96] gap=0.8537928451020799 Df=0.00 Dr=80.84 MIA=50.00
  [59/96] gap=8.313579321970407 Df=6.80 Dr=81.24 MIA=68.58
  [60/96] gap=1.1557969657239227 Df=0.00 Dr=80.99 MIA=53.65
  [61/96] gap=27.067116189049134 Df=61.20 Dr=80.40 MIA=69.59
  [62/96] gap=0.8187051258038333 Df=0.00 Dr=80.95 MIA=50.00
  [63/96] gap=28.71603920834114 Df=62.80 Dr=80.61 MIA=73.15
  [64/96] gap=3.2547668102640963 Df=0.00 Dr=80.95 MIA=59.90
  [65/96] gap=26.794106262096523 Df=56.80 Dr=81.26 MIA=74.04
  [66/96] gap=25.9411375413623 Df=54.00 Dr=81.20 MIA=74.22
  [67/96] gap=27.27288505962416 Df=58.40 Dr=81.12 MIA=73.73
  [68/96] gap=25.897246675407377 Df=53.60 Dr=81.20 MIA=74.48
  [69/96] gap=27.95473559343198 Df=59.20 Dr=81.12 MIA=74.97
  [70/96] gap=26.22163950802273 Df=53.20 Dr=81.12 MIA=75.77
  [71/96] gap=28.914553287132424 Df=61.60 Dr=80.95 MIA=75.28
  [72/96] gap=25.423187862895677 Df=51.60 Dr=81.24 MIA=75.10
  [73/96] gap=11.082774552038464 Df=9.60 Dr=81.60 MIA=74.44
  [74/96] gap=7.238908659549229 Df=0.40 Dr=81.31 MIA=71.81
  [75/96] gap=21.487531997252926 Df=40.00 Dr=81.45 MIA=75.11
  [76/96] gap=7.6788287444590155 Df=0.40 Dr=81.37 MIA=73.20
  [77/96] gap=19.94771804957233 Df=36.40 Dr=81.54 MIA=74.17
  [78/96] gap=7.7467066242117815 Df=0.80 Dr=81.47 MIA=73.11
  [79/96] gap=27.530074296060434 Df=56.40 Dr=80.97 MIA=76.35
  [80/96] gap=8.259024786164703 Df=2.00 Dr=81.49 MIA=73.46
  [81/96] gap=6.73792845102079 Df=0.00 Dr=81.47 MIA=70.88
  [82/96] gap=5.560804145595306 Df=0.00 Dr=81.09 MIA=66.97
  [83/96] gap=15.901804332896296 Df=25.60 Dr=81.41 MIA=72.71
  [84/96] gap=5.510495098957361 Df=0.00 Dr=81.24 MIA=66.97
  [85/96] gap=13.241443466317042 Df=17.20 Dr=81.79 MIA=73.51
  [86/96] gap=5.690728600861587 Df=0.00 Dr=81.33 MIA=67.59
  [87/96] gap=25.16539926328277 Df=51.20 Dr=81.26 MIA=74.75
  [88/96] gap=5.817481425984892 Df=0.00 Dr=81.39 MIA=68.03
  [89/96] gap=3.5994256102890674 Df=0.00 Dr=80.88 MIA=60.88
  [90/96] gap=1.0783542486108526 Df=0.00 Dr=80.17 MIA=50.00
  [91/96] gap=4.232465505400512 Df=0.00 Dr=81.35 MIA=63.24
  [92/96] gap=0.9730910907161127 Df=0.00 Dr=80.48 MIA=50.00
  [93/96] gap=5.052207030030595 Df=0.80 Dr=81.16 MIA=64.71
  [94/96] gap=0.8116875819441821 Df=0.00 Dr=80.97 MIA=50.00
  [95/96] gap=19.851969782106515 Df=40.40 Dr=81.16 MIA=69.51
  [96/96] gap=0.9239682836985684 Df=0.00 Dr=80.63 MIA=50.00
final test: mmu {'msteps': 1, 'lr': 0.005, 'epochs': 5, 'head_mode': 'independent', 'weighting': 'normalised', 'max_grad_norm': 5.0}
  Df=0.00 Dr=82.46 MIA=64.82 time=6.98s KL=0.0100

salun: 0/45 candidates complete
  [1/45] gap=20.49690953362053 Df=36.80 Dr=79.98 MIA=73.86
  [2/45] gap=20.340700505712682 Df=36.80 Dr=79.96 MIA=73.37
  [3/45] gap=19.422551039520517 Df=36.00 Dr=79.56 MIA=71.02
  [4/45] gap=17.717050633701692 Df=29.20 Dr=76.67 MIA=69.82
  [5/45] gap=18.148017731160643 Df=29.60 Dr=76.80 MIA=70.84
  [6/45] gap=15.99346943872136 Df=26.00 Dr=75.58 MIA=66.75
  [7/45] gap=9.01348567147406 Df=5.60 Dr=69.35 MIA=59.98
  [8/45] gap=6.475744521445968 Df=0.40 Dr=71.77 MIA=59.99
  [9/45] gap=5.497608790659927 Df=0.00 Dr=74.13 MIA=59.81
  [10/45] gap=20.193569332584133 Df=36.40 Dr=80.00 MIA=73.37
  [11/45] gap=20.53017418992321 Df=36.80 Dr=79.79 MIA=73.77
  [12/45] gap=19.569245176999438 Df=36.00 Dr=79.47 MIA=71.37
  [13/45] gap=18.843266529312604 Df=32.40 Dr=77.07 MIA=70.40
  [14/45] gap=18.788674533308367 Df=30.40 Dr=76.17 MIA=71.33
  [15/45] gap=16.466704126865203 Df=26.80 Dr=75.26 MIA=67.06
  [16/45] gap=10.539576699756509 Df=9.60 Dr=70.82 MIA=62.03
  [17/45] gap=6.471936067927828 Df=2.00 Dr=73.92 MIA=60.52
  [18/45] gap=5.079852656552414 Df=0.00 Dr=75.28 MIA=59.72
  [19/45] gap=20.156221514640702 Df=36.40 Dr=79.98 MIA=73.24
  [20/45] gap=20.588137603795968 Df=36.80 Dr=79.71 MIA=73.86
  [21/45] gap=19.474171193107328 Df=36.00 Dr=79.54 MIA=71.15
  [22/45] gap=18.012699007304743 Df=30.40 Dr=77.03 MIA=69.86
  [23/45] gap=18.651495286258356 Df=29.60 Dr=76.36 MIA=71.91
  [24/45] gap=16.284797402759573 Df=26.40 Dr=75.33 MIA=66.97
  [25/45] gap=10.183904601361059 Df=8.00 Dr=69.26 MIA=61.01
  [26/45] gap=5.769469938190675 Df=1.20 Dr=73.22 MIA=58.52
  [27/45] gap=5.097259162140229 Df=0.40 Dr=74.65 MIA=58.74
  [28/45] gap=20.231154398451643 Df=36.80 Dr=80.02 MIA=73.11
  [29/45] gap=20.663744771180625 Df=37.20 Dr=79.79 MIA=73.77
  [30/45] gap=19.362564774926643 Df=35.60 Dr=79.52 MIA=71.20
  [31/45] gap=18.361316101642007 Df=31.60 Dr=77.45 MIA=70.13
  [32/45] gap=18.115702066554288 Df=30.80 Dr=76.19 MIA=68.93
  [33/45] gap=17.15406130985828 Df=26.80 Dr=75.07 MIA=68.93
  [34/45] gap=10.300505712680279 Df=8.80 Dr=71.14 MIA=62.43
  [35/45] gap=6.116064181806834 Df=0.40 Dr=73.52 MIA=60.66
  [36/45] gap=5.427957794842982 Df=0.00 Dr=75.35 MIA=60.82
  [37/45] gap=20.302915652119626 Df=36.40 Dr=79.89 MIA=73.60
  [38/45] gap=20.52315664606356 Df=36.80 Dr=79.81 MIA=73.77
  [39/45] gap=19.166747830430168 Df=35.60 Dr=79.35 MIA=70.44
  [40/45] gap=18.271236810888436 Df=32.00 Dr=76.97 MIA=68.98
  [41/45] gap=17.91580196041706 Df=30.00 Dr=76.21 MIA=69.15
  [42/45] gap=16.956184054442158 Df=28.00 Dr=76.02 MIA=68.08
  [43/45] gap=10.361166260847847 Df=8.40 Dr=72.42 MIA=64.30
  [44/45] gap=6.231042017856031 Df=0.40 Dr=74.95 MIA=62.43
  [45/45] gap=5.7978148217518894 Df=0.00 Dr=76.29 MIA=62.88
final test: salun {'sparsity': 0.7, 'lr': 0.0001, 'epochs': 3}
  Df=37.60 Dr=80.29 MIA=70.45 time=7.38s KL=0.0119

uniclun: 0/27 candidates complete
  [1/27] gap=20.749541112567897 Df=38.40 Dr=80.02 MIA=73.06
  [2/27] gap=20.749541112567897 Df=38.40 Dr=80.02 MIA=73.06
  [3/27] gap=20.749541112567897 Df=38.40 Dr=80.02 MIA=73.06
  [4/27] gap=19.623799712805145 Df=37.20 Dr=80.02 MIA=70.89
  [5/27] gap=19.623799712805145 Df=37.20 Dr=80.02 MIA=70.89
  [6/27] gap=19.623799712805145 Df=37.20 Dr=80.02 MIA=70.89
  [7/27] gap=20.354735593431986 Df=37.20 Dr=79.12 MIA=72.17
  [8/27] gap=20.354735593431986 Df=37.20 Dr=79.12 MIA=72.17
  [9/27] gap=20.354735593431986 Df=37.20 Dr=79.12 MIA=72.17
  [10/27] gap=18.310370231628898 Df=32.80 Dr=77.92 MIA=69.24
  [11/27] gap=18.310370231628898 Df=32.80 Dr=77.92 MIA=69.24
  [12/27] gap=18.310370231628898 Df=32.80 Dr=77.92 MIA=69.24
  [13/27] gap=18.08739464319161 Df=31.60 Dr=77.07 MIA=68.93
  [14/27] gap=18.08739464319161 Df=31.60 Dr=77.07 MIA=68.93
  [15/27] gap=18.08739464319161 Df=31.60 Dr=77.07 MIA=68.93
  [16/27] gap=18.721033901479682 Df=32.40 Dr=76.86 MIA=69.82
  [17/27] gap=18.721033901479682 Df=32.40 Dr=76.86 MIA=69.82
  [18/27] gap=18.721033901479682 Df=32.40 Dr=76.86 MIA=69.82
  [19/27] gap=10.122569769619782 Df=9.60 Dr=75.14 MIA=65.10
  [20/27] gap=10.122569769619782 Df=9.60 Dr=75.14 MIA=65.10
  [21/27] gap=10.122569769619782 Df=9.60 Dr=75.14 MIA=65.10
  [22/27] gap=7.2289192732721474 Df=4.40 Dr=76.40 MIA=62.88
  [23/27] gap=7.2289192732721474 Df=4.40 Dr=76.40 MIA=62.88
  [24/27] gap=7.2289192732721474 Df=4.40 Dr=76.40 MIA=62.88
  [25/27] gap=6.308672035961796 Df=0.40 Dr=76.76 MIA=64.48
  [26/27] gap=6.308672035961796 Df=0.40 Dr=76.76 MIA=64.48
  [27/27] gap=6.308672035961796 Df=0.40 Dr=76.76 MIA=64.48
final test: uniclun {'lr': 0.0001, 'epochs': 3, 'buffer_size': 250}
  Df=39.40 Dr=80.21 MIA=71.42 time=8.26s KL=0.0119

