training one shared source (150 epochs)
Epoch 10/150: Train Loss=0.7867, Train Acc=0.7417, Val Acc=0.7080
Epoch 20/150: Train Loss=0.3556, Train Acc=0.8802, Val Acc=0.7654
Epoch 30/150: Train Loss=0.0947, Train Acc=0.9678, Val Acc=0.7968
Epoch 40/150: Train Loss=0.0199, Train Acc=0.9938, Val Acc=0.8102
Epoch 50/150: Train Loss=0.0109, Train Acc=0.9969, Val Acc=0.8098
Epoch 60/150: Train Loss=0.0070, Train Acc=0.9983, Val Acc=0.8120
Early stopping at epoch 69
training same-recipe retain-only reference (150 epochs)
Epoch 10/150: Train Loss=0.8053, Train Acc=0.7367, Val Acc=0.7018
Epoch 20/150: Train Loss=0.3666, Train Acc=0.8769, Val Acc=0.7659
Epoch 30/150: Train Loss=0.0678, Train Acc=0.9776, Val Acc=0.7945
Epoch 40/150: Train Loss=0.0220, Train Acc=0.9937, Val Acc=0.8018
Epoch 50/150: Train Loss=0.0110, Train Acc=0.9968, Val Acc=0.8065
Epoch 60/150: Train Loss=0.0091, Train Acc=0.9977, Val Acc=0.8067
Epoch 70/150: Train Loss=0.0081, Train Acc=0.9983, Val Acc=0.8089
Early stopping at epoch 78
final test: baseline {}
  Df=97.00 Dr=80.87 MIA=54.23 time=0.00s KL=0.0018
final test: retrain {}
  Df=88.00 Dr=80.73 MIA=52.97 time=1201.95s KL=0.0000

finetune: 0/12 candidates complete
  [1/12] gap=8.913660413660415 Df=96.00 Dr=80.77 MIA=64.21
  [2/12] gap=7.11369648869649 Df=94.00 Dr=80.83 MIA=60.88
  [3/12] gap=5.613997113997118 Df=92.00 Dr=80.67 MIA=58.21
  [4/12] gap=6.273929773929777 Df=94.00 Dr=80.69 MIA=58.21
  [5/12] gap=5.606842231842234 Df=92.00 Dr=77.31 MIA=54.84
  [6/12] gap=6.791245791245785 Df=94.00 Dr=77.78 MIA=56.86
  [7/12] gap=2.760341510341514 Df=78.00 Dr=77.19 MIA=56.18
  [8/12] gap=6.301106301106299 Df=94.00 Dr=77.68 MIA=55.29
  [9/12] gap=10.449134199134198 Df=74.00 Dr=57.70 MIA=55.75
  [10/12] gap=4.682058682058681 Df=80.00 Dr=69.68 MIA=51.29
  [11/12] gap=12.308261183261186 Df=54.00 Dr=71.03 MIA=53.05
  [12/12] gap=9.886904761904761 Df=96.00 Dr=73.15 MIA=59.52
final test: finetune {'lr': 0.0001, 'epochs': 5}
  Df=96.00 Dr=80.45 MIA=52.46 time=65.79s KL=0.0019

ssd: 0/25 candidates complete
  [1/25] gap=6.8328523328523305 Df=94.00 Dr=81.29 MIA=60.21
  [2/25] gap=6.152717652717652 Df=94.00 Dr=81.25 MIA=58.21
  [3/25] gap=7.486050986050986 Df=98.00 Dr=81.25 MIA=58.21
  [4/25] gap=7.628126503126505 Df=98.00 Dr=81.23 MIA=58.66
  [5/25] gap=7.634860509860512 Df=98.00 Dr=81.25 MIA=58.66
  [6/25] gap=7.486050986050986 Df=98.00 Dr=81.25 MIA=58.21
  [7/25] gap=7.486050986050986 Df=98.00 Dr=81.25 MIA=58.21
  [8/25] gap=7.486050986050986 Df=98.00 Dr=81.25 MIA=58.21
  [9/25] gap=7.628126503126505 Df=98.00 Dr=81.23 MIA=58.66
  [10/25] gap=7.634860509860512 Df=98.00 Dr=81.25 MIA=58.66
  [11/25] gap=7.634860509860512 Df=98.00 Dr=81.25 MIA=58.66
  [12/25] gap=7.634860509860512 Df=98.00 Dr=81.25 MIA=58.66
  [13/25] gap=7.628126503126505 Df=98.00 Dr=81.23 MIA=58.66
  [14/25] gap=7.634860509860512 Df=98.00 Dr=81.25 MIA=58.66
  [15/25] gap=7.634860509860512 Df=98.00 Dr=81.25 MIA=58.66
  [16/25] gap=7.634860509860512 Df=98.00 Dr=81.25 MIA=58.66
  [17/25] gap=7.634860509860512 Df=98.00 Dr=81.25 MIA=58.66
  [18/25] gap=7.634860509860512 Df=98.00 Dr=81.25 MIA=58.66
  [19/25] gap=7.634860509860512 Df=98.00 Dr=81.25 MIA=58.66
  [20/25] gap=7.634860509860512 Df=98.00 Dr=81.25 MIA=58.66
  [21/25] gap=7.634860509860512 Df=98.00 Dr=81.25 MIA=58.66
  [22/25] gap=7.634860509860512 Df=98.00 Dr=81.25 MIA=58.66
  [23/25] gap=7.634860509860512 Df=98.00 Dr=81.25 MIA=58.66
  [24/25] gap=7.634860509860512 Df=98.00 Dr=81.25 MIA=58.66
  [25/25] gap=7.634860509860512 Df=98.00 Dr=81.25 MIA=58.66
final test: ssd {'alpha': 1.0, 'dampening_constant': 0.1}
  Df=97.00 Dr=80.87 MIA=54.23 time=12.55s KL=0.0018

badteacher: 0/36 candidates complete
  [1/36] gap=14.02242664742665 Df=44.00 Dr=77.49 MIA=51.45
  [2/36] gap=25.536075036075044 Df=14.00 Dr=75.76 MIA=59.07
  [3/36] gap=27.221019721019726 Df=10.00 Dr=75.13 MIA=59.50
  [4/36] gap=20.728775853775854 Df=28.00 Dr=76.16 MIA=59.05
  [5/36] gap=28.65722703222703 Df=8.00 Dr=74.63 MIA=61.30
  [6/36] gap=27.518638768638777 Df=6.00 Dr=75.13 MIA=56.39
  [7/36] gap=23.222342472342472 Df=22.00 Dr=76.02 MIA=60.39
  [8/36] gap=27.104437229437224 Df=10.00 Dr=74.61 MIA=58.62
  [9/36] gap=25.77152477152477 Df=12.00 Dr=75.98 MIA=58.00
  [10/36] gap=24.446608946608947 Df=18.00 Dr=75.45 MIA=59.50
  [11/36] gap=25.809523809523814 Df=12.00 Dr=75.15 MIA=57.29
  [12/36] gap=23.752765752765754 Df=14.00 Dr=76.46 MIA=53.29
  [13/36] gap=18.418229918229915 Df=38.00 Dr=77.11 MIA=63.07
  [14/36] gap=26.652597402597404 Df=10.00 Dr=75.52 MIA=58.18
  [15/36] gap=23.899050024050023 Df=16.00 Dr=76.22 MIA=56.62
  [16/36] gap=23.39478114478115 Df=20.00 Dr=75.72 MIA=58.61
  [17/36] gap=25.066919191919194 Df=14.00 Dr=75.58 MIA=57.48
  [18/36] gap=19.768999518999518 Df=30.00 Dr=77.74 MIA=59.75
  [19/36] gap=23.13822751322751 Df=20.00 Dr=76.04 MIA=58.16
  [20/36] gap=24.355639730639734 Df=16.00 Dr=75.96 MIA=57.73
  [21/36] gap=22.50102212602212 Df=20.00 Dr=78.20 MIA=58.41
  [22/36] gap=24.345598845598847 Df=16.00 Dr=75.76 MIA=57.50
  [23/36] gap=23.66005291005291 Df=18.00 Dr=76.71 MIA=58.39
  [24/36] gap=18.83110870610871 Df=30.00 Dr=78.75 MIA=57.95
  [25/36] gap=18.06938431938432 Df=38.00 Dr=77.05 MIA=61.96
  [26/36] gap=23.895502645502646 Df=18.00 Dr=76.93 MIA=59.32
  [27/36] gap=23.27855940355941 Df=18.00 Dr=77.80 MIA=58.34
  [28/36] gap=22.042568542568542 Df=24.00 Dr=76.67 MIA=59.50
  [29/36] gap=23.06126743626744 Df=22.00 Dr=77.41 MIA=61.30
  [30/36] gap=18.72709235209236 Df=36.00 Dr=78.67 MIA=44.16
  [31/36] gap=21.524711399711396 Df=24.00 Dr=76.67 MIA=57.95
  [32/36] gap=22.04310966810967 Df=24.00 Dr=77.58 MIA=60.41
  [33/36] gap=22.562950937950944 Df=22.00 Dr=78.91 MIA=61.30
  [34/36] gap=21.96849446849447 Df=22.00 Dr=76.89 MIA=57.50
  [35/36] gap=21.10034872534872 Df=24.00 Dr=78.40 MIA=58.41
  [36/36] gap=18.69035594035594 Df=28.00 Dr=79.62 MIA=51.32
final test: badteacher {'temperature': 4.0, 'epochs': 10, 'lr': 0.01}
  Df=33.00 Dr=79.26 MIA=52.40 time=26.36s KL=0.0018

unsir: 0/36 candidates complete
  [1/36] gap=8.41810966810967 Df=98.00 Dr=79.58 MIA=59.54
  [2/36] gap=6.313371813371819 Df=98.00 Dr=80.28 MIA=53.93
  [3/36] gap=7.695045695045695 Df=96.00 Dr=75.49 MIA=55.29
  [4/36] gap=5.190776815776817 Df=92.00 Dr=78.99 MIA=55.27
  [5/36] gap=7.6254810004810025 Df=88.00 Dr=69.29 MIA=50.84
  [6/36] gap=3.1831409331409355 Df=80.00 Dr=75.49 MIA=49.96
  [7/36] gap=8.201298701298706 Df=98.00 Dr=79.33 MIA=58.64
  [8/36] gap=6.988936988936992 Df=98.00 Dr=79.90 MIA=52.14
  [9/36] gap=7.963744588744587 Df=96.00 Dr=76.24 MIA=56.84
  [10/36] gap=5.742965367965371 Df=94.00 Dr=79.33 MIA=55.27
  [11/36] gap=6.299663299663301 Df=86.00 Dr=71.25 MIA=50.86
  [12/36] gap=6.175685425685425 Df=88.00 Dr=76.30 MIA=48.18
  [13/36] gap=7.697570947570948 Df=98.00 Dr=79.74 MIA=57.54
  [14/36] gap=5.660173160173166 Df=96.00 Dr=80.24 MIA=53.93
  [15/36] gap=6.762866762866764 Df=96.00 Dr=77.43 MIA=53.29
  [16/36] gap=4.009139009139005 Df=90.00 Dr=79.84 MIA=54.57
  [17/36] gap=3.984487734487736 Df=82.00 Dr=73.09 MIA=51.96
  [18/36] gap=4.701599326599336 Df=88.00 Dr=77.17 MIA=51.73
  [19/36] gap=8.319985569985574 Df=98.00 Dr=78.73 MIA=58.39
  [20/36] gap=7.0702260702260675 Df=98.00 Dr=79.80 MIA=55.71
  [21/36] gap=8.323412698412698 Df=98.00 Dr=74.48 MIA=54.16
  [22/36] gap=5.6331168831168865 Df=92.00 Dr=78.79 MIA=56.39
  [23/36] gap=5.969035594035596 Df=84.00 Dr=69.80 MIA=51.30
  [24/36] gap=3.9419793169793187 Df=86.00 Dr=76.34 MIA=52.84
  [25/36] gap=8.171837421837422 Df=98.00 Dr=79.17 MIA=58.39
  [26/36] gap=6.88510101010101 Df=96.00 Dr=80.12 MIA=57.48
  [27/36] gap=7.1548821548821495 Df=94.00 Dr=76.69 MIA=56.86
  [28/36] gap=3.3997715247715283 Df=88.00 Dr=79.43 MIA=54.34
  [29/36] gap=4.272065897065903 Df=82.00 Dr=72.89 MIA=51.30
  [30/36] gap=3.9085497835497827 Df=88.00 Dr=77.52 MIA=53.95
  [31/36] gap=7.2504810004810025 Df=96.00 Dr=79.29 MIA=57.75
  [32/36] gap=6.191498316498321 Df=96.00 Dr=80.20 MIA=55.48
  [33/36] gap=6.08946608946609 Df=94.00 Dr=77.45 MIA=53.29
  [34/36] gap=5.052669552669549 Df=90.00 Dr=79.64 MIA=57.50
  [35/36] gap=2.5892255892255918 Df=80.00 Dr=74.38 MIA=52.86
  [36/36] gap=6.04250841750842 Df=90.00 Dr=77.90 MIA=48.98
final test: unsir {'impair_epochs': 2, 'repair_epochs': 2, 'impair_lr': 0.01, 'repair_lr': 0.01}
  Df=94.00 Dr=79.12 MIA=54.09 time=8.49s KL=0.0015

scrub: 0/24 candidates complete
  [1/24] gap=6.83958633958634 Df=96.00 Dr=80.99 MIA=58.21
  [2/24] gap=6.328463203463206 Df=94.00 Dr=80.97 MIA=58.66
  [3/24] gap=6.084716209716213 Df=94.00 Dr=80.81 MIA=57.77
  [4/24] gap=6.443602693602695 Df=94.00 Dr=81.07 MIA=59.11
  [5/24] gap=7.191077441077444 Df=96.00 Dr=80.83 MIA=59.11
  [6/24] gap=6.470538720538722 Df=94.00 Dr=80.99 MIA=59.11
  [7/24] gap=8.023448773448772 Df=96.00 Dr=80.55 MIA=61.32
  [8/24] gap=8.044312169312173 Df=98.00 Dr=80.93 MIA=59.77
  [9/24] gap=7.350709475709479 Df=96.00 Dr=81.01 MIA=59.77
  [10/24] gap=6.585678210678211 Df=94.00 Dr=81.21 MIA=59.55
  [11/24] gap=7.1304713804713815 Df=96.00 Dr=81.01 MIA=59.11
  [12/24] gap=6.81265031265031 Df=94.00 Dr=81.07 MIA=60.21
  [13/24] gap=7.797138047138044 Df=96.00 Dr=81.01 MIA=61.11
  [14/24] gap=7.465848965848963 Df=96.00 Dr=81.11 MIA=60.21
  [15/24] gap=7.444985569985576 Df=96.00 Dr=80.73 MIA=59.77
  [16/24] gap=7.9324795574795575 Df=96.00 Dr=81.05 MIA=61.55
  [17/24] gap=7.238876863876864 Df=94.00 Dr=81.13 MIA=61.55
  [18/24] gap=7.1304713804713815 Df=96.00 Dr=81.01 MIA=59.11
  [19/24] gap=7.117003367003363 Df=94.00 Dr=81.05 MIA=61.11
  [20/24] gap=7.337241462241465 Df=96.00 Dr=81.05 MIA=59.77
  [21/24] gap=7.47258297258297 Df=96.00 Dr=81.09 MIA=60.21
  [22/24] gap=8.0712481962482 Df=96.00 Dr=80.85 MIA=61.77
  [23/24] gap=7.648328523328526 Df=96.00 Dr=81.01 MIA=60.66
  [24/24] gap=8.366221741221741 Df=96.00 Dr=81.07 MIA=62.88
final test: scrub {'msteps': 2, 'lr': 0.0001, 'epochs': 10, 'max_grad_norm': 5.0}
  Df=97.00 Dr=80.78 MIA=54.62 time=19.45s KL=0.0018

mmu: 0/96 candidates complete
  [1/96] gap=6.301527176527178 Df=94.00 Dr=81.05 MIA=58.66
  [2/96] gap=6.947991822991824 Df=96.00 Dr=81.11 MIA=58.66
  [3/96] gap=7.123737373737375 Df=96.00 Dr=81.03 MIA=59.11
  [4/96] gap=7.357443482443486 Df=96.00 Dr=80.99 MIA=59.77
  [5/96] gap=6.423400673400674 Df=94.00 Dr=81.13 MIA=59.11
  [6/96] gap=7.110269360269361 Df=96.00 Dr=81.07 MIA=59.11
  [7/96] gap=6.988395863395866 Df=94.00 Dr=81.31 MIA=60.66
  [8/96] gap=7.4995189995189975 Df=96.00 Dr=81.29 MIA=60.21
  [9/96] gap=6.267857142857143 Df=94.00 Dr=81.15 MIA=58.66
  [10/96] gap=6.27459114959115 Df=94.00 Dr=81.17 MIA=58.66
  [11/96] gap=6.49747474747475 Df=94.00 Dr=80.91 MIA=59.11
  [12/96] gap=6.490740740740743 Df=94.00 Dr=80.93 MIA=59.11
  [13/96] gap=6.490740740740743 Df=94.00 Dr=80.93 MIA=59.11
  [14/96] gap=6.450336700336702 Df=94.00 Dr=81.05 MIA=59.11
  [15/96] gap=6.947991822991824 Df=94.00 Dr=81.11 MIA=60.66
  [16/96] gap=6.941257816257817 Df=94.00 Dr=81.17 MIA=60.66
  [17/96] gap=6.785714285714282 Df=94.00 Dr=81.15 MIA=60.21
  [18/96] gap=5.628126503126505 Df=92.00 Dr=81.07 MIA=58.66
  [19/96] gap=7.695466570466574 Df=96.00 Dr=80.87 MIA=60.66
  [20/96] gap=6.632816257816259 Df=94.00 Dr=80.95 MIA=59.55
  [21/96] gap=6.859788359788361 Df=96.00 Dr=80.93 MIA=58.21
  [22/96] gap=6.010642135642139 Df=92.00 Dr=81.03 MIA=59.77
  [23/96] gap=7.607924482924484 Df=96.00 Dr=81.17 MIA=60.66
  [24/96] gap=7.272546897546898 Df=94.00 Dr=81.27 MIA=61.55
  [25/96] gap=7.424783549783555 Df=96.00 Dr=80.79 MIA=59.77
  [26/96] gap=2.1049182299182334 Df=78.00 Dr=80.75 MIA=57.77
  [27/96] gap=7.855098605098604 Df=96.00 Dr=81.05 MIA=61.32
  [28/96] gap=3.5911495911495925 Df=86.00 Dr=80.95 MIA=58.43
  [29/96] gap=7.080026455026456 Df=96.00 Dr=80.93 MIA=58.88
  [30/96] gap=3.68608706108706 Df=88.00 Dr=81.11 MIA=56.88
  [31/96] gap=6.145983645983645 Df=94.00 Dr=81.07 MIA=58.21
  [32/96] gap=5.692821067821067 Df=92.00 Dr=81.21 MIA=58.88
  [33/96] gap=6.988395863395866 Df=96.00 Dr=81.31 MIA=58.66
  [34/96] gap=6.643638768638769 Df=96.00 Dr=81.17 MIA=57.77
  [35/96] gap=7.279280904280905 Df=94.00 Dr=81.29 MIA=61.55
  [36/96] gap=6.663840788840791 Df=94.00 Dr=81.23 MIA=59.77
  [37/96] gap=6.1392496392496385 Df=94.00 Dr=81.09 MIA=58.21
  [38/96] gap=6.826118326118326 Df=96.00 Dr=81.03 MIA=58.21
  [39/96] gap=7.096801346801347 Df=96.00 Dr=81.19 MIA=59.11
  [40/96] gap=7.123737373737375 Df=96.00 Dr=81.03 MIA=59.11
  [41/96] gap=6.1392496392496385 Df=94.00 Dr=81.21 MIA=58.21
  [42/96] gap=5.4658489658489655 Df=92.00 Dr=81.11 MIA=58.21
  [43/96] gap=7.2523448773448775 Df=94.00 Dr=81.09 MIA=61.55
  [44/96] gap=5.84163059163059 Df=92.00 Dr=81.09 MIA=59.32
  [45/96] gap=6.93795093795094 Df=96.00 Dr=80.91 MIA=58.43
  [46/96] gap=7.039622414622414 Df=94.00 Dr=81.05 MIA=60.88
  [47/96] gap=6.826118326118326 Df=96.00 Dr=81.03 MIA=58.21
  [48/96] gap=6.477272727272729 Df=94.00 Dr=80.97 MIA=59.11
  [49/96] gap=6.515031265031264 Df=94.00 Dr=81.23 MIA=59.32
  [50/96] gap=2.1729196729196736 Df=82.00 Dr=80.99 MIA=58.21
  [51/96] gap=7.939213564213564 Df=96.00 Dr=81.03 MIA=61.55
  [52/96] gap=5.330507455507458 Df=90.00 Dr=81.07 MIA=59.77
  [53/96] gap=7.564213564213564 Df=98.00 Dr=81.03 MIA=58.43
  [54/96] gap=4.203944203944204 Df=86.00 Dr=81.11 MIA=60.43
  [55/96] gap=7.330507455507458 Df=96.00 Dr=81.07 MIA=59.77
  [56/96] gap=5.756734006734007 Df=92.00 Dr=81.13 MIA=59.11
  [57/96] gap=6.995129870129868 Df=96.00 Dr=81.33 MIA=58.66
  [58/96] gap=9.162818662818665 Df=58.00 Dr=80.02 MIA=58.21
  [59/96] gap=7.627465127465125 Df=96.00 Dr=80.63 MIA=60.21
  [60/96] gap=5.661135161135159 Df=70.00 Dr=80.53 MIA=60.21
  [61/96] gap=7.512987012987011 Df=96.00 Dr=80.97 MIA=60.21
  [62/96] gap=2.811988936988937 Df=76.00 Dr=80.63 MIA=57.77
  [63/96] gap=7.9769721019721045 Df=96.00 Dr=81.13 MIA=61.77
  [64/96] gap=5.11369648869649 Df=88.00 Dr=80.83 MIA=60.88
  [65/96] gap=6.132515632515632 Df=94.00 Dr=81.11 MIA=58.21
  [66/96] gap=6.9951298701298725 Df=96.00 Dr=80.97 MIA=58.66
  [67/96] gap=6.663840788840791 Df=94.00 Dr=81.07 MIA=59.77
  [68/96] gap=6.301527176527178 Df=94.00 Dr=81.05 MIA=58.66
  [69/96] gap=6.288059163059164 Df=94.00 Dr=81.09 MIA=58.66
  [70/96] gap=6.288059163059164 Df=94.00 Dr=81.09 MIA=58.66
  [71/96] gap=6.8059163059163055 Df=96.00 Dr=81.09 MIA=58.21
  [72/96] gap=6.8059163059163055 Df=96.00 Dr=81.09 MIA=58.21
  [73/96] gap=6.528499278499278 Df=94.00 Dr=81.03 MIA=59.32
  [74/96] gap=4.8059163059163055 Df=90.00 Dr=81.09 MIA=58.21
  [75/96] gap=6.488095238095236 Df=94.00 Dr=81.15 MIA=59.32
  [76/96] gap=5.479316979316977 Df=90.00 Dr=81.07 MIA=60.21
  [77/96] gap=6.379689754689754 Df=94.00 Dr=81.03 MIA=58.88
  [78/96] gap=5.188431938431937 Df=90.00 Dr=81.05 MIA=59.32
  [79/96] gap=5.861832611832611 Df=94.00 Dr=81.03 MIA=57.32
  [80/96] gap=5.655062530062533 Df=92.00 Dr=80.99 MIA=58.66
  [81/96] gap=7.888768638768639 Df=98.00 Dr=80.95 MIA=59.32
  [82/96] gap=5.2718855218855225 Df=70.00 Dr=80.59 MIA=59.11
  [83/96] gap=6.521765271765271 Df=94.00 Dr=81.05 MIA=59.32
  [84/96] gap=4.22005772005772 Df=76.00 Dr=80.85 MIA=62.21
  [85/96] gap=7.0194203944203934 Df=96.00 Dr=81.11 MIA=58.88
  [86/96] gap=3.651755651755655 Df=76.00 Dr=80.77 MIA=60.43
  [87/96] gap=6.859788359788361 Df=96.00 Dr=80.93 MIA=58.21
  [88/96] gap=4.846320346320347 Df=90.00 Dr=80.97 MIA=58.21
  [89/96] gap=7.008597883597886 Df=96.00 Dr=80.93 MIA=58.66
  [90/96] gap=28.594516594516595 Df=2.00 Dr=77.94 MIA=58.43
  [91/96] gap=7.733225108225109 Df=96.00 Dr=80.97 MIA=60.88
  [92/96] gap=11.761483886483887 Df=52.00 Dr=79.78 MIA=59.77
  [93/96] gap=7.0126863876863865 Df=96.00 Dr=81.13 MIA=58.88
  [94/96] gap=9.498196248196246 Df=62.00 Dr=80.12 MIA=63.32
  [95/96] gap=8.488095238095235 Df=96.00 Dr=81.15 MIA=63.32
  [96/96] gap=3.6652236652236687 Df=74.00 Dr=80.73 MIA=58.43
final test: mmu {'msteps': 2, 'lr': 0.001, 'epochs': 5, 'head_mode': 'independent', 'weighting': 'normalised', 'max_grad_norm': 5.0}
  Df=92.00 Dr=80.63 MIA=54.73 time=5.71s KL=0.0017

salun: 0/45 candidates complete
  [1/45] gap=11.31265031265031 Df=56.00 Dr=75.07 MIA=57.71
  [2/45] gap=12.73947811447811 Df=52.00 Dr=74.81 MIA=57.73
  [3/45] gap=12.302549302549302 Df=52.00 Dr=74.10 MIA=55.71
  [4/45] gap=12.6734607984608 Df=54.00 Dr=71.90 MIA=56.62
  [5/45] gap=11.0443722943723 Df=60.00 Dr=71.70 MIA=57.54
  [6/45] gap=8.773809523809524 Df=64.00 Dr=71.15 MIA=54.18
  [7/45] gap=15.461279461279467 Df=54.00 Dr=66.77 MIA=47.86
  [8/45] gap=16.274891774891774 Df=48.00 Dr=66.97 MIA=51.21
  [9/45] gap=11.574855699855704 Df=64.00 Dr=68.91 MIA=47.38
  [10/45] gap=10.761123136123137 Df=56.00 Dr=75.17 MIA=56.16
  [11/45] gap=11.257335257335251 Df=56.00 Dr=74.81 MIA=57.29
  [12/45] gap=11.699795574795575 Df=54.00 Dr=74.14 MIA=55.95
  [13/45] gap=12.196669071669072 Df=56.00 Dr=72.22 MIA=57.52
  [14/45] gap=10.220719095719096 Df=60.00 Dr=71.29 MIA=53.05
  [15/45] gap=11.362974987974992 Df=60.00 Dr=71.62 MIA=58.41
  [16/45] gap=14.958213083213087 Df=50.00 Dr=67.62 MIA=52.52
  [17/45] gap=14.021103896103895 Df=52.00 Dr=68.61 MIA=52.34
  [18/45] gap=12.407347282347288 Df=60.00 Dr=70.16 MIA=47.62
  [19/45] gap=11.197510822510822 Df=56.00 Dr=74.97 MIA=57.27
  [20/45] gap=10.844576719576716 Df=56.00 Dr=74.71 MIA=55.95
  [21/45] gap=12.627104377104375 Df=52.00 Dr=74.02 MIA=56.61
  [22/45] gap=10.246031746031752 Df=58.00 Dr=72.48 MIA=53.93
  [23/45] gap=9.416726791726793 Df=64.00 Dr=71.92 MIA=56.88
  [24/45] gap=11.5523088023088 Df=56.00 Dr=71.03 MIA=54.39
  [25/45] gap=14.847823472823478 Df=50.00 Dr=68.16 MIA=52.30
  [26/45] gap=13.767616642616645 Df=52.00 Dr=68.08 MIA=53.62
  [27/45] gap=13.429653679653683 Df=58.00 Dr=70.97 MIA=61.96
  [28/45] gap=11.163840788840787 Df=56.00 Dr=75.07 MIA=57.27
  [29/45] gap=11.998857623857624 Df=54.00 Dr=74.57 MIA=57.27
  [30/45] gap=11.642616642616643 Df=54.00 Dr=74.08 MIA=55.71
  [31/45] gap=9.97113997113997 Df=60.00 Dr=72.67 MIA=55.29
  [32/45] gap=10.912578162578166 Df=58.00 Dr=70.95 MIA=54.39
  [33/45] gap=11.757034632034639 Df=58.00 Dr=70.97 MIA=50.77
  [34/45] gap=14.602212602212608 Df=52.00 Dr=68.20 MIA=51.00
  [35/45] gap=14.076719576719578 Df=56.00 Dr=68.71 MIA=48.07
  [36/45] gap=9.095719095719097 Df=64.00 Dr=71.29 MIA=52.43
  [37/45] gap=11.359788359788359 Df=56.00 Dr=74.93 MIA=57.71
  [38/45] gap=12.06872294372294 Df=56.00 Dr=74.61 MIA=59.52
  [39/45] gap=11.946969696969695 Df=54.00 Dr=74.06 MIA=56.61
  [40/45] gap=10.11189273689274 Df=60.00 Dr=71.80 MIA=54.84
  [41/45] gap=8.785293410293413 Df=64.00 Dr=71.78 MIA=54.84
  [42/45] gap=10.719155844155841 Df=60.00 Dr=71.33 MIA=56.20
  [43/45] gap=12.071428571428568 Df=56.00 Dr=69.15 MIA=54.07
  [44/45] gap=12.911856661856666 Df=58.00 Dr=69.74 MIA=48.54
  [45/45] gap=9.359006734006734 Df=66.00 Dr=70.95 MIA=57.73
final test: salun {'sparsity': 0.3, 'lr': 0.0001, 'epochs': 3}
  Df=68.00 Dr=75.40 MIA=53.28 time=5.58s KL=0.0018

uniclun: 0/27 candidates complete
  [1/27] gap=8.840728715728716 Df=60.00 Dr=75.58 MIA=54.80
  [2/27] gap=8.840728715728716 Df=60.00 Dr=75.58 MIA=54.80
  [3/27] gap=8.840728715728716 Df=60.00 Dr=75.58 MIA=54.80
  [4/27] gap=12.021945646945648 Df=50.00 Dr=75.35 MIA=54.12
  [5/27] gap=12.021945646945648 Df=50.00 Dr=75.35 MIA=54.12
  [6/27] gap=12.021945646945648 Df=50.00 Dr=75.35 MIA=54.12
  [7/27] gap=13.408128908128909 Df=52.00 Dr=74.14 MIA=59.07
  [8/27] gap=13.408128908128909 Df=52.00 Dr=74.14 MIA=59.07
  [9/27] gap=13.408128908128909 Df=52.00 Dr=74.14 MIA=59.07
  [10/27] gap=10.433381433381433 Df=60.00 Dr=72.57 MIA=56.57
  [11/27] gap=10.433381433381433 Df=60.00 Dr=72.57 MIA=56.57
  [12/27] gap=10.433381433381433 Df=60.00 Dr=72.57 MIA=56.57
  [13/27] gap=10.974747474747472 Df=56.00 Dr=72.73 MIA=54.36
  [14/27] gap=10.974747474747472 Df=56.00 Dr=72.73 MIA=54.36
  [15/27] gap=10.974747474747472 Df=56.00 Dr=72.73 MIA=54.36
  [16/27] gap=13.445105820105823 Df=56.00 Dr=72.26 MIA=61.30
  [17/27] gap=13.445105820105823 Df=56.00 Dr=72.26 MIA=61.30
  [18/27] gap=13.445105820105823 Df=56.00 Dr=72.26 MIA=61.30
  [19/27] gap=12.41071428571428 Df=56.00 Dr=71.15 MIA=57.09
  [20/27] gap=12.41071428571428 Df=56.00 Dr=71.15 MIA=57.09
  [21/27] gap=12.41071428571428 Df=56.00 Dr=71.15 MIA=57.09
  [22/27] gap=12.915163540163542 Df=56.00 Dr=71.96 MIA=48.30
  [23/27] gap=12.915163540163542 Df=56.00 Dr=71.96 MIA=48.30
  [24/27] gap=12.915163540163542 Df=56.00 Dr=71.96 MIA=48.30
  [25/27] gap=11.216810966810966 Df=62.00 Dr=73.39 MIA=61.75
  [26/27] gap=11.216810966810966 Df=62.00 Dr=73.39 MIA=61.75
  [27/27] gap=11.216810966810966 Df=62.00 Dr=73.39 MIA=61.75
final test: uniclun {'lr': 0.0001, 'epochs': 3, 'buffer_size': 250}
  Df=68.00 Dr=74.98 MIA=52.30 time=5.15s KL=0.0018

