training one shared source (150 epochs)
Epoch 10/150: Train Loss=0.7875, Train Acc=0.7428, Val Acc=0.6960
Epoch 20/150: Train Loss=0.3617, Train Acc=0.8778, Val Acc=0.7584
Epoch 30/150: Train Loss=0.0653, Train Acc=0.9780, Val Acc=0.7936
Epoch 40/150: Train Loss=0.0233, Train Acc=0.9931, Val Acc=0.8046
Epoch 50/150: Train Loss=0.0114, Train Acc=0.9969, Val Acc=0.8072
Epoch 60/150: Train Loss=0.0079, Train Acc=0.9982, Val Acc=0.8126
Epoch 70/150: Train Loss=0.0079, Train Acc=0.9982, Val Acc=0.8064
Early stopping at epoch 75
training same-recipe retain-only reference (150 epochs)
Epoch 10/150: Train Loss=0.8195, Train Acc=0.7320, Val Acc=0.6886
Epoch 20/150: Train Loss=0.2670, Train Acc=0.9110, Val Acc=0.7738
Epoch 30/150: Train Loss=0.0656, Train Acc=0.9788, Val Acc=0.7786
Epoch 40/150: Train Loss=0.0199, Train Acc=0.9946, Val Acc=0.7882
Epoch 50/150: Train Loss=0.0137, Train Acc=0.9966, Val Acc=0.7906
Epoch 60/150: Train Loss=0.0102, Train Acc=0.9978, Val Acc=0.7912
Epoch 70/150: Train Loss=0.0098, Train Acc=0.9976, Val Acc=0.7900
Epoch 80/150: Train Loss=0.0085, Train Acc=0.9981, Val Acc=0.7924
Epoch 90/150: Train Loss=0.0088, Train Acc=0.9983, Val Acc=0.7878
Epoch 100/150: Train Loss=0.0093, Train Acc=0.9980, Val Acc=0.7910
Early stopping at epoch 101
final test: baseline {}
  Df=100.00 Dr=80.96 MIA=65.35 time=0.00s KL=0.0131
final test: retrain {}
  Df=79.82 Dr=79.92 MIA=49.61 time=1056.01s KL=0.0000

finetune: 0/12 candidates complete
  [1/12] gap=11.94511904761905 Df=99.82 Dr=80.26 MIA=65.36
  [2/12] gap=12.11904761904762 Df=99.73 Dr=80.38 MIA=65.85
  [3/12] gap=11.75571428571429 Df=99.64 Dr=80.54 MIA=64.69
  [4/12] gap=11.78595238095238 Df=99.64 Dr=80.72 MIA=64.60
  [5/12] gap=8.347619047619048 Df=93.48 Dr=76.48 MIA=58.88
  [6/12] gap=8.126547619047622 Df=93.48 Dr=76.92 MIA=58.66
  [7/12] gap=8.717500000000006 Df=93.21 Dr=76.04 MIA=59.82
  [8/12] gap=6.69416666666667 Df=89.46 Dr=75.86 MIA=57.32
  [9/12] gap=13.155476190476188 Df=59.73 Dr=60.36 MIA=50.04
  [10/12] gap=7.844285714285718 Df=69.11 Dr=66.74 MIA=50.22
  [11/12] gap=7.6320238095238055 Df=70.09 Dr=67.60 MIA=49.02
  [12/12] gap=4.550714285714283 Df=73.66 Dr=72.96 MIA=51.12
final test: finetune {'lr': 0.0001, 'epochs': 10}
  Df=99.91 Dr=80.63 MIA=64.08 time=85.49s KL=0.0136

ssd: 0/25 candidates complete
  [1/25] gap=13.246785714285712 Df=67.41 Dr=57.72 MIA=55.71
  [2/25] gap=7.528928571428577 Df=79.20 Dr=65.32 MIA=57.95
  [3/25] gap=10.800476190476195 Df=96.88 Dr=76.80 MIA=63.17
  [4/25] gap=12.315952380952387 Df=99.91 Dr=81.06 MIA=65.58
  [5/25] gap=12.427261904761911 Df=99.91 Dr=81.26 MIA=65.71
  [6/25] gap=12.282619047619056 Df=99.91 Dr=80.96 MIA=65.58
  [7/25] gap=12.22309523809524 Df=99.91 Dr=80.96 MIA=65.40
  [8/25] gap=12.221547619047627 Df=99.91 Dr=81.00 MIA=65.36
  [9/25] gap=12.315952380952387 Df=99.91 Dr=81.06 MIA=65.58
  [10/25] gap=12.427261904761911 Df=99.91 Dr=81.26 MIA=65.71
  [11/25] gap=12.370833333333337 Df=99.91 Dr=81.18 MIA=65.62
  [12/25] gap=12.369285714285718 Df=99.91 Dr=81.22 MIA=65.58
  [13/25] gap=12.369285714285718 Df=99.91 Dr=81.22 MIA=65.58
  [14/25] gap=12.390833333333338 Df=99.91 Dr=81.24 MIA=65.62
  [15/25] gap=12.427261904761911 Df=99.91 Dr=81.26 MIA=65.71
  [16/25] gap=12.382619047619054 Df=99.91 Dr=81.26 MIA=65.58
  [17/25] gap=12.397500000000008 Df=99.91 Dr=81.26 MIA=65.62
  [18/25] gap=12.397500000000008 Df=99.91 Dr=81.26 MIA=65.62
  [19/25] gap=12.397500000000008 Df=99.91 Dr=81.26 MIA=65.62
  [20/25] gap=12.397500000000008 Df=99.91 Dr=81.26 MIA=65.62
  [21/25] gap=12.397500000000008 Df=99.91 Dr=81.26 MIA=65.62
  [22/25] gap=12.397500000000008 Df=99.91 Dr=81.26 MIA=65.62
  [23/25] gap=12.397500000000008 Df=99.91 Dr=81.26 MIA=65.62
  [24/25] gap=12.397500000000008 Df=99.91 Dr=81.26 MIA=65.62
  [25/25] gap=12.397500000000008 Df=99.91 Dr=81.26 MIA=65.62
final test: ssd {'alpha': 1.0, 'dampening_constant': 10.0}
  Df=100.00 Dr=80.95 MIA=64.65 time=9.27s KL=0.0124

badteacher: 0/36 candidates complete
  [1/36] gap=12.04928571428571 Df=99.82 Dr=80.26 MIA=65.67
  [2/36] gap=10.023571428571431 Df=73.30 Dr=61.72 MIA=55.94
  [3/36] gap=19.62297619047619 Df=57.23 Dr=47.52 MIA=54.46
  [4/36] gap=9.019047619047619 Df=93.75 Dr=75.18 MIA=59.33
  [5/36] gap=14.762619047619053 Df=63.30 Dr=55.36 MIA=53.79
  [6/36] gap=12.65297619047619 Df=70.62 Dr=57.18 MIA=56.61
  [7/36] gap=6.5763095238095275 Df=83.04 Dr=69.16 MIA=56.70
  [8/36] gap=16.210952380952385 Df=60.36 Dr=54.14 MIA=53.97
  [9/36] gap=9.613690476190476 Df=87.32 Dr=67.28 MIA=59.64
  [10/36] gap=9.753214285714288 Df=72.77 Dr=62.04 MIA=54.91
  [11/36] gap=17.591309523809525 Df=58.13 Dr=51.74 MIA=53.48
  [12/36] gap=10.792619047619048 Df=95.27 Dr=73.52 MIA=61.47
  [13/36] gap=11.326904761904762 Df=99.29 Dr=79.06 MIA=64.60
  [14/36] gap=11.270714285714284 Df=70.71 Dr=60.30 MIA=55.67
  [15/36] gap=7.920833333333332 Df=81.34 Dr=64.68 MIA=57.95
  [16/36] gap=6.349642857142858 Df=83.21 Dr=69.84 MIA=56.52
  [17/36] gap=11.45595238095238 Df=70.00 Dr=60.28 MIA=55.49
  [18/36] gap=10.96333333333334 Df=96.16 Dr=75.24 MIA=62.81
  [19/36] gap=7.743928571428579 Df=76.16 Dr=65.30 MIA=55.54
  [20/36] gap=10.151309523809521 Df=73.57 Dr=61.56 MIA=56.43
  [21/36] gap=10.687499999999995 Df=96.96 Dr=76.38 MIA=62.32
  [22/36] gap=9.393095238095247 Df=73.30 Dr=62.54 MIA=54.87
  [23/36] gap=8.612261904761906 Df=86.16 Dr=68.32 MIA=58.84
  [24/36] gap=10.845595238095235 Df=97.86 Dr=76.62 MIA=62.14
  [25/36] gap=10.895119047619048 Df=98.48 Dr=77.90 MIA=62.95
  [26/36] gap=8.31416666666667 Df=88.12 Dr=71.00 MIA=58.66
  [27/36] gap=10.765833333333338 Df=96.43 Dr=75.52 MIA=62.23
  [28/36] gap=8.333452380952382 Df=89.46 Dr=72.46 MIA=58.84
  [29/36] gap=10.550833333333342 Df=96.34 Dr=75.54 MIA=61.70
  [30/36] gap=10.501904761904763 Df=97.41 Dr=77.16 MIA=62.10
  [31/36] gap=7.790357142857142 Df=88.39 Dr=71.50 MIA=57.32
  [32/36] gap=11.451309523809522 Df=98.75 Dr=77.66 MIA=64.11
  [33/36] gap=10.476666666666667 Df=97.05 Dr=76.70 MIA=61.92
  [34/36] gap=8.643452380952384 Df=91.43 Dr=72.78 MIA=58.13
  [35/36] gap=11.382738095238096 Df=99.02 Dr=78.58 MIA=64.55
  [36/36] gap=10.456071428571434 Df=96.79 Dr=76.36 MIA=61.79
final test: badteacher {'temperature': 4.0, 'epochs': 1, 'lr': 0.0001}
  Df=98.16 Dr=78.49 MIA=63.16 time=2.38s KL=0.0131

unsir: 0/36 candidates complete
  [1/36] gap=11.350833333333336 Df=99.20 Dr=78.14 MIA=63.84
  [2/36] gap=11.210952380952383 Df=99.38 Dr=79.14 MIA=64.24
  [3/36] gap=10.207500000000001 Df=95.62 Dr=75.32 MIA=61.16
  [4/36] gap=10.387976190476188 Df=97.59 Dr=77.10 MIA=61.52
  [5/36] gap=6.699642857142855 Df=81.88 Dr=67.54 MIA=56.61
  [6/36] gap=8.365714285714288 Df=89.73 Dr=72.14 MIA=58.35
  [7/36] gap=11.025595238095235 Df=99.11 Dr=78.58 MIA=63.39
  [8/36] gap=11.215595238095247 Df=99.55 Dr=79.26 MIA=64.20
  [9/36] gap=10.25595238095238 Df=96.43 Dr=76.38 MIA=61.56
  [10/36] gap=11.010119047619048 Df=99.11 Dr=78.18 MIA=62.95
  [11/36] gap=7.232499999999997 Df=83.57 Dr=68.62 MIA=57.59
  [12/36] gap=8.514880952380956 Df=91.70 Dr=73.88 MIA=58.57
  [13/36] gap=11.355000000000004 Df=99.46 Dr=78.44 MIA=63.88
  [14/36] gap=11.205357142857144 Df=99.73 Dr=79.38 MIA=64.11
  [15/36] gap=10.430476190476192 Df=97.05 Dr=76.66 MIA=61.74
  [16/36] gap=11.201428571428579 Df=99.02 Dr=77.74 MIA=63.17
  [17/36] gap=7.7997619047618985 Df=85.80 Dr=69.82 MIA=58.26
  [18/36] gap=9.164166666666668 Df=92.77 Dr=74.70 MIA=60.27
  [19/36] gap=11.157380952380956 Df=99.11 Dr=78.14 MIA=63.35
  [20/36] gap=10.83321428571429 Df=98.84 Dr=78.80 MIA=63.30
  [21/36] gap=10.425595238095246 Df=95.89 Dr=75.38 MIA=61.61
  [22/36] gap=10.798571428571428 Df=98.21 Dr=77.52 MIA=62.54
  [23/36] gap=6.944880952380951 Df=84.55 Dr=69.84 MIA=56.96
  [24/36] gap=8.850000000000001 Df=91.96 Dr=74.08 MIA=59.51
  [25/36] gap=11.28154761904762 Df=99.20 Dr=78.08 MIA=63.57
  [26/36] gap=11.19714285714286 Df=99.55 Dr=79.36 MIA=64.24
  [27/36] gap=10.341666666666669 Df=96.34 Dr=76.48 MIA=62.01
  [28/36] gap=10.851904761904763 Df=98.48 Dr=77.36 MIA=62.28
  [29/36] gap=7.115000000000002 Df=85.45 Dr=71.16 MIA=57.90
  [30/36] gap=9.280119047619046 Df=93.39 Dr=74.62 MIA=59.91
  [31/36] gap=11.000952380952386 Df=99.29 Dr=78.52 MIA=63.08
  [32/36] gap=11.326428571428574 Df=99.55 Dr=79.24 MIA=64.51
  [33/36] gap=10.281190476190476 Df=96.79 Dr=76.84 MIA=61.74
  [34/36] gap=10.835714285714289 Df=98.66 Dr=78.48 MIA=63.17
  [35/36] gap=7.551309523809522 Df=87.14 Dr=71.86 MIA=58.21
  [36/36] gap=9.588690476190479 Df=94.38 Dr=75.48 MIA=60.71
final test: unsir {'impair_epochs': 2, 'repair_epochs': 1, 'impair_lr': 0.01, 'repair_lr': 0.01}
  Df=98.07 Dr=77.77 MIA=62.19 time=7.55s KL=0.0125

scrub: 0/24 candidates complete
  [1/24] gap=12.556071428571434 Df=99.82 Dr=81.20 MIA=66.25
  [2/24] gap=12.590476190476195 Df=99.91 Dr=81.08 MIA=66.38
  [3/24] gap=12.245714285714294 Df=99.82 Dr=80.76 MIA=65.76
  [4/24] gap=12.474523809523816 Df=99.91 Dr=81.00 MIA=66.12
  [5/24] gap=12.069761904761913 Df=99.73 Dr=80.50 MIA=65.58
  [6/24] gap=12.177976190476196 Df=99.91 Dr=80.78 MIA=65.45
  [7/24] gap=11.592619047619053 Df=99.73 Dr=80.14 MIA=64.51
  [8/24] gap=11.786547619047624 Df=99.82 Dr=80.32 MIA=64.82
  [9/24] gap=12.50071428571429 Df=99.82 Dr=80.90 MIA=66.38
  [10/24] gap=12.411428571428578 Df=99.82 Dr=80.90 MIA=66.12
  [11/24] gap=12.204166666666666 Df=99.82 Dr=80.68 MIA=65.71
  [12/24] gap=12.323690476190478 Df=99.82 Dr=80.86 MIA=65.89
  [13/24] gap=12.066190476190485 Df=99.82 Dr=80.40 MIA=65.58
  [14/24] gap=12.314523809523815 Df=99.82 Dr=80.52 MIA=66.21
  [15/24] gap=10.75428571428572 Df=99.38 Dr=79.50 MIA=62.99
  [16/24] gap=11.441309523809531 Df=99.64 Dr=79.82 MIA=64.46
  [17/24] gap=12.567380952380958 Df=99.82 Dr=81.10 MIA=66.38
  [18/24] gap=12.539166666666674 Df=99.91 Dr=81.06 MIA=66.25
  [19/24] gap=12.43916666666667 Df=99.82 Dr=80.76 MIA=66.34
  [20/24] gap=12.517142857142863 Df=99.91 Dr=80.86 MIA=66.38
  [21/24] gap=11.7054761904762 Df=99.73 Dr=80.30 MIA=64.69
  [22/24] gap=12.119047619047626 Df=99.91 Dr=80.38 MIA=65.67
  [23/24] gap=10.115833333333336 Df=98.48 Dr=78.72 MIA=61.43
  [24/24] gap=10.907142857142865 Df=99.29 Dr=79.78 MIA=63.26
final test: scrub {'msteps': 3, 'lr': 0.005, 'epochs': 5, 'max_grad_norm': 5.0}
  Df=98.86 Dr=79.60 MIA=60.92 time=8.22s KL=0.0105

mmu: 0/96 candidates complete
  [1/96] gap=12.557142857142859 Df=99.82 Dr=80.98 MIA=66.47
  [2/96] gap=12.306785714285718 Df=99.82 Dr=80.72 MIA=65.98
  [3/96] gap=12.519166666666669 Df=99.82 Dr=81.00 MIA=66.34
  [4/96] gap=12.475595238095243 Df=99.82 Dr=80.78 MIA=66.43
  [5/96] gap=12.539166666666668 Df=99.82 Dr=81.06 MIA=66.34
  [6/96] gap=12.407857142857154 Df=99.73 Dr=80.80 MIA=66.29
  [7/96] gap=12.47607142857143 Df=99.82 Dr=80.96 MIA=66.25
  [8/96] gap=12.389880952380954 Df=99.82 Dr=80.88 MIA=66.07
  [9/96] gap=12.430357142857142 Df=99.82 Dr=81.18 MIA=65.89
  [10/96] gap=12.346785714285721 Df=99.82 Dr=80.84 MIA=65.98
  [11/96] gap=12.215952380952382 Df=99.82 Dr=80.76 MIA=65.67
  [12/96] gap=12.436071428571433 Df=99.82 Dr=80.84 MIA=66.25
  [13/96] gap=12.387261904761909 Df=99.82 Dr=81.14 MIA=65.80
  [14/96] gap=12.439642857142866 Df=99.73 Dr=80.94 MIA=66.25
  [15/96] gap=12.370357142857145 Df=99.82 Dr=81.00 MIA=65.89
  [16/96] gap=12.438095238095238 Df=99.82 Dr=80.98 MIA=66.12
  [17/96] gap=12.199999999999998 Df=99.73 Dr=80.98 MIA=65.49
  [18/96] gap=12.171309523809532 Df=99.91 Dr=80.76 MIA=65.45
  [19/96] gap=12.321666666666673 Df=99.73 Dr=80.72 MIA=66.12
  [20/96] gap=12.208809523809526 Df=99.82 Dr=80.56 MIA=65.85
  [21/96] gap=12.545833333333334 Df=99.82 Dr=81.08 MIA=66.34
  [22/96] gap=12.262619047619054 Df=99.73 Dr=80.90 MIA=65.76
  [23/96] gap=12.288809523809528 Df=99.82 Dr=80.80 MIA=65.85
  [24/96] gap=12.49607142857144 Df=99.82 Dr=81.02 MIA=66.25
  [25/96] gap=11.586428571428579 Df=99.64 Dr=80.30 MIA=64.42
  [26/96] gap=10.21904761904762 Df=97.14 Dr=76.58 MIA=60.94
  [27/96] gap=11.388452380952382 Df=99.64 Dr=79.84 MIA=64.29
  [28/96] gap=10.446428571428564 Df=97.41 Dr=76.88 MIA=61.65
  [29/96] gap=11.73309523809524 Df=99.73 Dr=80.74 MIA=64.33
  [30/96] gap=11.136547619047628 Df=99.55 Dr=79.62 MIA=63.84
  [31/96] gap=11.861428571428576 Df=99.82 Dr=80.50 MIA=64.87
  [32/96] gap=11.719880952380962 Df=99.91 Dr=80.12 MIA=64.73
  [33/96] gap=12.55761904761905 Df=99.91 Dr=81.16 MIA=66.21
  [34/96] gap=12.426309523809527 Df=99.82 Dr=80.90 MIA=66.16
  [35/96] gap=12.559166666666675 Df=99.91 Dr=81.12 MIA=66.25
  [36/96] gap=12.479642857142858 Df=99.82 Dr=81.06 MIA=66.16
  [37/96] gap=12.492500000000007 Df=99.91 Dr=80.92 MIA=66.25
  [38/96] gap=12.407857142857154 Df=99.82 Dr=80.80 MIA=66.21
  [39/96] gap=12.42678571428572 Df=99.91 Dr=81.08 MIA=65.89
  [40/96] gap=12.424285714285721 Df=99.91 Dr=80.76 MIA=66.21
  [41/96] gap=12.36833333333334 Df=99.91 Dr=80.86 MIA=65.94
  [42/96] gap=12.39964285714286 Df=99.82 Dr=80.82 MIA=66.16
  [43/96] gap=12.19285714285715 Df=99.82 Dr=80.78 MIA=65.58
  [44/96] gap=12.388333333333335 Df=99.82 Dr=80.92 MIA=66.03
  [45/96] gap=12.201547619047622 Df=99.82 Dr=80.94 MIA=65.45
  [46/96] gap=12.122619047619049 Df=99.82 Dr=80.48 MIA=65.67
  [47/96] gap=12.419642857142861 Df=99.91 Dr=80.88 MIA=66.07
  [48/96] gap=12.399166666666673 Df=99.91 Dr=80.64 MIA=66.25
  [49/96] gap=12.16928571428572 Df=99.73 Dr=80.62 MIA=65.76
  [50/96] gap=11.283809523809529 Df=99.38 Dr=79.66 MIA=64.42
  [51/96] gap=11.95071428571429 Df=99.73 Dr=80.50 MIA=65.22
  [52/96] gap=11.57571428571429 Df=99.64 Dr=80.00 MIA=64.69
  [53/96] gap=12.201071428571433 Df=99.73 Dr=80.76 MIA=65.71
  [54/96] gap=12.052261904761915 Df=99.91 Dr=80.76 MIA=65.09
  [55/96] gap=12.078452380952385 Df=99.91 Dr=80.66 MIA=65.27
  [56/96] gap=12.171309523809532 Df=99.91 Dr=80.76 MIA=65.45
  [57/96] gap=10.784523809523817 Df=99.02 Dr=79.68 MIA=63.26
  [58/96] gap=28.705 Df=39.02 Dr=35.14 MIA=51.12
  [59/96] gap=10.346309523809525 Df=98.57 Dr=79.10 MIA=62.41
  [60/96] gap=22.058928571428577 Df=49.91 Dr=45.48 MIA=52.41
  [61/96] gap=11.530476190476199 Df=99.55 Dr=80.40 MIA=64.24
  [62/96] gap=10.674166666666666 Df=98.93 Dr=78.92 MIA=62.86
  [63/96] gap=11.090833333333341 Df=99.46 Dr=79.84 MIA=63.57
  [64/96] gap=10.989285714285721 Df=99.46 Dr=79.18 MIA=63.53
  [65/96] gap=12.5402380952381 Df=99.82 Dr=80.84 MIA=66.56
  [66/96] gap=12.355000000000004 Df=99.82 Dr=80.82 MIA=66.03
  [67/96] gap=12.418571428571434 Df=99.82 Dr=81.10 MIA=65.94
  [68/96] gap=12.396547619047624 Df=99.82 Dr=80.90 MIA=66.07
  [69/96] gap=12.605833333333342 Df=99.91 Dr=81.26 MIA=66.25
  [70/96] gap=12.466309523809528 Df=99.82 Dr=81.02 MIA=66.16
  [71/96] gap=12.380119047619052 Df=99.82 Dr=80.94 MIA=65.98
  [72/96] gap=12.2477380952381 Df=99.82 Dr=80.90 MIA=65.62
  [73/96] gap=12.286785714285719 Df=100.00 Dr=80.66 MIA=65.80
  [74/96] gap=10.853214285714293 Df=98.57 Dr=78.74 MIA=63.57
  [75/96] gap=12.351904761904768 Df=99.82 Dr=80.90 MIA=65.94
  [76/96] gap=10.975357142857144 Df=99.02 Dr=78.82 MIA=63.57
  [77/96] gap=12.404761904761912 Df=99.91 Dr=80.88 MIA=66.03
  [78/96] gap=12.340595238095242 Df=99.82 Dr=81.00 MIA=65.80
  [79/96] gap=12.244166666666672 Df=99.82 Dr=80.80 MIA=65.71
  [80/96] gap=12.224166666666667 Df=99.82 Dr=80.74 MIA=65.71
  [81/96] gap=12.020476190476197 Df=99.73 Dr=80.62 MIA=65.31
  [82/96] gap=8.527857142857142 Df=73.75 Dr=64.60 MIA=54.78
  [83/96] gap=11.987142857142862 Df=99.91 Dr=80.52 MIA=65.13
  [84/96] gap=7.352976190476194 Df=77.32 Dr=65.58 MIA=55.80
  [85/96] gap=12.086666666666668 Df=99.82 Dr=80.64 MIA=65.40
  [86/96] gap=11.797857142857145 Df=100.00 Dr=80.22 MIA=64.78
  [87/96] gap=12.297023809523816 Df=99.91 Dr=80.78 MIA=65.80
  [88/96] gap=11.877857142857144 Df=99.82 Dr=80.46 MIA=64.96
  [89/96] gap=10.00345238095238 Df=97.59 Dr=78.70 MIA=61.96
  [90/96] gap=49.83440476190476 Df=4.91 Dr=5.10 MIA=50.36
  [91/96] gap=9.795357142857144 Df=96.52 Dr=77.36 MIA=61.07
  [92/96] gap=46.7872619047619 Df=9.82 Dr=9.42 MIA=50.00
  [93/96] gap=11.1852380952381 Df=99.38 Dr=79.90 MIA=63.88
  [94/96] gap=48.528809523809535 Df=7.05 Dr=6.74 MIA=50.22
  [95/96] gap=10.643928571428576 Df=99.02 Dr=79.66 MIA=62.86
  [96/96] gap=42.4677380952381 Df=14.82 Dr=17.20 MIA=50.27
final test: mmu {'msteps': 3, 'lr': 0.005, 'epochs': 5, 'head_mode': 'independent', 'weighting': 'mrl', 'max_grad_norm': 5.0}
  Df=98.86 Dr=79.17 MIA=61.62 time=9.14s KL=0.0106

salun: 0/45 candidates complete
  [1/45] gap=6.040952380952376 Df=80.89 Dr=68.40 MIA=56.47
  [2/45] gap=9.220714285714282 Df=73.84 Dr=62.70 MIA=55.04
  [3/45] gap=11.879642857142855 Df=68.21 Dr=59.50 MIA=54.20
  [4/45] gap=15.488571428571431 Df=60.62 Dr=54.70 MIA=52.63
  [5/45] gap=17.475833333333334 Df=59.29 Dr=51.64 MIA=54.20
  [6/45] gap=16.441190476190474 Df=61.25 Dr=53.36 MIA=54.78
  [7/45] gap=9.461666666666671 Df=78.12 Dr=61.62 MIA=58.97
  [8/45] gap=9.141785714285719 Df=87.41 Dr=68.16 MIA=59.02
  [9/45] gap=9.092499999999996 Df=91.79 Dr=73.04 MIA=59.38
  [10/45] gap=6.785476190476193 Df=82.32 Dr=68.22 MIA=57.10
  [11/45] gap=9.091428571428567 Df=74.02 Dr=62.82 MIA=54.96
  [12/45] gap=11.564047619047622 Df=69.20 Dr=59.42 MIA=54.15
  [13/45] gap=16.143214285714283 Df=60.45 Dr=54.12 MIA=53.84
  [14/45] gap=17.674285714285716 Df=59.02 Dr=51.00 MIA=53.88
  [15/45] gap=16.219523809523807 Df=62.05 Dr=53.40 MIA=54.96
  [16/45] gap=8.177738095238093 Df=79.82 Dr=63.82 MIA=59.02
  [17/45] gap=9.28511904761905 Df=88.21 Dr=68.98 MIA=59.46
  [18/45] gap=9.734523809523813 Df=93.66 Dr=73.48 MIA=59.87
  [19/45] gap=6.237976190476187 Df=81.52 Dr=68.30 MIA=56.34
  [20/45] gap=9.47261904761905 Df=73.04 Dr=62.48 MIA=54.78
  [21/45] gap=12.092023809523809 Df=67.77 Dr=59.22 MIA=54.11
  [22/45] gap=15.699523809523813 Df=60.89 Dr=54.96 MIA=53.79
  [23/45] gap=17.236190476190476 Df=59.55 Dr=51.60 MIA=53.71
  [24/45] gap=16.36261904761905 Df=61.79 Dr=53.06 MIA=54.78
  [25/45] gap=8.350357142857144 Df=81.96 Dr=64.82 MIA=58.75
  [26/45] gap=9.3525 Df=89.38 Dr=69.76 MIA=59.29
  [27/45] gap=9.728809523809522 Df=93.57 Dr=73.14 MIA=59.60
  [28/45] gap=6.180476190476192 Df=81.88 Dr=68.16 MIA=55.67
  [29/45] gap=9.005714285714284 Df=74.02 Dr=62.72 MIA=54.60
  [30/45] gap=11.62047619047619 Df=69.11 Dr=59.34 MIA=54.15
  [31/45] gap=16.65511904761905 Df=59.91 Dr=53.12 MIA=53.84
  [32/45] gap=18.104285714285712 Df=57.95 Dr=50.96 MIA=54.06
  [33/45] gap=16.04988095238095 Df=62.23 Dr=54.40 MIA=55.62
  [34/45] gap=8.539880952380953 Df=77.50 Dr=63.18 MIA=57.14
  [35/45] gap=8.405238095238099 Df=87.23 Dr=69.70 MIA=58.53
  [36/45] gap=8.05321428571429 Df=87.23 Dr=69.64 MIA=57.41
  [37/45] gap=5.9792857142857185 Df=80.45 Dr=67.96 MIA=56.29
  [38/45] gap=9.55369047619048 Df=73.04 Dr=62.46 MIA=55.00
  [39/45] gap=12.170000000000003 Df=67.95 Dr=59.12 MIA=54.42
  [40/45] gap=15.343928571428568 Df=61.79 Dr=55.00 MIA=53.66
  [41/45] gap=17.042261904761904 Df=60.18 Dr=51.78 MIA=53.93
  [42/45] gap=15.862976190476195 Df=63.21 Dr=53.80 MIA=55.45
  [43/45] gap=7.946428571428569 Df=78.48 Dr=64.38 MIA=57.54
  [44/45] gap=9.356190476190475 Df=90.09 Dr=70.24 MIA=59.06
  [45/45] gap=9.424047619047625 Df=92.77 Dr=73.34 MIA=59.69
final test: salun {'sparsity': 0.3, 'lr': 0.01, 'epochs': 10}
  Df=95.00 Dr=74.18 MIA=59.78 time=20.97s KL=0.0108

uniclun: 0/27 candidates complete
  [1/27] gap=6.370833333333333 Df=81.52 Dr=68.08 MIA=56.52
  [2/27] gap=6.370833333333333 Df=81.52 Dr=68.08 MIA=56.52
  [3/27] gap=6.370833333333333 Df=81.52 Dr=68.08 MIA=56.52
  [4/27] gap=8.684642857142853 Df=74.73 Dr=63.46 MIA=55.09
  [5/27] gap=8.684642857142853 Df=74.73 Dr=63.46 MIA=55.09
  [6/27] gap=8.684642857142853 Df=74.73 Dr=63.46 MIA=55.09
  [7/27] gap=11.762023809523809 Df=68.21 Dr=58.96 MIA=53.30
  [8/27] gap=11.762023809523809 Df=68.21 Dr=58.96 MIA=53.30
  [9/27] gap=11.762023809523809 Df=68.21 Dr=58.96 MIA=53.30
  [10/27] gap=16.45964285714286 Df=60.18 Dr=53.26 MIA=53.66
  [11/27] gap=16.45964285714286 Df=60.18 Dr=53.26 MIA=53.66
  [12/27] gap=16.45964285714286 Df=60.18 Dr=53.26 MIA=53.66
  [13/27] gap=17.218333333333337 Df=58.30 Dr=52.10 MIA=52.90
  [14/27] gap=17.218333333333337 Df=58.30 Dr=52.10 MIA=52.90
  [15/27] gap=17.218333333333337 Df=58.30 Dr=52.10 MIA=52.90
  [16/27] gap=14.774880952380952 Df=63.57 Dr=55.10 MIA=53.84
  [17/27] gap=14.774880952380952 Df=63.57 Dr=55.10 MIA=53.84
  [18/27] gap=14.774880952380952 Df=63.57 Dr=55.10 MIA=53.84
  [19/27] gap=10.006904761904766 Df=88.30 Dr=68.02 MIA=60.58
  [20/27] gap=10.006904761904766 Df=88.30 Dr=68.02 MIA=60.58
  [21/27] gap=10.006904761904766 Df=88.30 Dr=68.02 MIA=60.58
  [22/27] gap=10.389523809523814 Df=93.48 Dr=72.14 MIA=60.67
  [23/27] gap=10.389523809523814 Df=93.48 Dr=72.14 MIA=60.67
  [24/27] gap=10.389523809523814 Df=93.48 Dr=72.14 MIA=60.67
  [25/27] gap=10.449523809523805 Df=95.27 Dr=74.46 MIA=61.38
  [26/27] gap=10.449523809523805 Df=95.27 Dr=74.46 MIA=61.38
  [27/27] gap=10.449523809523805 Df=95.27 Dr=74.46 MIA=61.38
final test: uniclun {'lr': 0.01, 'epochs': 10, 'buffer_size': 250}
  Df=96.05 Dr=75.11 MIA=60.88 time=21.64s KL=0.0132

