training one shared source (150 epochs)
Epoch 10/150: Train Loss=0.7720, Train Acc=0.7459, Val Acc=0.6872
Epoch 20/150: Train Loss=0.3457, Train Acc=0.8825, Val Acc=0.7542
Epoch 30/150: Train Loss=0.0640, Train Acc=0.9795, Val Acc=0.7932
Epoch 40/150: Train Loss=0.0211, Train Acc=0.9937, Val Acc=0.7984
Epoch 50/150: Train Loss=0.0112, Train Acc=0.9967, Val Acc=0.8022
Epoch 60/150: Train Loss=0.0085, Train Acc=0.9976, Val Acc=0.8024
Epoch 70/150: Train Loss=0.0080, Train Acc=0.9980, Val Acc=0.8046
Early stopping at epoch 73
training same-recipe retain-only reference (150 epochs)
Epoch 10/150: Train Loss=0.8004, Train Acc=0.7394, Val Acc=0.6962
Epoch 20/150: Train Loss=0.3695, Train Acc=0.8756, Val Acc=0.7446
Epoch 30/150: Train Loss=0.0635, Train Acc=0.9799, Val Acc=0.7929
Epoch 40/150: Train Loss=0.0224, Train Acc=0.9941, Val Acc=0.7964
Epoch 50/150: Train Loss=0.0132, Train Acc=0.9963, Val Acc=0.8020
Epoch 60/150: Train Loss=0.0111, Train Acc=0.9972, Val Acc=0.7982
Early stopping at epoch 62
final test: baseline {}
  Df=95.00 Dr=80.57 MIA=53.23 time=0.00s KL=0.0024
final test: retrain {}
  Df=89.00 Dr=80.62 MIA=47.07 time=660.51s KL=0.0000

finetune: 0/12 candidates complete
  [1/12] gap=6.2711038961038925 Df=94.00 Dr=79.82 MIA=55.09
  [2/12] gap=6.388888888888886 Df=94.00 Dr=79.70 MIA=55.32
  [3/12] gap=6.0602453102453095 Df=94.00 Dr=79.58 MIA=54.21
  [4/12] gap=7.427248677248677 Df=94.00 Dr=79.47 MIA=58.21
  [5/12] gap=8.25156325156325 Df=94.00 Dr=76.32 MIA=57.54
  [6/12] gap=4.594576719576722 Df=90.00 Dr=75.92 MIA=50.16
  [7/12] gap=3.649651274651274 Df=90.00 Dr=77.11 MIA=48.52
  [8/12] gap=3.8311087061087057 Df=88.00 Dr=75.96 MIA=49.91
  [9/12] gap=9.268037518037517 Df=92.00 Dr=60.67 MIA=46.93
  [10/12] gap=8.170394420394421 Df=92.00 Dr=65.96 MIA=48.93
  [11/12] gap=9.56782106782107 Df=98.00 Dr=70.30 MIA=51.46
  [12/12] gap=4.373015873015871 Df=80.00 Dr=73.03 MIA=45.04
final test: finetune {'lr': 0.0001, 'epochs': 1}
  Df=97.00 Dr=80.03 MIA=52.69 time=8.67s KL=0.0024

ssd: 0/25 candidates complete
  [1/25] gap=10.701960076960077 Df=62.00 Dr=76.99 MIA=53.55
  [2/25] gap=6.0218253968253945 Df=76.00 Dr=79.03 MIA=55.55
  [3/25] gap=4.385461760461759 Df=82.00 Dr=79.94 MIA=57.55
  [4/25] gap=6.464285714285715 Df=94.00 Dr=80.36 MIA=56.21
  [5/25] gap=6.846801346801347 Df=94.00 Dr=80.32 MIA=57.32
  [6/25] gap=7.702681577681584 Df=94.00 Dr=80.20 MIA=59.77
  [7/25] gap=7.7094155844155905 Df=94.00 Dr=80.18 MIA=59.77
  [8/25] gap=7.68921356421357 Df=94.00 Dr=80.24 MIA=59.77
  [9/25] gap=6.464285714285715 Df=94.00 Dr=80.36 MIA=56.21
  [10/25] gap=6.846801346801347 Df=94.00 Dr=80.32 MIA=57.32
  [11/25] gap=6.640031265031266 Df=94.00 Dr=80.28 MIA=56.66
  [12/25] gap=6.640031265031266 Df=94.00 Dr=80.28 MIA=56.66
  [13/25] gap=6.640031265031266 Df=94.00 Dr=80.28 MIA=56.66
  [14/25] gap=6.484487734487736 Df=94.00 Dr=80.30 MIA=56.21
  [15/25] gap=6.846801346801347 Df=94.00 Dr=80.32 MIA=57.32
  [16/25] gap=6.471019721019722 Df=94.00 Dr=80.34 MIA=56.21
  [17/25] gap=6.471019721019722 Df=94.00 Dr=80.34 MIA=56.21
  [18/25] gap=6.471019721019722 Df=94.00 Dr=80.34 MIA=56.21
  [19/25] gap=6.471019721019722 Df=94.00 Dr=80.34 MIA=56.21
  [20/25] gap=6.471019721019722 Df=94.00 Dr=80.34 MIA=56.21
  [21/25] gap=6.464285714285715 Df=94.00 Dr=80.36 MIA=56.21
  [22/25] gap=6.464285714285715 Df=94.00 Dr=80.36 MIA=56.21
  [23/25] gap=6.464285714285715 Df=94.00 Dr=80.36 MIA=56.21
  [24/25] gap=6.464285714285715 Df=94.00 Dr=80.36 MIA=56.21
  [25/25] gap=6.464285714285715 Df=94.00 Dr=80.36 MIA=56.21
final test: ssd {'alpha': 1.0, 'dampening_constant': 1.0}
  Df=95.00 Dr=80.58 MIA=53.23 time=9.87s KL=0.0024

badteacher: 0/36 candidates complete
  [1/36] gap=12.023328523328521 Df=54.00 Dr=76.22 MIA=48.75
  [2/36] gap=22.728715728715727 Df=22.00 Dr=74.61 MIA=47.25
  [3/36] gap=25.10942760942761 Df=16.00 Dr=73.54 MIA=47.32
  [4/36] gap=16.30242905242905 Df=40.00 Dr=75.78 MIA=46.50
  [5/36] gap=25.148448773448774 Df=16.00 Dr=73.76 MIA=45.98
  [6/36] gap=25.85954785954786 Df=14.00 Dr=75.07 MIA=49.11
  [7/36] gap=19.94805194805195 Df=30.00 Dr=75.09 MIA=47.39
  [8/36] gap=26.076719576719572 Df=16.00 Dr=73.92 MIA=50.61
  [9/36] gap=26.040163540163537 Df=16.00 Dr=75.17 MIA=51.75
  [10/36] gap=22.74657287157287 Df=26.00 Dr=74.61 MIA=42.34
  [11/36] gap=24.95316257816258 Df=16.00 Dr=74.34 MIA=45.98
  [12/36] gap=23.212662337662334 Df=20.00 Dr=75.64 MIA=47.73
  [13/36] gap=13.484307359307358 Df=48.00 Dr=76.00 MIA=46.73
  [14/36] gap=27.82521645021645 Df=18.00 Dr=74.73 MIA=58.66
  [15/36] gap=25.17267917267917 Df=16.00 Dr=75.13 MIA=49.11
  [16/36] gap=18.4767316017316 Df=34.00 Dr=75.27 MIA=46.48
  [17/36] gap=23.510040885040883 Df=22.00 Dr=74.57 MIA=49.55
  [18/36] gap=22.5767797017797 Df=22.00 Dr=76.69 MIA=48.88
  [19/36] gap=21.387265512265515 Df=26.00 Dr=74.97 MIA=47.59
  [20/36] gap=21.108766233766236 Df=26.00 Dr=75.09 MIA=46.88
  [21/36] gap=20.487373737373733 Df=28.00 Dr=77.15 MIA=49.07
  [22/36] gap=26.40434102934103 Df=22.00 Dr=74.99 MIA=58.66
  [23/36] gap=21.61429773929774 Df=24.00 Dr=75.72 MIA=46.62
  [24/36] gap=22.79160654160654 Df=24.00 Dr=77.60 MIA=41.21
  [25/36] gap=14.623436748436747 Df=46.00 Dr=76.40 MIA=48.73
  [26/36] gap=26.22991822991823 Df=20.00 Dr=75.96 MIA=57.11
  [27/36] gap=22.323532948532954 Df=30.00 Dr=77.23 MIA=56.66
  [28/36] gap=18.536014911014906 Df=36.00 Dr=76.20 MIA=50.27
  [29/36] gap=20.156505531505527 Df=38.00 Dr=76.63 MIA=57.55
  [30/36] gap=21.188371813371816 Df=30.00 Dr=77.49 MIA=53.52
  [31/36] gap=19.473665223665222 Df=30.00 Dr=76.12 MIA=47.00
  [32/36] gap=18.76400913900914 Df=36.00 Dr=77.23 MIA=51.98
  [33/36] gap=23.100709475709476 Df=24.00 Dr=78.22 MIA=53.98
  [34/36] gap=23.702681577681574 Df=28.00 Dr=76.20 MIA=57.77
  [35/36] gap=21.657527657527652 Df=32.00 Dr=77.68 MIA=57.11
  [36/36] gap=24.16480278980279 Df=20.00 Dr=78.57 MIA=40.12
final test: badteacher {'temperature': 4.0, 'epochs': 10, 'lr': 0.01}
  Df=27.00 Dr=79.41 MIA=56.69 time=21.36s KL=0.0024

unsir: 0/36 candidates complete
  [1/36] gap=10.551166426166427 Df=100.00 Dr=77.66 MIA=59.77
  [2/36] gap=7.240019240019239 Df=94.00 Dr=78.93 MIA=57.11
  [3/36] gap=10.18278018278018 Df=98.00 Dr=74.10 MIA=57.11
  [4/36] gap=4.771404521404517 Df=94.00 Dr=77.66 MIA=45.21
  [5/36] gap=5.94931457431457 Df=88.00 Dr=67.21 MIA=46.12
  [6/36] gap=3.407647907647906 Df=86.00 Dr=73.21 MIA=47.89
  [7/36] gap=9.272366522366523 Df=98.00 Dr=77.94 MIA=58.21
  [8/36] gap=7.437409812409811 Df=96.00 Dr=79.21 MIA=55.98
  [9/36] gap=9.965969215969217 Df=98.00 Dr=75.86 MIA=58.21
  [10/36] gap=8.619829244829242 Df=96.00 Dr=78.34 MIA=58.66
  [11/36] gap=6.944384319384322 Df=88.00 Dr=70.26 MIA=53.55
  [12/36] gap=3.306096681096681 Df=88.00 Dr=74.61 MIA=46.98
  [13/36] gap=9.10401635401635 Df=98.00 Dr=78.44 MIA=58.21
  [14/36] gap=7.058201058201057 Df=94.00 Dr=79.47 MIA=57.11
  [15/36] gap=8.796236171236167 Df=98.00 Dr=76.71 MIA=55.55
  [16/36] gap=7.902717652717651 Df=94.00 Dr=78.26 MIA=58.43
  [17/36] gap=4.605158730158728 Df=84.00 Dr=71.03 MIA=42.34
  [18/36] gap=3.8750601250601284 Df=90.00 Dr=75.13 MIA=47.21
  [19/36] gap=9.316197691197686 Df=98.00 Dr=77.58 MIA=57.98
  [20/36] gap=7.375481000481 Df=96.00 Dr=78.51 MIA=55.09
  [21/36] gap=11.285834535834534 Df=98.00 Dr=73.90 MIA=60.21
  [22/36] gap=5.267736892736892 Df=86.00 Dr=76.83 MIA=57.09
  [23/36] gap=10.33447570947571 Df=92.00 Dr=68.95 MIA=58.41
  [24/36] gap=5.022126022126019 Df=84.00 Dr=74.87 MIA=56.39
  [25/36] gap=9.316859066859067 Df=98.00 Dr=78.02 MIA=58.43
  [26/36] gap=5.7450697450697445 Df=90.00 Dr=79.41 MIA=57.11
  [27/36] gap=10.219877344877347 Df=98.00 Dr=75.76 MIA=58.88
  [28/36] gap=7.5067340067340025 Df=92.00 Dr=78.34 MIA=59.32
  [29/36] gap=5.681938431938427 Df=88.00 Dr=71.35 MIA=50.86
  [30/36] gap=4.811808561808559 Df=86.00 Dr=75.54 MIA=54.43
  [31/36] gap=8.87373737373737 Df=98.00 Dr=78.24 MIA=57.32
  [32/36] gap=7.217171717171714 Df=94.00 Dr=79.21 MIA=57.32
  [33/36] gap=9.621873496873498 Df=98.00 Dr=76.44 MIA=57.77
  [34/36] gap=8.675144300144304 Df=94.00 Dr=78.61 MIA=61.09
  [35/36] gap=6.879268879268878 Df=88.00 Dr=72.87 MIA=55.96
  [36/36] gap=5.913179413179414 Df=90.00 Dr=75.84 MIA=54.04
final test: unsir {'impair_epochs': 2, 'repair_epochs': 2, 'impair_lr': 0.001, 'repair_lr': 0.01}
  Df=97.00 Dr=79.60 MIA=50.73 time=7.07s KL=0.0022

scrub: 0/24 candidates complete
  [1/24] gap=6.558561808561808 Df=94.00 Dr=80.08 MIA=56.21
  [2/24] gap=6.484487734487736 Df=94.00 Dr=80.30 MIA=56.21
  [3/24] gap=7.384860509860512 Df=94.00 Dr=80.26 MIA=58.88
  [4/24] gap=6.518157768157771 Df=94.00 Dr=80.20 MIA=56.21
  [5/24] gap=6.697991822991824 Df=94.00 Dr=80.32 MIA=56.88
  [6/24] gap=7.851491101491102 Df=94.00 Dr=80.20 MIA=60.21
  [7/24] gap=8.060245310245307 Df=94.00 Dr=79.58 MIA=60.21
  [8/24] gap=5.946428571428572 Df=94.00 Dr=80.36 MIA=54.66
  [9/24] gap=6.9888768638768655 Df=94.00 Dr=80.34 MIA=57.77
  [10/24] gap=7.198292448292446 Df=94.00 Dr=80.16 MIA=58.21
  [11/24] gap=6.853535353535354 Df=94.00 Dr=80.42 MIA=57.32
  [12/24] gap=7.0225468975469 Df=94.00 Dr=80.24 MIA=57.77
  [13/24] gap=7.513468013468014 Df=94.00 Dr=80.32 MIA=59.32
  [14/24] gap=7.513468013468014 Df=94.00 Dr=80.32 MIA=59.32
  [15/24] gap=7.323593073593074 Df=94.00 Dr=80.00 MIA=58.43
  [16/24] gap=7.130952380952382 Df=94.00 Dr=80.36 MIA=58.21
  [17/24] gap=6.471019721019722 Df=94.00 Dr=80.34 MIA=56.21
  [18/24] gap=6.833333333333333 Df=94.00 Dr=80.36 MIA=57.32
  [19/24] gap=6.887205387205388 Df=94.00 Dr=80.53 MIA=57.32
  [20/24] gap=6.471019721019722 Df=94.00 Dr=80.34 MIA=56.21
  [21/24] gap=7.520202020202021 Df=94.00 Dr=80.30 MIA=59.32
  [22/24] gap=6.640031265031266 Df=94.00 Dr=80.44 MIA=56.66
  [23/24] gap=7.93229918229918 Df=94.00 Dr=79.96 MIA=60.21
  [24/24] gap=7.184824434824438 Df=94.00 Dr=80.20 MIA=58.21
final test: scrub {'msteps': 3, 'lr': 0.0005, 'epochs': 5, 'max_grad_norm': 5.0}
  Df=95.00 Dr=80.70 MIA=52.35 time=7.78s KL=0.0023

mmu: 0/96 candidates complete
  [1/96] gap=7.144420394420396 Df=94.00 Dr=80.32 MIA=58.21
  [2/96] gap=7.130952380952382 Df=94.00 Dr=80.36 MIA=58.21
  [3/96] gap=7.029280904280907 Df=94.00 Dr=80.22 MIA=57.77
  [4/96] gap=7.15788840788841 Df=94.00 Dr=80.28 MIA=58.21
  [5/96] gap=6.640031265031266 Df=94.00 Dr=80.44 MIA=56.66
  [6/96] gap=5.946428571428572 Df=94.00 Dr=80.36 MIA=54.66
  [7/96] gap=7.144420394420396 Df=94.00 Dr=80.32 MIA=58.21
  [8/96] gap=7.144420394420396 Df=94.00 Dr=80.40 MIA=58.21
  [9/96] gap=7.15788840788841 Df=94.00 Dr=80.44 MIA=58.21
  [10/96] gap=6.464285714285715 Df=94.00 Dr=80.36 MIA=56.21
  [11/96] gap=6.995610870610872 Df=94.00 Dr=80.40 MIA=57.77
  [12/96] gap=6.355880230880234 Df=94.00 Dr=80.24 MIA=55.77
  [13/96] gap=6.995610870610872 Df=94.00 Dr=80.40 MIA=57.77
  [14/96] gap=5.946428571428572 Df=94.00 Dr=80.36 MIA=54.66
  [15/96] gap=7.062950937950937 Df=94.00 Dr=80.12 MIA=57.77
  [16/96] gap=7.009078884078886 Df=94.00 Dr=80.44 MIA=57.77
  [17/96] gap=7.553872053872055 Df=94.00 Dr=80.53 MIA=59.32
  [18/96] gap=6.477753727753729 Df=94.00 Dr=80.40 MIA=56.21
  [19/96] gap=7.036014911014914 Df=94.00 Dr=80.20 MIA=57.77
  [20/96] gap=6.335678210678213 Df=94.00 Dr=80.30 MIA=55.77
  [21/96] gap=7.002344877344879 Df=94.00 Dr=80.30 MIA=57.77
  [22/96] gap=6.6669672919672935 Df=94.00 Dr=80.53 MIA=56.66
  [23/96] gap=7.614478114478113 Df=94.00 Dr=80.02 MIA=59.32
  [24/96] gap=7.009078884078886 Df=94.00 Dr=80.44 MIA=57.77
  [25/96] gap=7.018458393458391 Df=94.00 Dr=80.69 MIA=57.55
  [26/96] gap=2.4078884078884073 Df=90.00 Dr=80.28 MIA=45.68
  [27/96] gap=7.15788840788841 Df=94.00 Dr=80.28 MIA=58.21
  [28/96] gap=6.545093795093794 Df=94.00 Dr=80.12 MIA=56.21
  [29/96] gap=7.218494468494467 Df=94.00 Dr=80.10 MIA=58.21
  [30/96] gap=7.009078884078886 Df=94.00 Dr=80.28 MIA=57.77
  [31/96] gap=7.222582972582974 Df=94.00 Dr=80.30 MIA=58.43
  [32/96] gap=7.137686387686389 Df=94.00 Dr=80.38 MIA=58.21
  [33/96] gap=7.137686387686389 Df=94.00 Dr=80.38 MIA=58.21
  [34/96] gap=6.504689754689757 Df=94.00 Dr=80.24 MIA=56.21
  [35/96] gap=6.49795574795575 Df=94.00 Dr=80.46 MIA=56.21
  [36/96] gap=6.619829244829245 Df=94.00 Dr=80.38 MIA=56.66
  [37/96] gap=7.137686387686389 Df=94.00 Dr=80.38 MIA=58.21
  [38/96] gap=6.518157768157771 Df=94.00 Dr=80.20 MIA=56.21
  [39/96] gap=6.335678210678213 Df=94.00 Dr=80.42 MIA=55.77
  [40/96] gap=6.335678210678213 Df=94.00 Dr=80.42 MIA=55.77
  [41/96] gap=7.371392496392498 Df=94.00 Dr=80.42 MIA=58.88
  [42/96] gap=6.491221741221743 Df=94.00 Dr=80.28 MIA=56.21
  [43/96] gap=6.322210197210199 Df=94.00 Dr=80.34 MIA=55.77
  [44/96] gap=7.137686387686389 Df=94.00 Dr=80.34 MIA=58.21
  [45/96] gap=7.526936026936028 Df=94.00 Dr=80.44 MIA=59.32
  [46/96] gap=6.471019721019722 Df=94.00 Dr=80.34 MIA=56.21
  [47/96] gap=7.513468013468014 Df=94.00 Dr=80.32 MIA=59.32
  [48/96] gap=7.049482924482928 Df=94.00 Dr=80.57 MIA=57.77
  [49/96] gap=7.533670033670035 Df=94.00 Dr=80.46 MIA=59.32
  [50/96] gap=4.576899951899954 Df=94.00 Dr=80.22 MIA=43.23
  [51/96] gap=7.002344877344879 Df=94.00 Dr=80.30 MIA=57.77
  [52/96] gap=7.178090428090431 Df=94.00 Dr=80.22 MIA=58.21
  [53/96] gap=7.533670033670035 Df=94.00 Dr=80.46 MIA=59.32
  [54/96] gap=7.178090428090431 Df=94.00 Dr=80.22 MIA=58.21
  [55/96] gap=7.137686387686389 Df=94.00 Dr=80.38 MIA=58.21
  [56/96] gap=7.002344877344879 Df=94.00 Dr=80.42 MIA=57.77
  [57/96] gap=7.085798460798455 Df=94.00 Dr=79.84 MIA=57.55
  [58/96] gap=4.836519961519959 Df=74.00 Dr=79.05 MIA=43.62
  [59/96] gap=6.9343434343434325 Df=94.00 Dr=80.06 MIA=57.32
  [60/96] gap=4.679773929773927 Df=82.00 Dr=79.72 MIA=58.21
  [61/96] gap=7.418530543530541 Df=94.00 Dr=80.16 MIA=58.88
  [62/96] gap=4.589586339586343 Df=88.00 Dr=80.20 MIA=56.43
  [63/96] gap=7.669011544011549 Df=94.00 Dr=80.30 MIA=59.77
  [64/96] gap=5.797619047619048 Df=90.00 Dr=80.36 MIA=58.21
  [65/96] gap=6.491221741221743 Df=94.00 Dr=80.44 MIA=56.21
  [66/96] gap=6.471019721019722 Df=94.00 Dr=80.38 MIA=56.21
  [67/96] gap=6.464285714285715 Df=94.00 Dr=80.36 MIA=56.21
  [68/96] gap=6.477753727753729 Df=94.00 Dr=80.32 MIA=56.21
  [69/96] gap=6.322210197210199 Df=94.00 Dr=80.34 MIA=55.77
  [70/96] gap=6.322210197210199 Df=94.00 Dr=80.38 MIA=55.77
  [71/96] gap=7.15788840788841 Df=94.00 Dr=80.44 MIA=58.21
  [72/96] gap=6.477753727753729 Df=94.00 Dr=80.32 MIA=56.21
  [73/96] gap=6.108706108706109 Df=94.00 Dr=80.40 MIA=55.11
  [74/96] gap=7.049482924482923 Df=94.00 Dr=80.16 MIA=57.77
  [75/96] gap=7.391594516594519 Df=94.00 Dr=80.48 MIA=58.88
  [76/96] gap=6.633297258297259 Df=94.00 Dr=80.30 MIA=56.66
  [77/96] gap=6.9888768638768655 Df=94.00 Dr=80.34 MIA=57.77
  [78/96] gap=6.551827801827801 Df=94.00 Dr=80.10 MIA=56.21
  [79/96] gap=7.225228475228474 Df=94.00 Dr=80.08 MIA=58.21
  [80/96] gap=7.0225468975469 Df=94.00 Dr=80.48 MIA=57.77
  [81/96] gap=6.646765271765273 Df=94.00 Dr=80.26 MIA=56.66
  [82/96] gap=4.551166426166425 Df=82.00 Dr=79.66 MIA=57.77
  [83/96] gap=6.2642496392496385 Df=94.00 Dr=80.30 MIA=55.55
  [84/96] gap=6.409752284752284 Df=92.00 Dr=80.08 MIA=57.77
  [85/96] gap=7.506734006734007 Df=94.00 Dr=80.38 MIA=59.32
  [86/96] gap=3.9457671957671963 Df=84.00 Dr=79.92 MIA=58.21
  [87/96] gap=7.506734006734007 Df=94.00 Dr=80.34 MIA=59.32
  [88/96] gap=7.0225468975469 Df=94.00 Dr=80.24 MIA=57.77
  [89/96] gap=7.015812890812893 Df=94.00 Dr=80.26 MIA=57.77
  [90/96] gap=28.54563492063492 Df=2.00 Dr=77.03 MIA=46.52
  [91/96] gap=6.866341991341987 Df=94.00 Dr=79.82 MIA=56.88
  [92/96] gap=3.747715247715244 Df=76.00 Dr=79.19 MIA=44.75
  [93/96] gap=7.844757094757097 Df=96.00 Dr=80.51 MIA=58.21
  [94/96] gap=2.0108826358826355 Df=82.00 Dr=79.31 MIA=43.84
  [95/96] gap=6.84006734006734 Df=94.00 Dr=80.38 MIA=57.32
  [96/96] gap=4.328282828282828 Df=86.00 Dr=79.88 MIA=57.32
final test: mmu {'msteps': 3, 'lr': 0.001, 'epochs': 10, 'head_mode': 'independent', 'weighting': 'normalised', 'max_grad_norm': 5.0}
  Df=91.00 Dr=80.32 MIA=51.90 time=13.72s KL=0.0020

salun: 0/45 candidates complete
  [1/45] gap=11.703282828282829 Df=68.00 Dr=73.88 MIA=59.45
  [2/45] gap=11.001623376623373 Df=68.00 Dr=73.09 MIA=56.55
  [3/45] gap=11.783670033670035 Df=64.00 Dr=72.26 MIA=54.07
  [4/45] gap=15.366221741221741 Df=56.00 Dr=70.28 MIA=54.84
  [5/45] gap=11.362614237614238 Df=64.00 Dr=70.22 MIA=50.77
  [6/45] gap=12.92081529581529 Df=64.00 Dr=69.33 MIA=54.55
  [7/45] gap=16.139249639249638 Df=52.00 Dr=66.30 MIA=49.18
  [8/45] gap=16.572089947089946 Df=56.00 Dr=66.81 MIA=54.98
  [9/45] gap=14.718253968253967 Df=56.00 Dr=69.03 MIA=51.64
  [10/45] gap=10.281746031746037 Df=68.00 Dr=73.70 MIA=55.00
  [11/45] gap=8.479377104377102 Df=68.00 Dr=73.05 MIA=48.95
  [12/45] gap=12.050264550264549 Df=66.00 Dr=72.14 MIA=56.75
  [13/45] gap=14.286014911014915 Df=64.00 Dr=70.20 MIA=59.52
  [14/45] gap=14.278920153920156 Df=58.00 Dr=69.62 MIA=52.91
  [15/45] gap=12.397667147667143 Df=62.00 Dr=69.78 MIA=51.43
  [16/45] gap=15.70959595959596 Df=54.00 Dr=66.48 MIA=50.07
  [17/45] gap=13.138287638287636 Df=60.00 Dr=68.02 MIA=43.75
  [18/45] gap=9.127946127946126 Df=68.00 Dr=69.98 MIA=45.82
  [19/45] gap=10.565897065897069 Df=68.00 Dr=73.74 MIA=55.89
  [20/45] gap=8.821488696488695 Df=68.00 Dr=73.13 MIA=50.05
  [21/45] gap=11.569504569504568 Df=66.00 Dr=71.80 MIA=54.96
  [22/45] gap=12.681878306878305 Df=64.00 Dr=70.59 MIA=55.09
  [23/45] gap=14.53781866281866 Df=62.00 Dr=69.23 MIA=57.30
  [24/45] gap=13.978174603174601 Df=60.00 Dr=69.70 MIA=54.09
  [25/45] gap=15.97498797498797 Df=56.00 Dr=67.01 MIA=53.39
  [26/45] gap=12.565596440596442 Df=62.00 Dr=67.90 MIA=50.05
  [27/45] gap=10.621091871091869 Df=66.00 Dr=70.46 MIA=50.79
  [28/45] gap=10.626503126503126 Df=68.00 Dr=73.56 MIA=55.89
  [29/45] gap=8.821488696488695 Df=68.00 Dr=73.13 MIA=50.05
  [30/45] gap=10.564814814814815 Df=68.00 Dr=71.92 MIA=54.07
  [31/45] gap=14.943181818181818 Df=60.00 Dr=70.91 MIA=58.20
  [32/45] gap=13.542869167869165 Df=64.00 Dr=69.72 MIA=56.80
  [33/45] gap=11.351010101010099 Df=64.00 Dr=70.06 MIA=50.57
  [34/45] gap=15.601070226070227 Df=54.00 Dr=66.83 MIA=50.09
  [35/45] gap=9.387686387686388 Df=68.00 Dr=68.34 MIA=46.96
  [36/45] gap=8.717171717171714 Df=72.00 Dr=71.21 MIA=41.82
  [37/45] gap=11.408309283309286 Df=68.00 Dr=73.66 MIA=58.34
  [38/45] gap=9.186447811447811 Df=68.00 Dr=72.93 MIA=50.95
  [39/45] gap=12.595057720057719 Df=64.00 Dr=72.06 MIA=56.30
  [40/45] gap=15.892676767676768 Df=58.00 Dr=70.06 MIA=58.20
  [41/45] gap=14.325757575757573 Df=60.00 Dr=69.64 MIA=55.07
  [42/45] gap=12.33297258297258 Df=64.00 Dr=69.76 MIA=53.21
  [43/45] gap=13.184042809042813 Df=58.00 Dr=68.22 MIA=45.41
  [44/45] gap=12.417929292929292 Df=62.00 Dr=70.48 MIA=52.20
  [45/45] gap=11.141053391053388 Df=62.00 Dr=71.33 MIA=49.21
final test: salun {'sparsity': 0.1, 'lr': 0.0001, 'epochs': 3}
  Df=74.00 Dr=74.52 MIA=46.47 time=8.11s KL=0.0024

uniclun: 0/27 candidates complete
  [1/27] gap=7.293229918229916 Df=70.00 Dr=74.32 MIA=44.98
  [2/27] gap=7.293229918229916 Df=70.00 Dr=74.32 MIA=44.98
  [3/27] gap=7.293229918229916 Df=70.00 Dr=74.32 MIA=44.98
  [4/27] gap=9.277176527176527 Df=72.00 Dr=73.35 MIA=55.64
  [5/27] gap=9.277176527176527 Df=72.00 Dr=73.35 MIA=55.64
  [6/27] gap=9.277176527176527 Df=72.00 Dr=73.35 MIA=55.64
  [7/27] gap=12.16432178932179 Df=64.00 Dr=72.42 MIA=55.38
  [8/27] gap=12.16432178932179 Df=64.00 Dr=72.42 MIA=55.38
  [9/27] gap=12.16432178932179 Df=64.00 Dr=72.42 MIA=55.38
  [10/27] gap=9.4762506012506 Df=68.00 Dr=71.13 MIA=50.02
  [11/27] gap=9.4762506012506 Df=68.00 Dr=71.13 MIA=50.02
  [12/27] gap=9.4762506012506 Df=68.00 Dr=71.13 MIA=50.02
  [13/27] gap=12.64808802308802 Df=64.00 Dr=71.15 MIA=55.55
  [14/27] gap=12.64808802308802 Df=64.00 Dr=71.15 MIA=55.55
  [15/27] gap=12.64808802308802 Df=64.00 Dr=71.15 MIA=55.55
  [16/27] gap=10.953944203944205 Df=68.00 Dr=70.32 MIA=53.64
  [17/27] gap=10.953944203944205 Df=68.00 Dr=70.32 MIA=53.64
  [18/27] gap=10.953944203944205 Df=68.00 Dr=70.32 MIA=53.64
  [19/27] gap=13.62337662337662 Df=60.00 Dr=69.64 MIA=52.96
  [20/27] gap=13.62337662337662 Df=60.00 Dr=69.64 MIA=52.96
  [21/27] gap=13.62337662337662 Df=60.00 Dr=69.64 MIA=52.96
  [22/27] gap=6.924783549783551 Df=74.00 Dr=72.00 MIA=49.23
  [23/27] gap=6.924783549783551 Df=74.00 Dr=72.00 MIA=49.23
  [24/27] gap=6.924783549783551 Df=74.00 Dr=72.00 MIA=49.23
  [25/27] gap=5.761784511784508 Df=78.00 Dr=72.83 MIA=50.57
  [26/27] gap=5.761784511784508 Df=78.00 Dr=72.83 MIA=50.57
  [27/27] gap=5.761784511784508 Df=78.00 Dr=72.83 MIA=50.57
final test: uniclun {'lr': 0.0001, 'epochs': 3, 'buffer_size': 250}
  Df=72.00 Dr=75.18 MIA=56.16 time=8.39s KL=0.0024

