loaded shared source and Amnesiac ledger
loaded shared Retrain reference
shadow 0/16: training on D_r + 1199 of D_f
Epoch 10/150: Train Loss=0.7986, Train Acc=0.7399, Val Acc=0.6926
Epoch 20/150: Train Loss=0.4358, Train Acc=0.8558, Val Acc=0.7384
Epoch 30/150: Train Loss=0.1178, Train Acc=0.9613, Val Acc=0.7762
Epoch 40/150: Train Loss=0.0511, Train Acc=0.9836, Val Acc=0.7866
Epoch 50/150: Train Loss=0.0291, Train Acc=0.9914, Val Acc=0.7844
Epoch 60/150: Train Loss=0.0244, Train Acc=0.9922, Val Acc=0.7854
Early stopping at epoch 64
shadow 1/16: training on D_r + 1075 of D_f
Epoch 10/150: Train Loss=0.7990, Train Acc=0.7404, Val Acc=0.6820
Epoch 20/150: Train Loss=0.4374, Train Acc=0.8540, Val Acc=0.7222
Epoch 30/150: Train Loss=0.1542, Train Acc=0.9476, Val Acc=0.7784
Epoch 40/150: Train Loss=0.0587, Train Acc=0.9802, Val Acc=0.7870
Epoch 50/150: Train Loss=0.0237, Train Acc=0.9930, Val Acc=0.7932
Epoch 60/150: Train Loss=0.0186, Train Acc=0.9946, Val Acc=0.7904
Epoch 70/150: Train Loss=0.0158, Train Acc=0.9955, Val Acc=0.7924
Early stopping at epoch 78
shadow 2/16: training on D_r + 1105 of D_f
Epoch 10/150: Train Loss=0.8162, Train Acc=0.7354, Val Acc=0.6722
Epoch 20/150: Train Loss=0.4504, Train Acc=0.8517, Val Acc=0.7410
Epoch 30/150: Train Loss=0.1704, Train Acc=0.9427, Val Acc=0.7654
Epoch 40/150: Train Loss=0.0503, Train Acc=0.9834, Val Acc=0.7804
Epoch 50/150: Train Loss=0.0312, Train Acc=0.9907, Val Acc=0.7772
Early stopping at epoch 57
shadow 3/16: training on D_r + 1128 of D_f
Epoch 10/150: Train Loss=0.8103, Train Acc=0.7348, Val Acc=0.6832
Epoch 20/150: Train Loss=0.4416, Train Acc=0.8525, Val Acc=0.7348
Epoch 30/150: Train Loss=0.1592, Train Acc=0.9447, Val Acc=0.7744
Epoch 40/150: Train Loss=0.0482, Train Acc=0.9846, Val Acc=0.7892
Epoch 50/150: Train Loss=0.0298, Train Acc=0.9907, Val Acc=0.7908
Early stopping at epoch 58
shadow 4/16: training on D_r + 1112 of D_f
Epoch 10/150: Train Loss=0.8271, Train Acc=0.7289, Val Acc=0.6762
Epoch 20/150: Train Loss=0.4513, Train Acc=0.8498, Val Acc=0.7302
Epoch 30/150: Train Loss=0.1670, Train Acc=0.9438, Val Acc=0.7734
Epoch 40/150: Train Loss=0.0536, Train Acc=0.9824, Val Acc=0.7802
Early stopping at epoch 47
shadow 5/16: training on D_r + 1107 of D_f
Epoch 10/150: Train Loss=0.7946, Train Acc=0.7397, Val Acc=0.6796
Epoch 20/150: Train Loss=0.4248, Train Acc=0.8595, Val Acc=0.7358
Epoch 30/150: Train Loss=0.1554, Train Acc=0.9468, Val Acc=0.7710
Epoch 40/150: Train Loss=0.0463, Train Acc=0.9847, Val Acc=0.7846
Epoch 50/150: Train Loss=0.0284, Train Acc=0.9915, Val Acc=0.7838
Epoch 60/150: Train Loss=0.0218, Train Acc=0.9931, Val Acc=0.7894
Epoch 70/150: Train Loss=0.0200, Train Acc=0.9942, Val Acc=0.7892
Early stopping at epoch 73
shadow 6/16: training on D_r + 1114 of D_f
Epoch 10/150: Train Loss=0.8110, Train Acc=0.7362, Val Acc=0.6776
Epoch 20/150: Train Loss=0.4389, Train Acc=0.8538, Val Acc=0.7508
Epoch 30/150: Train Loss=0.1571, Train Acc=0.9467, Val Acc=0.7758
Epoch 40/150: Train Loss=0.0462, Train Acc=0.9849, Val Acc=0.7908
Epoch 50/150: Train Loss=0.0260, Train Acc=0.9921, Val Acc=0.7974
Epoch 60/150: Train Loss=0.0201, Train Acc=0.9938, Val Acc=0.7922
Early stopping at epoch 65
shadow 7/16: training on D_r + 1072 of D_f
Epoch 10/150: Train Loss=0.8108, Train Acc=0.7368, Val Acc=0.6646
Epoch 20/150: Train Loss=0.4395, Train Acc=0.8550, Val Acc=0.7436
Epoch 30/150: Train Loss=0.1274, Train Acc=0.9568, Val Acc=0.7740
Epoch 40/150: Train Loss=0.0524, Train Acc=0.9829, Val Acc=0.7922
Epoch 50/150: Train Loss=0.0282, Train Acc=0.9915, Val Acc=0.7894
Epoch 60/150: Train Loss=0.0251, Train Acc=0.9924, Val Acc=0.7930
Epoch 70/150: Train Loss=0.0226, Train Acc=0.9936, Val Acc=0.7930
Early stopping at epoch 74
shadow 8/16: training on D_r + 1132 of D_f
Epoch 10/150: Train Loss=0.7970, Train Acc=0.7409, Val Acc=0.6738
Epoch 20/150: Train Loss=0.4316, Train Acc=0.8557, Val Acc=0.7428
Epoch 30/150: Train Loss=0.1565, Train Acc=0.9466, Val Acc=0.7772
Epoch 40/150: Train Loss=0.0465, Train Acc=0.9848, Val Acc=0.7824
Epoch 50/150: Train Loss=0.0266, Train Acc=0.9914, Val Acc=0.7906
Epoch 60/150: Train Loss=0.0213, Train Acc=0.9936, Val Acc=0.7906
Epoch 70/150: Train Loss=0.0179, Train Acc=0.9949, Val Acc=0.7916
Epoch 80/150: Train Loss=0.0188, Train Acc=0.9946, Val Acc=0.7908
Early stopping at epoch 85
shadow 9/16: training on D_r + 1131 of D_f
Epoch 10/150: Train Loss=0.7998, Train Acc=0.7390, Val Acc=0.7014
Epoch 20/150: Train Loss=0.4397, Train Acc=0.8547, Val Acc=0.7436
Epoch 30/150: Train Loss=0.1617, Train Acc=0.9441, Val Acc=0.7728
Epoch 40/150: Train Loss=0.0466, Train Acc=0.9853, Val Acc=0.7878
Epoch 50/150: Train Loss=0.0279, Train Acc=0.9919, Val Acc=0.7912
Epoch 60/150: Train Loss=0.0234, Train Acc=0.9931, Val Acc=0.7926
Epoch 70/150: Train Loss=0.0209, Train Acc=0.9940, Val Acc=0.7940
Epoch 80/150: Train Loss=0.0212, Train Acc=0.9941, Val Acc=0.7932
Epoch 90/150: Train Loss=0.0194, Train Acc=0.9945, Val Acc=0.7980
Epoch 100/150: Train Loss=0.0206, Train Acc=0.9937, Val Acc=0.7942
Early stopping at epoch 105
shadow 10/16: training on D_r + 1137 of D_f
Epoch 10/150: Train Loss=0.8062, Train Acc=0.7366, Val Acc=0.6804
Epoch 20/150: Train Loss=0.4334, Train Acc=0.8561, Val Acc=0.7322
Epoch 30/150: Train Loss=0.1180, Train Acc=0.9608, Val Acc=0.7744
Epoch 40/150: Train Loss=0.0526, Train Acc=0.9830, Val Acc=0.7808
Epoch 50/150: Train Loss=0.0375, Train Acc=0.9882, Val Acc=0.7816
Epoch 60/150: Train Loss=0.0310, Train Acc=0.9906, Val Acc=0.7796
Early stopping at epoch 64
shadow 11/16: training on D_r + 1181 of D_f
Epoch 10/150: Train Loss=0.8119, Train Acc=0.7352, Val Acc=0.6806
Epoch 20/150: Train Loss=0.4399, Train Acc=0.8533, Val Acc=0.7474
Epoch 30/150: Train Loss=0.1587, Train Acc=0.9463, Val Acc=0.7704
Epoch 40/150: Train Loss=0.0514, Train Acc=0.9827, Val Acc=0.7890
Epoch 50/150: Train Loss=0.0267, Train Acc=0.9919, Val Acc=0.7922
Epoch 60/150: Train Loss=0.0208, Train Acc=0.9940, Val Acc=0.7942
Epoch 70/150: Train Loss=0.0208, Train Acc=0.9935, Val Acc=0.7942
Early stopping at epoch 70
shadow 12/16: training on D_r + 1141 of D_f
Epoch 10/150: Train Loss=0.8012, Train Acc=0.7392, Val Acc=0.6972
Epoch 20/150: Train Loss=0.4372, Train Acc=0.8551, Val Acc=0.7242
Epoch 30/150: Train Loss=0.1539, Train Acc=0.9477, Val Acc=0.7750
Epoch 40/150: Train Loss=0.0453, Train Acc=0.9850, Val Acc=0.7868
Epoch 50/150: Train Loss=0.0249, Train Acc=0.9923, Val Acc=0.7970
Epoch 60/150: Train Loss=0.0191, Train Acc=0.9943, Val Acc=0.7974
Epoch 70/150: Train Loss=0.0159, Train Acc=0.9954, Val Acc=0.7966
Early stopping at epoch 71
shadow 13/16: training on D_r + 1120 of D_f
Epoch 10/150: Train Loss=0.7835, Train Acc=0.7424, Val Acc=0.6834
Epoch 20/150: Train Loss=0.4202, Train Acc=0.8605, Val Acc=0.7326
Epoch 30/150: Train Loss=0.1544, Train Acc=0.9473, Val Acc=0.7700
Epoch 40/150: Train Loss=0.0467, Train Acc=0.9844, Val Acc=0.7816
Epoch 50/150: Train Loss=0.0267, Train Acc=0.9915, Val Acc=0.7834
Early stopping at epoch 56
shadow 14/16: training on D_r + 1092 of D_f
Epoch 10/150: Train Loss=0.8186, Train Acc=0.7328, Val Acc=0.6716
Epoch 20/150: Train Loss=0.4545, Train Acc=0.8505, Val Acc=0.7344
Epoch 30/150: Train Loss=0.1363, Train Acc=0.9555, Val Acc=0.7786
Epoch 40/150: Train Loss=0.0607, Train Acc=0.9800, Val Acc=0.7778
Epoch 50/150: Train Loss=0.0359, Train Acc=0.9888, Val Acc=0.7860
Epoch 60/150: Train Loss=0.0312, Train Acc=0.9903, Val Acc=0.7846
Epoch 70/150: Train Loss=0.0283, Train Acc=0.9914, Val Acc=0.7854
Epoch 80/150: Train Loss=0.0294, Train Acc=0.9910, Val Acc=0.7858
Early stopping at epoch 88
shadow 15/16: training on D_r + 1154 of D_f
Epoch 10/150: Train Loss=0.8253, Train Acc=0.7297, Val Acc=0.6792
Epoch 20/150: Train Loss=0.4497, Train Acc=0.8506, Val Acc=0.7364
Epoch 30/150: Train Loss=0.1603, Train Acc=0.9463, Val Acc=0.7730
Epoch 40/150: Train Loss=0.0502, Train Acc=0.9836, Val Acc=0.7844
Epoch 50/150: Train Loss=0.0294, Train Acc=0.9910, Val Acc=0.7838
Epoch 60/150: Train Loss=0.0227, Train Acc=0.9935, Val Acc=0.7836
Early stopping at epoch 60
baseline: unlearning 16 shadows
  AUC=100.00 TPR@1%FPR=100.00 bal.acc=93.51
finetune: unlearning 16 shadows
  AUC=99.54 TPR@1%FPR=91.60 bal.acc=91.16
ssd: unlearning 16 shadows
  AUC=96.46 TPR@1%FPR=34.71 bal.acc=88.91
badteacher: unlearning 16 shadows
  AUC=100.00 TPR@1%FPR=100.00 bal.acc=96.82
unsir: unlearning 16 shadows
  AUC=99.78 TPR@1%FPR=96.18 bal.acc=88.38
scrub: unlearning 16 shadows
  AUC=100.00 TPR@1%FPR=100.00 bal.acc=87.20
mmu: unlearning 16 shadows
  shadow 6 mmu: RuntimeError: Caught RuntimeError in DataLoader worker process 0.
Original Traceback (most recent call last):
  File "/opt/conda/lib/python3.11/site-packages/torch/utils/data/_utils/worker.py", line 349, in _worker_loop
    data = fetcher.fetch(index)  # type: ignore[possibly-undefined]
           ^^^^^^^^^^^^^^^^^^^^
  File "/opt/conda/lib/python3.11/site-packages/torch/utils/data/_utils/fetch.py", line 55, in fetch
    return self.collate_fn(data)
           ^^^^^^^^^^^^^^^^^^^^^
  File "/opt/conda/lib/python3.11/site-packages/torch/utils/data/_utils/collate.py", line 398, in default_collate
    return collate(batch, collate_fn_map=default_collate_fn_map)
           ^^^^^^^^^^^^^^^^^^^^^^^^^^^^^^^^^^^^^^^^^^^^^^^^^^^^^
  File "/opt/conda/lib/python3.11/site-packages/torch/utils/data/_utils/collate.py", line 211, in collate
    return [
           ^
  File "/opt/conda/lib/python3.11/site-packages/torch/utils/data/_utils/collate.py", line 212, in <listcomp>
    collate(samples, collate_fn_map=collate_fn_map)
  File "/opt/conda/lib/python3.11/site-packages/torch/utils/data/_utils/collate.py", line 155, in collate
    return collate_fn_map[elem_type](batch, collate_fn_map=collate_fn_map)
           ^^^^^^^^^^^^^^^^^^^^^^^^^^^^^^^^^^^^^^^^^^^^^^^^^^^^^^^^^^^^^^^
  File "/opt/conda/lib/python3.11/site-packages/torch/utils/data/_utils/collate.py", line 270, in collate_tensor_fn
    storage = elem._typed_storage()._new_shared(numel, device=elem.device)
              ^^^^^^^^^^^^^^^^^^^^^^^^^^^^^^^^^^^^^^^^^^^^^^^^^^^^^^^^^^^^
  File "/opt/conda/lib/python3.11/site-packages/torch/storage.py", line 1198, in _new_shared
    untyped_storage = torch.UntypedStorage._new_shared(
                      ^^^^^^^^^^^^^^^^^^^^^^^^^^^^^^^^^
  File "/opt/conda/lib/python3.11/site-packages/torch/storage.py", line 412, in _new_shared
    return cls._new_using_fd_cpu(size)
           ^^^^^^^^^^^^^^^^^^^^^^^^^^^
RuntimeError: unable to write to file </torch_3606785_3104382780_20>: No space left on device (28)

  AUC=50.84 TPR@1%FPR=0.91 bal.acc=50.04
salun: unlearning 16 shadows
  AUC=99.85 TPR@1%FPR=98.98 bal.acc=89.16
uniclun: unlearning 16 shadows
  AUC=99.89 TPR@1%FPR=99.42 bal.acc=89.76
