loaded shared source and Amnesiac ledger
loaded shared Retrain reference
shadow 0/16: training on D_r + 1199 of D_f
Epoch 10/150: Train Loss=0.7892, Train Acc=0.7417, Val Acc=0.6938
Epoch 20/150: Train Loss=0.2489, Train Acc=0.9157, Val Acc=0.7838
Epoch 30/150: Train Loss=0.0673, Train Acc=0.9781, Val Acc=0.7910
Epoch 40/150: Train Loss=0.0204, Train Acc=0.9945, Val Acc=0.7988
Epoch 50/150: Train Loss=0.0129, Train Acc=0.9967, Val Acc=0.8010
Epoch 60/150: Train Loss=0.0101, Train Acc=0.9977, Val Acc=0.8006
Early stopping at epoch 67
shadow 1/16: training on D_r + 1075 of D_f
Epoch 10/150: Train Loss=0.7670, Train Acc=0.7485, Val Acc=0.6996
Epoch 20/150: Train Loss=0.3509, Train Acc=0.8812, Val Acc=0.7482
Epoch 30/150: Train Loss=0.0649, Train Acc=0.9780, Val Acc=0.7922
Epoch 40/150: Train Loss=0.0214, Train Acc=0.9934, Val Acc=0.7978
Epoch 50/150: Train Loss=0.0102, Train Acc=0.9973, Val Acc=0.8012
Epoch 60/150: Train Loss=0.0079, Train Acc=0.9980, Val Acc=0.8032
Epoch 70/150: Train Loss=0.0064, Train Acc=0.9986, Val Acc=0.8032
Epoch 80/150: Train Loss=0.0065, Train Acc=0.9984, Val Acc=0.8028
Early stopping at epoch 81
shadow 2/16: training on D_r + 1105 of D_f
Epoch 10/150: Train Loss=0.8252, Train Acc=0.7304, Val Acc=0.6714
Epoch 20/150: Train Loss=0.3684, Train Acc=0.8759, Val Acc=0.7534
Epoch 30/150: Train Loss=0.0944, Train Acc=0.9677, Val Acc=0.7750
Epoch 40/150: Train Loss=0.0203, Train Acc=0.9940, Val Acc=0.7912
Epoch 50/150: Train Loss=0.0105, Train Acc=0.9972, Val Acc=0.7980
Epoch 60/150: Train Loss=0.0064, Train Acc=0.9987, Val Acc=0.8002
Early stopping at epoch 66
shadow 3/16: training on D_r + 1128 of D_f
Epoch 10/150: Train Loss=0.7679, Train Acc=0.7480, Val Acc=0.7010
Epoch 20/150: Train Loss=0.3498, Train Acc=0.8809, Val Acc=0.7478
Epoch 30/150: Train Loss=0.0914, Train Acc=0.9690, Val Acc=0.7792
Epoch 40/150: Train Loss=0.0180, Train Acc=0.9946, Val Acc=0.7962
Epoch 50/150: Train Loss=0.0092, Train Acc=0.9975, Val Acc=0.8020
Epoch 60/150: Train Loss=0.0060, Train Acc=0.9985, Val Acc=0.8056
Early stopping at epoch 68
shadow 4/16: training on D_r + 1112 of D_f
Epoch 10/150: Train Loss=0.7850, Train Acc=0.7423, Val Acc=0.6670
Epoch 20/150: Train Loss=0.3537, Train Acc=0.8801, Val Acc=0.7436
Epoch 30/150: Train Loss=0.0611, Train Acc=0.9801, Val Acc=0.8024
Epoch 40/150: Train Loss=0.0242, Train Acc=0.9924, Val Acc=0.8020
Epoch 50/150: Train Loss=0.0105, Train Acc=0.9971, Val Acc=0.8070
Epoch 60/150: Train Loss=0.0090, Train Acc=0.9974, Val Acc=0.8078
Epoch 70/150: Train Loss=0.0074, Train Acc=0.9982, Val Acc=0.8114
Early stopping at epoch 70
shadow 5/16: training on D_r + 1107 of D_f
Epoch 10/150: Train Loss=0.7807, Train Acc=0.7428, Val Acc=0.7142
Epoch 20/150: Train Loss=0.3495, Train Acc=0.8823, Val Acc=0.7530
Epoch 30/150: Train Loss=0.0593, Train Acc=0.9808, Val Acc=0.7904
Epoch 40/150: Train Loss=0.0193, Train Acc=0.9942, Val Acc=0.7988
Epoch 50/150: Train Loss=0.0119, Train Acc=0.9966, Val Acc=0.8000
Epoch 60/150: Train Loss=0.0089, Train Acc=0.9977, Val Acc=0.7974
Early stopping at epoch 62
shadow 6/16: training on D_r + 1114 of D_f
Epoch 10/150: Train Loss=0.7769, Train Acc=0.7459, Val Acc=0.6842
Epoch 20/150: Train Loss=0.2490, Train Acc=0.9175, Val Acc=0.7770
Epoch 30/150: Train Loss=0.0601, Train Acc=0.9802, Val Acc=0.7948
Epoch 40/150: Train Loss=0.0196, Train Acc=0.9945, Val Acc=0.7984
Epoch 50/150: Train Loss=0.0125, Train Acc=0.9965, Val Acc=0.8038
Epoch 60/150: Train Loss=0.0102, Train Acc=0.9972, Val Acc=0.8004
Epoch 70/150: Train Loss=0.0089, Train Acc=0.9979, Val Acc=0.8026
Early stopping at epoch 73
shadow 7/16: training on D_r + 1072 of D_f
Epoch 10/150: Train Loss=0.8131, Train Acc=0.7323, Val Acc=0.6796
Epoch 20/150: Train Loss=0.3618, Train Acc=0.8791, Val Acc=0.7462
Epoch 30/150: Train Loss=0.0595, Train Acc=0.9808, Val Acc=0.7832
Epoch 40/150: Train Loss=0.0205, Train Acc=0.9941, Val Acc=0.7980
Epoch 50/150: Train Loss=0.0113, Train Acc=0.9972, Val Acc=0.7930
Early stopping at epoch 55
shadow 8/16: training on D_r + 1132 of D_f
Epoch 10/150: Train Loss=0.7839, Train Acc=0.7431, Val Acc=0.6846
Epoch 20/150: Train Loss=0.3585, Train Acc=0.8785, Val Acc=0.7618
Epoch 30/150: Train Loss=0.0892, Train Acc=0.9698, Val Acc=0.7860
Epoch 40/150: Train Loss=0.0198, Train Acc=0.9938, Val Acc=0.7968
Epoch 50/150: Train Loss=0.0094, Train Acc=0.9975, Val Acc=0.8028
Epoch 60/150: Train Loss=0.0063, Train Acc=0.9984, Val Acc=0.8058
Epoch 70/150: Train Loss=0.0047, Train Acc=0.9990, Val Acc=0.8044
Epoch 80/150: Train Loss=0.0047, Train Acc=0.9989, Val Acc=0.8042
Early stopping at epoch 81
shadow 9/16: training on D_r + 1131 of D_f
Epoch 10/150: Train Loss=0.7984, Train Acc=0.7379, Val Acc=0.6880
Epoch 20/150: Train Loss=0.3604, Train Acc=0.8793, Val Acc=0.7466
Epoch 30/150: Train Loss=0.0652, Train Acc=0.9787, Val Acc=0.7946
Epoch 40/150: Train Loss=0.0217, Train Acc=0.9935, Val Acc=0.8016
Epoch 50/150: Train Loss=0.0092, Train Acc=0.9977, Val Acc=0.8054
Epoch 60/150: Train Loss=0.0069, Train Acc=0.9985, Val Acc=0.8076
Epoch 70/150: Train Loss=0.0064, Train Acc=0.9985, Val Acc=0.8054
Early stopping at epoch 72
shadow 10/16: training on D_r + 1137 of D_f
Epoch 10/150: Train Loss=0.7821, Train Acc=0.7436, Val Acc=0.6942
Epoch 20/150: Train Loss=0.3557, Train Acc=0.8808, Val Acc=0.7534
Epoch 30/150: Train Loss=0.0559, Train Acc=0.9821, Val Acc=0.8008
Epoch 40/150: Train Loss=0.0188, Train Acc=0.9948, Val Acc=0.8056
Epoch 50/150: Train Loss=0.0105, Train Acc=0.9973, Val Acc=0.8036
Epoch 60/150: Train Loss=0.0086, Train Acc=0.9977, Val Acc=0.8062
Epoch 70/150: Train Loss=0.0077, Train Acc=0.9979, Val Acc=0.8068
Epoch 80/150: Train Loss=0.0074, Train Acc=0.9982, Val Acc=0.8056
Epoch 90/150: Train Loss=0.0077, Train Acc=0.9981, Val Acc=0.8044
Early stopping at epoch 93
shadow 11/16: training on D_r + 1181 of D_f
Epoch 10/150: Train Loss=0.7967, Train Acc=0.7373, Val Acc=0.6852
Epoch 20/150: Train Loss=0.3576, Train Acc=0.8798, Val Acc=0.7518
Epoch 30/150: Train Loss=0.0910, Train Acc=0.9692, Val Acc=0.7840
Epoch 40/150: Train Loss=0.0183, Train Acc=0.9946, Val Acc=0.7948
Epoch 50/150: Train Loss=0.0096, Train Acc=0.9974, Val Acc=0.7950
Early stopping at epoch 57
shadow 12/16: training on D_r + 1141 of D_f
Epoch 10/150: Train Loss=0.8037, Train Acc=0.7356, Val Acc=0.7046
Epoch 20/150: Train Loss=0.3609, Train Acc=0.8783, Val Acc=0.7606
Epoch 30/150: Train Loss=0.0579, Train Acc=0.9820, Val Acc=0.7890
Epoch 40/150: Train Loss=0.0221, Train Acc=0.9931, Val Acc=0.7960
Epoch 50/150: Train Loss=0.0113, Train Acc=0.9969, Val Acc=0.8032
Epoch 60/150: Train Loss=0.0080, Train Acc=0.9981, Val Acc=0.8034
Epoch 70/150: Train Loss=0.0077, Train Acc=0.9983, Val Acc=0.8046
Epoch 80/150: Train Loss=0.0076, Train Acc=0.9981, Val Acc=0.8062
Epoch 90/150: Train Loss=0.0071, Train Acc=0.9983, Val Acc=0.8052
Early stopping at epoch 94
shadow 13/16: training on D_r + 1120 of D_f
Epoch 10/150: Train Loss=0.7852, Train Acc=0.7411, Val Acc=0.6788
Epoch 20/150: Train Loss=0.3562, Train Acc=0.8798, Val Acc=0.7558
Epoch 30/150: Train Loss=0.0969, Train Acc=0.9674, Val Acc=0.7826
Epoch 40/150: Train Loss=0.0198, Train Acc=0.9940, Val Acc=0.7986
Epoch 50/150: Train Loss=0.0095, Train Acc=0.9977, Val Acc=0.8054
Epoch 60/150: Train Loss=0.0070, Train Acc=0.9984, Val Acc=0.8096
Early stopping at epoch 64
shadow 14/16: training on D_r + 1092 of D_f
Epoch 10/150: Train Loss=0.7920, Train Acc=0.7419, Val Acc=0.6728
Epoch 20/150: Train Loss=0.3911, Train Acc=0.8668, Val Acc=0.7454
Epoch 30/150: Train Loss=0.1185, Train Acc=0.9589, Val Acc=0.7752
Epoch 40/150: Train Loss=0.0271, Train Acc=0.9917, Val Acc=0.7928
Epoch 50/150: Train Loss=0.0124, Train Acc=0.9969, Val Acc=0.7970
Epoch 60/150: Train Loss=0.0107, Train Acc=0.9972, Val Acc=0.7996
Epoch 70/150: Train Loss=0.0086, Train Acc=0.9981, Val Acc=0.7982
Early stopping at epoch 79
shadow 15/16: training on D_r + 1154 of D_f
Epoch 10/150: Train Loss=0.7760, Train Acc=0.7475, Val Acc=0.6992
Traceback (most recent call last):
    main()
    ULiRA(parse_args()).run()
    shadows = [self.shadow(k) for k in range(self.args.shadows)]
              ^^^^^^^^^^^^^^^^^^^^^^^^^^^^^^^^^^^^^^^^^^^^^^^^^^
    shadows = [self.shadow(k) for k in range(self.args.shadows)]
               ^^^^^^^^^^^^^^
    model, _ = train_baseline_model(
               ^^^^^^^^^^^^^^^^^^^^^
    for inputs, targets in train_loader:
  File "/opt/conda/lib/python3.11/site-packages/torch/utils/data/dataloader.py", line 733, in __next__
    data = self._next_data()
           ^^^^^^^^^^^^^^^^^
  File "/opt/conda/lib/python3.11/site-packages/torch/utils/data/dataloader.py", line 1515, in _next_data
    return self._process_data(data, worker_id)
           ^^^^^^^^^^^^^^^^^^^^^^^^^^^^^^^^^^^
  File "/opt/conda/lib/python3.11/site-packages/torch/utils/data/dataloader.py", line 1550, in _process_data
    data.reraise()
  File "/opt/conda/lib/python3.11/site-packages/torch/_utils.py", line 750, in reraise
    raise exception
RuntimeError: Caught RuntimeError in DataLoader worker process 1.
Original Traceback (most recent call last):
  File "/opt/conda/lib/python3.11/site-packages/torch/utils/data/_utils/worker.py", line 349, in _worker_loop
    data = fetcher.fetch(index)  # type: ignore[possibly-undefined]
           ^^^^^^^^^^^^^^^^^^^^
  File "/opt/conda/lib/python3.11/site-packages/torch/utils/data/_utils/fetch.py", line 55, in fetch
    return self.collate_fn(data)
           ^^^^^^^^^^^^^^^^^^^^^
  File "/opt/conda/lib/python3.11/site-packages/torch/utils/data/_utils/collate.py", line 398, in default_collate
    return collate(batch, collate_fn_map=default_collate_fn_map)
           ^^^^^^^^^^^^^^^^^^^^^^^^^^^^^^^^^^^^^^^^^^^^^^^^^^^^^
  File "/opt/conda/lib/python3.11/site-packages/torch/utils/data/_utils/collate.py", line 211, in collate
    return [
           ^
  File "/opt/conda/lib/python3.11/site-packages/torch/utils/data/_utils/collate.py", line 212, in <listcomp>
    collate(samples, collate_fn_map=collate_fn_map)
  File "/opt/conda/lib/python3.11/site-packages/torch/utils/data/_utils/collate.py", line 155, in collate
    return collate_fn_map[elem_type](batch, collate_fn_map=collate_fn_map)
           ^^^^^^^^^^^^^^^^^^^^^^^^^^^^^^^^^^^^^^^^^^^^^^^^^^^^^^^^^^^^^^^
  File "/opt/conda/lib/python3.11/site-packages/torch/utils/data/_utils/collate.py", line 270, in collate_tensor_fn
    storage = elem._typed_storage()._new_shared(numel, device=elem.device)
              ^^^^^^^^^^^^^^^^^^^^^^^^^^^^^^^^^^^^^^^^^^^^^^^^^^^^^^^^^^^^
  File "/opt/conda/lib/python3.11/site-packages/torch/storage.py", line 1198, in _new_shared
    untyped_storage = torch.UntypedStorage._new_shared(
                      ^^^^^^^^^^^^^^^^^^^^^^^^^^^^^^^^^
  File "/opt/conda/lib/python3.11/site-packages/torch/storage.py", line 412, in _new_shared
    return cls._new_using_fd_cpu(size)
           ^^^^^^^^^^^^^^^^^^^^^^^^^^^
RuntimeError: unable to write to file </torch_3606561_665190640_282>: No space left on device (28)

loaded shared source and Amnesiac ledger
loaded shared Retrain reference
shadow 15/16: training on D_r + 1154 of D_f
Epoch 10/150: Train Loss=0.7815, Train Acc=0.7442, Val Acc=0.6986
Epoch 20/150: Train Loss=0.3585, Train Acc=0.8781, Val Acc=0.7538
Epoch 30/150: Train Loss=0.0629, Train Acc=0.9800, Val Acc=0.7942
Epoch 40/150: Train Loss=0.0225, Train Acc=0.9931, Val Acc=0.7982
Epoch 50/150: Train Loss=0.0097, Train Acc=0.9977, Val Acc=0.8082
Epoch 60/150: Train Loss=0.0076, Train Acc=0.9981, Val Acc=0.8040
Early stopping at epoch 66
baseline: unlearning 16 shadows
  AUC=100.00 TPR@1%FPR=100.00 bal.acc=95.84
finetune: unlearning 16 shadows
  AUC=99.94 TPR@1%FPR=99.51 bal.acc=92.82
ssd: unlearning 16 shadows
  AUC=97.92 TPR@1%FPR=55.64 bal.acc=81.44
badteacher: unlearning 16 shadows
  AUC=100.00 TPR@1%FPR=100.00 bal.acc=97.67
unsir: unlearning 16 shadows
  AUC=100.00 TPR@1%FPR=100.00 bal.acc=92.60
scrub: unlearning 16 shadows
  AUC=51.68 TPR@1%FPR=1.09 bal.acc=50.04
mmu: unlearning 16 shadows
  AUC=66.11 TPR@1%FPR=4.04 bal.acc=50.18
salun: unlearning 16 shadows
  AUC=99.94 TPR@1%FPR=98.98 bal.acc=93.76
uniclun: unlearning 16 shadows
  AUC=99.93 TPR@1%FPR=99.29 bal.acc=93.22
