loaded shared source and Amnesiac ledger
loaded shared Retrain reference
shadow 0/16: training on D_r + 227 of D_f
Epoch 10/150: Train Loss=0.8315, Train Acc=0.7304, Val Acc=0.6934
Epoch 20/150: Train Loss=0.4525, Train Acc=0.8495, Val Acc=0.7344
Epoch 30/150: Train Loss=0.1613, Train Acc=0.9466, Val Acc=0.7814
Epoch 40/150: Train Loss=0.0618, Train Acc=0.9799, Val Acc=0.7854
Epoch 50/150: Train Loss=0.0259, Train Acc=0.9919, Val Acc=0.7948
Epoch 60/150: Train Loss=0.0193, Train Acc=0.9943, Val Acc=0.7960
Epoch 70/150: Train Loss=0.0162, Train Acc=0.9953, Val Acc=0.7978
Epoch 80/150: Train Loss=0.0163, Train Acc=0.9953, Val Acc=0.7996
Epoch 90/150: Train Loss=0.0154, Train Acc=0.9958, Val Acc=0.7956
Early stopping at epoch 95
shadow 1/16: training on D_r + 222 of D_f
Epoch 10/150: Train Loss=0.8146, Train Acc=0.7349, Val Acc=0.6702
Epoch 20/150: Train Loss=0.4439, Train Acc=0.8521, Val Acc=0.7324
Epoch 30/150: Train Loss=0.1643, Train Acc=0.9430, Val Acc=0.7792
Epoch 40/150: Train Loss=0.0512, Train Acc=0.9838, Val Acc=0.7992
Epoch 50/150: Train Loss=0.0286, Train Acc=0.9913, Val Acc=0.7994
Epoch 60/150: Train Loss=0.0242, Train Acc=0.9929, Val Acc=0.8046
Epoch 70/150: Train Loss=0.0232, Train Acc=0.9934, Val Acc=0.8018
Epoch 80/150: Train Loss=0.0218, Train Acc=0.9935, Val Acc=0.8026
Early stopping at epoch 81
shadow 2/16: training on D_r + 219 of D_f
Epoch 10/150: Train Loss=0.8218, Train Acc=0.7320, Val Acc=0.6870
Epoch 20/150: Train Loss=0.4563, Train Acc=0.8466, Val Acc=0.7278
Epoch 30/150: Train Loss=0.1738, Train Acc=0.9401, Val Acc=0.7826
Epoch 40/150: Train Loss=0.0547, Train Acc=0.9829, Val Acc=0.7898
Epoch 50/150: Train Loss=0.0331, Train Acc=0.9901, Val Acc=0.7986
Epoch 60/150: Train Loss=0.0263, Train Acc=0.9924, Val Acc=0.8002
Epoch 70/150: Train Loss=0.0235, Train Acc=0.9929, Val Acc=0.7994
Epoch 80/150: Train Loss=0.0245, Train Acc=0.9926, Val Acc=0.8024
Early stopping at epoch 89
shadow 3/16: training on D_r + 213 of D_f
Epoch 10/150: Train Loss=0.8212, Train Acc=0.7313, Val Acc=0.6892
Epoch 20/150: Train Loss=0.4436, Train Acc=0.8502, Val Acc=0.7518
Epoch 30/150: Train Loss=0.1195, Train Acc=0.9605, Val Acc=0.7842
Epoch 40/150: Train Loss=0.0573, Train Acc=0.9818, Val Acc=0.7962
Epoch 50/150: Train Loss=0.0338, Train Acc=0.9896, Val Acc=0.7986
Epoch 60/150: Train Loss=0.0290, Train Acc=0.9913, Val Acc=0.7966
Early stopping at epoch 65
shadow 4/16: training on D_r + 208 of D_f
Epoch 10/150: Train Loss=0.8280, Train Acc=0.7297, Val Acc=0.6870
Epoch 20/150: Train Loss=0.4514, Train Acc=0.8506, Val Acc=0.7460
Epoch 30/150: Train Loss=0.1629, Train Acc=0.9454, Val Acc=0.7786
Epoch 40/150: Train Loss=0.0469, Train Acc=0.9852, Val Acc=0.7908
Epoch 50/150: Train Loss=0.0282, Train Acc=0.9917, Val Acc=0.7938
Epoch 60/150: Train Loss=0.0219, Train Acc=0.9937, Val Acc=0.7982
Early stopping at epoch 69
shadow 5/16: training on D_r + 228 of D_f
Epoch 10/150: Train Loss=0.8292, Train Acc=0.7293, Val Acc=0.6984
Epoch 20/150: Train Loss=0.4564, Train Acc=0.8478, Val Acc=0.7504
Epoch 30/150: Train Loss=0.1636, Train Acc=0.9443, Val Acc=0.7740
Epoch 40/150: Train Loss=0.0501, Train Acc=0.9838, Val Acc=0.7840
Epoch 50/150: Train Loss=0.0303, Train Acc=0.9904, Val Acc=0.7868
Epoch 60/150: Train Loss=0.0223, Train Acc=0.9933, Val Acc=0.7904
Epoch 70/150: Train Loss=0.0192, Train Acc=0.9941, Val Acc=0.7900
Epoch 80/150: Train Loss=0.0193, Train Acc=0.9943, Val Acc=0.7928
Epoch 90/150: Train Loss=0.0187, Train Acc=0.9948, Val Acc=0.7910
Early stopping at epoch 94
shadow 6/16: training on D_r + 229 of D_f
Epoch 10/150: Train Loss=0.8241, Train Acc=0.7312, Val Acc=0.6888
Epoch 20/150: Train Loss=0.4501, Train Acc=0.8503, Val Acc=0.7350
Epoch 30/150: Train Loss=0.1250, Train Acc=0.9591, Val Acc=0.7814
Epoch 40/150: Train Loss=0.0557, Train Acc=0.9820, Val Acc=0.7906
Epoch 50/150: Train Loss=0.0330, Train Acc=0.9900, Val Acc=0.7974
Epoch 60/150: Train Loss=0.0259, Train Acc=0.9923, Val Acc=0.7958
Epoch 70/150: Train Loss=0.0259, Train Acc=0.9924, Val Acc=0.7948
Early stopping at epoch 70
shadow 7/16: training on D_r + 244 of D_f
Epoch 10/150: Train Loss=0.8168, Train Acc=0.7337, Val Acc=0.7038
Epoch 20/150: Train Loss=0.4442, Train Acc=0.8512, Val Acc=0.7462
Epoch 30/150: Train Loss=0.1645, Train Acc=0.9435, Val Acc=0.7802
Epoch 40/150: Train Loss=0.0501, Train Acc=0.9840, Val Acc=0.7956
Epoch 50/150: Train Loss=0.0283, Train Acc=0.9911, Val Acc=0.7976
Epoch 60/150: Train Loss=0.0235, Train Acc=0.9931, Val Acc=0.7976
Epoch 70/150: Train Loss=0.0201, Train Acc=0.9942, Val Acc=0.8008
Early stopping at epoch 72
shadow 8/16: training on D_r + 237 of D_f
Epoch 10/150: Train Loss=0.8196, Train Acc=0.7314, Val Acc=0.7034
Epoch 20/150: Train Loss=0.4493, Train Acc=0.8494, Val Acc=0.7522
Epoch 30/150: Train Loss=0.1563, Train Acc=0.9469, Val Acc=0.7804
Epoch 40/150: Train Loss=0.0523, Train Acc=0.9827, Val Acc=0.7964
Epoch 50/150: Train Loss=0.0274, Train Acc=0.9912, Val Acc=0.7940
Early stopping at epoch 55
shadow 9/16: training on D_r + 221 of D_f
Epoch 10/150: Train Loss=0.8099, Train Acc=0.7360, Val Acc=0.6776
Epoch 20/150: Train Loss=0.4414, Train Acc=0.8538, Val Acc=0.7502
Epoch 30/150: Train Loss=0.1656, Train Acc=0.9431, Val Acc=0.7710
Epoch 40/150: Train Loss=0.0514, Train Acc=0.9834, Val Acc=0.7824
Epoch 50/150: Train Loss=0.0284, Train Acc=0.9918, Val Acc=0.7914
Epoch 60/150: Train Loss=0.0250, Train Acc=0.9928, Val Acc=0.7880
Early stopping at epoch 63
shadow 10/16: training on D_r + 210 of D_f
Epoch 10/150: Train Loss=0.8390, Train Acc=0.7252, Val Acc=0.6778
Epoch 20/150: Train Loss=0.4618, Train Acc=0.8437, Val Acc=0.7404
Epoch 30/150: Train Loss=0.1660, Train Acc=0.9425, Val Acc=0.7662
Epoch 40/150: Train Loss=0.0528, Train Acc=0.9834, Val Acc=0.7810
Early stopping at epoch 47
shadow 11/16: training on D_r + 246 of D_f
Epoch 10/150: Train Loss=0.8012, Train Acc=0.7388, Val Acc=0.6810
Epoch 20/150: Train Loss=0.4419, Train Acc=0.8528, Val Acc=0.7328
Epoch 30/150: Train Loss=0.1185, Train Acc=0.9614, Val Acc=0.7864
Epoch 40/150: Train Loss=0.0542, Train Acc=0.9817, Val Acc=0.7900
Epoch 50/150: Train Loss=0.0304, Train Acc=0.9906, Val Acc=0.7948
Epoch 60/150: Train Loss=0.0257, Train Acc=0.9920, Val Acc=0.7934
Epoch 70/150: Train Loss=0.0231, Train Acc=0.9933, Val Acc=0.7928
Early stopping at epoch 74
shadow 12/16: training on D_r + 219 of D_f
Epoch 10/150: Train Loss=0.8272, Train Acc=0.7298, Val Acc=0.6990
Epoch 20/150: Train Loss=0.4441, Train Acc=0.8508, Val Acc=0.7422
Epoch 30/150: Train Loss=0.1279, Train Acc=0.9573, Val Acc=0.7876
Epoch 40/150: Train Loss=0.0543, Train Acc=0.9826, Val Acc=0.7888
Epoch 50/150: Train Loss=0.0312, Train Acc=0.9904, Val Acc=0.7928
Early stopping at epoch 58
shadow 13/16: training on D_r + 226 of D_f
Epoch 10/150: Train Loss=0.8230, Train Acc=0.7305, Val Acc=0.7102
Epoch 20/150: Train Loss=0.4439, Train Acc=0.8544, Val Acc=0.7414
Epoch 30/150: Train Loss=0.1634, Train Acc=0.9455, Val Acc=0.7810
Epoch 40/150: Train Loss=0.0505, Train Acc=0.9837, Val Acc=0.7932
Epoch 50/150: Train Loss=0.0290, Train Acc=0.9912, Val Acc=0.7990
Early stopping at epoch 53
shadow 14/16: training on D_r + 229 of D_f
Epoch 10/150: Train Loss=0.8066, Train Acc=0.7335, Val Acc=0.6816
Epoch 20/150: Train Loss=0.4375, Train Acc=0.8529, Val Acc=0.7538
Epoch 30/150: Train Loss=0.1615, Train Acc=0.9447, Val Acc=0.7704
Epoch 40/150: Train Loss=0.0488, Train Acc=0.9842, Val Acc=0.7850
Epoch 50/150: Train Loss=0.0269, Train Acc=0.9916, Val Acc=0.7896
Epoch 60/150: Train Loss=0.0218, Train Acc=0.9934, Val Acc=0.7916
Epoch 70/150: Train Loss=0.0196, Train Acc=0.9942, Val Acc=0.7922
Early stopping at epoch 76
shadow 15/16: training on D_r + 222 of D_f
Epoch 10/150: Train Loss=0.8349, Train Acc=0.7257, Val Acc=0.6988
Epoch 20/150: Train Loss=0.4548, Train Acc=0.8480, Val Acc=0.7512
Epoch 30/150: Train Loss=0.1249, Train Acc=0.9586, Val Acc=0.7824
Epoch 40/150: Train Loss=0.0605, Train Acc=0.9803, Val Acc=0.7872
Epoch 50/150: Train Loss=0.0381, Train Acc=0.9881, Val Acc=0.7920
Epoch 60/150: Train Loss=0.0308, Train Acc=0.9905, Val Acc=0.7900
Epoch 70/150: Train Loss=0.0296, Train Acc=0.9908, Val Acc=0.7928
Early stopping at epoch 70
baseline: unlearning 16 shadows
  AUC=81.57 TPR@1%FPR=9.33 bal.acc=75.11
finetune: unlearning 16 shadows
  AUC=78.34 TPR@1%FPR=9.11 bal.acc=71.33
ssd: unlearning 16 shadows
  AUC=50.69 TPR@1%FPR=0.44 bal.acc=50.67
badteacher: unlearning 16 shadows
  AUC=92.72 TPR@1%FPR=3.33 bal.acc=86.33
unsir: unlearning 16 shadows
  AUC=61.42 TPR@1%FPR=5.33 bal.acc=55.78
scrub: unlearning 16 shadows
  AUC=80.74 TPR@1%FPR=8.44 bal.acc=74.44
mmu: unlearning 16 shadows
  AUC=62.77 TPR@1%FPR=2.44 bal.acc=59.11
salun: unlearning 16 shadows
  AUC=43.61 TPR@1%FPR=0.00 bal.acc=49.89
uniclun: unlearning 16 shadows
  AUC=75.70 TPR@1%FPR=0.00 bal.acc=69.44
