loaded shared source and Amnesiac ledger
loaded shared Retrain reference
shadow 0/16: training on D_r + 227 of D_f
Epoch 10/150: Train Loss=0.7928, Train Acc=0.7393, Val Acc=0.7142
Epoch 20/150: Train Loss=0.3573, Train Acc=0.8788, Val Acc=0.7604
Epoch 30/150: Train Loss=0.0939, Train Acc=0.9670, Val Acc=0.7852
Epoch 40/150: Train Loss=0.0201, Train Acc=0.9942, Val Acc=0.8036
Epoch 50/150: Train Loss=0.0094, Train Acc=0.9974, Val Acc=0.8098
Epoch 60/150: Train Loss=0.0069, Train Acc=0.9982, Val Acc=0.8122
Early stopping at epoch 66
shadow 1/16: training on D_r + 222 of D_f
Epoch 10/150: Train Loss=0.7804, Train Acc=0.7437, Val Acc=0.7036
Epoch 20/150: Train Loss=0.3564, Train Acc=0.8803, Val Acc=0.7672
Epoch 30/150: Train Loss=0.0615, Train Acc=0.9803, Val Acc=0.8014
Epoch 40/150: Train Loss=0.0206, Train Acc=0.9942, Val Acc=0.8134
Epoch 50/150: Train Loss=0.0123, Train Acc=0.9968, Val Acc=0.8124
Epoch 60/150: Train Loss=0.0096, Train Acc=0.9977, Val Acc=0.8184
Epoch 70/150: Train Loss=0.0088, Train Acc=0.9979, Val Acc=0.8196
Epoch 80/150: Train Loss=0.0081, Train Acc=0.9980, Val Acc=0.8184
Epoch 90/150: Train Loss=0.0080, Train Acc=0.9980, Val Acc=0.8182
Early stopping at epoch 91
shadow 2/16: training on D_r + 219 of D_f
Epoch 10/150: Train Loss=0.8030, Train Acc=0.7372, Val Acc=0.6994
Epoch 20/150: Train Loss=0.3560, Train Acc=0.8790, Val Acc=0.7620
Epoch 30/150: Train Loss=0.0636, Train Acc=0.9799, Val Acc=0.8066
Epoch 40/150: Train Loss=0.0219, Train Acc=0.9927, Val Acc=0.8116
Epoch 50/150: Train Loss=0.0096, Train Acc=0.9975, Val Acc=0.8166
Epoch 60/150: Train Loss=0.0078, Train Acc=0.9979, Val Acc=0.8144
Epoch 70/150: Train Loss=0.0068, Train Acc=0.9984, Val Acc=0.8144
Epoch 80/150: Train Loss=0.0071, Train Acc=0.9981, Val Acc=0.8172
Epoch 90/150: Train Loss=0.0065, Train Acc=0.9985, Val Acc=0.8124
Epoch 100/150: Train Loss=0.0064, Train Acc=0.9984, Val Acc=0.8164
Epoch 110/150: Train Loss=0.0065, Train Acc=0.9985, Val Acc=0.8162
Early stopping at epoch 110
shadow 3/16: training on D_r + 213 of D_f
Epoch 10/150: Train Loss=0.8468, Train Acc=0.7216, Val Acc=0.6842
Epoch 20/150: Train Loss=0.3812, Train Acc=0.8703, Val Acc=0.7612
Epoch 30/150: Train Loss=0.0971, Train Acc=0.9662, Val Acc=0.7876
Epoch 40/150: Train Loss=0.0189, Train Acc=0.9948, Val Acc=0.8000
Epoch 50/150: Train Loss=0.0097, Train Acc=0.9975, Val Acc=0.8024
Epoch 60/150: Train Loss=0.0074, Train Acc=0.9981, Val Acc=0.8080
Epoch 70/150: Train Loss=0.0063, Train Acc=0.9986, Val Acc=0.8088
Early stopping at epoch 79
shadow 4/16: training on D_r + 208 of D_f
Epoch 10/150: Train Loss=0.7730, Train Acc=0.7473, Val Acc=0.7052
Epoch 20/150: Train Loss=0.2350, Train Acc=0.9207, Val Acc=0.7940
Epoch 30/150: Train Loss=0.0622, Train Acc=0.9798, Val Acc=0.8044
Epoch 40/150: Train Loss=0.0212, Train Acc=0.9933, Val Acc=0.8096
Epoch 50/150: Train Loss=0.0130, Train Acc=0.9965, Val Acc=0.8100
Epoch 60/150: Train Loss=0.0106, Train Acc=0.9972, Val Acc=0.8136
Epoch 70/150: Train Loss=0.0090, Train Acc=0.9979, Val Acc=0.8092
Early stopping at epoch 78
shadow 5/16: training on D_r + 228 of D_f
Epoch 10/150: Train Loss=0.7893, Train Acc=0.7396, Val Acc=0.7102
Epoch 20/150: Train Loss=0.3565, Train Acc=0.8790, Val Acc=0.7644
Epoch 30/150: Train Loss=0.0974, Train Acc=0.9660, Val Acc=0.7916
Epoch 40/150: Train Loss=0.0214, Train Acc=0.9935, Val Acc=0.8088
Epoch 50/150: Train Loss=0.0101, Train Acc=0.9974, Val Acc=0.8114
Epoch 60/150: Train Loss=0.0072, Train Acc=0.9981, Val Acc=0.8178
Epoch 70/150: Train Loss=0.0062, Train Acc=0.9988, Val Acc=0.8182
Epoch 80/150: Train Loss=0.0067, Train Acc=0.9981, Val Acc=0.8170
Early stopping at epoch 86
shadow 6/16: training on D_r + 229 of D_f
Epoch 10/150: Train Loss=0.7840, Train Acc=0.7438, Val Acc=0.6958
Epoch 20/150: Train Loss=0.3626, Train Acc=0.8782, Val Acc=0.7554
Epoch 30/150: Train Loss=0.0651, Train Acc=0.9785, Val Acc=0.7980
Epoch 40/150: Train Loss=0.0221, Train Acc=0.9928, Val Acc=0.7996
Epoch 50/150: Train Loss=0.0110, Train Acc=0.9969, Val Acc=0.8076
Early stopping at epoch 57
shadow 7/16: training on D_r + 244 of D_f
Epoch 10/150: Train Loss=0.8006, Train Acc=0.7356, Val Acc=0.6934
Epoch 20/150: Train Loss=0.3624, Train Acc=0.8783, Val Acc=0.7586
Epoch 30/150: Train Loss=0.0649, Train Acc=0.9782, Val Acc=0.7966
Epoch 40/150: Train Loss=0.0226, Train Acc=0.9930, Val Acc=0.8032
Epoch 50/150: Train Loss=0.0110, Train Acc=0.9971, Val Acc=0.8036
Epoch 60/150: Train Loss=0.0088, Train Acc=0.9977, Val Acc=0.8066
Epoch 70/150: Train Loss=0.0077, Train Acc=0.9981, Val Acc=0.8092
Early stopping at epoch 72
shadow 8/16: training on D_r + 237 of D_f
Epoch 10/150: Train Loss=0.8161, Train Acc=0.7325, Val Acc=0.6864
Epoch 20/150: Train Loss=0.3666, Train Acc=0.8768, Val Acc=0.7554
Epoch 30/150: Train Loss=0.0937, Train Acc=0.9676, Val Acc=0.7972
Epoch 40/150: Train Loss=0.0204, Train Acc=0.9935, Val Acc=0.8110
Epoch 50/150: Train Loss=0.0104, Train Acc=0.9973, Val Acc=0.8144
Epoch 60/150: Train Loss=0.0076, Train Acc=0.9980, Val Acc=0.8146
Epoch 70/150: Train Loss=0.0058, Train Acc=0.9987, Val Acc=0.8166
Early stopping at epoch 79
shadow 9/16: training on D_r + 221 of D_f
Epoch 10/150: Train Loss=0.8063, Train Acc=0.7339, Val Acc=0.7230
Epoch 20/150: Train Loss=0.3640, Train Acc=0.8778, Val Acc=0.7644
Epoch 30/150: Train Loss=0.0597, Train Acc=0.9805, Val Acc=0.8034
Epoch 40/150: Train Loss=0.0223, Train Acc=0.9932, Val Acc=0.8050
Epoch 50/150: Train Loss=0.0109, Train Acc=0.9972, Val Acc=0.8092
Epoch 60/150: Train Loss=0.0084, Train Acc=0.9978, Val Acc=0.8116
Epoch 70/150: Train Loss=0.0075, Train Acc=0.9983, Val Acc=0.8118
Epoch 80/150: Train Loss=0.0067, Train Acc=0.9986, Val Acc=0.8160
Early stopping at epoch 80
shadow 10/16: training on D_r + 210 of D_f
Epoch 10/150: Train Loss=0.8026, Train Acc=0.7368, Val Acc=0.6936
Epoch 20/150: Train Loss=0.3539, Train Acc=0.8803, Val Acc=0.7564
Epoch 30/150: Train Loss=0.0604, Train Acc=0.9803, Val Acc=0.7978
Epoch 40/150: Train Loss=0.0191, Train Acc=0.9946, Val Acc=0.8088
Epoch 50/150: Train Loss=0.0108, Train Acc=0.9974, Val Acc=0.8056
Early stopping at epoch 56
shadow 11/16: training on D_r + 246 of D_f
Epoch 10/150: Train Loss=0.7858, Train Acc=0.7405, Val Acc=0.6954
Epoch 20/150: Train Loss=0.2486, Train Acc=0.9174, Val Acc=0.7924
Epoch 30/150: Train Loss=0.0629, Train Acc=0.9794, Val Acc=0.8028
Epoch 40/150: Train Loss=0.0209, Train Acc=0.9939, Val Acc=0.8154
Epoch 50/150: Train Loss=0.0127, Train Acc=0.9966, Val Acc=0.8176
Epoch 60/150: Train Loss=0.0099, Train Acc=0.9975, Val Acc=0.8176
Early stopping at epoch 66
shadow 12/16: training on D_r + 219 of D_f
Epoch 10/150: Train Loss=0.8020, Train Acc=0.7362, Val Acc=0.7156
Epoch 20/150: Train Loss=0.3608, Train Acc=0.8769, Val Acc=0.7536
Epoch 30/150: Train Loss=0.0608, Train Acc=0.9802, Val Acc=0.7972
Epoch 40/150: Train Loss=0.0232, Train Acc=0.9929, Val Acc=0.8058
Epoch 50/150: Train Loss=0.0118, Train Acc=0.9966, Val Acc=0.8110
Epoch 60/150: Train Loss=0.0096, Train Acc=0.9974, Val Acc=0.8116
Epoch 70/150: Train Loss=0.0082, Train Acc=0.9977, Val Acc=0.8126
Epoch 80/150: Train Loss=0.0083, Train Acc=0.9978, Val Acc=0.8086
Early stopping at epoch 87
shadow 13/16: training on D_r + 226 of D_f
Epoch 10/150: Train Loss=0.7821, Train Acc=0.7428, Val Acc=0.7082
Epoch 20/150: Train Loss=0.3551, Train Acc=0.8789, Val Acc=0.7672
Epoch 30/150: Train Loss=0.0641, Train Acc=0.9789, Val Acc=0.8004
Epoch 40/150: Train Loss=0.0207, Train Acc=0.9935, Val Acc=0.8014
Epoch 50/150: Train Loss=0.0094, Train Acc=0.9976, Val Acc=0.8066
Epoch 60/150: Train Loss=0.0070, Train Acc=0.9983, Val Acc=0.8062
Traceback (most recent call last):
    main()
    ULiRA(parse_args()).run()
    shadows = [self.shadow(k) for k in range(self.args.shadows)]
              ^^^^^^^^^^^^^^^^^^^^^^^^^^^^^^^^^^^^^^^^^^^^^^^^^^
    shadows = [self.shadow(k) for k in range(self.args.shadows)]
               ^^^^^^^^^^^^^^
    model, _ = train_baseline_model(
               ^^^^^^^^^^^^^^^^^^^^^
    for inputs, targets in train_loader:
  File "/opt/conda/lib/python3.11/site-packages/torch/utils/data/dataloader.py", line 733, in __next__
    data = self._next_data()
           ^^^^^^^^^^^^^^^^^
  File "/opt/conda/lib/python3.11/site-packages/torch/utils/data/dataloader.py", line 1515, in _next_data
    return self._process_data(data, worker_id)
           ^^^^^^^^^^^^^^^^^^^^^^^^^^^^^^^^^^^
  File "/opt/conda/lib/python3.11/site-packages/torch/utils/data/dataloader.py", line 1550, in _process_data
    data.reraise()
  File "/opt/conda/lib/python3.11/site-packages/torch/_utils.py", line 750, in reraise
    raise exception
RuntimeError: Caught RuntimeError in DataLoader worker process 1.
Original Traceback (most recent call last):
  File "/opt/conda/lib/python3.11/site-packages/torch/utils/data/_utils/worker.py", line 349, in _worker_loop
    data = fetcher.fetch(index)  # type: ignore[possibly-undefined]
           ^^^^^^^^^^^^^^^^^^^^
  File "/opt/conda/lib/python3.11/site-packages/torch/utils/data/_utils/fetch.py", line 55, in fetch
    return self.collate_fn(data)
           ^^^^^^^^^^^^^^^^^^^^^
  File "/opt/conda/lib/python3.11/site-packages/torch/utils/data/_utils/collate.py", line 398, in default_collate
    return collate(batch, collate_fn_map=default_collate_fn_map)
           ^^^^^^^^^^^^^^^^^^^^^^^^^^^^^^^^^^^^^^^^^^^^^^^^^^^^^
  File "/opt/conda/lib/python3.11/site-packages/torch/utils/data/_utils/collate.py", line 211, in collate
    return [
           ^
  File "/opt/conda/lib/python3.11/site-packages/torch/utils/data/_utils/collate.py", line 212, in <listcomp>
    collate(samples, collate_fn_map=collate_fn_map)
  File "/opt/conda/lib/python3.11/site-packages/torch/utils/data/_utils/collate.py", line 155, in collate
    return collate_fn_map[elem_type](batch, collate_fn_map=collate_fn_map)
           ^^^^^^^^^^^^^^^^^^^^^^^^^^^^^^^^^^^^^^^^^^^^^^^^^^^^^^^^^^^^^^^
  File "/opt/conda/lib/python3.11/site-packages/torch/utils/data/_utils/collate.py", line 270, in collate_tensor_fn
    storage = elem._typed_storage()._new_shared(numel, device=elem.device)
              ^^^^^^^^^^^^^^^^^^^^^^^^^^^^^^^^^^^^^^^^^^^^^^^^^^^^^^^^^^^^
  File "/opt/conda/lib/python3.11/site-packages/torch/storage.py", line 1198, in _new_shared
    untyped_storage = torch.UntypedStorage._new_shared(
                      ^^^^^^^^^^^^^^^^^^^^^^^^^^^^^^^^^
  File "/opt/conda/lib/python3.11/site-packages/torch/storage.py", line 412, in _new_shared
    return cls._new_using_fd_cpu(size)
           ^^^^^^^^^^^^^^^^^^^^^^^^^^^
RuntimeError: unable to write to file </torch_3606491_2787851323_350>: No space left on device (28)

loaded shared source and Amnesiac ledger
loaded shared Retrain reference
shadow 13/16: training on D_r + 226 of D_f
Epoch 10/150: Train Loss=0.7840, Train Acc=0.7434, Val Acc=0.6946
Epoch 20/150: Train Loss=0.2510, Train Acc=0.9162, Val Acc=0.7868
Epoch 30/150: Train Loss=0.0634, Train Acc=0.9790, Val Acc=0.7974
Epoch 40/150: Train Loss=0.0211, Train Acc=0.9937, Val Acc=0.8044
Epoch 50/150: Train Loss=0.0128, Train Acc=0.9966, Val Acc=0.8018
Epoch 60/150: Train Loss=0.0096, Train Acc=0.9977, Val Acc=0.8028
Early stopping at epoch 62
shadow 14/16: training on D_r + 229 of D_f
Epoch 10/150: Train Loss=0.8082, Train Acc=0.7357, Val Acc=0.7172
Epoch 20/150: Train Loss=0.3657, Train Acc=0.8746, Val Acc=0.7590
Epoch 30/150: Train Loss=0.0629, Train Acc=0.9792, Val Acc=0.8000
Epoch 40/150: Train Loss=0.0260, Train Acc=0.9919, Val Acc=0.8042
Epoch 50/150: Train Loss=0.0128, Train Acc=0.9964, Val Acc=0.8136
Epoch 60/150: Train Loss=0.0100, Train Acc=0.9973, Val Acc=0.8124
Early stopping at epoch 68
shadow 15/16: training on D_r + 222 of D_f
Epoch 10/150: Train Loss=0.7907, Train Acc=0.7405, Val Acc=0.6858
Epoch 20/150: Train Loss=0.3534, Train Acc=0.8787, Val Acc=0.7630
Epoch 30/150: Train Loss=0.0924, Train Acc=0.9688, Val Acc=0.7886
Epoch 40/150: Train Loss=0.0196, Train Acc=0.9941, Val Acc=0.8092
Epoch 50/150: Train Loss=0.0094, Train Acc=0.9973, Val Acc=0.8060
Early stopping at epoch 56
baseline: unlearning 16 shadows
  AUC=83.18 TPR@1%FPR=17.89 bal.acc=75.44
finetune: unlearning 16 shadows
  AUC=85.04 TPR@1%FPR=24.22 bal.acc=76.22
ssd: unlearning 16 shadows
  AUC=67.69 TPR@1%FPR=7.33 bal.acc=61.67
badteacher: unlearning 16 shadows
  AUC=90.02 TPR@1%FPR=2.67 bal.acc=84.44
unsir: unlearning 16 shadows
  AUC=75.39 TPR@1%FPR=11.56 bal.acc=68.11
scrub: unlearning 16 shadows
  AUC=83.99 TPR@1%FPR=22.22 bal.acc=76.11
mmu: unlearning 16 shadows
  AUC=65.69 TPR@1%FPR=3.78 bal.acc=60.78
salun: unlearning 16 shadows
  AUC=47.02 TPR@1%FPR=0.67 bal.acc=50.11
uniclun: unlearning 16 shadows
  AUC=45.21 TPR@1%FPR=0.44 bal.acc=50.44
