forget class 0 (airplane): |D_f|=5000  |D_r used|=13500 of 45000
FID reference: 5000 real retain-class test images

=== source ===
  -> UA=1.4%  forget-rate=98.6%  FID=16.02  retain-cond-acc=98.2%  t=0s

DONE {
 "source": {
  "UA": 1.4000000432133675,
  "forget_class_rate": 98.60000014305115,
  "retain_cond_acc": 98.2200026512146,
  "FID_retain": 16.01912736843451,
  "unlearn_time_s": 0.0
 }
}
forget class 0 (airplane): |D_f|=5000  |D_r used|=13500 of 45000
FID reference: 5000 real retain-class test images

=== retrain ===
  -> UA=84.0%  forget-rate=16.0%  FID=15.91  retain-cond-acc=97.9%  t=0s

DONE {
 "retrain": {
  "UA": 83.99999737739563,
  "forget_class_rate": 15.999999642372131,
  "retain_cond_acc": 97.8600025177002,
  "FID_retain": 15.914822975310244,
  "unlearn_time_s": 0.1
 }
}
forget class 0 (airplane): |D_f|=5000  |D_r used|=13500 of 45000
FID reference: 5000 real retain-class test images

=== finetune ===
  -> UA=0.6%  forget-rate=99.4%  FID=17.58  retain-cond-acc=97.3%  t=0s

DONE {
 "finetune": {
  "UA": 0.6000000052154064,
  "forget_class_rate": 99.40000176429749,
  "retain_cond_acc": 97.28000164031982,
  "FID_retain": 17.580855212171286,
  "unlearn_time_s": 0.0
 }
}
forget class 0 (airplane): |D_f|=5000  |D_r used|=13500 of 45000
FID reference: 5000 real retain-class test images

=== neggrad ===
  -> UA=100.0%  forget-rate=0.0%  FID=304.80  retain-cond-acc=5.6%  t=0s

DONE {
 "neggrad": {
  "UA": 100.0,
  "forget_class_rate": 0.0,
  "retain_cond_acc": 5.620000138878822,
  "FID_retain": 304.80136588572793,
  "unlearn_time_s": 0.0
 }
}
forget class 0 (airplane): |D_f|=5000  |D_r used|=13500 of 45000
FID reference: 5000 real retain-class test images

=== salun ===
  -> UA=98.4%  forget-rate=1.6%  FID=18.59  retain-cond-acc=96.4%  t=0s

DONE {
 "salun": {
  "UA": 98.4000027179718,
  "forget_class_rate": 1.600000075995922,
  "retain_cond_acc": 96.35999798774719,
  "FID_retain": 18.592610212081752,
  "unlearn_time_s": 0.0
 }
}
forget class 0 (airplane): |D_f|=5000  |D_r used|=13500 of 45000
FID reference: 5000 real retain-class test images

=== mmu_fullwidth ===
  -> UA=86.2%  forget-rate=13.8%  FID=17.66  retain-cond-acc=97.6%  t=0s

DONE {
 "mmu_fullwidth": {
  "UA": 86.19999885559082,
  "forget_class_rate": 13.79999965429306,
  "retain_cond_acc": 97.5600004196167,
  "FID_retain": 17.66309720773046,
  "unlearn_time_s": 0.1
 }
}
forget class 0 (airplane): |D_f|=5000  |D_r used|=13500 of 45000
FID reference: 5000 real retain-class test images

=== mmu ===
  -> UA=49.0%  forget-rate=51.0%  FID=25.72  retain-cond-acc=93.7%  t=0s

DONE {
 "mmu": {
  "UA": 49.000000953674316,
  "forget_class_rate": 50.999999046325684,
  "retain_cond_acc": 93.68000030517578,
  "FID_retain": 25.715146097217826,
  "unlearn_time_s": 0.0
 }
}
forget class 0 (airplane): |D_f|=5000  |D_r used|=13500 of 45000
FID reference: 5000 real retain-class test images

=== mmu_noskip ===
  -> UA=85.2%  forget-rate=14.8%  FID=17.39  retain-cond-acc=97.7%  t=0s

DONE {
 "mmu_noskip": {
  "UA": 85.19999980926514,
  "forget_class_rate": 14.800000190734863,
  "retain_cond_acc": 97.69999980926514,
  "FID_retain": 17.392983662154904,
  "unlearn_time_s": 0.0
 }
}
forget class 0 (airplane): |D_f|=5000  |D_r used|=13500 of 45000
FID reference: 5000 real retain-class test images

=== mmu_retainonly ===
  -> UA=4.4%  forget-rate=95.6%  FID=24.95  retain-cond-acc=94.8%  t=0s

DONE {
 "mmu_retainonly": {
  "UA": 4.399999976158142,
  "forget_class_rate": 95.59999704360962,
  "retain_cond_acc": 94.80000138282776,
  "FID_retain": 24.953734944788096,
  "unlearn_time_s": 0.0
 }
}
ALL GUIDANCE-2 EVALUATIONS COMPLETE
