50000 imgs · 10.4M params · 195 steps/epoch
epoch    0/600  loss 0.1320  0.4 min  eta 245 min
epoch    5/600  loss 0.0389  2.8 min  eta 281 min
epoch   10/600  loss 0.0352  5.4 min  eta 291 min
epoch   15/600  loss 0.0344  8.4 min  eta 305 min
epoch   20/600  loss 0.0329  10.8 min  eta 298 min
epoch   25/600  loss 0.0329  13.3 min  eta 293 min
epoch   30/600  loss 0.0324  15.7 min  eta 288 min
epoch   35/600  loss 0.0326  18.1 min  eta 284 min
epoch   40/600  loss 0.0319  20.6 min  eta 280 min
epoch   45/600  loss 0.0314  23.0 min  eta 277 min
epoch   50/600  loss 0.0318  25.4 min  eta 274 min
epoch   55/600  loss 0.0317  27.9 min  eta 271 min
epoch   60/600  loss 0.0322  30.3 min  eta 268 min
epoch   65/600  loss 0.0316  32.7 min  eta 265 min
epoch   70/600  loss 0.0318  35.2 min  eta 262 min
epoch   75/600  loss 0.0307  37.7 min  eta 260 min
epoch   80/600  loss 0.0312  40.5 min  eta 260 min
epoch   85/600  loss 0.0307  43.3 min  eta 259 min
epoch   90/600  loss 0.0316  45.7 min  eta 256 min
epoch   95/600  loss 0.0307  48.1 min  eta 253 min
epoch  100/600  loss 0.0308  50.6 min  eta 250 min
epoch  105/600  loss 0.0298  53.0 min  eta 247 min
epoch  110/600  loss 0.0307  55.4 min  eta 244 min
epoch  115/600  loss 0.0305  57.9 min  eta 241 min
epoch  120/600  loss 0.0310  60.3 min  eta 239 min
epoch  125/600  loss 0.0301  62.7 min  eta 236 min
epoch  130/600  loss 0.0305  65.1 min  eta 233 min
epoch  135/600  loss 0.0306  67.6 min  eta 231 min
epoch  140/600  loss 0.0307  70.0 min  eta 228 min
epoch  145/600  loss 0.0307  72.4 min  eta 225 min
epoch  150/600  loss 0.0308  74.9 min  eta 223 min
epoch  155/600  loss 0.0305  77.3 min  eta 220 min
epoch  160/600  loss 0.0307  79.7 min  eta 217 min
epoch  165/600  loss 0.0297  82.2 min  eta 215 min
epoch  170/600  loss 0.0303  84.6 min  eta 212 min
epoch  175/600  loss 0.0301  87.0 min  eta 210 min
epoch  180/600  loss 0.0303  89.4 min  eta 207 min
epoch  185/600  loss 0.0299  91.9 min  eta 205 min
epoch  190/600  loss 0.0302  94.3 min  eta 202 min
epoch  195/600  loss 0.0299  96.8 min  eta 199 min
epoch  200/600  loss 0.0299  99.2 min  eta 197 min
epoch  205/600  loss 0.0298  101.6 min  eta 194 min
epoch  210/600  loss 0.0302  104.0 min  eta 192 min
epoch  215/600  loss 0.0297  106.5 min  eta 189 min
epoch  220/600  loss 0.0300  108.9 min  eta 187 min
epoch  225/600  loss 0.0296  111.3 min  eta 184 min
epoch  230/600  loss 0.0295  113.8 min  eta 182 min
epoch  235/600  loss 0.0301  116.2 min  eta 179 min
epoch  240/600  loss 0.0294  118.6 min  eta 177 min
epoch  245/600  loss 0.0297  121.1 min  eta 174 min
epoch  250/600  loss 0.0301  123.5 min  eta 172 min
epoch  255/600  loss 0.0291  125.9 min  eta 169 min
epoch  260/600  loss 0.0299  128.4 min  eta 167 min
epoch  265/600  loss 0.0296  130.8 min  eta 164 min
epoch  270/600  loss 0.0299  133.2 min  eta 162 min
epoch  275/600  loss 0.0298  135.7 min  eta 159 min
epoch  280/600  loss 0.0300  138.1 min  eta 157 min
epoch  285/600  loss 0.0294  140.5 min  eta 154 min
epoch  290/600  loss 0.0297  143.0 min  eta 152 min
epoch  295/600  loss 0.0296  145.4 min  eta 149 min
epoch  300/600  loss 0.0301  147.8 min  eta 147 min
epoch  305/600  loss 0.0296  150.3 min  eta 144 min
epoch  310/600  loss 0.0298  152.7 min  eta 142 min
epoch  315/600  loss 0.0296  155.1 min  eta 139 min
epoch  320/600  loss 0.0294  157.6 min  eta 137 min
epoch  325/600  loss 0.0297  160.0 min  eta 134 min
epoch  330/600  loss 0.0299  162.4 min  eta 132 min
epoch  335/600  loss 0.0292  164.9 min  eta 130 min
epoch  340/600  loss 0.0300  167.3 min  eta 127 min
epoch  345/600  loss 0.0293  169.7 min  eta 125 min
epoch  350/600  loss 0.0298  172.2 min  eta 122 min
epoch  355/600  loss 0.0299  174.6 min  eta 120 min
epoch  360/600  loss 0.0298  177.0 min  eta 117 min
epoch  365/600  loss 0.0292  179.5 min  eta 115 min
epoch  370/600  loss 0.0297  181.9 min  eta 112 min
epoch  375/600  loss 0.0299  184.3 min  eta 110 min
epoch  380/600  loss 0.0292  186.7 min  eta 107 min
epoch  385/600  loss 0.0296  189.2 min  eta 105 min
epoch  390/600  loss 0.0292  191.6 min  eta 102 min
epoch  395/600  loss 0.0294  194.0 min  eta 100 min
epoch  400/600  loss 0.0294  196.5 min  eta 97 min
epoch  405/600  loss 0.0295  198.9 min  eta 95 min
epoch  410/600  loss 0.0296  201.3 min  eta 93 min
epoch  415/600  loss 0.0291  203.8 min  eta 90 min
epoch  420/600  loss 0.0292  206.2 min  eta 88 min
epoch  425/600  loss 0.0296  208.6 min  eta 85 min
epoch  430/600  loss 0.0296  211.1 min  eta 83 min
epoch  435/600  loss 0.0290  213.5 min  eta 80 min
epoch  440/600  loss 0.0292  215.9 min  eta 78 min
epoch  445/600  loss 0.0299  218.4 min  eta 75 min
epoch  450/600  loss 0.0294  220.8 min  eta 73 min
epoch  455/600  loss 0.0296  223.2 min  eta 70 min
epoch  460/600  loss 0.0295  225.7 min  eta 68 min
epoch  465/600  loss 0.0293  228.1 min  eta 66 min
epoch  470/600  loss 0.0295  230.5 min  eta 63 min
epoch  475/600  loss 0.0292  233.0 min  eta 61 min
epoch  480/600  loss 0.0294  235.4 min  eta 58 min
epoch  485/600  loss 0.0295  237.8 min  eta 56 min
epoch  490/600  loss 0.0287  240.3 min  eta 53 min
epoch  495/600  loss 0.0297  242.7 min  eta 51 min
epoch  500/600  loss 0.0291  245.1 min  eta 48 min
epoch  505/600  loss 0.0291  247.6 min  eta 46 min
epoch  510/600  loss 0.0286  250.0 min  eta 44 min
epoch  515/600  loss 0.0296  252.4 min  eta 41 min
epoch  520/600  loss 0.0294  254.9 min  eta 39 min
epoch  525/600  loss 0.0297  257.3 min  eta 36 min
epoch  530/600  loss 0.0294  259.7 min  eta 34 min
epoch  535/600  loss 0.0293  262.2 min  eta 31 min
epoch  540/600  loss 0.0287  264.0 min  eta 29 min
epoch  545/600  loss 0.0287  265.2 min  eta 26 min
epoch  550/600  loss 0.0291  266.3 min  eta 24 min
epoch  555/600  loss 0.0290  267.4 min  eta 21 min
epoch  560/600  loss 0.0294  268.6 min  eta 19 min
epoch  565/600  loss 0.0293  269.7 min  eta 16 min
epoch  570/600  loss 0.0292  270.9 min  eta 14 min
epoch  575/600  loss 0.0292  272.0 min  eta 11 min
epoch  580/600  loss 0.0295  273.1 min  eta 9 min
epoch  585/600  loss 0.0290  274.3 min  eta 7 min
epoch  590/600  loss 0.0296  275.4 min  eta 4 min
epoch  595/600  loss 0.0288  276.6 min  eta 2 min
epoch  599/600  loss 0.0290  277.5 min  eta 0 min
done
