excluding class 0: 45000 images remain
45000 imgs · 10.4M params · 175 steps/epoch
epoch    0/600  loss 0.1391  0.4 min  eta 253 min
epoch    5/600  loss 0.0395  2.6 min  eta 257 min
epoch   10/600  loss 0.0368  4.9 min  eta 262 min
epoch   15/600  loss 0.0345  7.6 min  eta 278 min
epoch   20/600  loss 0.0342  9.8 min  eta 271 min
epoch   25/600  loss 0.0343  12.0 min  eta 266 min
epoch   30/600  loss 0.0334  14.2 min  eta 261 min
epoch   35/600  loss 0.0331  16.4 min  eta 257 min
epoch   40/600  loss 0.0332  18.6 min  eta 254 min
epoch   45/600  loss 0.0327  20.8 min  eta 250 min
epoch   50/600  loss 0.0324  23.0 min  eta 247 min
epoch   55/600  loss 0.0326  25.1 min  eta 244 min
epoch   60/600  loss 0.0326  27.3 min  eta 241 min
epoch   65/600  loss 0.0324  29.5 min  eta 239 min
epoch   70/600  loss 0.0325  31.7 min  eta 236 min
epoch   75/600  loss 0.0325  33.9 min  eta 233 min
epoch   80/600  loss 0.0316  36.0 min  eta 231 min
epoch   85/600  loss 0.0319  38.5 min  eta 230 min
epoch   90/600  loss 0.0314  41.0 min  eta 229 min
epoch   95/600  loss 0.0312  43.4 min  eta 228 min
epoch  100/600  loss 0.0321  45.6 min  eta 225 min
epoch  105/600  loss 0.0316  47.8 min  eta 223 min
epoch  110/600  loss 0.0319  50.0 min  eta 220 min
epoch  115/600  loss 0.0315  52.2 min  eta 218 min
epoch  120/600  loss 0.0317  54.3 min  eta 215 min
epoch  125/600  loss 0.0309  56.5 min  eta 213 min
epoch  130/600  loss 0.0307  58.7 min  eta 210 min
epoch  135/600  loss 0.0315  60.9 min  eta 208 min
epoch  140/600  loss 0.0311  63.1 min  eta 205 min
epoch  145/600  loss 0.0309  65.2 min  eta 203 min
epoch  150/600  loss 0.0315  67.4 min  eta 200 min
epoch  155/600  loss 0.0311  69.6 min  eta 198 min
epoch  160/600  loss 0.0312  71.8 min  eta 196 min
epoch  165/600  loss 0.0308  74.0 min  eta 193 min
epoch  170/600  loss 0.0311  76.1 min  eta 191 min
epoch  175/600  loss 0.0317  78.3 min  eta 189 min
epoch  180/600  loss 0.0309  80.5 min  eta 186 min
epoch  185/600  loss 0.0314  82.7 min  eta 184 min
epoch  190/600  loss 0.0309  84.9 min  eta 182 min
epoch  195/600  loss 0.0310  87.1 min  eta 179 min
epoch  200/600  loss 0.0307  89.2 min  eta 177 min
epoch  205/600  loss 0.0313  91.4 min  eta 175 min
epoch  210/600  loss 0.0312  93.6 min  eta 173 min
epoch  215/600  loss 0.0318  95.8 min  eta 170 min
epoch  220/600  loss 0.0308  98.0 min  eta 168 min
epoch  225/600  loss 0.0309  100.2 min  eta 166 min
epoch  230/600  loss 0.0307  102.3 min  eta 163 min
epoch  235/600  loss 0.0308  104.5 min  eta 161 min
epoch  240/600  loss 0.0307  106.7 min  eta 159 min
epoch  245/600  loss 0.0312  108.9 min  eta 157 min
epoch  250/600  loss 0.0309  111.1 min  eta 154 min
epoch  255/600  loss 0.0301  113.3 min  eta 152 min
epoch  260/600  loss 0.0309  115.4 min  eta 150 min
epoch  265/600  loss 0.0309  117.6 min  eta 148 min
epoch  270/600  loss 0.0306  119.8 min  eta 145 min
epoch  275/600  loss 0.0310  122.0 min  eta 143 min
epoch  280/600  loss 0.0300  124.2 min  eta 141 min
epoch  285/600  loss 0.0309  126.4 min  eta 139 min
epoch  290/600  loss 0.0307  128.5 min  eta 136 min
epoch  295/600  loss 0.0305  130.7 min  eta 134 min
epoch  300/600  loss 0.0302  132.9 min  eta 132 min
epoch  305/600  loss 0.0300  135.1 min  eta 130 min
epoch  310/600  loss 0.0302  137.3 min  eta 128 min
epoch  315/600  loss 0.0305  139.5 min  eta 125 min
epoch  320/600  loss 0.0300  141.6 min  eta 123 min
epoch  325/600  loss 0.0300  143.8 min  eta 121 min
epoch  330/600  loss 0.0305  146.0 min  eta 119 min
epoch  335/600  loss 0.0308  148.2 min  eta 116 min
epoch  340/600  loss 0.0302  150.4 min  eta 114 min
epoch  345/600  loss 0.0302  152.6 min  eta 112 min
epoch  350/600  loss 0.0301  154.7 min  eta 110 min
epoch  355/600  loss 0.0304  156.9 min  eta 108 min
epoch  360/600  loss 0.0308  159.1 min  eta 105 min
epoch  365/600  loss 0.0302  161.3 min  eta 103 min
epoch  370/600  loss 0.0306  163.5 min  eta 101 min
epoch  375/600  loss 0.0302  165.6 min  eta 99 min
epoch  380/600  loss 0.0305  167.8 min  eta 96 min
epoch  385/600  loss 0.0297  170.0 min  eta 94 min
epoch  390/600  loss 0.0304  172.2 min  eta 92 min
epoch  395/600  loss 0.0305  174.4 min  eta 90 min
epoch  400/600  loss 0.0306  176.6 min  eta 88 min
epoch  405/600  loss 0.0300  178.7 min  eta 85 min
epoch  410/600  loss 0.0303  180.9 min  eta 83 min
epoch  415/600  loss 0.0300  183.1 min  eta 81 min
epoch  420/600  loss 0.0296  185.3 min  eta 79 min
epoch  425/600  loss 0.0299  187.5 min  eta 77 min
epoch  430/600  loss 0.0302  189.7 min  eta 74 min
epoch  435/600  loss 0.0301  191.8 min  eta 72 min
epoch  440/600  loss 0.0301  194.0 min  eta 70 min
epoch  445/600  loss 0.0303  196.2 min  eta 68 min
epoch  450/600  loss 0.0303  198.4 min  eta 66 min
epoch  455/600  loss 0.0301  200.6 min  eta 63 min
epoch  460/600  loss 0.0298  202.7 min  eta 61 min
epoch  465/600  loss 0.0305  204.9 min  eta 59 min
epoch  470/600  loss 0.0299  207.1 min  eta 57 min
epoch  475/600  loss 0.0297  209.3 min  eta 55 min
epoch  480/600  loss 0.0300  211.5 min  eta 52 min
epoch  485/600  loss 0.0302  213.7 min  eta 50 min
epoch  490/600  loss 0.0299  215.9 min  eta 48 min
epoch  495/600  loss 0.0299  218.0 min  eta 46 min
epoch  500/600  loss 0.0302  220.2 min  eta 44 min
epoch  505/600  loss 0.0302  222.4 min  eta 41 min
epoch  510/600  loss 0.0300  224.6 min  eta 39 min
epoch  515/600  loss 0.0300  226.8 min  eta 37 min
epoch  520/600  loss 0.0296  229.0 min  eta 35 min
epoch  525/600  loss 0.0298  231.2 min  eta 33 min
epoch  530/600  loss 0.0297  233.3 min  eta 30 min
epoch  535/600  loss 0.0301  235.5 min  eta 28 min
epoch  540/600  loss 0.0299  237.7 min  eta 26 min
epoch  545/600  loss 0.0299  239.9 min  eta 24 min
epoch  550/600  loss 0.0303  242.1 min  eta 22 min
epoch  555/600  loss 0.0303  244.3 min  eta 19 min
epoch  560/600  loss 0.0300  246.4 min  eta 17 min
epoch  565/600  loss 0.0295  248.6 min  eta 15 min
epoch  570/600  loss 0.0297  250.8 min  eta 13 min
epoch  575/600  loss 0.0300  253.0 min  eta 11 min
epoch  580/600  loss 0.0297  255.2 min  eta 8 min
epoch  585/600  loss 0.0297  257.3 min  eta 6 min
epoch  590/600  loss 0.0296  259.5 min  eta 4 min
epoch  595/600  loss 0.0299  261.7 min  eta 2 min
epoch  599/600  loss 0.0299  263.5 min  eta 0 min
done
