loaded shared source and Amnesiac ledger
loaded shared Retrain reference
final test: baseline {}
  Df=73.00 Dr=68.02 MIA=65.12 time=0.00s KL=0.0065
final test: retrain {}
  Df=0.00 Dr=68.41 MIA=54.45 time=560.55s KL=0.0000
final test: amnesiac {}
  Df=0.00 Dr=1.02 MIA=50.00 time=0.00s KL=0.1210

finetune: 0/12 candidates complete
  [1/12] gap=25.630892255892253 Df=60.00 Dr=68.06 MIA=66.66
  [2/12] gap=24.898869648869645 Df=58.00 Dr=67.60 MIA=66.00
  [3/12] gap=20.595298220298222 Df=46.00 Dr=67.60 MIA=65.09
  [4/12] gap=18.090127465127463 Df=40.00 Dr=67.58 MIA=63.55
  [5/12] gap=13.061507936507937 Df=22.00 Dr=62.16 MIA=61.05
  [6/12] gap=7.144179894179892 Df=8.00 Dr=63.72 MIA=58.86
  [7/12] gap=3.199915824915825 Df=0.00 Dr=63.35 MIA=54.66
  [8/12] gap=5.509499759499756 Df=0.00 Dr=64.12 MIA=62.36
  [9/12] gap=13.549603174603172 Df=0.00 Dr=40.16 MIA=38.55
  [10/12] gap=9.382275132275131 Df=0.00 Dr=47.72 MIA=43.50
  [11/12] gap=6.070286195286191 Df=0.00 Dr=54.24 MIA=54.16
  [12/12] gap=4.104797979797977 Df=0.00 Dr=56.89 MIA=50.16
final test: finetune {'lr': 0.0001, 'epochs': 10}
  Df=36.00 Dr=67.80 MIA=61.56 time=62.45s KL=0.0069

ssd: 0/25 candidates complete
  [1/25] gap=55.333273208273205 Df=96.00 Dr=0.06 MIA=49.30
  [2/25] gap=52.99927849927849 Df=86.00 Dr=1.62 MIA=44.75
  [3/25] gap=49.23484848484848 Df=84.00 Dr=13.37 MIA=42.29
  [4/25] gap=12.633116883116882 Df=20.00 Dr=66.46 MIA=35.00
  [5/25] gap=17.292388167388165 Df=38.00 Dr=68.04 MIA=37.45
  [6/25] gap=19.39117364117364 Df=36.00 Dr=61.33 MIA=35.86
  [7/25] gap=17.432239057239055 Df=30.00 Dr=61.66 MIA=35.41
  [8/25] gap=14.899711399711398 Df=26.00 Dr=62.34 MIA=38.32
  [9/25] gap=12.633116883116882 Df=20.00 Dr=66.46 MIA=35.00
  [10/25] gap=17.292388167388165 Df=38.00 Dr=68.04 MIA=37.45
  [11/25] gap=15.087061087061086 Df=32.00 Dr=66.42 MIA=39.68
  [12/25] gap=14.549001924001923 Df=32.00 Dr=66.48 MIA=41.23
  [13/25] gap=14.254689754689755 Df=32.00 Dr=66.71 MIA=41.89
  [14/25] gap=12.164983164983164 Df=30.00 Dr=67.33 MIA=45.54
  [15/25] gap=17.292388167388165 Df=38.00 Dr=68.04 MIA=37.45
  [16/25] gap=9.758417508417507 Df=10.00 Dr=68.30 MIA=69.29
  [17/25] gap=9.7516835016835 Df=10.00 Dr=68.32 MIA=69.29
  [18/25] gap=10.411616161616159 Df=12.00 Dr=68.34 MIA=69.29
  [19/25] gap=11.454064454064453 Df=16.00 Dr=68.32 MIA=68.39
  [20/25] gap=14.333453583453583 Df=22.00 Dr=68.36 MIA=71.07
  [21/25] gap=10.04100529100529 Df=14.00 Dr=68.38 MIA=66.21
  [22/25] gap=10.04100529100529 Df=14.00 Dr=68.38 MIA=66.21
  [23/25] gap=10.04100529100529 Df=14.00 Dr=68.38 MIA=66.21
  [24/25] gap=10.04100529100529 Df=16.00 Dr=68.38 MIA=64.21
  [25/25] gap=10.707671957671955 Df=18.00 Dr=68.38 MIA=64.21
final test: ssd {'alpha': 50.0, 'dampening_constant': 0.5}
  Df=11.00 Dr=67.85 MIA=58.82 time=6.10s KL=0.0064

badteacher: 0/36 candidates complete
  [1/36] gap=7.489718614718612 Df=10.00 Dr=63.56 MIA=57.73
  [2/36] gap=6.317340067340062 Df=0.00 Dr=62.63 MIA=63.29
  [3/36] gap=5.928090428090428 Df=0.00 Dr=60.69 MIA=60.18
  [4/36] gap=8.050625300625299 Df=4.00 Dr=63.21 MIA=65.07
  [5/36] gap=5.450877825877825 Df=0.00 Dr=61.64 MIA=59.70
  [6/36] gap=5.484788359788356 Df=0.00 Dr=62.61 MIA=60.77
  [7/36] gap=5.9025974025974035 Df=2.00 Dr=63.19 MIA=60.61
  [8/36] gap=6.100649350649351 Df=0.00 Dr=61.92 MIA=61.93
  [9/36] gap=4.825697450697452 Df=0.00 Dr=63.33 MIA=59.52
  [10/36] gap=6.2836700336700275 Df=0.00 Dr=62.73 MIA=63.29
  [11/36] gap=6.539682539682538 Df=0.00 Dr=61.49 MIA=62.82
  [12/36] gap=5.480098605098607 Df=0.00 Dr=64.73 MIA=62.88
  [13/36] gap=7.5233886483886465 Df=8.00 Dr=63.45 MIA=59.73
  [14/36] gap=6.681758056758054 Df=0.00 Dr=63.52 MIA=65.27
  [15/36] gap=6.211580086580082 Df=0.00 Dr=64.28 MIA=64.62
  [16/36] gap=7.302368927368927 Df=4.00 Dr=63.47 MIA=63.09
  [17/36] gap=5.7611832611832625 Df=0.00 Dr=63.62 MIA=62.61
  [18/36] gap=6.786075036075036 Df=0.00 Dr=65.43 MIA=67.50
  [19/36] gap=6.308621933621933 Df=0.00 Dr=63.31 MIA=63.95
  [20/36] gap=6.42929292929293 Df=0.00 Dr=64.04 MIA=65.04
  [21/36] gap=5.394660894660892 Df=0.00 Dr=65.86 MIA=63.75
  [22/36] gap=5.588083213083212 Df=0.00 Dr=63.47 MIA=61.95
  [23/36] gap=5.414321789321792 Df=0.00 Dr=64.89 MIA=62.84
  [24/36] gap=5.631673881673883 Df=0.00 Dr=66.04 MIA=64.64
  [25/36] gap=8.441197691197688 Df=6.00 Dr=64.04 MIA=65.07
  [26/36] gap=7.214947089947091 Df=0.00 Dr=65.27 MIA=68.62
  [27/36] gap=3.9823232323232296 Df=0.00 Dr=65.13 MIA=58.79
  [28/36] gap=6.483826358826356 Df=4.00 Dr=64.32 MIA=61.48
  [29/36] gap=5.900493025493023 Df=0.00 Dr=66.32 MIA=65.73
  [30/36] gap=5.791426166426166 Df=0.00 Dr=65.76 MIA=64.84
  [31/36] gap=6.863576238576236 Df=2.00 Dr=64.97 MIA=65.27
  [32/36] gap=6.351791726791724 Df=0.00 Dr=66.51 MIA=67.27
  [33/36] gap=6.233225108225106 Df=0.00 Dr=66.65 MIA=67.05
  [34/36] gap=6.620490620490621 Df=0.00 Dr=65.25 MIA=66.82
  [35/36] gap=6.204846079846075 Df=0.00 Dr=66.30 MIA=66.62
  [36/36] gap=6.944684944684944 Df=0.00 Dr=66.57 MIA=69.11
final test: badteacher {'temperature': 4.0, 'epochs': 5, 'lr': 0.01}
  Df=0.00 Dr=66.90 MIA=68.67 time=5.49s KL=0.0065

unsir: 0/36 candidates complete
  [1/36] gap=32.98785473785474 Df=80.00 Dr=65.76 MIA=66.43
  [2/36] gap=24.292267917267917 Df=54.00 Dr=66.51 MIA=67.09
  [3/36] gap=29.61844636844637 Df=70.00 Dr=61.15 MIA=61.71
  [4/36] gap=11.593374218374215 Df=12.00 Dr=65.03 MIA=69.52
  [5/36] gap=8.393819143819144 Df=2.00 Dr=47.11 MIA=49.07
  [6/36] gap=5.998797498797498 Df=0.00 Dr=55.47 MIA=55.18
  [7/36] gap=30.87337662337662 Df=74.00 Dr=66.10 MIA=66.43
  [8/36] gap=23.463985088985094 Df=56.00 Dr=66.99 MIA=63.09
  [9/36] gap=29.246091871091874 Df=64.00 Dr=62.93 MIA=68.38
  [10/36] gap=10.25054112554112 Df=8.00 Dr=65.74 MIA=70.20
  [11/36] gap=7.4962121212121176 Df=2.00 Dr=50.46 MIA=48.41
  [12/36] gap=5.071849446849446 Df=0.00 Dr=58.20 MIA=45.95
  [13/36] gap=29.85179172679172 Df=72.00 Dr=66.51 MIA=65.77
  [14/36] gap=22.97162097162097 Df=50.00 Dr=66.48 MIA=67.11
  [15/36] gap=26.6319745069745 Df=56.00 Dr=63.88 MIA=69.48
  [16/36] gap=8.799001924001926 Df=8.00 Dr=66.48 MIA=66.59
  [17/36] gap=7.03222703222703 Df=2.00 Dr=52.30 MIA=47.96
  [18/36] gap=5.640993265993264 Df=0.00 Dr=59.03 MIA=57.66
  [19/36] gap=33.74549062049062 Df=80.00 Dr=65.25 MIA=68.20
  [20/36] gap=23.782708032708033 Df=56.00 Dr=66.44 MIA=63.50
  [21/36] gap=31.34511784511785 Df=68.00 Dr=61.29 MIA=69.04
  [22/36] gap=8.714225589225586 Df=8.00 Dr=64.06 MIA=63.91
  [23/36] gap=11.702801827801826 Df=12.00 Dr=50.20 MIA=55.02
  [24/36] gap=4.511303511303512 Df=0.00 Dr=57.15 MIA=52.39
  [25/36] gap=30.90638528138528 Df=74.00 Dr=65.56 MIA=65.98
  [26/36] gap=23.29100529100529 Df=52.00 Dr=66.38 MIA=65.96
  [27/36] gap=29.137566137566143 Df=60.00 Dr=63.27 MIA=72.39
  [28/36] gap=8.716871091871091 Df=6.00 Dr=65.84 MIA=67.70
  [29/36] gap=11.183621933621929 Df=10.00 Dr=53.31 MIA=58.57
  [30/36] gap=3.9194925444925395 Df=0.00 Dr=58.91 MIA=52.37
  [31/36] gap=30.847222222222218 Df=74.00 Dr=66.16 MIA=66.41
  [32/36] gap=26.381914381914385 Df=62.00 Dr=67.11 MIA=65.96
  [33/36] gap=25.74086099086099 Df=56.00 Dr=64.14 MIA=67.07
  [34/36] gap=12.831228956228957 Df=14.00 Dr=65.96 MIA=72.16
  [35/36] gap=11.639550264550264 Df=10.00 Dr=54.61 MIA=61.23
  [36/36] gap=5.154822029822031 Df=0.00 Dr=59.60 MIA=56.77
final test: unsir {'impair_epochs': 1, 'repair_epochs': 2, 'impair_lr': 0.001, 'repair_lr': 0.01}
  Df=46.00 Dr=67.44 MIA=65.69 time=3.41s KL=0.0062

scrub: 0/24 candidates complete
  [1/24] gap=29.18103655603656 Df=70.00 Dr=68.30 MIA=67.55
  [2/24] gap=28.183080808080803 Df=68.00 Dr=68.40 MIA=66.66
  [3/24] gap=27.194504569504574 Df=64.00 Dr=68.26 MIA=67.55
  [4/24] gap=29.167568542568546 Df=70.00 Dr=68.34 MIA=67.55
  [5/24] gap=27.915043290043286 Df=66.00 Dr=68.10 MIA=67.55
  [6/24] gap=28.45376382876383 Df=68.00 Dr=68.48 MIA=67.55
  [7/24] gap=28.232202982202978 Df=66.00 Dr=67.60 MIA=68.00
  [8/24] gap=29.549422799422796 Df=72.00 Dr=67.86 MIA=66.21
  [9/24] gap=28.95749158249158 Df=70.00 Dr=68.08 MIA=66.66
  [10/24] gap=28.970959595959595 Df=70.00 Dr=68.04 MIA=66.66
  [11/24] gap=28.944023569023567 Df=70.00 Dr=68.12 MIA=66.66
  [12/24] gap=29.6780303030303 Df=72.00 Dr=67.92 MIA=66.66
  [13/24] gap=28.290824915824913 Df=68.00 Dr=68.08 MIA=66.66
  [14/24] gap=29.187109187109183 Df=70.00 Dr=67.84 MIA=67.11
  [15/24] gap=30.38510101010101 Df=72.00 Dr=67.80 MIA=68.66
  [16/24] gap=28.486111111111104 Df=68.00 Dr=67.49 MIA=66.66
  [17/24] gap=27.732563732563733 Df=66.00 Dr=68.20 MIA=67.11
  [18/24] gap=27.6988936988937 Df=66.00 Dr=68.30 MIA=67.11
  [19/24] gap=26.93728956228956 Df=64.00 Dr=68.14 MIA=66.66
  [20/24] gap=29.563552188552183 Df=72.00 Dr=68.26 MIA=66.66
  [21/24] gap=28.822150072150066 Df=70.00 Dr=68.04 MIA=66.21
  [22/24] gap=28.25715488215488 Df=68.00 Dr=68.18 MIA=66.66
  [23/24] gap=27.9496151996152 Df=68.00 Dr=67.52 MIA=65.07
  [24/24] gap=28.21133958633958 Df=68.00 Dr=67.21 MIA=65.55
final test: scrub {'msteps': 1, 'lr': 0.0005, 'epochs': 5, 'max_grad_norm': 5.0}
  Df=73.00 Dr=68.19 MIA=64.62 time=3.54s KL=0.0063

mmu: 0/96 candidates complete
  [1/96] gap=28.5211038961039 Df=68.00 Dr=68.28 MIA=67.55
  [2/96] gap=27.75949975949976 Df=66.00 Dr=68.12 MIA=67.11
  [3/96] gap=29.031565656565647 Df=70.00 Dr=67.86 MIA=66.66
  [4/96] gap=28.944023569023567 Df=70.00 Dr=68.12 MIA=66.66
  [5/96] gap=28.60864598364598 Df=68.00 Dr=68.02 MIA=67.55
  [6/96] gap=28.574975949975954 Df=68.00 Dr=68.12 MIA=67.55
  [7/96] gap=28.480038480038484 Df=68.00 Dr=67.96 MIA=67.11
  [8/96] gap=27.860509860509854 Df=66.00 Dr=67.82 MIA=67.11
  [9/96] gap=29.261844636844632 Df=70.00 Dr=68.06 MIA=67.55
  [10/96] gap=26.548039923039926 Df=62.00 Dr=68.20 MIA=67.55
  [11/96] gap=29.05242905242905 Df=70.00 Dr=68.24 MIA=67.11
  [12/96] gap=27.13997113997114 Df=64.00 Dr=67.98 MIA=67.11
  [13/96] gap=28.432900432900425 Df=70.00 Dr=68.10 MIA=65.11
  [14/96] gap=26.581709956709954 Df=62.00 Dr=68.10 MIA=67.55
  [15/96] gap=27.813371813371816 Df=66.00 Dr=67.96 MIA=67.11
  [16/96] gap=27.180375180375176 Df=64.00 Dr=67.86 MIA=67.11
  [17/96] gap=29.30898268398268 Df=70.00 Dr=67.92 MIA=67.55
  [18/96] gap=26.676647426647424 Df=62.00 Dr=68.26 MIA=68.00
  [19/96] gap=29.092833092833093 Df=70.00 Dr=68.12 MIA=67.11
  [20/96] gap=27.133237133237134 Df=64.00 Dr=68.00 MIA=67.11
  [21/96] gap=29.126503126503128 Df=70.00 Dr=68.02 MIA=67.11
  [22/96] gap=26.548039923039926 Df=64.00 Dr=68.20 MIA=65.55
  [23/96] gap=28.513708513708508 Df=68.00 Dr=67.86 MIA=67.11
  [24/96] gap=27.17364117364117 Df=64.00 Dr=67.88 MIA=67.11
  [25/96] gap=29.382395382395373 Df=72.00 Dr=67.25 MIA=65.11
  [26/96] gap=27.430856180856182 Df=64.00 Dr=68.00 MIA=68.00
  [27/96] gap=29.031565656565657 Df=68.00 Dr=67.86 MIA=68.66
  [28/96] gap=26.270622895622893 Df=62.00 Dr=68.14 MIA=66.66
  [29/96] gap=26.880892255892253 Df=68.00 Dr=68.06 MIA=62.41
  [30/96] gap=28.29755892255892 Df=68.00 Dr=68.06 MIA=66.66
  [31/96] gap=28.256493506493502 Df=68.00 Dr=67.74 MIA=66.21
  [32/96] gap=28.41943241943242 Df=68.00 Dr=68.14 MIA=67.11
  [33/96] gap=27.881373256373262 Df=66.00 Dr=68.20 MIA=67.55
  [34/96] gap=27.207972582972587 Df=64.00 Dr=68.22 MIA=67.55
  [35/96] gap=27.597222222222218 Df=66.00 Dr=68.16 MIA=66.66
  [36/96] gap=27.65782828282828 Df=66.00 Dr=67.98 MIA=66.66
  [37/96] gap=27.827501202501207 Df=68.00 Dr=68.36 MIA=65.55
  [38/96] gap=28.514369889369892 Df=68.00 Dr=68.30 MIA=67.55
  [39/96] gap=28.45376382876383 Df=68.00 Dr=68.48 MIA=67.55
  [40/96] gap=27.167568542568546 Df=64.00 Dr=68.34 MIA=67.55
  [41/96] gap=27.772967772967764 Df=68.00 Dr=68.08 MIA=65.11
  [42/96] gap=26.66317941317941 Df=62.00 Dr=68.30 MIA=68.00
  [43/96] gap=26.93728956228956 Df=64.00 Dr=68.14 MIA=66.66
  [44/96] gap=26.243686868686865 Df=62.00 Dr=68.22 MIA=66.66
  [45/96] gap=27.827501202501207 Df=68.00 Dr=68.36 MIA=65.55
  [46/96] gap=26.480699855699857 Df=62.00 Dr=68.40 MIA=67.55
  [47/96] gap=29.793169793169795 Df=72.00 Dr=68.02 MIA=67.11
  [48/96] gap=26.507635882635885 Df=62.00 Dr=68.32 MIA=67.55
  [49/96] gap=27.786435786435778 Df=68.00 Dr=68.04 MIA=65.11
  [50/96] gap=25.98977873977874 Df=60.00 Dr=68.32 MIA=68.00
  [51/96] gap=29.70496632996632 Df=72.00 Dr=67.84 MIA=66.66
  [52/96] gap=25.671296296296294 Df=60.00 Dr=67.94 MIA=66.66
  [53/96] gap=28.35882635882636 Df=68.00 Dr=68.32 MIA=67.11
  [54/96] gap=25.94264069264069 Df=62.00 Dr=68.46 MIA=66.00
  [55/96] gap=29.529220779220775 Df=72.00 Dr=67.92 MIA=66.21
  [56/96] gap=26.365560365560366 Df=62.00 Dr=68.30 MIA=67.11
  [57/96] gap=27.457130832130833 Df=68.00 Dr=67.47 MIA=63.55
  [58/96] gap=4.1484487734487745 Df=4.00 Dr=68.22 MIA=58.38
  [59/96] gap=29.802669552669556 Df=68.00 Dr=67.31 MIA=70.43
  [60/96] gap=20.533910533910532 Df=42.00 Dr=67.80 MIA=69.11
  [61/96] gap=29.369588744588743 Df=70.00 Dr=67.74 MIA=67.55
  [62/96] gap=25.71909571909572 Df=62.00 Dr=68.24 MIA=65.11
  [63/96] gap=29.731240981240983 Df=72.00 Dr=67.31 MIA=66.21
  [64/96] gap=26.628848003848002 Df=62.00 Dr=67.96 MIA=67.55
  [65/96] gap=26.97162097162097 Df=64.00 Dr=68.48 MIA=67.11
  [66/96] gap=26.31168831168831 Df=62.00 Dr=68.46 MIA=67.11
  [67/96] gap=27.018759018759017 Df=64.00 Dr=68.34 MIA=67.11
  [68/96] gap=26.91708754208754 Df=64.00 Dr=68.20 MIA=66.66
  [69/96] gap=27.55008417508417 Df=66.00 Dr=68.30 MIA=66.66
  [70/96] gap=27.05242905242905 Df=64.00 Dr=68.24 MIA=67.11
  [71/96] gap=27.509680134680128 Df=66.00 Dr=68.42 MIA=66.66
  [72/96] gap=27.187770562770567 Df=64.00 Dr=68.28 MIA=67.55
  [73/96] gap=26.836279461279457 Df=64.00 Dr=68.44 MIA=66.66
  [74/96] gap=25.140632515632515 Df=58.00 Dr=68.42 MIA=67.55
  [75/96] gap=27.84096921596922 Df=66.00 Dr=68.32 MIA=67.55
  [76/96] gap=26.507635882635885 Df=62.00 Dr=68.32 MIA=67.55
  [77/96] gap=27.536616161616156 Df=66.00 Dr=68.34 MIA=66.66
  [78/96] gap=26.345358345358346 Df=62.00 Dr=68.36 MIA=67.11
  [79/96] gap=26.822811447811443 Df=64.00 Dr=68.48 MIA=66.66
  [80/96] gap=26.676647426647424 Df=62.00 Dr=68.26 MIA=68.00
  [81/96] gap=28.162878787878782 Df=68.00 Dr=68.46 MIA=66.66
  [82/96] gap=19.140632515632515 Df=40.00 Dr=68.42 MIA=67.55
  [83/96] gap=27.207972582972587 Df=66.00 Dr=68.22 MIA=65.55
  [84/96] gap=24.00998075998076 Df=54.00 Dr=68.26 MIA=68.00
  [85/96] gap=29.55008417508417 Df=72.00 Dr=68.30 MIA=66.66
  [86/96] gap=24.822811447811443 Df=58.00 Dr=68.48 MIA=66.66
  [87/96] gap=27.414742664742665 Df=66.00 Dr=68.26 MIA=66.21
  [88/96] gap=25.59048821548821 Df=60.00 Dr=68.18 MIA=66.66
  [89/96] gap=31.332611832611832 Df=74.00 Dr=67.62 MIA=69.32
  [90/96] gap=5.317159692159694 Df=0.00 Dr=68.32 MIA=65.98
  [91/96] gap=26.709656084656086 Df=64.00 Dr=67.72 MIA=65.55
  [92/96] gap=6.527837902837905 Df=4.00 Dr=68.26 MIA=65.55
  [93/96] gap=30.32383357383357 Df=72.00 Dr=67.54 MIA=68.21
  [94/96] gap=18.35882635882636 Df=38.00 Dr=68.32 MIA=67.11
  [95/96] gap=28.443722943722946 Df=70.00 Dr=68.28 MIA=65.32
  [96/96] gap=25.113035113035114 Df=56.00 Dr=68.06 MIA=69.11
final test: mmu {'msteps': 3, 'lr': 0.005, 'epochs': 5, 'head_mode': 'independent', 'weighting': 'normalised', 'max_grad_norm': 5.0}
  Df=0.00 Dr=68.48 MIA=64.46 time=4.64s KL=0.0051

salun: 0/45 candidates complete
  [1/45] gap=12.742784992784992 Df=18.00 Dr=62.71 MIA=64.64
  [2/45] gap=14.427609427609427 Df=22.00 Dr=62.55 MIA=65.54
  [3/45] gap=14.638347763347765 Df=22.00 Dr=61.25 MIA=64.88
  [4/45] gap=15.111050986050989 Df=16.00 Dr=58.73 MIA=69.77
  [5/45] gap=15.573713323713326 Df=14.00 Dr=58.00 MIA=72.43
  [6/45] gap=14.34824434824435 Df=12.00 Dr=57.21 MIA=69.96
  [7/45] gap=8.251683501683504 Df=0.00 Dr=56.32 MIA=62.79
  [8/45] gap=10.037037037037031 Df=0.00 Dr=57.72 MIA=69.54
  [9/45] gap=7.6219937469937475 Df=0.00 Dr=58.44 MIA=63.02
  [10/45] gap=13.751563251563246 Df=22.00 Dr=62.79 MIA=63.75
  [11/45] gap=14.36303511303511 Df=24.00 Dr=62.06 MIA=62.86
  [12/45] gap=15.023508898508894 Df=22.00 Dr=60.99 MIA=65.77
  [13/45] gap=15.372594997594996 Df=20.00 Dr=58.12 MIA=65.95
  [14/45] gap=15.035654160654161 Df=14.00 Dr=58.06 MIA=70.88
  [15/45] gap=13.321789321789316 Df=16.00 Dr=57.43 MIA=63.11
  [16/45] gap=9.506373256373257 Df=4.00 Dr=58.20 MIA=64.43
  [17/45] gap=11.259319384319385 Df=6.00 Dr=59.82 MIA=69.30
  [18/45] gap=11.79882154882155 Df=4.00 Dr=60.18 MIA=73.29
  [19/45] gap=14.316558441558442 Df=24.00 Dr=62.65 MIA=63.30
  [20/45] gap=16.06120731120731 Df=26.00 Dr=62.32 MIA=66.21
  [21/45] gap=15.737313612313613 Df=22.00 Dr=60.85 MIA=67.77
  [22/45] gap=14.918530543530544 Df=18.00 Dr=58.63 MIA=67.09
  [23/45] gap=14.253848003848004 Df=14.00 Dr=57.96 MIA=68.43
  [24/45] gap=13.127284752284757 Df=14.00 Dr=58.00 MIA=65.09
  [25/45] gap=12.098304473304474 Df=8.00 Dr=57.98 MIA=67.98
  [26/45] gap=10.3534151034151 Df=10.00 Dr=59.23 MIA=62.00
  [27/45] gap=13.146164021164019 Df=6.00 Dr=59.05 MIA=74.20
  [28/45] gap=14.989959114959115 Df=26.00 Dr=62.63 MIA=63.30
  [29/45] gap=15.993867243867241 Df=26.00 Dr=62.53 MIA=66.21
  [30/45] gap=16.31643819143819 Df=24.00 Dr=61.11 MIA=67.77
  [31/45] gap=14.966450216450214 Df=20.00 Dr=58.46 MIA=65.07
  [32/45] gap=14.043771043771043 Df=16.00 Dr=57.70 MIA=65.54
  [33/45] gap=12.532046657046662 Df=14.00 Dr=58.00 MIA=63.30
  [34/45] gap=10.602152477152474 Df=10.00 Dr=59.11 MIA=62.62
  [35/45] gap=11.566317941317942 Df=8.00 Dr=59.58 MIA=67.98
  [36/45] gap=10.587902837902833 Df=4.00 Dr=59.17 MIA=68.64
  [37/45] gap=16.478835978835978 Df=28.00 Dr=62.61 MIA=65.75
  [38/45] gap=15.483525733525736 Df=26.00 Dr=62.48 MIA=64.64
  [39/45] gap=15.910413660413658 Df=24.00 Dr=60.99 MIA=66.43
  [40/45] gap=15.851911976911978 Df=18.00 Dr=58.04 MIA=69.30
  [41/45] gap=12.392977392977395 Df=16.00 Dr=58.36 MIA=61.25
  [42/45] gap=10.79347041847042 Df=14.00 Dr=57.86 MIA=57.95
  [43/45] gap=10.804052429052431 Df=2.00 Dr=58.97 MIA=71.09
  [44/45] gap=13.220899470899466 Df=12.00 Dr=59.27 MIA=68.64
  [45/45] gap=12.072150072150068 Df=6.00 Dr=60.04 MIA=71.96
final test: salun {'sparsity': 0.3, 'lr': 0.0001, 'epochs': 3}
  Df=22.00 Dr=62.61 MIA=64.15 time=4.46s KL=0.0064

uniclun: 0/27 candidates complete
  [1/27] gap=14.502585377585378 Df=28.00 Dr=61.84 MIA=59.05
  [2/27] gap=14.502585377585378 Df=28.00 Dr=61.84 MIA=59.05
  [3/27] gap=14.502585377585378 Df=28.00 Dr=61.84 MIA=59.05
  [4/27] gap=16.968314093314095 Df=28.00 Dr=62.26 MIA=66.88
  [5/27] gap=16.968314093314095 Df=28.00 Dr=62.26 MIA=66.88
  [6/27] gap=16.968314093314095 Df=28.00 Dr=62.26 MIA=66.88
  [7/27] gap=15.556156806156805 Df=26.00 Dr=61.84 MIA=64.21
  [8/27] gap=15.556156806156805 Df=26.00 Dr=61.84 MIA=64.21
  [9/27] gap=15.556156806156805 Df=26.00 Dr=61.84 MIA=64.21
  [10/27] gap=13.44787157287157 Df=16.00 Dr=59.25 MIA=65.30
  [11/27] gap=13.44787157287157 Df=16.00 Dr=59.25 MIA=65.30
  [12/27] gap=13.44787157287157 Df=16.00 Dr=59.25 MIA=65.30
  [13/27] gap=13.540704665704665 Df=12.00 Dr=58.55 MIA=68.88
  [14/27] gap=13.540704665704665 Df=12.00 Dr=58.55 MIA=68.88
  [15/27] gap=13.540704665704665 Df=12.00 Dr=58.55 MIA=68.88
  [16/27] gap=12.286856661856659 Df=14.00 Dr=59.41 MIA=63.98
  [17/27] gap=12.286856661856659 Df=14.00 Dr=59.41 MIA=63.98
  [18/27] gap=12.286856661856659 Df=14.00 Dr=59.41 MIA=63.98
  [19/27] gap=9.079365079365076 Df=6.00 Dr=60.16 MIA=63.11
  [20/27] gap=9.079365079365076 Df=6.00 Dr=60.16 MIA=63.11
  [21/27] gap=9.079365079365076 Df=6.00 Dr=60.16 MIA=63.11
  [22/27] gap=11.086099086099082 Df=10.00 Dr=60.14 MIA=65.11
  [23/27] gap=11.086099086099082 Df=10.00 Dr=60.14 MIA=65.11
  [24/27] gap=11.086099086099082 Df=10.00 Dr=60.14 MIA=65.11
  [25/27] gap=13.434523809523805 Df=8.00 Dr=60.83 MIA=74.84
  [26/27] gap=13.434523809523805 Df=8.00 Dr=60.83 MIA=74.84
  [27/27] gap=13.434523809523805 Df=8.00 Dr=60.83 MIA=74.84
final test: uniclun {'lr': 0.0001, 'epochs': 5, 'buffer_size': 250}
  Df=25.00 Dr=62.04 MIA=65.69 time=6.11s KL=0.0064

