loaded shared source and Amnesiac ledger
loaded shared Retrain reference
final test: baseline {}
  Df=66.00 Dr=69.05 MIA=67.36 time=0.00s KL=0.0009
final test: retrain {}
  Df=0.00 Dr=68.94 MIA=52.85 time=398.81s KL=0.0000
final test: amnesiac {}
  Df=0.00 Dr=1.45 MIA=45.24 time=0.00s KL=0.1520

finetune: 0/12 candidates complete
  [1/12] gap=24.67520442520443 Df=52.00 Dr=68.34 MIA=71.52
  [2/12] gap=23.832010582010593 Df=50.00 Dr=68.44 MIA=71.09
  [3/12] gap=21.00715488215489 Df=44.00 Dr=68.69 MIA=68.86
  [4/12] gap=19.976731601731608 Df=38.00 Dr=68.24 MIA=71.32
  [5/12] gap=9.718674843674847 Df=14.00 Dr=63.37 MIA=59.68
  [6/12] gap=7.967592592592593 Df=2.00 Dr=63.56 MIA=66.61
  [7/12] gap=5.494107744107748 Df=0.00 Dr=64.10 MIA=61.73
  [8/12] gap=5.7237253487253525 Df=0.00 Dr=63.86 MIA=62.18
  [9/12] gap=10.750240500240503 Df=0.00 Dr=38.40 MIA=49.16
  [10/12] gap=8.606120731120734 Df=0.00 Dr=50.28 MIA=57.25
  [11/12] gap=5.055134680134685 Df=0.00 Dr=55.29 MIA=51.61
  [12/12] gap=4.5373376623376656 Df=0.00 Dr=58.06 MIA=48.14
final test: finetune {'lr': 0.0001, 'epochs': 10}
  Df=38.00 Dr=68.67 MIA=68.40 time=59.21s KL=0.0010

ssd: 0/25 candidates complete
  [1/25] gap=42.83573833573834 Df=56.00 Dr=4.04 MIA=57.70
  [2/25] gap=35.56673881673882 Df=44.00 Dr=9.45 MIA=47.66
  [3/25] gap=33.02717652717653 Df=54.00 Dr=32.32 MIA=42.41
  [4/25] gap=7.133477633477639 Df=12.00 Dr=67.58 MIA=58.13
  [5/25] gap=7.872113997114002 Df=14.00 Dr=68.48 MIA=59.25
  [6/25] gap=15.947871572871577 Df=38.00 Dr=63.76 MIA=54.75
  [7/25] gap=15.20039682539683 Df=36.00 Dr=64.00 MIA=54.75
  [8/25] gap=11.021224146224148 Df=24.00 Dr=64.32 MIA=54.54
  [9/25] gap=7.133477633477639 Df=12.00 Dr=67.58 MIA=58.13
  [10/25] gap=7.872113997114002 Df=14.00 Dr=68.48 MIA=59.25
  [11/25] gap=8.651034151034153 Df=18.00 Dr=67.74 MIA=56.84
  [12/25] gap=8.139911014911016 Df=18.00 Dr=67.72 MIA=55.29
  [13/25] gap=8.281986531986533 Df=18.00 Dr=67.74 MIA=55.73
  [14/25] gap=10.63492063492064 Df=16.00 Dr=68.00 MIA=65.05
  [15/25] gap=7.872113997114002 Df=14.00 Dr=68.48 MIA=59.25
  [16/25] gap=9.781926406926411 Df=18.00 Dr=68.97 MIA=61.46
  [17/25] gap=9.264069264069269 Df=18.00 Dr=68.97 MIA=59.91
  [18/25] gap=7.847402597402602 Df=18.00 Dr=68.97 MIA=55.66
  [19/25] gap=8.591450216450221 Df=18.00 Dr=68.97 MIA=57.89
  [20/25] gap=9.109307359307364 Df=18.00 Dr=68.97 MIA=59.45
  [21/25] gap=21.741822991823 Df=50.00 Dr=68.93 MIA=65.30
  [22/25] gap=21.741822991823 Df=50.00 Dr=68.93 MIA=65.30
  [23/25] gap=21.741822991823 Df=50.00 Dr=68.93 MIA=65.30
  [24/25] gap=21.741822991823 Df=50.00 Dr=68.93 MIA=65.30
  [25/25] gap=21.741822991823 Df=50.00 Dr=68.93 MIA=65.30
final test: ssd {'alpha': 1.0, 'dampening_constant': 5.0}
  Df=6.00 Dr=67.13 MIA=58.73 time=4.80s KL=0.0007

badteacher: 0/36 candidates complete
  [1/36] gap=11.127284752284758 Df=8.00 Dr=64.51 MIA=71.04
  [2/36] gap=7.894600769600776 Df=0.00 Dr=63.60 MIA=68.43
  [3/36] gap=9.69877344877345 Df=0.00 Dr=59.27 MIA=69.52
  [4/36] gap=11.443542568542576 Df=4.00 Dr=64.48 MIA=75.96
  [5/36] gap=9.937770562770565 Df=0.00 Dr=62.79 MIA=73.75
  [6/36] gap=7.77549302549303 Df=0.00 Dr=62.83 MIA=67.30
  [7/36] gap=9.703403078403078 Df=2.00 Dr=64.38 MIA=72.64
  [8/36] gap=11.440776815776816 Df=0.00 Dr=61.17 MIA=76.64
  [9/36] gap=8.700697450697456 Df=0.00 Dr=63.84 MIA=71.09
  [10/36] gap=9.122955747955752 Df=0.00 Dr=63.23 MIA=71.75
  [11/36] gap=9.531746031746032 Df=0.00 Dr=60.67 MIA=70.41
  [12/36] gap=8.40097402597403 Df=0.00 Dr=64.97 MIA=71.32
  [13/36] gap=9.378547378547383 Df=6.00 Dr=64.63 MIA=67.91
  [14/36] gap=8.329665704665707 Df=0.00 Dr=64.51 MIA=70.64
  [15/36] gap=9.548641173641174 Df=0.00 Dr=64.38 MIA=74.18
  [16/36] gap=10.854256854256858 Df=2.00 Dr=64.48 MIA=76.20
  [17/36] gap=9.838083213083216 Df=0.00 Dr=63.98 MIA=74.64
  [18/36] gap=7.933682058682059 Df=0.00 Dr=66.59 MIA=71.54
  [19/36] gap=10.522967772967776 Df=0.00 Dr=64.59 MIA=77.30
  [20/36] gap=9.739718614718619 Df=0.00 Dr=64.06 MIA=74.43
  [21/36] gap=8.780182780182786 Df=0.00 Dr=66.71 MIA=74.20
  [22/36] gap=8.833393458393461 Df=0.00 Dr=64.10 MIA=71.75
  [23/36] gap=9.004389129389132 Df=0.00 Dr=65.37 MIA=73.54
  [24/36] gap=9.07503607503608 Df=0.00 Dr=67.39 MIA=75.77
  [25/36] gap=9.927609427609433 Df=6.00 Dr=65.05 MIA=69.98
  [26/36] gap=7.437349687349692 Df=0.00 Dr=65.41 MIA=68.88
  [27/36] gap=8.593614718614724 Df=0.00 Dr=66.61 MIA=73.54
  [28/36] gap=9.834114959114968 Df=0.00 Dr=65.31 MIA=75.96
  [29/36] gap=8.515452140452147 Df=0.00 Dr=66.63 MIA=73.32
  [30/36] gap=10.310125060125067 Df=0.00 Dr=67.01 MIA=79.09
  [31/36] gap=10.048280423280424 Df=0.00 Dr=65.78 MIA=77.07
  [32/36] gap=8.922919672919674 Df=0.00 Dr=67.17 MIA=75.09
  [33/36] gap=8.838804713804718 Df=0.00 Dr=67.19 MIA=74.86
  [34/36] gap=8.958694083694091 Df=0.00 Dr=65.94 MIA=73.96
  [35/36] gap=8.703342953342956 Df=0.00 Dr=67.62 MIA=74.88
  [36/36] gap=9.647426647426649 Df=0.00 Dr=67.68 MIA=77.77
final test: badteacher {'temperature': 4.0, 'epochs': 10, 'lr': 0.01}
  Df=0.00 Dr=67.31 MIA=71.90 time=12.00s KL=0.0011

unsir: 0/36 candidates complete
  [1/36] gap=30.924242424242426 Df=74.00 Dr=66.06 MIA=65.98
  [2/36] gap=18.756553631553636 Df=40.00 Dr=67.01 MIA=64.43
  [3/36] gap=28.58411495911496 Df=62.00 Dr=61.31 MIA=66.21
  [4/36] gap=8.949855699855705 Df=8.00 Dr=65.09 MIA=65.09
  [5/36] gap=11.496392496392497 Df=0.00 Dr=45.27 MIA=40.05
  [6/36] gap=6.6982924482924515 Df=0.00 Dr=55.13 MIA=44.59
  [7/36] gap=30.039442039442047 Df=70.00 Dr=66.93 MIA=68.20
  [8/36] gap=20.79641654641655 Df=40.00 Dr=67.98 MIA=71.52
  [9/36] gap=27.90398027898028 Df=62.00 Dr=63.35 MIA=66.21
  [10/36] gap=7.156746031746036 Df=6.00 Dr=66.67 MIA=63.29
  [11/36] gap=9.82305194805195 Df=0.00 Dr=50.06 MIA=40.29
  [12/36] gap=3.9993987493987553 Df=0.00 Dr=57.66 MIA=50.80
  [13/36] gap=28.611832611832615 Df=68.00 Dr=67.21 MIA=66.20
  [14/36] gap=21.58694083694084 Df=44.00 Dr=67.39 MIA=69.30
  [15/36] gap=27.164562289562298 Df=60.00 Dr=64.46 MIA=67.11
  [16/36] gap=8.111111111111114 Df=8.00 Dr=66.00 MIA=63.48
  [17/36] gap=8.665464165464167 Df=0.00 Dr=51.98 MIA=41.84
  [18/36] gap=3.602753727753729 Df=0.00 Dr=59.29 MIA=51.25
  [19/36] gap=30.27380952380953 Df=72.00 Dr=65.33 MIA=65.30
  [20/36] gap=20.15945165945166 Df=40.00 Dr=67.21 MIA=68.84
  [21/36] gap=29.230579605579607 Df=64.00 Dr=61.37 MIA=66.21
  [22/36] gap=10.344456469456475 Df=14.00 Dr=65.35 MIA=63.54
  [23/36] gap=9.479737854737856 Df=0.00 Dr=48.63 MIA=42.75
  [24/36] gap=4.7415824915824984 Df=0.00 Dr=57.86 MIA=53.23
  [25/36] gap=29.459656084656086 Df=70.00 Dr=66.22 MIA=65.75
  [26/36] gap=22.76803751803752 Df=54.00 Dr=67.64 MIA=63.09
  [27/36] gap=27.809042809042808 Df=62.00 Dr=63.19 MIA=65.77
  [28/36] gap=14.077741702741706 Df=24.00 Dr=65.94 MIA=65.32
  [29/36] gap=9.056457431457432 Df=0.00 Dr=52.18 MIA=40.46
  [30/36] gap=4.446608946608952 Df=0.00 Dr=59.64 MIA=54.12
  [31/36] gap=28.63810726310727 Df=68.00 Dr=66.69 MIA=65.75
  [32/36] gap=23.959175084175087 Df=54.00 Dr=68.08 MIA=67.11
  [33/36] gap=25.526875901875908 Df=56.00 Dr=64.48 MIA=66.21
  [34/36] gap=14.520322270322277 Df=32.00 Dr=66.81 MIA=59.52
  [35/36] gap=8.28811928811929 Df=0.00 Dr=54.04 MIA=40.91
  [36/36] gap=4.874278499278506 Df=0.00 Dr=60.12 MIA=55.89
final test: unsir {'impair_epochs': 1, 'repair_epochs': 2, 'impair_lr': 0.001, 'repair_lr': 0.01}
  Df=49.00 Dr=68.22 MIA=69.75 time=3.28s KL=0.0008

scrub: 0/24 candidates complete
  [1/24] gap=28.032046657046664 Df=64.00 Dr=68.51 MIA=69.75
  [2/24] gap=27.795695045695055 Df=62.00 Dr=68.77 MIA=71.30
  [3/24] gap=26.390271765271773 Df=60.00 Dr=68.32 MIA=68.64
  [4/24] gap=27.91426166426167 Df=62.00 Dr=68.63 MIA=71.52
  [5/24] gap=26.302729677729683 Df=60.00 Dr=68.59 MIA=68.64
  [6/24] gap=26.665043290043297 Df=62.00 Dr=68.61 MIA=67.75
  [7/24] gap=27.70075757575758 Df=64.00 Dr=68.61 MIA=68.86
  [8/24] gap=26.668470418470424 Df=62.00 Dr=68.36 MIA=67.52
  [9/24] gap=26.51545214045214 Df=60.00 Dr=68.63 MIA=69.32
  [10/24] gap=26.313552188552194 Df=60.00 Dr=68.77 MIA=68.86
  [11/24] gap=26.098605098605105 Df=60.00 Dr=68.32 MIA=67.77
  [12/24] gap=26.384980759980767 Df=62.00 Dr=68.77 MIA=67.07
  [13/24] gap=27.283128908128912 Df=62.00 Dr=68.32 MIA=69.32
  [14/24] gap=26.8961038961039 Df=62.00 Dr=68.79 MIA=68.62
  [15/24] gap=29.158609908609908 Df=62.00 Dr=68.46 MIA=75.09
  [16/24] gap=27.214045214045218 Df=62.00 Dr=68.26 MIA=69.05
  [17/24] gap=27.633417508417512 Df=64.00 Dr=68.81 MIA=68.86
  [18/24] gap=27.504810004810007 Df=60.00 Dr=68.75 MIA=72.41
  [19/24] gap=27.481962481962483 Df=62.00 Dr=69.03 MIA=70.62
  [20/24] gap=29.180254930254932 Df=66.00 Dr=68.83 MIA=71.52
  [21/24] gap=27.54178691678692 Df=64.00 Dr=68.87 MIA=68.64
  [22/24] gap=29.748556998556996 Df=66.00 Dr=68.91 MIA=73.30
  [23/24] gap=24.021224146224153 Df=54.00 Dr=68.32 MIA=67.54
  [24/24] gap=26.29190716690717 Df=60.00 Dr=68.40 MIA=68.43
final test: scrub {'msteps': 3, 'lr': 0.005, 'epochs': 5, 'max_grad_norm': 5.0}
  Df=55.00 Dr=68.60 MIA=66.52 time=5.72s KL=0.0005

mmu: 0/96 candidates complete
  [1/96] gap=28.306818181818187 Df=66.00 Dr=68.79 MIA=68.86
  [2/96] gap=28.364778739778746 Df=66.00 Dr=68.83 MIA=69.07
  [3/96] gap=25.89592352092353 Df=60.00 Dr=68.48 MIA=67.32
  [4/96] gap=25.984126984126988 Df=60.00 Dr=68.67 MIA=67.77
  [5/96] gap=26.746512746512753 Df=62.00 Dr=68.81 MIA=68.20
  [6/96] gap=27.8469215969216 Df=64.00 Dr=68.83 MIA=69.52
  [7/96] gap=25.86964886964888 Df=60.00 Dr=69.01 MIA=67.77
  [8/96] gap=26.576719576719587 Df=62.00 Dr=68.89 MIA=67.77
  [9/96] gap=27.701418951418958 Df=64.00 Dr=69.05 MIA=69.30
  [10/96] gap=26.199074074074076 Df=58.00 Dr=69.11 MIA=70.86
  [11/96] gap=26.92821067821069 Df=62.00 Dr=68.73 MIA=68.66
  [12/96] gap=25.283790283790292 Df=58.00 Dr=68.77 MIA=67.77
  [13/96] gap=27.172739297739298 Df=62.00 Dr=68.87 MIA=69.54
  [14/96] gap=26.52362914862915 Df=60.00 Dr=69.03 MIA=69.75
  [15/96] gap=26.937169312169317 Df=62.00 Dr=69.11 MIA=69.07
  [16/96] gap=26.231962481962483 Df=60.00 Dr=69.03 MIA=68.88
  [17/96] gap=26.78757816257817 Df=64.00 Dr=69.13 MIA=66.64
  [18/96] gap=24.872474747474755 Df=56.00 Dr=69.09 MIA=68.86
  [19/96] gap=27.358525733525738 Df=62.00 Dr=68.99 MIA=70.21
  [20/96] gap=24.806337181337188 Df=56.00 Dr=68.65 MIA=68.21
  [21/96] gap=27.388888888888896 Df=60.00 Dr=68.67 MIA=71.98
  [22/96] gap=26.005772005772013 Df=60.00 Dr=69.03 MIA=68.20
  [23/96] gap=25.852873977873987 Df=60.00 Dr=68.83 MIA=67.54
  [24/96] gap=26.58158970658971 Df=60.00 Dr=69.07 MIA=69.96
  [25/96] gap=25.54377104377105 Df=58.00 Dr=68.20 MIA=67.98
  [26/96] gap=19.309523809523807 Df=38.00 Dr=69.33 MIA=70.41
  [27/96] gap=28.011183261183266 Df=62.00 Dr=68.12 MIA=71.30
  [28/96] gap=21.786315536315538 Df=42.00 Dr=69.01 MIA=73.52
  [29/96] gap=25.317580567580574 Df=54.00 Dr=68.20 MIA=71.30
  [30/96] gap=27.37620250120251 Df=60.00 Dr=68.69 MIA=71.96
  [31/96] gap=26.81583694083694 Df=60.00 Dr=67.94 MIA=69.54
  [32/96] gap=25.423220298220304 Df=60.00 Dr=69.01 MIA=66.43
  [33/96] gap=27.995731120731126 Df=64.00 Dr=68.83 MIA=69.96
  [34/96] gap=28.021885521885526 Df=64.00 Dr=68.77 MIA=69.98
  [35/96] gap=28.239478114478118 Df=66.00 Dr=68.99 MIA=68.86
  [36/96] gap=28.757335257335257 Df=66.00 Dr=68.99 MIA=70.41
  [37/96] gap=25.951899951899957 Df=60.00 Dr=69.19 MIA=68.20
  [38/96] gap=26.219276094276097 Df=60.00 Dr=69.05 MIA=68.86
  [39/96] gap=27.281926406926413 Df=62.00 Dr=68.97 MIA=69.96
  [40/96] gap=27.68728956228956 Df=60.00 Dr=68.65 MIA=72.86
  [41/96] gap=28.333754208754215 Df=64.00 Dr=68.71 MIA=70.86
  [42/96] gap=23.22396584896585 Df=52.00 Dr=68.93 MIA=67.75
  [43/96] gap=26.960678210678214 Df=62.00 Dr=69.27 MIA=69.30
  [44/96] gap=24.956589706589714 Df=56.00 Dr=69.07 MIA=69.09
  [45/96] gap=26.679172679172684 Df=60.00 Dr=69.01 MIA=70.20
  [46/96] gap=25.370129870129873 Df=56.00 Dr=69.15 MIA=70.41
  [47/96] gap=28.64892977392978 Df=64.00 Dr=68.87 MIA=71.96
  [48/96] gap=24.872474747474755 Df=56.00 Dr=69.09 MIA=68.86
  [49/96] gap=28.516233766233768 Df=64.00 Dr=68.61 MIA=71.30
  [50/96] gap=19.748556998557003 Df=38.00 Dr=68.91 MIA=71.30
  [51/96] gap=26.882635882635885 Df=60.00 Dr=68.83 MIA=70.62
  [52/96] gap=22.449555074555075 Df=46.00 Dr=69.25 MIA=71.75
  [53/96] gap=25.96536796536797 Df=60.00 Dr=69.15 MIA=68.20
  [54/96] gap=22.774110149110157 Df=52.00 Dr=69.17 MIA=66.64
  [55/96] gap=26.923039923039926 Df=62.00 Dr=68.71 MIA=68.62
  [56/96] gap=26.151936026936028 Df=56.00 Dr=69.25 MIA=72.86
  [57/96] gap=29.315476190476193 Df=66.00 Dr=67.33 MIA=70.43
  [58/96] gap=7.57888407888408 Df=0.00 Dr=68.53 MIA=72.41
  [59/96] gap=23.547198172198176 Df=50.00 Dr=67.96 MIA=69.75
  [60/96] gap=9.436808561808563 Df=6.00 Dr=68.51 MIA=71.96
  [61/96] gap=25.630110630110636 Df=60.00 Dr=68.59 MIA=66.62
  [62/96] gap=17.02459114959115 Df=34.00 Dr=69.35 MIA=67.54
  [63/96] gap=27.51274651274652 Df=64.00 Dr=68.08 MIA=67.77
  [64/96] gap=20.277356902356907 Df=42.00 Dr=68.63 MIA=68.61
  [65/96] gap=26.655663780663787 Df=60.00 Dr=68.85 MIA=69.96
  [66/96] gap=26.446248196248195 Df=60.00 Dr=69.03 MIA=69.52
  [67/96] gap=27.41317941317942 Df=60.00 Dr=68.81 MIA=72.20
  [68/96] gap=27.836099086099086 Df=60.00 Dr=68.65 MIA=73.30
  [69/96] gap=25.5964405964406 Df=60.00 Dr=68.69 MIA=66.62
  [70/96] gap=25.92508417508418 Df=60.00 Dr=68.81 MIA=67.73
  [71/96] gap=26.493386243386244 Df=62.00 Dr=68.89 MIA=67.52
  [72/96] gap=25.821849446849455 Df=60.00 Dr=68.71 MIA=67.32
  [73/96] gap=26.9196127946128 Df=60.00 Dr=68.95 MIA=70.86
  [74/96] gap=19.061688311688318 Df=38.00 Dr=68.97 MIA=69.30
  [75/96] gap=26.79100529100529 Df=60.00 Dr=68.89 MIA=70.41
  [76/96] gap=20.98021885521886 Df=42.00 Dr=68.77 MIA=70.86
  [77/96] gap=26.411135161135167 Df=60.00 Dr=68.71 MIA=69.09
  [78/96] gap=21.964706589706594 Df=46.00 Dr=68.71 MIA=69.75
  [79/96] gap=27.32906445406446 Df=60.00 Dr=68.83 MIA=71.96
  [80/96] gap=24.266414141414145 Df=50.00 Dr=68.91 MIA=72.86
  [81/96] gap=26.61117123617124 Df=60.00 Dr=68.77 MIA=69.75
  [82/96] gap=17.674482924482927 Df=32.00 Dr=69.13 MIA=71.30
  [83/96] gap=25.909391534391546 Df=60.00 Dr=68.44 MIA=67.32
  [84/96] gap=18.13780663780664 Df=34.00 Dr=68.85 MIA=70.41
  [85/96] gap=28.275793650793656 Df=64.00 Dr=68.67 MIA=70.64
  [86/96] gap=19.338443963443968 Df=38.00 Dr=68.59 MIA=69.75
  [87/96] gap=27.98899711399712 Df=62.00 Dr=68.85 MIA=71.96
  [88/96] gap=20.601791726791735 Df=38.00 Dr=69.01 MIA=73.96
  [89/96] gap=28.365319865319872 Df=64.00 Dr=67.74 MIA=69.98
  [90/96] gap=6.07136844636845 Df=0.00 Dr=68.57 MIA=67.93
  [91/96] gap=25.7168710918711 Df=60.00 Dr=68.34 MIA=66.64
  [92/96] gap=8.502765752765756 Df=0.00 Dr=68.65 MIA=75.30
  [93/96] gap=26.97546897546898 Df=60.00 Dr=68.12 MIA=70.20
  [94/96] gap=7.558682058682059 Df=0.00 Dr=68.59 MIA=72.41
  [95/96] gap=27.030784030784037 Df=62.00 Dr=68.38 MIA=68.62
  [96/96] gap=13.680555555555555 Df=18.00 Dr=68.67 MIA=72.86
final test: mmu {'msteps': 3, 'lr': 0.005, 'epochs': 5, 'head_mode': 'tied', 'weighting': 'normalised', 'max_grad_norm': 5.0}
  Df=0.00 Dr=68.98 MIA=63.59 time=5.89s KL=0.0005

salun: 0/45 candidates complete
  [1/45] gap=16.05489417989418 Df=20.00 Dr=64.22 MIA=73.54
  [2/45] gap=14.355278980278984 Df=14.00 Dr=63.54 MIA=73.75
  [3/45] gap=14.158790283790289 Df=14.00 Dr=62.77 MIA=72.39
  [4/45] gap=13.91804954304955 Df=16.00 Dr=58.99 MIA=65.89
  [5/45] gap=16.95460557960558 Df=16.00 Dr=57.74 MIA=73.75
  [6/45] gap=10.42328042328043 Df=4.00 Dr=57.78 MIA=66.20
  [7/45] gap=9.225108225108228 Df=0.00 Dr=55.52 MIA=64.34
  [8/45] gap=7.430315055315056 Df=2.00 Dr=57.60 MIA=59.04
  [9/45] gap=6.48178210678211 Df=0.00 Dr=58.73 MIA=59.32
  [10/45] gap=17.33104858104858 Df=24.00 Dr=64.16 MIA=73.30
  [11/45] gap=14.77489177489178 Df=18.00 Dr=63.15 MIA=70.62
  [12/45] gap=15.741943241943249 Df=18.00 Dr=62.46 MIA=72.84
  [13/45] gap=13.311327561327566 Df=18.00 Dr=58.36 MIA=61.45
  [14/45] gap=15.889430014430017 Df=16.00 Dr=57.58 MIA=70.39
  [15/45] gap=11.176046176046178 Df=6.00 Dr=57.09 MIA=65.77
  [16/45] gap=11.005952380952385 Df=4.00 Dr=57.33 MIA=67.50
  [17/45] gap=8.647607022607026 Df=2.00 Dr=57.98 MIA=63.07
  [18/45] gap=8.343674843674847 Df=0.00 Dr=59.37 MIA=65.55
  [19/45] gap=18.897306397306398 Df=26.00 Dr=64.14 MIA=75.98
  [20/45] gap=15.167448292448297 Df=18.00 Dr=63.31 MIA=71.96
  [21/45] gap=16.3910533910534 Df=18.00 Dr=62.30 MIA=74.63
  [22/45] gap=16.07479557479558 Df=20.00 Dr=58.32 MIA=67.70
  [23/45] gap=16.691558441558445 Df=16.00 Dr=57.15 MIA=72.38
  [24/45] gap=13.685305435305438 Df=8.00 Dr=57.31 MIA=71.52
  [25/45] gap=13.177368927368933 Df=10.00 Dr=57.98 MIA=68.66
  [26/45] gap=10.546476671476677 Df=6.00 Dr=58.75 MIA=65.54
  [27/45] gap=9.89315776815777 Df=4.00 Dr=59.17 MIA=66.00
  [28/45] gap=17.54377104377104 Df=22.00 Dr=64.20 MIA=75.98
  [29/45] gap=14.761423761423766 Df=18.00 Dr=63.19 MIA=70.62
  [30/45] gap=16.224687349687354 Df=18.00 Dr=62.14 MIA=73.96
  [31/45] gap=18.30802068302069 Df=20.00 Dr=58.14 MIA=74.21
  [32/45] gap=15.51827801827802 Df=16.00 Dr=56.71 MIA=68.41
  [33/45] gap=15.359968734968737 Df=12.00 Dr=57.41 MIA=72.64
  [34/45] gap=14.083273208273217 Df=10.00 Dr=56.57 MIA=69.96
  [35/45] gap=11.716750841750846 Df=8.00 Dr=58.81 MIA=67.11
  [36/45] gap=9.54322991822992 Df=2.00 Dr=59.29 MIA=67.07
  [37/45] gap=18.782828282828284 Df=26.00 Dr=64.48 MIA=75.98
  [38/45] gap=14.849627224627229 Df=18.00 Dr=63.37 MIA=71.07
  [39/45] gap=17.33369408369409 Df=18.00 Dr=61.94 MIA=77.09
  [40/45] gap=14.931457431457439 Df=22.00 Dr=58.18 MIA=62.13
  [41/45] gap=13.902236652236654 Df=16.00 Dr=57.09 MIA=63.95
  [42/45] gap=15.01443001443002 Df=14.00 Dr=57.58 MIA=69.77
  [43/45] gap=11.937650312650314 Df=8.00 Dr=57.25 MIA=66.21
  [44/45] gap=10.745731120731122 Df=6.00 Dr=58.83 MIA=66.21
  [45/45] gap=9.230820105820108 Df=2.00 Dr=58.44 MIA=65.29
final test: salun {'sparsity': 0.9, 'lr': 0.0001, 'epochs': 3}
  Df=25.00 Dr=64.48 MIA=64.69 time=6.45s KL=0.0009

uniclun: 0/27 candidates complete
  [1/27] gap=19.126924001924003 Df=26.00 Dr=63.90 MIA=76.43
  [2/27] gap=19.126924001924003 Df=26.00 Dr=63.90 MIA=76.43
  [3/27] gap=19.126924001924003 Df=26.00 Dr=63.90 MIA=76.43
  [4/27] gap=17.6986531986532 Df=22.00 Dr=63.74 MIA=75.98
  [5/27] gap=17.6986531986532 Df=22.00 Dr=63.74 MIA=75.98
  [6/27] gap=17.6986531986532 Df=22.00 Dr=63.74 MIA=75.98
  [7/27] gap=17.757275132275137 Df=22.00 Dr=62.22 MIA=74.64
  [8/27] gap=17.757275132275137 Df=22.00 Dr=62.22 MIA=74.64
  [9/27] gap=17.757275132275137 Df=22.00 Dr=62.22 MIA=74.64
  [10/27] gap=16.166185666185672 Df=18.00 Dr=59.19 MIA=70.84
  [11/27] gap=16.166185666185672 Df=18.00 Dr=59.19 MIA=70.84
  [12/27] gap=16.166185666185672 Df=18.00 Dr=59.19 MIA=70.84
  [13/27] gap=16.12620250120251 Df=14.00 Dr=58.69 MIA=74.21
  [14/27] gap=16.12620250120251 Df=14.00 Dr=58.69 MIA=74.21
  [15/27] gap=16.12620250120251 Df=14.00 Dr=58.69 MIA=74.21
  [16/27] gap=14.176767676767684 Df=12.00 Dr=58.30 MIA=69.98
  [17/27] gap=14.176767676767684 Df=12.00 Dr=58.30 MIA=69.98
  [18/27] gap=14.176767676767684 Df=12.00 Dr=58.30 MIA=69.98
  [19/27] gap=13.854196729196735 Df=8.00 Dr=59.72 MIA=74.43
  [20/27] gap=13.854196729196735 Df=8.00 Dr=59.72 MIA=74.43
  [21/27] gap=13.854196729196735 Df=8.00 Dr=59.72 MIA=74.43
  [22/27] gap=11.90001202501203 Df=10.00 Dr=60.69 MIA=67.54
  [23/27] gap=11.90001202501203 Df=10.00 Dr=60.69 MIA=67.54
  [24/27] gap=11.90001202501203 Df=10.00 Dr=60.69 MIA=67.54
  [25/27] gap=11.53318903318904 Df=6.00 Dr=61.09 MIA=70.84
  [26/27] gap=11.53318903318904 Df=6.00 Dr=61.09 MIA=70.84
  [27/27] gap=11.53318903318904 Df=6.00 Dr=61.09 MIA=70.84
final test: uniclun {'lr': 0.0001, 'epochs': 3, 'buffer_size': 250}
  Df=24.00 Dr=63.65 MIA=67.08 time=3.91s KL=0.0009

