loaded shared source and Amnesiac ledger
loaded shared Retrain reference
final test: baseline {}
  Df=75.00 Dr=78.45 MIA=67.40 time=0.00s KL=0.0013
final test: retrain {}
  Df=22.00 Dr=79.62 MIA=47.82 time=828.33s KL=0.0000

finetune: 0/12 candidates complete
  [1/12] gap=19.875240500240498 Df=76.00 Dr=79.41 MIA=67.11
  [2/12] gap=18.955447330447328 Df=74.00 Dr=79.49 MIA=66.43
  [3/12] gap=20.457792207792206 Df=80.00 Dr=79.43 MIA=64.88
  [4/12] gap=16.86315536315536 Df=64.00 Dr=79.11 MIA=69.77
  [5/12] gap=16.54082491582491 Df=70.00 Dr=75.60 MIA=59.29
  [6/12] gap=6.505832130832123 Df=36.00 Dr=74.81 MIA=62.39
  [7/12] gap=17.590788840788836 Df=76.00 Dr=75.54 MIA=56.38
  [8/12] gap=8.592051467051462 Df=46.00 Dr=75.66 MIA=59.50
  [9/12] gap=19.115199615199618 Df=8.00 Dr=49.21 MIA=50.20
  [10/12] gap=10.408008658008653 Df=18.00 Dr=63.80 MIA=57.09
  [11/12] gap=9.892255892255896 Df=22.00 Dr=66.67 MIA=46.41
  [12/12] gap=5.999458874458877 Df=32.00 Dr=69.43 MIA=49.32
final test: finetune {'lr': 0.0001, 'epochs': 10}
  Df=64.00 Dr=78.49 MIA=67.13 time=64.19s KL=0.0012

ssd: 0/25 candidates complete
  [1/25] gap=36.53811928811928 Df=0.00 Dr=5.05 MIA=50.09
  [2/25] gap=35.28811928811929 Df=0.00 Dr=5.05 MIA=53.84
  [3/25] gap=36.80002405002405 Df=0.00 Dr=5.05 MIA=49.30
  [4/25] gap=17.278920153920154 Df=0.00 Dr=65.60 MIA=47.32
  [5/25] gap=11.51364838864839 Df=0.00 Dr=76.61 MIA=53.61
  [6/25] gap=34.10810485810486 Df=0.00 Dr=12.63 MIA=59.02
  [7/25] gap=33.44143819143819 Df=0.00 Dr=14.63 MIA=59.02
  [8/25] gap=33.303992303992295 Df=0.00 Dr=17.72 MIA=61.70
  [9/25] gap=17.278920153920154 Df=0.00 Dr=65.60 MIA=47.32
  [10/25] gap=11.51364838864839 Df=0.00 Dr=76.61 MIA=53.61
  [11/25] gap=15.426707551707551 Df=0.00 Dr=68.55 MIA=49.93
  [12/25] gap=14.196488696488695 Df=0.00 Dr=69.11 MIA=53.05
  [13/25] gap=13.912999037999038 Df=0.00 Dr=69.52 MIA=53.50
  [14/25] gap=13.710738335738336 Df=0.00 Dr=73.05 MIA=50.57
  [15/25] gap=11.51364838864839 Df=0.00 Dr=76.61 MIA=53.61
  [16/25] gap=17.189814814814813 Df=72.00 Dr=79.90 MIA=63.54
  [17/25] gap=17.189814814814813 Df=72.00 Dr=79.90 MIA=63.54
  [18/25] gap=17.189814814814813 Df=72.00 Dr=79.90 MIA=63.54
  [19/25] gap=17.189814814814813 Df=72.00 Dr=79.90 MIA=63.54
  [20/25] gap=17.48743386243386 Df=72.00 Dr=79.90 MIA=64.43
  [21/25] gap=19.59583934583934 Df=80.00 Dr=80.02 MIA=62.88
  [22/25] gap=19.59583934583934 Df=80.00 Dr=80.02 MIA=62.88
  [23/25] gap=19.59583934583934 Df=80.00 Dr=80.02 MIA=62.88
  [24/25] gap=19.59583934583934 Df=80.00 Dr=80.02 MIA=62.88
  [25/25] gap=19.59583934583934 Df=80.00 Dr=80.02 MIA=62.88
final test: ssd {'alpha': 50.0, 'dampening_constant': 0.1}
  Df=74.00 Dr=78.19 MIA=67.48 time=8.21s KL=0.0014

badteacher: 0/36 candidates complete
  [1/36] gap=8.027056277056275 Df=18.00 Dr=75.80 MIA=61.95
  [2/36] gap=13.927368927368926 Df=6.00 Dr=74.99 MIA=66.84
  [3/36] gap=10.20941558441558 Df=16.00 Dr=74.16 MIA=64.86
  [4/36] gap=12.097823472823473 Df=12.00 Dr=75.35 MIA=67.71
  [5/36] gap=11.47763347763347 Df=10.00 Dr=74.77 MIA=63.27
  [6/36] gap=9.277477152477154 Df=14.00 Dr=75.17 MIA=61.07
  [7/36] gap=11.38071188071188 Df=12.00 Dr=75.27 MIA=65.48
  [8/36] gap=12.07208994708994 Df=14.00 Dr=74.79 MIA=69.07
  [9/36] gap=6.380651755651755 Df=20.00 Dr=76.51 MIA=59.71
  [10/36] gap=13.32208994708994 Df=8.00 Dr=74.79 MIA=66.82
  [11/36] gap=13.462722462722459 Df=10.00 Dr=74.38 MIA=68.84
  [12/36] gap=4.927849927849921 Df=28.00 Dr=77.13 MIA=63.98
  [13/36] gap=10.6533189033189 Df=12.00 Dr=75.92 MIA=63.95
  [14/36] gap=14.750901875901869 Df=6.00 Dr=75.86 MIA=70.18
  [15/36] gap=10.157106782106775 Df=12.00 Dr=76.28 MIA=62.82
  [16/36] gap=11.620370370370367 Df=12.00 Dr=75.23 MIA=66.16
  [17/36] gap=11.468013468013462 Df=16.00 Dr=75.94 MIA=70.41
  [18/36] gap=9.258056758056759 Df=16.00 Dr=77.21 MIA=65.05
  [19/36] gap=11.695105820105814 Df=12.00 Dr=75.45 MIA=66.61
  [20/36] gap=9.922619047619042 Df=16.00 Dr=76.34 MIA=66.18
  [21/36] gap=5.214225589225582 Df=26.00 Dr=77.58 MIA=63.29
  [22/36] gap=11.623677248677245 Df=10.00 Dr=75.45 MIA=64.39
  [23/36] gap=8.817580567580569 Df=16.00 Dr=77.21 MIA=63.73
  [24/36] gap=4.564995189995185 Df=36.00 Dr=78.20 MIA=59.96
  [25/36] gap=10.301827801827798 Df=12.00 Dr=76.08 MIA=63.05
  [26/36] gap=11.464045214045209 Df=14.00 Dr=77.27 MIA=69.73
  [27/36] gap=6.41420153920154 Df=20.00 Dr=76.87 MIA=60.18
  [28/36] gap=11.706589706589702 Df=12.00 Dr=76.08 MIA=67.27
  [29/36] gap=8.394660894660893 Df=20.00 Dr=77.37 MIA=66.62
  [30/36] gap=7.220658970658962 Df=14.00 Dr=77.72 MIA=57.45
  [31/36] gap=10.334295334295327 Df=12.00 Dr=76.63 MIA=63.70
  [32/36] gap=6.2001563251563185 Df=26.00 Dr=77.94 MIA=66.61
  [33/36] gap=6.782347282347281 Df=22.00 Dr=77.35 MIA=63.77
  [34/36] gap=10.201479076479075 Df=14.00 Dr=76.83 MIA=65.50
  [35/36] gap=6.0040885040885 Df=24.00 Dr=78.55 MIA=64.62
  [36/36] gap=8.055735930735926 Df=40.00 Dr=77.98 MIA=66.21
final test: badteacher {'temperature': 4.0, 'epochs': 10, 'lr': 0.001}
  Df=21.00 Dr=77.35 MIA=67.09 time=12.25s KL=0.0014

unsir: 0/36 candidates complete
  [1/36] gap=24.04569504569504 Df=88.00 Dr=77.78 MIA=65.98
  [2/36] gap=19.339285714285708 Df=78.00 Dr=78.34 MIA=62.43
  [3/36] gap=21.820947570947567 Df=80.00 Dr=74.20 MIA=63.73
  [4/36] gap=22.019540644540644 Df=78.00 Dr=75.84 MIA=67.96
  [5/36] gap=17.551887926887925 Df=52.00 Dr=56.85 MIA=47.25
  [6/36] gap=14.893157768157765 Df=46.00 Dr=64.18 MIA=41.89
  [7/36] gap=23.454425204425196 Df=86.00 Dr=78.44 MIA=66.88
  [8/36] gap=19.0779822029822 Df=76.00 Dr=78.02 MIA=63.32
  [9/36] gap=19.24801587301587 Df=76.00 Dr=75.01 MIA=60.82
  [10/36] gap=21.027537277537277 Df=76.00 Dr=77.94 MIA=69.09
  [11/36] gap=16.928391053391056 Df=56.00 Dr=60.04 MIA=49.93
  [12/36] gap=12.623075998075997 Df=52.00 Dr=69.78 MIA=49.11
  [13/36] gap=21.97228234728234 Df=84.00 Dr=78.44 MIA=64.43
  [14/36] gap=18.781024531024528 Df=76.00 Dr=78.46 MIA=62.88
  [15/36] gap=21.238516113516113 Df=80.00 Dr=75.72 MIA=63.50
  [16/36] gap=18.275312650312646 Df=70.00 Dr=77.54 MIA=66.43
  [17/36] gap=15.226671476671477 Df=50.00 Dr=62.48 MIA=46.59
  [18/36] gap=9.575216450216452 Df=48.00 Dr=70.71 MIA=53.32
  [19/36] gap=24.504930254930255 Df=88.00 Dr=77.29 MIA=66.88
  [20/36] gap=20.317159692159688 Df=80.00 Dr=77.84 MIA=62.86
  [21/36] gap=17.9253848003848 Df=72.00 Dr=73.66 MIA=59.50
  [22/36] gap=17.466810966810964 Df=70.00 Dr=76.59 MIA=63.05
  [23/36] gap=17.748857623857624 Df=62.00 Dr=63.76 MIA=49.75
  [24/36] gap=12.51256613756614 Df=52.00 Dr=70.79 MIA=48.43
  [25/36] gap=21.865860990860984 Df=84.00 Dr=77.66 MIA=63.32
  [26/36] gap=17.643638768638763 Df=72.00 Dr=78.32 MIA=63.32
  [27/36] gap=19.70869408369408 Df=78.00 Dr=74.95 MIA=60.14
  [28/36] gap=18.826839826839826 Df=70.00 Dr=77.43 MIA=67.98
  [29/36] gap=17.825036075036078 Df=62.00 Dr=66.40 MIA=46.88
  [30/36] gap=10.418169793169787 Df=52.00 Dr=73.54 MIA=56.86
  [31/36] gap=22.519721019721015 Df=86.00 Dr=78.14 MIA=63.77
  [32/36] gap=19.470538720538716 Df=78.00 Dr=78.18 MIA=62.66
  [33/36] gap=21.49176286676287 Df=82.00 Dr=75.17 MIA=61.71
  [34/36] gap=19.33688071188071 Df=72.00 Dr=77.64 MIA=67.71
  [35/36] gap=16.254689754689757 Df=60.00 Dr=68.22 MIA=47.77
  [36/36] gap=13.38732563732564 Df=60.00 Dr=73.72 MIA=50.88
final test: unsir {'impair_epochs': 1, 'repair_epochs': 3, 'impair_lr': 0.001, 'repair_lr': 0.01}
  Df=64.00 Dr=77.80 MIA=67.35 time=4.07s KL=0.0015

scrub: 0/24 candidates complete
  [1/24] gap=20.80321067821067 Df=82.00 Dr=79.74 MIA=64.21
  [2/24] gap=20.028138528138523 Df=80.00 Dr=79.62 MIA=63.77
  [3/24] gap=19.927128427128427 Df=80.00 Dr=79.92 MIA=63.77
  [4/24] gap=19.36147186147186 Df=78.00 Dr=79.62 MIA=63.77
  [5/24] gap=19.307599807599804 Df=78.00 Dr=79.78 MIA=63.77
  [6/24] gap=20.16348003848003 Df=80.00 Dr=79.66 MIA=64.21
  [7/24] gap=19.80050505050505 Df=80.00 Dr=79.19 MIA=62.66
  [8/24] gap=21.59451659451659 Df=84.00 Dr=79.13 MIA=63.98
  [9/24] gap=21.019360269360263 Df=82.00 Dr=79.54 MIA=64.66
  [10/24] gap=20.116341991341983 Df=80.00 Dr=79.80 MIA=64.21
  [11/24] gap=21.019360269360263 Df=82.00 Dr=79.54 MIA=64.66
  [12/24] gap=20.78300865800865 Df=80.00 Dr=79.80 MIA=66.21
  [13/24] gap=21.84565897065897 Df=82.00 Dr=79.72 MIA=67.32
  [14/24] gap=19.429473304473294 Df=78.00 Dr=79.86 MIA=64.21
  [15/24] gap=21.597823472823467 Df=84.00 Dr=79.35 MIA=64.21
  [16/24] gap=18.538600288600282 Df=74.00 Dr=79.19 MIA=64.88
  [17/24] gap=20.69480519480519 Df=82.00 Dr=79.62 MIA=63.77
  [18/24] gap=20.64766714766714 Df=80.00 Dr=79.76 MIA=65.77
  [19/24] gap=20.965488215488207 Df=82.00 Dr=79.70 MIA=64.66
  [20/24] gap=19.703583453583448 Df=76.00 Dr=79.70 MIA=66.88
  [21/24] gap=19.138588263588257 Df=78.00 Dr=79.84 MIA=63.32
  [22/24] gap=19.368205868205862 Df=76.00 Dr=79.60 MIA=65.77
  [23/24] gap=19.590428090428087 Df=76.00 Dr=78.93 MIA=65.77
  [24/24] gap=20.498196248196248 Df=80.00 Dr=79.31 MIA=64.88
final test: scrub {'msteps': 2, 'lr': 0.005, 'epochs': 10, 'max_grad_norm': 5.0}
  Df=68.00 Dr=78.28 MIA=66.13 time=15.70s KL=0.0027

mmu: 0/96 candidates complete
  [1/96] gap=20.65440115440115 Df=82.00 Dr=79.74 MIA=63.77
  [2/96] gap=20.27861952861952 Df=80.00 Dr=79.76 MIA=64.66
  [3/96] gap=21.00589225589225 Df=82.00 Dr=79.58 MIA=64.66
  [4/96] gap=20.8301467051467 Df=82.00 Dr=79.66 MIA=64.21
  [5/96] gap=19.51767676767676 Df=78.00 Dr=80.04 MIA=64.66
  [6/96] gap=19.67322029822029 Df=78.00 Dr=80.02 MIA=65.11
  [7/96] gap=20.76280663780663 Df=82.00 Dr=79.86 MIA=64.21
  [8/96] gap=20.776274651274644 Df=82.00 Dr=79.82 MIA=64.21
  [9/96] gap=18.735870610870606 Df=76.00 Dr=79.94 MIA=64.21
  [10/96] gap=18.647667147667143 Df=76.00 Dr=79.76 MIA=63.77
  [11/96] gap=21.290043290043286 Df=82.00 Dr=79.62 MIA=65.55
  [12/96] gap=20.863816738816734 Df=82.00 Dr=79.56 MIA=64.21
  [13/96] gap=19.571548821548816 Df=78.00 Dr=79.88 MIA=64.66
  [14/96] gap=18.87794612794612 Df=76.00 Dr=79.96 MIA=64.66
  [15/96] gap=20.10287397787397 Df=80.00 Dr=79.84 MIA=64.21
  [16/96] gap=20.816678691678685 Df=80.00 Dr=79.70 MIA=66.21
  [17/96] gap=19.50354737854737 Df=78.00 Dr=79.64 MIA=64.21
  [18/96] gap=18.925084175084166 Df=76.00 Dr=79.82 MIA=64.66
  [19/96] gap=20.985690235690228 Df=82.00 Dr=79.64 MIA=64.66
  [20/96] gap=20.62337662337662 Df=82.00 Dr=79.62 MIA=63.55
  [21/96] gap=19.585016835016827 Df=76.00 Dr=79.84 MIA=66.66
  [22/96] gap=18.911616161616152 Df=76.00 Dr=79.86 MIA=64.66
  [23/96] gap=18.647667147667146 Df=72.00 Dr=79.76 MIA=67.77
  [24/96] gap=19.611952861952854 Df=78.00 Dr=79.76 MIA=64.66
  [25/96] gap=16.779701779701774 Df=72.00 Dr=79.58 MIA=61.98
  [26/96] gap=18.877284752284748 Df=76.00 Dr=79.52 MIA=64.21
  [27/96] gap=21.01605339105339 Df=84.00 Dr=79.31 MIA=62.43
  [28/96] gap=21.11429773929773 Df=82.00 Dr=79.70 MIA=65.11
  [29/96] gap=17.492845117845114 Df=72.00 Dr=78.99 MIA=63.54
  [30/96] gap=19.947330447330444 Df=76.00 Dr=79.86 MIA=67.77
  [31/96] gap=16.25444925444925 Df=70.00 Dr=79.15 MIA=61.98
  [32/96] gap=18.539261664261662 Df=72.00 Dr=79.64 MIA=67.32
  [33/96] gap=20.41396103896103 Df=80.00 Dr=79.80 MIA=65.11
  [34/96] gap=20.488035113035107 Df=80.00 Dr=79.58 MIA=65.11
  [35/96] gap=21.605218855218848 Df=84.00 Dr=79.78 MIA=64.66
  [36/96] gap=20.93855218855218 Df=82.00 Dr=79.78 MIA=64.66
  [37/96] gap=20.85034872534872 Df=82.00 Dr=79.60 MIA=64.21
  [38/96] gap=20.136544011544004 Df=80.00 Dr=79.74 MIA=64.21
  [39/96] gap=20.129810004809997 Df=80.00 Dr=79.76 MIA=64.21
  [40/96] gap=20.18103655603655 Df=80.00 Dr=79.82 MIA=64.43
  [41/96] gap=19.57828282828282 Df=78.00 Dr=79.86 MIA=64.66
  [42/96] gap=18.67460317460317 Df=76.00 Dr=79.68 MIA=63.77
  [43/96] gap=20.931818181818173 Df=82.00 Dr=79.80 MIA=64.66
  [44/96] gap=19.64562289562289 Df=78.00 Dr=79.66 MIA=64.66
  [45/96] gap=20.85034872534872 Df=82.00 Dr=79.60 MIA=64.21
  [46/96] gap=20.332491582491574 Df=80.00 Dr=79.60 MIA=64.66
  [47/96] gap=20.33922558922558 Df=78.00 Dr=79.58 MIA=66.66
  [48/96] gap=19.212662337662337 Df=74.00 Dr=79.62 MIA=67.32
  [49/96] gap=19.34126984126984 Df=78.00 Dr=79.68 MIA=63.77
  [50/96] gap=18.965488215488207 Df=76.00 Dr=79.70 MIA=64.66
  [51/96] gap=19.787698412698404 Df=78.00 Dr=79.68 MIA=65.11
  [52/96] gap=18.972222222222214 Df=76.00 Dr=79.68 MIA=64.66
  [53/96] gap=20.793169793169792 Df=80.00 Dr=79.54 MIA=65.98
  [54/96] gap=20.50150312650312 Df=80.00 Dr=79.54 MIA=65.11
  [55/96] gap=20.850348725348724 Df=78.00 Dr=79.60 MIA=68.21
  [56/96] gap=19.919733044733047 Df=76.00 Dr=79.49 MIA=67.32
  [57/96] gap=19.286075036075033 Df=78.00 Dr=78.95 MIA=62.88
  [58/96] gap=18.183682058682052 Df=76.00 Dr=79.60 MIA=62.21
  [59/96] gap=18.473244348244346 Df=74.00 Dr=78.73 MIA=64.21
  [60/96] gap=17.13449975949975 Df=70.00 Dr=79.64 MIA=65.11
  [61/96] gap=20.60064935064935 Df=74.00 Dr=79.43 MIA=71.30
  [62/96] gap=19.597823472823467 Df=76.00 Dr=79.35 MIA=66.21
  [63/96] gap=21.46921596921597 Df=84.00 Dr=79.29 MIA=63.77
  [64/96] gap=18.97895622895622 Df=74.00 Dr=79.66 MIA=66.66
  [65/96] gap=20.688071188071184 Df=82.00 Dr=79.64 MIA=63.77
  [66/96] gap=18.823412698412692 Df=76.00 Dr=79.68 MIA=64.21
  [67/96] gap=20.91835016835016 Df=82.00 Dr=79.84 MIA=64.66
  [68/96] gap=19.34126984126984 Df=78.00 Dr=79.68 MIA=63.77
  [69/96] gap=20.9587542087542 Df=82.00 Dr=79.72 MIA=64.66
  [70/96] gap=20.096139971139962 Df=80.00 Dr=79.86 MIA=64.21
  [71/96] gap=19.38906926406926 Df=78.00 Dr=79.98 MIA=64.21
  [72/96] gap=20.31637806637806 Df=78.00 Dr=79.86 MIA=66.88
  [73/96] gap=20.843614718614713 Df=80.00 Dr=79.62 MIA=66.21
  [74/96] gap=18.25775613275613 Df=72.00 Dr=79.37 MIA=66.21
  [75/96] gap=18.972222222222218 Df=78.00 Dr=79.68 MIA=62.66
  [76/96] gap=17.82136844636844 Df=72.00 Dr=79.58 MIA=65.11
  [77/96] gap=20.467833092833086 Df=80.00 Dr=79.64 MIA=65.11
  [78/96] gap=19.79443241943241 Df=78.00 Dr=79.66 MIA=65.11
  [79/96] gap=19.456409331409322 Df=76.00 Dr=79.78 MIA=66.21
  [80/96] gap=18.64766714766714 Df=74.00 Dr=79.76 MIA=65.77
  [81/96] gap=20.31902356902356 Df=78.00 Dr=79.64 MIA=66.66
  [82/96] gap=19.039562289562284 Df=74.00 Dr=79.47 MIA=66.66
  [83/96] gap=18.97895622895622 Df=76.00 Dr=79.66 MIA=64.66
  [84/96] gap=17.06649831649831 Df=70.00 Dr=79.39 MIA=64.66
  [85/96] gap=20.14327801827801 Df=78.00 Dr=79.72 MIA=66.21
  [86/96] gap=19.679292929292924 Df=78.00 Dr=79.56 MIA=64.66
  [87/96] gap=18.258417508417498 Df=74.00 Dr=79.82 MIA=64.66
  [88/96] gap=19.733826358826352 Df=74.00 Dr=79.84 MIA=69.11
  [89/96] gap=18.06048581048581 Df=72.00 Dr=78.63 MIA=64.88
  [90/96] gap=16.856421356421354 Df=70.00 Dr=79.13 MIA=63.77
  [91/96] gap=18.106421356421354 Df=76.00 Dr=79.13 MIA=61.52
  [92/96] gap=17.683381433381427 Df=72.00 Dr=79.76 MIA=64.88
  [93/96] gap=21.99987974987975 Df=82.00 Dr=78.81 MIA=66.88
  [94/96] gap=20.129810004809997 Df=78.00 Dr=79.76 MIA=66.21
  [95/96] gap=18.97354497354497 Df=70.00 Dr=78.57 MIA=69.55
  [96/96] gap=18.14327801827801 Df=72.00 Dr=79.72 MIA=66.21
final test: mmu {'msteps': 2, 'lr': 0.005, 'epochs': 5, 'head_mode': 'tied', 'weighting': 'normalised', 'max_grad_norm': 5.0}
  Df=71.00 Dr=78.58 MIA=65.17 time=10.01s KL=0.0019

salun: 0/45 candidates complete
  [1/45] gap=5.924482924482919 Df=36.00 Dr=76.14 MIA=61.98
  [2/45] gap=7.5642736892736835 Df=40.00 Dr=74.99 MIA=61.75
  [3/45] gap=8.802669552669547 Df=38.00 Dr=74.83 MIA=67.30
  [4/45] gap=8.410113035113033 Df=36.00 Dr=72.67 MIA=65.96
  [5/45] gap=6.983826358826356 Df=34.00 Dr=71.84 MIA=62.86
  [6/45] gap=8.177188552188543 Df=28.00 Dr=70.69 MIA=67.29
  [7/45] gap=7.913660413660414 Df=36.00 Dr=69.96 MIA=61.77
  [8/45] gap=5.962241462241463 Df=30.00 Dr=70.24 MIA=62.20
  [9/45] gap=8.455808080808078 Df=34.00 Dr=72.10 MIA=67.54
  [10/45] gap=5.876683501683499 Df=34.00 Dr=75.84 MIA=63.54
  [11/45] gap=8.568963443963439 Df=44.00 Dr=74.87 MIA=60.64
  [12/45] gap=9.154160654160648 Df=38.00 Dr=74.67 MIA=68.20
  [13/45] gap=9.326599326599322 Df=38.00 Dr=72.36 MIA=66.41
  [14/45] gap=9.121813371813374 Df=38.00 Dr=71.66 MIA=65.09
  [15/45] gap=6.669432419432419 Df=28.00 Dr=71.66 MIA=63.73
  [16/45] gap=7.435004810004808 Df=30.00 Dr=72.48 MIA=68.86
  [17/45] gap=5.638347763347755 Df=32.00 Dr=72.77 MIA=61.75
  [18/45] gap=6.540043290043289 Df=34.00 Dr=73.62 MIA=63.30
  [19/45] gap=5.74134199134199 Df=34.00 Dr=75.80 MIA=63.09
  [20/45] gap=8.548761423761421 Df=44.00 Dr=74.93 MIA=60.64
  [21/45] gap=8.51443001443001 Df=38.00 Dr=74.59 MIA=66.20
  [22/45] gap=11.056577681577679 Df=42.00 Dr=72.73 MIA=67.96
  [23/45] gap=8.175745550745548 Df=40.00 Dr=72.26 MIA=60.86
  [24/45] gap=6.612133237133233 Df=32.00 Dr=72.06 MIA=63.96
  [25/45] gap=7.7730278980278955 Df=34.00 Dr=72.36 MIA=65.75
  [26/45] gap=8.898268398268394 Df=38.00 Dr=73.43 MIA=66.20
  [27/45] gap=6.486171236171234 Df=28.00 Dr=73.78 MIA=65.30
  [28/45] gap=5.538660413660412 Df=34.00 Dr=75.96 MIA=62.64
  [29/45] gap=8.690836940836938 Df=44.00 Dr=74.95 MIA=61.09
  [30/45] gap=7.881433381433378 Df=36.00 Dr=74.48 MIA=66.20
  [31/45] gap=8.972342472342469 Df=42.00 Dr=73.21 MIA=62.20
  [32/45] gap=9.214105339105336 Df=46.00 Dr=72.04 MIA=57.75
  [33/45] gap=6.770983645983645 Df=34.00 Dr=72.26 MIA=62.64
  [34/45] gap=8.257996632996628 Df=34.00 Dr=72.44 MIA=67.29
  [35/45] gap=7.080747955747955 Df=36.00 Dr=73.33 MIA=62.64
  [36/45] gap=9.86586099086099 Df=36.00 Dr=73.66 MIA=71.32
  [37/45] gap=5.511724386724384 Df=34.00 Dr=76.04 MIA=62.64
  [38/45] gap=8.294853294853288 Df=44.00 Dr=75.03 MIA=59.98
  [39/45] gap=7.908369408369405 Df=36.00 Dr=74.40 MIA=66.20
  [40/45] gap=8.721861471861468 Df=38.00 Dr=73.07 MIA=65.30
  [41/45] gap=10.13798701298701 Df=46.00 Dr=72.16 MIA=60.64
  [42/45] gap=7.479497354497352 Df=38.00 Dr=72.57 MIA=61.07
  [43/45] gap=7.781204906204901 Df=36.00 Dr=72.77 MIA=64.18
  [44/45] gap=5.682720057720057 Df=36.00 Dr=73.31 MIA=58.43
  [45/45] gap=8.625601250601248 Df=40.00 Dr=74.02 MIA=63.96
final test: salun {'sparsity': 0.1, 'lr': 0.0001, 'epochs': 3}
  Df=44.00 Dr=74.78 MIA=64.90 time=6.91s KL=0.0013

uniclun: 0/27 candidates complete
  [1/27] gap=6.639069264069261 Df=38.00 Dr=75.98 MIA=61.96
  [2/27] gap=6.639069264069261 Df=38.00 Dr=75.98 MIA=61.96
  [3/27] gap=6.639069264069261 Df=38.00 Dr=75.98 MIA=61.96
  [4/27] gap=8.060606060606053 Df=38.00 Dr=76.16 MIA=66.41
  [5/27] gap=8.060606060606053 Df=38.00 Dr=76.16 MIA=66.41
  [6/27] gap=8.060606060606053 Df=38.00 Dr=76.16 MIA=66.41
  [7/27] gap=9.293590668590662 Df=40.00 Dr=74.91 MIA=66.86
  [8/27] gap=9.293590668590662 Df=40.00 Dr=74.91 MIA=66.86
  [9/27] gap=9.293590668590662 Df=40.00 Dr=74.91 MIA=66.86
  [10/27] gap=8.71314333814334 Df=38.00 Dr=73.76 MIA=65.96
  [11/27] gap=8.71314333814334 Df=38.00 Dr=73.76 MIA=65.96
  [12/27] gap=8.71314333814334 Df=38.00 Dr=73.76 MIA=65.96
  [13/27] gap=8.754329004329 Df=40.00 Dr=73.62 MIA=63.95
  [14/27] gap=8.754329004329 Df=40.00 Dr=73.62 MIA=63.95
  [15/27] gap=8.754329004329 Df=40.00 Dr=73.62 MIA=63.95
  [16/27] gap=9.096861471861468 Df=40.00 Dr=73.07 MIA=64.43
  [17/27] gap=9.096861471861468 Df=40.00 Dr=73.07 MIA=64.43
  [18/27] gap=9.096861471861468 Df=40.00 Dr=73.07 MIA=64.43
  [19/27] gap=5.3998917748917705 Df=30.00 Dr=74.16 MIA=64.43
  [20/27] gap=5.3998917748917705 Df=30.00 Dr=74.16 MIA=64.43
  [21/27] gap=5.3998917748917705 Df=30.00 Dr=74.16 MIA=64.43
  [22/27] gap=7.2781385281385225 Df=36.00 Dr=75.62 MIA=65.52
  [23/27] gap=7.2781385281385225 Df=36.00 Dr=75.62 MIA=65.52
  [24/27] gap=7.2781385281385225 Df=36.00 Dr=75.62 MIA=65.52
  [25/27] gap=6.806096681096679 Df=38.00 Dr=74.59 MIA=61.07
  [26/27] gap=6.806096681096679 Df=38.00 Dr=74.59 MIA=61.07
  [27/27] gap=6.806096681096679 Df=38.00 Dr=74.59 MIA=61.07
final test: uniclun {'lr': 0.0001, 'epochs': 5, 'buffer_size': 250}
  Df=39.00 Dr=74.94 MIA=66.75 time=7.68s KL=0.0014

