loaded shared source and Amnesiac ledger
loaded shared Retrain reference
final test: baseline {}
  Df=71.00 Dr=68.68 MIA=67.56 time=0.00s KL=0.0060
final test: retrain {}
  Df=0.00 Dr=68.18 MIA=46.07 time=473.84s KL=0.0000
final test: amnesiac {}
  Df=0.00 Dr=1.67 MIA=50.00 time=0.00s KL=0.1226

finetune: 0/12 candidates complete
  [1/12] gap=20.683080808080806 Df=60.00 Dr=68.97 MIA=61.32
  [2/12] gap=20.730218855218858 Df=56.00 Dr=69.11 MIA=65.32
  [3/12] gap=17.650793650793652 Df=48.00 Dr=69.21 MIA=63.98
  [4/12] gap=9.437289562289564 Df=26.00 Dr=69.23 MIA=61.32
  [5/12] gap=3.6202501202501196 Df=2.00 Dr=63.90 MIA=55.48
  [6/12] gap=1.899290524290528 Df=0.00 Dr=64.69 MIA=61.54
  [7/12] gap=1.3751803751803777 Df=0.00 Dr=64.85 MIA=59.27
  [8/12] gap=1.8011664261664275 Df=0.00 Dr=63.84 MIA=60.39
  [9/12] gap=13.96338383838384 Df=0.00 Dr=37.03 MIA=49.32
  [10/12] gap=8.30266955266955 Df=0.00 Dr=49.03 MIA=54.30
  [11/12] gap=11.252405002405004 Df=0.00 Dr=51.25 MIA=43.23
  [12/12] gap=6.827741702741702 Df=0.00 Dr=59.15 MIA=48.61
final test: finetune {'lr': 0.0001, 'epochs': 10}
  Df=31.00 Dr=68.49 MIA=64.12 time=78.79s KL=0.0066

ssd: 0/25 candidates complete
  [1/25] gap=26.14273689273689 Df=0.00 Dr=1.01 MIA=48.80
  [2/25] gap=58.50919913419914 Df=100.00 Dr=0.00 MIA=52.71
  [3/25] gap=59.66396103896104 Df=100.00 Dr=0.00 MIA=49.25
  [4/25] gap=22.87313612313612 Df=40.00 Dr=46.75 MIA=52.88
  [5/25] gap=12.215848965848968 Df=28.00 Dr=62.51 MIA=57.09
  [6/25] gap=48.89454064454065 Df=78.00 Dr=10.04 MIA=49.52
  [7/25] gap=46.31541606541606 Df=74.00 Dr=11.78 MIA=51.52
  [8/25] gap=48.69059644059644 Df=72.00 Dr=14.08 MIA=40.09
  [9/25] gap=22.87313612313612 Df=40.00 Dr=46.75 MIA=52.88
  [10/25] gap=12.215848965848968 Df=28.00 Dr=62.51 MIA=57.09
  [11/25] gap=17.977392977392974 Df=34.00 Dr=51.90 MIA=56.41
  [12/25] gap=16.770021645021643 Df=32.00 Dr=52.18 MIA=57.75
  [13/25] gap=17.03132515632515 Df=32.00 Dr=52.51 MIA=56.64
  [14/25] gap=13.508116883116882 Df=26.00 Dr=56.18 MIA=57.54
  [15/25] gap=12.215848965848968 Df=28.00 Dr=62.51 MIA=57.09
  [16/25] gap=8.186688311688313 Df=22.00 Dr=68.91 MIA=57.50
  [17/25] gap=8.186688311688313 Df=22.00 Dr=68.91 MIA=57.50
  [18/25] gap=8.186688311688313 Df=22.00 Dr=68.91 MIA=57.50
  [19/25] gap=8.349747474747474 Df=22.00 Dr=68.97 MIA=57.07
  [20/25] gap=7.990860990860992 Df=22.00 Dr=69.23 MIA=58.41
  [21/25] gap=5.518578643578645 Df=14.00 Dr=69.33 MIA=57.93
  [22/25] gap=5.518578643578645 Df=14.00 Dr=69.33 MIA=57.93
  [23/25] gap=5.6808561808561775 Df=14.00 Dr=69.37 MIA=57.48
  [24/25] gap=5.701058201058198 Df=14.00 Dr=69.43 MIA=57.48
  [25/25] gap=5.8498677248677255 Df=14.00 Dr=69.43 MIA=57.04
final test: ssd {'alpha': 100.0, 'dampening_constant': 5.0}
  Df=7.00 Dr=68.83 MIA=58.13 time=4.52s KL=0.0060

badteacher: 0/36 candidates complete
  [1/36] gap=3.5376382876382877 Df=6.00 Dr=65.11 MIA=60.88
  [2/36] gap=1.5588624338624346 Df=0.00 Dr=64.10 MIA=59.93
  [3/36] gap=2.5873015873015937 Df=0.00 Dr=61.21 MIA=60.13
  [4/36] gap=3.5396224146224142 Df=4.00 Dr=64.44 MIA=62.21
  [5/36] gap=3.551587301587304 Df=0.00 Dr=63.21 MIA=54.37
  [6/36] gap=1.9034391534391542 Df=0.00 Dr=63.66 MIA=58.88
  [7/36] gap=2.7941317941317956 Df=2.00 Dr=64.02 MIA=61.55
  [8/36] gap=2.9162457912457924 Df=0.00 Dr=63.17 MIA=63.07
  [9/36] gap=1.4258056758056814 Df=0.00 Dr=65.23 MIA=60.66
  [10/36] gap=2.180675805675804 Df=0.00 Dr=63.41 MIA=61.11
  [11/36] gap=3.134078884078884 Df=0.00 Dr=62.46 MIA=56.38
  [12/36] gap=1.788780663780661 Df=0.00 Dr=65.70 MIA=62.21
  [13/36] gap=4.048761423761424 Df=6.00 Dr=65.13 MIA=62.43
  [14/36] gap=1.8810125060125078 Df=0.00 Dr=65.31 MIA=57.29
  [15/36] gap=3.3089225589225606 Df=0.00 Dr=64.87 MIA=65.95
  [16/36] gap=3.1409932659932687 Df=4.00 Dr=64.75 MIA=61.32
  [17/36] gap=1.7254689754689778 Df=0.00 Dr=65.33 MIA=57.73
  [18/36] gap=2.5666185666185677 Df=0.00 Dr=67.13 MIA=65.98
  [19/36] gap=2.0305435305435346 Df=0.00 Dr=64.53 MIA=61.77
  [20/36] gap=0.9935064935064967 Df=0.00 Dr=65.64 MIA=59.77
  [21/36] gap=1.9571308321308294 Df=0.00 Dr=67.19 MIA=64.21
  [22/36] gap=1.345238095238095 Df=0.00 Dr=64.55 MIA=59.73
  [23/36] gap=2.2144660894660952 Df=0.00 Dr=66.85 MIA=64.64
  [24/36] gap=2.536916786916786 Df=0.00 Dr=67.90 MIA=66.66
  [25/36] gap=4.892616642616645 Df=6.00 Dr=65.47 MIA=65.30
  [26/36] gap=0.7099567099567116 Df=0.00 Dr=67.27 MIA=58.84
  [27/36] gap=1.7747715247715306 Df=0.00 Dr=66.83 MIA=63.30
  [28/36] gap=2.3063371813371845 Df=4.00 Dr=65.86 MIA=59.93
  [29/36] gap=1.0313852813852857 Df=0.00 Dr=67.27 MIA=61.52
  [30/36] gap=1.602212602212603 Df=0.00 Dr=67.60 MIA=63.55
  [31/36] gap=1.9675324675324692 Df=2.00 Dr=66.00 MIA=61.05
  [32/36] gap=0.4440235690235639 Df=0.00 Dr=67.84 MIA=59.07
  [33/36] gap=1.6483886483886465 Df=0.00 Dr=67.17 MIA=63.27
  [34/36] gap=1.6701539201539195 Df=0.00 Dr=67.07 MIA=56.16
  [35/36] gap=2.0272366522366574 Df=0.00 Dr=68.30 MIA=65.54
  [36/36] gap=4.112253487253487 Df=0.00 Dr=67.80 MIA=71.29
final test: badteacher {'temperature': 4.0, 'epochs': 10, 'lr': 0.001}
  Df=1.00 Dr=67.51 MIA=70.96 time=13.25s KL=0.0060

unsir: 0/36 candidates complete
  [1/36] gap=30.732864357864358 Df=84.00 Dr=67.76 MIA=67.11
  [2/36] gap=18.086399711399707 Df=50.00 Dr=67.70 MIA=63.11
  [3/36] gap=19.569925444925445 Df=50.00 Dr=63.35 MIA=56.18
  [4/36] gap=7.533670033670035 Df=20.00 Dr=66.44 MIA=60.20
  [5/36] gap=10.07022607022607 Df=10.00 Dr=51.19 MIA=56.84
  [6/36] gap=3.668410293410292 Df=0.00 Dr=60.81 MIA=56.43
  [7/36] gap=29.187469937469942 Df=82.00 Dr=68.16 MIA=64.88
  [8/36] gap=20.239959114959117 Df=56.00 Dr=68.34 MIA=64.21
  [9/36] gap=15.98154160654161 Df=42.00 Dr=64.87 MIA=61.96
  [10/36] gap=7.503968253968253 Df=20.00 Dr=67.21 MIA=60.88
  [11/36] gap=8.511363636363635 Df=10.00 Dr=55.64 MIA=57.07
  [12/36] gap=3.487253487253485 Df=0.00 Dr=61.80 MIA=55.98
  [13/36] gap=24.62920875420875 Df=68.00 Dr=68.81 MIA=65.32
  [14/36] gap=20.615740740740744 Df=56.00 Dr=68.32 MIA=65.32
  [15/36] gap=15.2999037999038 Df=42.00 Dr=65.72 MIA=58.62
  [16/36] gap=7.122835497835498 Df=18.00 Dr=66.91 MIA=57.96
  [17/36] gap=8.115379990379987 Df=10.00 Dr=57.72 MIA=56.18
  [18/36] gap=2.515211640211639 Df=0.00 Dr=62.77 MIA=61.46
  [19/36] gap=30.40289802789803 Df=84.00 Dr=66.75 MIA=65.11
  [20/36] gap=22.645322270322268 Df=62.00 Dr=68.02 MIA=65.11
  [21/36] gap=19.197450697450698 Df=52.00 Dr=63.60 MIA=59.05
  [22/36] gap=9.629208754208749 Df=26.00 Dr=66.28 MIA=59.07
  [23/36] gap=13.417328042328043 Df=16.00 Dr=52.99 MIA=51.00
  [24/36] gap=3.030723905723908 Df=0.00 Dr=60.83 MIA=61.07
  [25/36] gap=25.052128427128434 Df=70.00 Dr=68.12 MIA=64.43
  [26/36] gap=21.21031746031745 Df=58.00 Dr=67.88 MIA=64.66
  [27/36] gap=16.63804713804714 Df=46.00 Dr=65.13 MIA=60.20
  [28/36] gap=8.28854016354017 Df=22.00 Dr=66.63 MIA=60.64
  [29/36] gap=9.344276094276095 Df=14.00 Dr=56.26 MIA=57.95
  [30/36] gap=2.428090428090428 Df=0.00 Dr=62.40 MIA=60.84
  [31/36] gap=25.041967291967293 Df=68.00 Dr=68.38 MIA=66.66
  [32/36] gap=19.998196248196255 Df=56.00 Dr=67.52 MIA=62.66
  [33/36] gap=13.80976430976431 Df=38.00 Dr=65.62 MIA=60.20
  [34/36] gap=7.869588744588744 Df=22.00 Dr=67.45 MIA=60.21
  [35/36] gap=8.246632996632995 Df=12.00 Dr=57.56 MIA=57.95
  [36/36] gap=2.269781144781149 Df=0.00 Dr=63.11 MIA=61.07
final test: unsir {'impair_epochs': 1, 'repair_epochs': 3, 'impair_lr': 0.01, 'repair_lr': 0.01}
  Df=17.00 Dr=67.12 MIA=60.54 time=5.32s KL=0.0056

scrub: 0/24 candidates complete
  [1/24] gap=23.463564213564215 Df=66.00 Dr=69.76 MIA=62.88
  [2/24] gap=23.740981240981245 Df=68.00 Dr=69.70 MIA=61.77
  [3/24] gap=23.63930976430976 Df=68.00 Dr=69.84 MIA=61.32
  [4/24] gap=24.01509139009139 Df=68.00 Dr=69.86 MIA=62.43
  [5/24] gap=24.454785954785958 Df=70.00 Dr=69.84 MIA=61.77
  [6/24] gap=23.79220779220779 Df=70.00 Dr=69.64 MIA=59.98
  [7/24] gap=23.25968013468014 Df=68.00 Dr=68.95 MIA=61.07
  [8/24] gap=23.73490860990861 Df=68.00 Dr=69.23 MIA=62.21
  [9/24] gap=23.558501683501685 Df=68.00 Dr=69.60 MIA=61.32
  [10/24] gap=23.382756132756132 Df=68.00 Dr=69.52 MIA=60.88
  [11/24] gap=22.959175084175087 Df=66.00 Dr=69.80 MIA=61.32
  [12/24] gap=23.402958152958153 Df=68.00 Dr=69.58 MIA=60.88
  [13/24] gap=23.443362193362194 Df=68.00 Dr=69.70 MIA=60.88
  [14/24] gap=23.48442760942761 Df=68.00 Dr=69.37 MIA=61.32
  [15/24] gap=24.338323713323714 Df=70.00 Dr=68.83 MIA=62.43
  [16/24] gap=22.45953583453584 Df=66.00 Dr=69.19 MIA=60.43
  [17/24] gap=23.402958152958153 Df=68.00 Dr=69.58 MIA=60.88
  [18/24] gap=24.312710437710436 Df=68.00 Dr=69.86 MIA=63.32
  [19/24] gap=23.134920634920636 Df=66.00 Dr=69.88 MIA=61.77
  [20/24] gap=24.77669552669553 Df=70.00 Dr=69.70 MIA=62.88
  [21/24] gap=23.29719817219817 Df=68.00 Dr=69.92 MIA=60.21
  [22/24] gap=23.555856180856182 Df=68.00 Dr=69.37 MIA=61.54
  [23/24] gap=23.84000721500722 Df=70.00 Dr=69.33 MIA=60.43
  [24/24] gap=25.18073593073593 Df=72.00 Dr=68.91 MIA=62.88
final test: scrub {'msteps': 3, 'lr': 0.0005, 'epochs': 5, 'max_grad_norm': 5.0}
  Df=65.00 Dr=68.74 MIA=67.06 time=5.43s KL=0.0060

mmu: 0/96 candidates complete
  [1/96] gap=24.151094276094273 Df=70.00 Dr=69.37 MIA=61.32
  [2/96] gap=24.75649350649351 Df=72.00 Dr=69.64 MIA=60.88
  [3/96] gap=23.5719696969697 Df=68.00 Dr=69.64 MIA=61.32
  [4/96] gap=23.565235690235692 Df=68.00 Dr=69.62 MIA=61.32
  [5/96] gap=23.436628186628187 Df=68.00 Dr=69.68 MIA=60.88
  [6/96] gap=24.00901875901876 Df=70.00 Dr=69.39 MIA=60.88
  [7/96] gap=23.020442520442526 Df=66.00 Dr=69.54 MIA=61.77
  [8/96] gap=23.335618085618083 Df=68.00 Dr=69.37 MIA=60.88
  [9/96] gap=24.137626262626267 Df=70.00 Dr=69.33 MIA=61.32
  [10/96] gap=22.837962962962962 Df=66.00 Dr=69.43 MIA=61.32
  [11/96] gap=22.959175084175087 Df=66.00 Dr=69.80 MIA=61.32
  [12/96] gap=22.231902356902356 Df=64.00 Dr=69.62 MIA=61.32
  [13/96] gap=23.236592111592113 Df=66.00 Dr=69.74 MIA=62.21
  [14/96] gap=22.790163540163544 Df=66.00 Dr=69.74 MIA=60.88
  [15/96] gap=23.03391053391054 Df=66.00 Dr=69.58 MIA=61.77
  [16/96] gap=22.86489898989899 Df=66.00 Dr=69.52 MIA=61.32
  [17/96] gap=23.5928330928331 Df=68.00 Dr=69.25 MIA=61.77
  [18/96] gap=21.54503367003367 Df=62.00 Dr=69.56 MIA=61.32
  [19/96] gap=22.972643097643097 Df=66.00 Dr=69.84 MIA=61.32
  [20/96] gap=22.299242424242426 Df=64.00 Dr=69.82 MIA=61.32
  [21/96] gap=23.0945165945166 Df=66.00 Dr=69.76 MIA=61.77
  [22/96] gap=22.98611111111111 Df=66.00 Dr=69.88 MIA=61.32
  [23/96] gap=23.169252044252044 Df=66.00 Dr=69.54 MIA=62.21
  [24/96] gap=22.542989417989418 Df=64.00 Dr=69.66 MIA=62.21
  [25/96] gap=24.184764309764308 Df=68.00 Dr=69.47 MIA=63.32
  [26/96] gap=18.800204425204424 Df=54.00 Dr=69.54 MIA=61.11
  [27/96] gap=24.152537277537277 Df=72.00 Dr=68.95 MIA=59.75
  [28/96] gap=21.558501683501685 Df=62.00 Dr=69.60 MIA=61.32
  [29/96] gap=22.08375420875421 Df=64.00 Dr=69.17 MIA=61.32
  [30/96] gap=23.25414862914863 Df=68.00 Dr=69.58 MIA=60.43
  [31/96] gap=22.71741221741222 Df=66.00 Dr=68.46 MIA=61.77
  [32/96] gap=22.671596921596926 Df=64.00 Dr=69.60 MIA=62.66
  [33/96] gap=23.77465127465128 Df=68.00 Dr=69.80 MIA=61.77
  [34/96] gap=23.794853294853297 Df=68.00 Dr=69.86 MIA=61.77
  [35/96] gap=23.700577200577204 Df=68.00 Dr=69.58 MIA=61.77
  [36/96] gap=23.457491582491585 Df=68.00 Dr=69.29 MIA=61.32
  [37/96] gap=24.41438191438192 Df=70.00 Dr=69.72 MIA=61.77
  [38/96] gap=23.416426166426167 Df=68.00 Dr=69.62 MIA=60.88
  [39/96] gap=24.32617845117845 Df=68.00 Dr=69.90 MIA=63.32
  [40/96] gap=22.918771043771045 Df=66.00 Dr=69.68 MIA=61.32
  [41/96] gap=23.652777777777775 Df=68.00 Dr=69.88 MIA=61.32
  [42/96] gap=21.500541125541123 Df=60.00 Dr=69.64 MIA=63.11
  [43/96] gap=23.679713804713803 Df=68.00 Dr=69.96 MIA=61.32
  [44/96] gap=22.15782828282828 Df=64.00 Dr=69.39 MIA=61.32
  [45/96] gap=23.331529581529583 Df=66.00 Dr=69.58 MIA=62.66
  [46/96] gap=20.912037037037038 Df=60.00 Dr=69.66 MIA=61.32
  [47/96] gap=24.035954785954786 Df=68.00 Dr=69.47 MIA=62.88
  [48/96] gap=21.659511784511782 Df=62.00 Dr=69.90 MIA=61.32
  [49/96] gap=22.946368446368453 Df=66.00 Dr=69.31 MIA=61.77
  [50/96] gap=18.18740981240981 Df=50.00 Dr=69.70 MIA=63.11
  [51/96] gap=24.353114478114477 Df=70.00 Dr=69.98 MIA=61.32
  [52/96] gap=21.520743145743143 Df=62.00 Dr=69.70 MIA=61.11
  [53/96] gap=22.333573833573837 Df=64.00 Dr=69.47 MIA=61.77
  [54/96] gap=20.44805194805195 Df=58.00 Dr=69.82 MIA=61.77
  [55/96] gap=23.907347282347285 Df=68.00 Dr=69.54 MIA=62.43
  [56/96] gap=21.060846560846567 Df=60.00 Dr=69.66 MIA=61.77
  [57/96] gap=24.013768638768642 Df=70.00 Dr=68.34 MIA=61.54
  [58/96] gap=1.364117364117367 Df=0.00 Dr=69.49 MIA=62.84
  [59/96] gap=24.47973785473786 Df=70.00 Dr=69.25 MIA=62.43
  [60/96] gap=6.427849927849934 Df=18.00 Dr=69.76 MIA=59.77
  [61/96] gap=22.293831168831165 Df=64.00 Dr=68.91 MIA=62.21
  [62/96] gap=19.56788119288119 Df=56.00 Dr=69.84 MIA=61.11
  [63/96] gap=23.26893939393939 Df=68.00 Dr=68.73 MIA=61.32
  [64/96] gap=20.03860028860029 Df=58.00 Dr=69.70 MIA=60.66
  [65/96] gap=23.00697450697451 Df=66.00 Dr=69.49 MIA=61.77
  [66/96] gap=22.513407888407887 Df=66.00 Dr=69.35 MIA=60.43
  [67/96] gap=23.538299663299664 Df=68.00 Dr=69.54 MIA=61.32
  [68/96] gap=23.538299663299664 Df=68.00 Dr=69.54 MIA=61.32
  [69/96] gap=23.20292207792208 Df=66.00 Dr=69.64 MIA=62.21
  [70/96] gap=23.07431457431458 Df=66.00 Dr=69.70 MIA=61.77
  [71/96] gap=23.03391053391054 Df=66.00 Dr=69.58 MIA=61.77
  [72/96] gap=22.973304473304477 Df=66.00 Dr=69.39 MIA=61.77
  [73/96] gap=22.891835016835017 Df=66.00 Dr=69.60 MIA=61.32
  [74/96] gap=18.63792688792689 Df=54.00 Dr=69.49 MIA=60.66
  [75/96] gap=22.70526695526696 Df=64.00 Dr=69.70 MIA=62.66
  [76/96] gap=20.08309283309283 Df=58.00 Dr=69.62 MIA=60.88
  [77/96] gap=22.965909090909093 Df=66.00 Dr=69.82 MIA=61.32
  [78/96] gap=20.522787397787393 Df=58.00 Dr=69.60 MIA=62.21
  [79/96] gap=23.2231240981241 Df=66.00 Dr=69.70 MIA=62.21
  [80/96] gap=21.48442760942761 Df=62.00 Dr=69.37 MIA=61.32
  [81/96] gap=23.369288119288118 Df=68.00 Dr=69.47 MIA=60.88
  [82/96] gap=8.086219336219335 Df=22.00 Dr=69.70 MIA=58.59
  [83/96] gap=22.34704184704185 Df=64.00 Dr=69.52 MIA=61.77
  [84/96] gap=18.465608465608465 Df=54.00 Dr=69.66 MIA=59.98
  [85/96] gap=23.66690716690717 Df=68.00 Dr=69.47 MIA=61.77
  [86/96] gap=18.66486291486292 Df=52.00 Dr=69.58 MIA=62.66
  [87/96] gap=23.17598605098605 Df=66.00 Dr=69.56 MIA=62.21
  [88/96] gap=20.08309283309283 Df=58.00 Dr=69.62 MIA=60.88
  [89/96] gap=22.509980759980763 Df=66.00 Dr=69.11 MIA=60.66
  [90/96] gap=1.187710437710436 Df=0.00 Dr=69.86 MIA=61.95
  [91/96] gap=22.850709475709476 Df=68.00 Dr=68.69 MIA=59.29
  [92/96] gap=2.9050024050024064 Df=2.00 Dr=69.47 MIA=65.48
  [93/96] gap=23.15644540644541 Df=66.00 Dr=69.05 MIA=62.66
  [94/96] gap=1.9301948051948064 Df=2.00 Dr=69.82 MIA=62.21
  [95/96] gap=23.363215488215488 Df=68.00 Dr=69.01 MIA=61.32
  [96/96] gap=10.601731601731604 Df=28.00 Dr=69.64 MIA=62.41
final test: mmu {'msteps': 3, 'lr': 0.005, 'epochs': 5, 'head_mode': 'independent', 'weighting': 'normalised', 'max_grad_norm': 5.0}
  Df=0.00 Dr=68.75 MIA=63.90 time=4.90s KL=0.0048

salun: 0/45 candidates complete
  [1/45] gap=10.738275613275611 Df=22.00 Dr=62.85 MIA=64.21
  [2/45] gap=10.47498797498798 Df=26.00 Dr=63.19 MIA=59.77
  [3/45] gap=11.869588744588745 Df=26.00 Dr=61.45 MIA=62.21
  [4/45] gap=8.34902597402597 Df=12.00 Dr=58.91 MIA=63.11
  [5/45] gap=7.586820586820586 Df=12.00 Dr=59.07 MIA=58.41
  [6/45] gap=5.007154882154883 Df=4.00 Dr=57.90 MIA=59.32
  [7/45] gap=6.395743145743147 Df=0.00 Dr=55.39 MIA=65.73
  [8/45] gap=5.5694444444444455 Df=0.00 Dr=57.21 MIA=65.07
  [9/45] gap=4.495851370851372 Df=0.00 Dr=59.58 MIA=64.21
  [10/45] gap=9.952380952380954 Df=20.00 Dr=62.55 MIA=63.55
  [11/45] gap=11.015692640692636 Df=26.00 Dr=62.91 MIA=61.11
  [12/45] gap=9.345779220779223 Df=20.00 Dr=61.45 MIA=60.64
  [13/45] gap=7.323472823472829 Df=10.00 Dr=58.65 MIA=61.77
  [14/45] gap=8.137686387686387 Df=10.00 Dr=58.53 MIA=55.30
  [15/45] gap=5.796957671957675 Df=4.00 Dr=58.10 MIA=62.64
  [16/45] gap=6.497414622414624 Df=0.00 Dr=57.54 MIA=68.18
  [17/45] gap=6.886664261664262 Df=0.00 Dr=59.47 MIA=71.29
  [18/45] gap=4.539802789802789 Df=0.00 Dr=60.75 MIA=65.52
  [19/45] gap=10.571909571909572 Df=24.00 Dr=62.69 MIA=61.55
  [20/45] gap=10.934223184223185 Df=26.00 Dr=62.71 MIA=60.66
  [21/45] gap=9.106000481000484 Df=20.00 Dr=61.96 MIA=60.43
  [22/45] gap=8.67502405002405 Df=12.00 Dr=59.25 MIA=64.43
  [23/45] gap=8.56198893698894 Df=12.00 Dr=58.02 MIA=62.86
  [24/45] gap=6.162578162578164 Df=6.00 Dr=58.34 MIA=61.98
  [25/45] gap=7.090007215007215 Df=2.00 Dr=57.76 MIA=68.18
  [26/45] gap=7.714165464165461 Df=0.00 Dr=59.01 MIA=73.30
  [27/45] gap=6.37818662818663 Df=2.00 Dr=61.23 MIA=69.52
  [28/45] gap=10.524771524771525 Df=24.00 Dr=62.83 MIA=61.55
  [29/45] gap=11.245310245310245 Df=26.00 Dr=62.67 MIA=61.55
  [30/45] gap=9.390151515151516 Df=20.00 Dr=62.00 MIA=61.32
  [31/45] gap=8.66762866762867 Df=8.00 Dr=58.83 MIA=67.98
  [32/45] gap=9.282527657527659 Df=14.00 Dr=57.86 MIA=62.86
  [33/45] gap=6.676346801346803 Df=8.00 Dr=58.14 MIA=61.32
  [34/45] gap=8.1741822991823 Df=2.00 Dr=58.51 MIA=72.18
  [35/45] gap=8.095358345358347 Df=0.00 Dr=58.08 MIA=73.52
  [36/45] gap=6.524110149110148 Df=6.00 Dr=60.38 MIA=65.11
  [37/45] gap=11.171236171236172 Df=24.00 Dr=62.89 MIA=63.55
  [38/45] gap=11.418410293410295 Df=28.00 Dr=62.81 MIA=60.21
  [39/45] gap=9.860209235209238 Df=22.00 Dr=61.70 MIA=60.43
  [40/45] gap=8.31878306878307 Df=8.00 Dr=58.77 MIA=66.88
  [41/45] gap=8.33471620971621 Df=14.00 Dr=58.20 MIA=60.36
  [42/45] gap=7.85088985088985 Df=10.00 Dr=58.71 MIA=55.98
  [43/45] gap=7.18638768638769 Df=2.00 Dr=58.34 MIA=69.05
  [44/45] gap=6.493205868205872 Df=4.00 Dr=59.80 MIA=66.43
  [45/45] gap=6.421236171236171 Df=4.00 Dr=60.89 MIA=67.30
final test: salun {'sparsity': 0.1, 'lr': 0.0001, 'epochs': 5}
  Df=24.00 Dr=62.82 MIA=64.67 time=9.15s KL=0.0060

uniclun: 0/27 candidates complete
  [1/27] gap=11.44733044733045 Df=26.00 Dr=64.06 MIA=63.55
  [2/27] gap=11.44733044733045 Df=26.00 Dr=64.06 MIA=63.55
  [3/27] gap=11.44733044733045 Df=26.00 Dr=64.06 MIA=63.55
  [4/27] gap=10.721500721500718 Df=26.00 Dr=62.67 MIA=59.98
  [5/27] gap=10.721500721500718 Df=26.00 Dr=62.67 MIA=59.98
  [6/27] gap=10.721500721500718 Df=26.00 Dr=62.67 MIA=59.98
  [7/27] gap=12.046777296777298 Df=26.00 Dr=61.80 MIA=63.09
  [8/27] gap=12.046777296777298 Df=26.00 Dr=61.80 MIA=63.09
  [9/27] gap=12.046777296777298 Df=26.00 Dr=61.80 MIA=63.09
  [10/27] gap=10.71344396344397 Df=16.00 Dr=59.80 MIA=67.09
  [11/27] gap=10.71344396344397 Df=16.00 Dr=59.80 MIA=67.09
  [12/27] gap=10.71344396344397 Df=16.00 Dr=59.80 MIA=67.09
  [13/27] gap=8.283790283790287 Df=10.00 Dr=59.98 MIA=65.98
  [14/27] gap=8.283790283790287 Df=10.00 Dr=59.98 MIA=65.98
  [15/27] gap=8.283790283790287 Df=10.00 Dr=59.98 MIA=65.98
  [16/27] gap=7.245430495430497 Df=12.00 Dr=60.20 MIA=61.09
  [17/27] gap=7.245430495430497 Df=12.00 Dr=60.20 MIA=61.09
  [18/27] gap=7.245430495430497 Df=12.00 Dr=60.20 MIA=61.09
  [19/27] gap=5.506734006734011 Df=4.00 Dr=60.53 MIA=64.20
  [20/27] gap=5.506734006734011 Df=4.00 Dr=60.53 MIA=64.20
  [21/27] gap=5.506734006734011 Df=4.00 Dr=60.53 MIA=64.20
  [22/27] gap=4.881794131794135 Df=4.00 Dr=61.29 MIA=63.09
  [23/27] gap=4.881794131794135 Df=4.00 Dr=61.29 MIA=63.09
  [24/27] gap=4.881794131794135 Df=4.00 Dr=61.29 MIA=63.09
  [25/27] gap=6.65891053391054 Df=6.00 Dr=61.52 MIA=66.64
  [26/27] gap=6.65891053391054 Df=6.00 Dr=61.52 MIA=66.64
  [27/27] gap=6.65891053391054 Df=6.00 Dr=61.52 MIA=66.64
final test: uniclun {'lr': 0.0001, 'epochs': 3, 'buffer_size': 250}
  Df=31.00 Dr=63.54 MIA=62.56 time=4.20s KL=0.0060

