loaded shared source and Amnesiac ledger
loaded shared Retrain reference
final test: baseline {}
  Df=98.83 Dr=68.70 MIA=68.12 time=0.00s KL=0.0004
final test: retrain {}
  Df=69.67 Dr=68.48 MIA=48.92 time=562.95s KL=0.0000

finetune: 0/12 candidates complete
  [1/12] gap=16.459999999999994 Df=98.45 Dr=68.92 MIA=67.95
  [2/12] gap=16.343030303030293 Df=98.45 Dr=69.16 MIA=67.36
  [3/12] gap=16.42121212121212 Df=98.09 Dr=68.94 MIA=68.18
  [4/12] gap=15.966666666666663 Df=97.55 Dr=69.44 MIA=66.86
  [5/12] gap=11.442424242424243 Df=85.18 Dr=62.44 MIA=61.45
  [6/12] gap=10.103636363636364 Df=84.00 Dr=64.32 MIA=60.50
  [7/12] gap=9.724242424242425 Df=84.55 Dr=65.14 MIA=59.64
  [8/12] gap=8.196969696969695 Df=80.55 Dr=64.54 MIA=58.45
  [9/12] gap=19.974545454545456 Df=40.00 Dr=37.98 MIA=50.14
  [10/12] gap=11.371515151515153 Df=54.18 Dr=49.38 MIA=49.91
  [11/12] gap=8.864242424242429 Df=57.09 Dr=53.72 MIA=48.55
  [12/12] gap=7.314545454545457 Df=59.91 Dr=57.46 MIA=51.55
final test: finetune {'lr': 0.0001, 'epochs': 10}
  Df=97.42 Dr=68.49 MIA=67.46 time=74.11s KL=0.0005

ssd: 0/25 candidates complete
  [1/25] gap=45.24060606060607 Df=1.00 Dr=1.00 MIA=49.95
  [2/25] gap=45.24060606060607 Df=1.00 Dr=1.00 MIA=49.95
  [3/25] gap=44.42727272727274 Df=2.45 Dr=2.44 MIA=50.41
  [4/25] gap=16.932727272727266 Df=98.55 Dr=69.52 MIA=68.68
  [5/25] gap=16.958181818181814 Df=98.73 Dr=69.46 MIA=68.64
  [6/25] gap=15.935757575757568 Df=97.45 Dr=68.12 MIA=68.18
  [7/25] gap=16.12181818181817 Df=97.64 Dr=68.36 MIA=68.32
  [8/25] gap=16.392121212121207 Df=98.00 Dr=68.58 MIA=68.55
  [9/25] gap=16.932727272727266 Df=98.55 Dr=69.52 MIA=68.68
  [10/25] gap=16.958181818181814 Df=98.73 Dr=69.46 MIA=68.64
  [11/25] gap=16.89999999999999 Df=98.82 Dr=69.24 MIA=68.59
  [12/25] gap=16.906666666666663 Df=98.82 Dr=69.26 MIA=68.59
  [13/25] gap=16.854545454545445 Df=98.82 Dr=69.24 MIA=68.45
  [14/25] gap=16.92787878787878 Df=98.82 Dr=69.46 MIA=68.45
  [15/25] gap=16.958181818181814 Df=98.73 Dr=69.46 MIA=68.64
  [16/25] gap=16.92363636363635 Df=98.82 Dr=69.72 MIA=68.18
  [17/25] gap=16.92363636363635 Df=98.82 Dr=69.72 MIA=68.18
  [18/25] gap=16.92363636363635 Df=98.82 Dr=69.72 MIA=68.18
  [19/25] gap=16.953939393939383 Df=98.91 Dr=69.72 MIA=68.18
  [20/25] gap=16.97757575757575 Df=98.91 Dr=69.70 MIA=68.27
  [21/25] gap=16.981212121212113 Df=98.91 Dr=69.62 MIA=68.36
  [22/25] gap=16.981212121212113 Df=98.91 Dr=69.62 MIA=68.36
  [23/25] gap=16.981212121212113 Df=98.91 Dr=69.62 MIA=68.36
  [24/25] gap=16.981212121212113 Df=98.91 Dr=69.62 MIA=68.36
  [25/25] gap=16.95090909090909 Df=98.91 Dr=69.62 MIA=68.27
final test: ssd {'alpha': 5.0, 'dampening_constant': 0.1}
  Df=95.92 Dr=66.37 MIA=67.21 time=5.11s KL=0.0005

badteacher: 0/36 candidates complete
  [1/36] gap=15.879999999999995 Df=98.09 Dr=68.18 MIA=67.32
  [2/36] gap=17.69636363636364 Df=50.55 Dr=39.86 MIA=55.73
  [3/36] gap=25.627272727272736 Df=34.36 Dr=29.84 MIA=53.32
  [4/36] gap=10.142424242424246 Df=73.73 Dr=54.34 MIA=60.91
  [5/36] gap=22.96363636363637 Df=41.55 Dr=33.24 MIA=55.91
  [6/36] gap=11.471515151515156 Df=61.82 Dr=47.58 MIA=56.05
  [7/36] gap=13.010303030303035 Df=59.73 Dr=48.10 MIA=59.09
  [8/36] gap=22.948484848484853 Df=42.00 Dr=32.74 MIA=55.82
  [9/36] gap=8.66424242424243 Df=67.09 Dr=51.32 MIA=56.64
  [10/36] gap=18.539393939393943 Df=49.18 Dr=39.74 MIA=56.77
  [11/36] gap=17.466060606060616 Df=51.27 Dr=39.46 MIA=55.36
  [12/36] gap=8.646060606060601 Df=73.82 Dr=55.42 MIA=57.41
  [13/36] gap=15.432727272727272 Df=96.27 Dr=67.06 MIA=66.95
  [14/36] gap=15.87333333333334 Df=54.36 Dr=41.42 MIA=55.64
  [15/36] gap=10.754545454545452 Df=78.55 Dr=56.14 MIA=59.73
  [16/36] gap=10.291515151515155 Df=65.64 Dr=50.62 MIA=59.36
  [17/36] gap=10.40242424242424 Df=73.91 Dr=53.06 MIA=60.23
  [18/36] gap=10.912121212121209 Df=81.55 Dr=59.94 MIA=61.00
  [19/36] gap=14.201212121212125 Df=58.00 Dr=45.80 MIA=58.64
  [20/36] gap=12.423636363636364 Df=84.09 Dr=58.86 MIA=61.91
  [21/36] gap=11.37878787878788 Df=85.00 Dr=61.54 MIA=60.55
  [22/36] gap=14.989696969696974 Df=56.00 Dr=44.48 MIA=57.68
  [23/36] gap=13.032727272727271 Df=88.18 Dr=61.26 MIA=62.05
  [24/36] gap=10.3969696969697 Df=82.73 Dr=61.44 MIA=59.77
  [25/36] gap=13.681212121212122 Df=90.91 Dr=64.86 MIA=64.86
  [26/36] gap=13.37939393939394 Df=89.00 Dr=62.72 MIA=63.73
  [27/36] gap=11.44363636363636 Df=84.64 Dr=61.80 MIA=61.36
  [28/36] gap=12.622424242424243 Df=84.91 Dr=60.40 MIA=63.23
  [29/36] gap=15.342424242424238 Df=94.91 Dr=64.74 MIA=65.73
  [30/36] gap=12.8030303030303 Df=88.55 Dr=63.04 MIA=62.77
  [31/36] gap=13.086666666666668 Df=87.73 Dr=61.78 MIA=63.18
  [32/36] gap=15.108484848484855 Df=95.27 Dr=65.76 MIA=65.68
  [33/36] gap=11.135151515151515 Df=86.09 Dr=63.18 MIA=60.36
  [34/36] gap=14.585454545454548 Df=92.82 Dr=64.42 MIA=65.23
  [35/36] gap=14.168484848484843 Df=94.00 Dr=66.08 MIA=64.45
  [36/36] gap=9.978181818181811 Df=80.45 Dr=61.06 MIA=60.41
final test: badteacher {'temperature': 4.0, 'epochs': 10, 'lr': 0.001}
  Df=95.33 Dr=65.53 MIA=64.88 time=13.97s KL=0.0004

unsir: 0/36 candidates complete
  [1/36] gap=13.607272727272724 Df=92.55 Dr=65.40 MIA=63.55
  [2/36] gap=14.98909090909091 Df=95.27 Dr=66.30 MIA=65.86
  [3/36] gap=12.28848484848485 Df=83.27 Dr=59.22 MIA=62.68
  [4/36] gap=13.308484848484847 Df=90.27 Dr=64.16 MIA=63.68
  [5/36] gap=18.701818181818187 Df=47.09 Dr=39.98 MIA=55.41
  [6/36] gap=10.063030303030308 Df=62.45 Dr=50.26 MIA=55.14
  [7/36] gap=14.515151515151516 Df=94.64 Dr=66.04 MIA=64.82
  [8/36] gap=15.359393939393934 Df=96.82 Dr=67.78 MIA=66.91
  [9/36] gap=12.769696969696964 Df=86.55 Dr=61.14 MIA=62.77
  [10/36] gap=14.289090909090907 Df=92.82 Dr=64.90 MIA=64.82
  [11/36] gap=15.923030303030304 Df=51.00 Dr=43.18 MIA=54.18
  [12/36] gap=8.01030303030303 Df=66.64 Dr=53.60 MIA=56.50
  [13/36] gap=14.745454545454544 Df=95.55 Dr=66.94 MIA=65.50
  [14/36] gap=15.768484848484846 Df=97.36 Dr=68.30 MIA=67.59
  [15/36] gap=13.168484848484844 Df=88.36 Dr=62.08 MIA=63.09
  [16/36] gap=14.284848484848487 Df=94.27 Dr=66.64 MIA=65.09
  [17/36] gap=14.218787878787884 Df=53.82 Dr=45.52 MIA=54.23
  [18/36] gap=7.279393939393938 Df=69.64 Dr=55.52 MIA=57.59
  [19/36] gap=14.146666666666661 Df=92.73 Dr=64.60 MIA=64.18
  [20/36] gap=14.6430303030303 Df=95.18 Dr=66.52 MIA=65.14
  [21/36] gap=12.290303030303024 Df=84.82 Dr=60.26 MIA=62.18
  [22/36] gap=13.213939393939391 Df=89.91 Dr=63.58 MIA=63.18
  [23/36] gap=13.030303030303033 Df=57.09 Dr=47.04 MIA=55.45
  [24/36] gap=7.483636363636369 Df=67.00 Dr=55.18 MIA=56.86
  [25/36] gap=14.824242424242419 Df=94.73 Dr=65.84 MIA=65.45
  [26/36] gap=15.195151515151514 Df=97.00 Dr=68.00 MIA=66.45
  [27/36] gap=12.773939393939393 Df=86.55 Dr=61.40 MIA=63.05
  [28/36] gap=14.145454545454546 Df=93.55 Dr=65.74 MIA=64.50
  [29/36] gap=11.516363636363641 Df=59.55 Dr=49.90 MIA=56.23
  [30/36] gap=7.047878787878784 Df=71.18 Dr=57.76 MIA=57.59
  [31/36] gap=14.883030303030305 Df=95.27 Dr=66.30 MIA=65.55
  [32/36] gap=15.339999999999995 Df=97.18 Dr=68.06 MIA=66.73
  [33/36] gap=12.98666666666667 Df=88.18 Dr=62.08 MIA=62.73
  [34/36] gap=14.048484848484847 Df=93.91 Dr=66.44 MIA=64.55
  [35/36] gap=10.639393939393946 Df=60.82 Dr=51.44 MIA=56.41
  [36/36] gap=7.527272727272731 Df=73.27 Dr=58.64 MIA=57.82
final test: unsir {'impair_epochs': 2, 'repair_epochs': 3, 'impair_lr': 0.01, 'repair_lr': 0.01}
  Df=95.25 Dr=66.01 MIA=65.46 time=12.72s KL=0.0003

scrub: 0/24 candidates complete
  [1/24] gap=16.98666666666666 Df=98.73 Dr=69.50 MIA=68.68
  [2/24] gap=17.13757575757575 Df=98.91 Dr=69.68 MIA=68.77
  [3/24] gap=16.849696969696964 Df=98.73 Dr=69.68 MIA=68.09
  [4/24] gap=17.12666666666666 Df=98.64 Dr=69.92 MIA=68.77
  [5/24] gap=16.53696969696969 Df=98.45 Dr=69.56 MIA=67.55
  [6/24] gap=16.866060606060604 Df=98.45 Dr=69.82 MIA=68.27
  [7/24] gap=12.806666666666663 Df=92.64 Dr=67.12 MIA=62.77
  [8/24] gap=13.916969696969687 Df=95.18 Dr=68.20 MIA=64.32
  [9/24] gap=17.045454545454536 Df=98.64 Dr=69.54 MIA=68.91
  [10/24] gap=17.03818181818181 Df=98.82 Dr=69.70 MIA=68.55
  [11/24] gap=16.770909090909083 Df=98.45 Dr=69.58 MIA=68.23
  [12/24] gap=16.81333333333333 Df=98.64 Dr=69.48 MIA=68.27
  [13/24] gap=16.537575757575752 Df=98.27 Dr=69.38 MIA=67.91
  [14/24] gap=16.62727272727272 Df=98.73 Dr=69.24 MIA=67.86
  [15/24] gap=9.49515151515151 Df=79.73 Dr=61.10 MIA=59.73
  [16/24] gap=11.641818181818179 Df=89.55 Dr=66.16 MIA=61.41
  [17/24] gap=17.027878787878787 Df=99.00 Dr=69.26 MIA=68.77
  [18/24] gap=17.263636363636362 Df=99.00 Dr=69.74 MIA=69.00
  [19/24] gap=16.661818181818177 Df=98.64 Dr=69.48 MIA=67.82
  [20/24] gap=16.8921212121212 Df=98.82 Dr=69.58 MIA=68.23
  [21/24] gap=16.246060606060595 Df=98.55 Dr=68.96 MIA=67.18
  [22/24] gap=16.59272727272727 Df=98.45 Dr=69.50 MIA=67.77
  [23/24] gap=11.421212121212122 Df=58.91 Dr=49.64 MIA=55.05
  [24/24] gap=10.909696969696965 Df=87.09 Dr=65.22 MIA=60.73
final test: scrub {'msteps': 2, 'lr': 0.005, 'epochs': 10, 'max_grad_norm': 5.0}
  Df=91.33 Dr=66.00 MIA=61.96 time=10.99s KL=0.0010

mmu: 0/96 candidates complete
  [1/96] gap=16.81212121212121 Df=98.73 Dr=69.34 MIA=68.32
  [2/96] gap=16.70484848484847 Df=98.64 Dr=69.20 MIA=68.23
  [3/96] gap=16.933939393939387 Df=98.73 Dr=69.66 MIA=68.36
  [4/96] gap=16.870909090909084 Df=98.73 Dr=69.38 MIA=68.45
  [5/96] gap=17.08181818181818 Df=99.00 Dr=69.74 MIA=68.45
  [6/96] gap=17.23636363636363 Df=98.91 Dr=69.84 MIA=68.91
  [7/96] gap=16.961212121212117 Df=99.00 Dr=69.56 MIA=68.27
  [8/96] gap=17.120606060606054 Df=99.00 Dr=69.72 MIA=68.59
  [9/96] gap=16.610303030303026 Df=98.45 Dr=69.28 MIA=68.05
  [10/96] gap=16.81212121212121 Df=98.91 Dr=69.34 MIA=68.14
  [11/96] gap=16.804242424242418 Df=98.73 Dr=69.68 MIA=67.95
  [12/96] gap=16.779393939393938 Df=98.55 Dr=69.56 MIA=68.18
  [13/96] gap=17.106060606060606 Df=99.18 Dr=69.54 MIA=68.55
  [14/96] gap=17.05999999999999 Df=99.00 Dr=69.72 MIA=68.41
  [15/96] gap=16.801212121212114 Df=98.82 Dr=69.58 MIA=67.95
  [16/96] gap=16.935757575757574 Df=99.00 Dr=69.62 MIA=68.14
  [17/96] gap=16.64787878787878 Df=98.82 Dr=69.12 MIA=67.95
  [18/96] gap=16.514545454545445 Df=98.36 Dr=69.22 MIA=67.91
  [19/96] gap=16.704848484848473 Df=98.36 Dr=69.70 MIA=68.00
  [20/96] gap=16.938787878787867 Df=98.64 Dr=69.72 MIA=68.41
  [21/96] gap=17.087272727272723 Df=99.09 Dr=69.62 MIA=68.50
  [22/96] gap=17.16727272727272 Df=98.82 Dr=69.86 MIA=68.77
  [23/96] gap=16.760606060606055 Df=98.82 Dr=69.64 MIA=67.77
  [24/96] gap=16.730303030303023 Df=98.64 Dr=69.64 MIA=67.86
  [25/96] gap=12.775757575757575 Df=91.09 Dr=65.44 MIA=62.55
  [26/96] gap=14.466060606060609 Df=95.73 Dr=67.96 MIA=65.50
  [27/96] gap=12.217575757575753 Df=89.91 Dr=66.16 MIA=62.77
  [28/96] gap=14.187878787878788 Df=95.73 Dr=67.84 MIA=64.55
  [29/96] gap=13.412121212121209 Df=93.91 Dr=67.44 MIA=63.64
  [30/96] gap=15.752121212121201 Df=97.36 Dr=69.16 MIA=66.68
  [31/96] gap=12.606060606060602 Df=92.55 Dr=67.54 MIA=62.68
  [32/96] gap=15.583030303030299 Df=97.45 Dr=68.88 MIA=66.36
  [33/96] gap=16.992121212121205 Df=98.73 Dr=69.88 MIA=68.32
  [34/96] gap=16.907272727272716 Df=98.36 Dr=69.58 MIA=68.73
  [35/96] gap=16.854545454545445 Df=98.91 Dr=69.24 MIA=68.36
  [36/96] gap=16.944848484848478 Df=99.00 Dr=69.42 MIA=68.36
  [37/96] gap=16.574545454545444 Df=98.55 Dr=69.40 MIA=67.73
  [38/96] gap=16.659393939393926 Df=98.55 Dr=69.20 MIA=68.18
  [39/96] gap=17.018181818181812 Df=98.91 Dr=69.64 MIA=68.45
  [40/96] gap=17.116363636363634 Df=98.73 Dr=69.48 MIA=69.09
  [41/96] gap=16.971515151515145 Df=98.55 Dr=70.00 MIA=68.32
  [42/96] gap=17.03575757575757 Df=98.36 Dr=69.92 MIA=68.77
  [43/96] gap=16.865454545454536 Df=98.82 Dr=69.50 MIA=68.23
  [44/96] gap=16.783030303030298 Df=98.91 Dr=69.48 MIA=67.91
  [45/96] gap=16.691515151515144 Df=98.45 Dr=69.66 MIA=67.91
  [46/96] gap=16.52484848484848 Df=98.55 Dr=69.16 MIA=67.82
  [47/96] gap=17.043030303030296 Df=98.91 Dr=69.76 MIA=68.41
  [48/96] gap=16.883030303030296 Df=98.82 Dr=69.78 MIA=68.00
  [49/96] gap=16.684242424242424 Df=98.36 Dr=69.32 MIA=68.32
  [50/96] gap=16.686666666666657 Df=98.09 Dr=69.60 MIA=68.32
  [51/96] gap=16.299999999999994 Df=98.73 Dr=68.94 MIA=67.18
  [52/96] gap=16.621818181818174 Df=98.73 Dr=69.36 MIA=67.73
  [53/96] gap=16.678787878787876 Df=98.73 Dr=69.44 MIA=67.82
  [54/96] gap=16.66848484848484 Df=98.64 Dr=69.50 MIA=67.82
  [55/96] gap=16.63272727272727 Df=98.36 Dr=69.62 MIA=67.86
  [56/96] gap=17.027272727272717 Df=98.64 Dr=69.94 MIA=68.45
  [57/96] gap=10.116363636363635 Df=83.36 Dr=63.10 MIA=59.95
  [58/96] gap=15.547878787878792 Df=52.91 Dr=43.76 MIA=55.55
  [59/96] gap=9.783030303030307 Df=60.55 Dr=53.60 MIA=55.73
  [60/96] gap=8.00727272727273 Df=67.09 Dr=54.20 MIA=57.55
  [61/96] gap=12.178181818181821 Df=91.09 Dr=66.96 MIA=62.27
  [62/96] gap=14.901212121212112 Df=96.45 Dr=68.38 MIA=65.82
  [63/96] gap=9.059393939393937 Df=81.91 Dr=64.18 MIA=59.32
  [64/96] gap=14.453333333333324 Df=96.18 Dr=68.40 MIA=64.73
  [65/96] gap=17.167878787878777 Df=99.09 Dr=69.68 MIA=68.68
  [66/96] gap=17.062424242424232 Df=98.64 Dr=69.50 MIA=69.00
  [67/96] gap=16.72060606060606 Df=98.82 Dr=69.52 MIA=67.77
  [68/96] gap=16.904242424242423 Df=99.00 Dr=69.48 MIA=68.18
  [69/96] gap=17.014545454545445 Df=99.09 Dr=69.72 MIA=68.18
  [70/96] gap=17.0321212121212 Df=98.82 Dr=69.50 MIA=68.73
  [71/96] gap=16.913939393939387 Df=98.73 Dr=69.60 MIA=68.36
  [72/96] gap=16.805454545454538 Df=98.64 Dr=69.32 MIA=68.41
  [73/96] gap=16.881212121212116 Df=98.64 Dr=69.82 MIA=68.14
  [74/96] gap=16.816969696969682 Df=98.64 Dr=69.40 MIA=68.36
  [75/96] gap=16.84787878787878 Df=98.64 Dr=69.72 MIA=68.14
  [76/96] gap=16.843030303030293 Df=98.45 Dr=69.66 MIA=68.36
  [77/96] gap=16.80848484848484 Df=98.82 Dr=69.42 MIA=68.14
  [78/96] gap=16.84727272727272 Df=98.73 Dr=69.40 MIA=68.36
  [79/96] gap=16.88787878787878 Df=98.64 Dr=69.84 MIA=68.14
  [80/96] gap=16.780606060606058 Df=98.73 Dr=69.70 MIA=67.86
  [81/96] gap=16.506060606060597 Df=98.64 Dr=69.24 MIA=67.59
  [82/96] gap=16.47212121212121 Df=98.55 Dr=69.32 MIA=67.50
  [83/96] gap=16.233333333333324 Df=98.36 Dr=69.24 MIA=67.05
  [84/96] gap=16.210909090909084 Df=98.00 Dr=69.40 MIA=67.18
  [85/96] gap=16.576363636363634 Df=98.73 Dr=69.36 MIA=67.59
  [86/96] gap=16.635151515151506 Df=98.55 Dr=69.40 MIA=67.91
  [87/96] gap=16.575151515151507 Df=98.55 Dr=69.72 MIA=67.41
  [88/96] gap=16.603636363636358 Df=98.45 Dr=69.76 MIA=67.55
  [89/96] gap=15.82303030303031 Df=51.45 Dr=44.48 MIA=55.64
  [90/96] gap=42.76969696969697 Df=3.73 Dr=5.14 MIA=49.41
  [91/96] gap=26.423636363636366 Df=30.09 Dr=28.86 MIA=50.45
  [92/96] gap=40.190909090909095 Df=7.73 Dr=9.24 MIA=49.77
  [93/96] gap=10.53515151515151 Df=85.82 Dr=64.48 MIA=60.14
  [94/96] gap=13.045454545454547 Df=92.36 Dr=66.54 MIA=63.18
  [95/96] gap=6.9539393939393905 Df=73.91 Dr=59.86 MIA=56.68
  [96/96] gap=13.698181818181814 Df=94.73 Dr=67.90 MIA=64.14
final test: mmu {'msteps': 1, 'lr': 0.005, 'epochs': 5, 'head_mode': 'tied', 'weighting': 'mrl', 'max_grad_norm': 5.0}
  Df=90.00 Dr=65.41 MIA=62.62 time=5.17s KL=0.0009

salun: 0/45 candidates complete
  [1/45] gap=10.08242424242424 Df=74.36 Dr=54.52 MIA=60.27
  [2/45] gap=12.137575757575762 Df=62.45 Dr=47.40 MIA=58.50
  [3/45] gap=18.918787878787885 Df=48.45 Dr=38.92 MIA=56.36
  [4/45] gap=23.99151515151516 Df=37.27 Dr=31.02 MIA=52.50
  [5/45] gap=23.232727272727278 Df=39.18 Dr=32.16 MIA=53.27
  [6/45] gap=18.913333333333334 Df=46.27 Dr=38.80 MIA=54.05
  [7/45] gap=12.927878787878791 Df=58.73 Dr=46.12 MIA=55.86
  [8/45] gap=8.210303030303036 Df=67.36 Dr=51.50 MIA=55.73
  [9/45] gap=7.723030303030302 Df=72.64 Dr=56.28 MIA=56.68
  [10/45] gap=10.359393939393934 Df=75.09 Dr=54.28 MIA=60.14
  [11/45] gap=12.812121212121214 Df=61.36 Dr=46.74 MIA=58.77
  [12/45] gap=19.564242424242433 Df=48.27 Dr=38.12 MIA=57.32
  [13/45] gap=23.77757575757576 Df=38.09 Dr=31.48 MIA=53.14
  [14/45] gap=21.43878787878789 Df=42.91 Dr=34.86 MIA=54.32
  [15/45] gap=12.626060606060612 Df=58.91 Dr=45.98 MIA=55.00
  [16/45] gap=11.119393939393944 Df=62.00 Dr=49.00 MIA=56.59
  [17/45] gap=8.180606060606067 Df=67.73 Dr=52.18 MIA=56.68
  [18/45] gap=8.541818181818181 Df=74.73 Dr=55.96 MIA=56.73
  [19/45] gap=10.346666666666659 Df=75.82 Dr=56.00 MIA=61.09
  [20/45] gap=13.12424242424243 Df=59.18 Dr=46.94 MIA=57.73
  [21/45] gap=19.641212121212124 Df=47.00 Dr=37.48 MIA=55.64
  [22/45] gap=23.401212121212126 Df=39.36 Dr=32.20 MIA=54.00
  [23/45] gap=19.88484848484849 Df=45.64 Dr=36.84 MIA=54.36
  [24/45] gap=11.361818181818187 Df=62.82 Dr=47.50 MIA=56.64
  [25/45] gap=10.781212121212123 Df=61.91 Dr=49.56 MIA=56.05
  [26/45] gap=8.107878787878784 Df=69.27 Dr=52.08 MIA=57.00
  [27/45] gap=8.586666666666666 Df=73.82 Dr=55.78 MIA=57.59
  [28/45] gap=10.326666666666663 Df=76.09 Dr=56.06 MIA=60.82
  [29/45] gap=12.913939393939401 Df=59.64 Dr=46.48 MIA=57.09
  [30/45] gap=19.90242424242425 Df=47.45 Dr=37.56 MIA=56.95
  [31/45] gap=23.18606060606061 Df=39.55 Dr=32.30 MIA=53.64
  [32/45] gap=18.54848484848485 Df=48.36 Dr=38.44 MIA=54.68
  [33/45] gap=10.850303030303037 Df=64.91 Dr=47.58 MIA=57.27
  [34/45] gap=11.151515151515156 Df=61.73 Dr=49.04 MIA=56.45
  [35/45] gap=7.5945454545454565 Df=68.00 Dr=53.12 MIA=56.14
  [36/45] gap=8.709090909090909 Df=74.73 Dr=56.14 MIA=57.41
  [37/45] gap=10.25090909090909 Df=76.36 Dr=56.56 MIA=60.82
  [38/45] gap=12.321212121212127 Df=61.45 Dr=47.44 MIA=58.09
  [39/45] gap=19.666060606060608 Df=47.73 Dr=37.86 MIA=56.82
  [40/45] gap=22.563636363636373 Df=41.00 Dr=33.44 MIA=54.36
  [41/45] gap=17.65575757575758 Df=50.00 Dr=39.80 MIA=55.00
  [42/45] gap=9.98424242424243 Df=66.27 Dr=48.36 MIA=56.82
  [43/45] gap=11.204848484848492 Df=61.82 Dr=48.38 MIA=56.05
  [44/45] gap=8.06787878787879 Df=66.55 Dr=53.20 MIA=56.18
  [45/45] gap=8.379999999999997 Df=73.91 Dr=55.90 MIA=57.00
final test: salun {'sparsity': 0.9, 'lr': 0.0001, 'epochs': 3}
  Df=74.50 Dr=56.46 MIA=59.58 time=6.18s KL=0.0004

uniclun: 0/27 candidates complete
  [1/27] gap=13.254545454545458 Df=60.36 Dr=46.14 MIA=58.50
  [2/27] gap=13.254545454545458 Df=60.36 Dr=46.14 MIA=58.50
  [3/27] gap=13.254545454545458 Df=60.36 Dr=46.14 MIA=58.50
  [4/27] gap=19.43575757575758 Df=47.45 Dr=38.96 MIA=56.95
  [5/27] gap=19.43575757575758 Df=47.45 Dr=38.96 MIA=56.95
  [6/27] gap=19.43575757575758 Df=47.45 Dr=38.96 MIA=56.95
  [7/27] gap=23.47151515151516 Df=37.91 Dr=34.08 MIA=54.64
  [8/27] gap=23.47151515151516 Df=37.91 Dr=34.08 MIA=54.64
  [9/27] gap=23.47151515151516 Df=37.91 Dr=34.08 MIA=54.64
  [10/27] gap=22.571515151515158 Df=40.27 Dr=34.78 MIA=55.00
  [11/27] gap=22.571515151515158 Df=40.27 Dr=34.78 MIA=55.00
  [12/27] gap=22.571515151515158 Df=40.27 Dr=34.78 MIA=55.00
  [13/27] gap=17.19333333333334 Df=51.00 Dr=40.96 MIA=55.77
  [14/27] gap=17.19333333333334 Df=51.00 Dr=40.96 MIA=55.77
  [15/27] gap=17.19333333333334 Df=51.00 Dr=40.96 MIA=55.77
  [16/27] gap=9.324242424242419 Df=70.18 Dr=50.34 MIA=58.00
  [17/27] gap=9.324242424242419 Df=70.18 Dr=50.34 MIA=58.00
  [18/27] gap=9.324242424242419 Df=70.18 Dr=50.34 MIA=58.00
  [19/27] gap=8.092727272727267 Df=68.91 Dr=51.58 MIA=56.82
  [20/27] gap=8.092727272727267 Df=68.91 Dr=51.58 MIA=56.82
  [21/27] gap=8.092727272727267 Df=68.91 Dr=51.58 MIA=56.82
  [22/27] gap=8.67090909090909 Df=73.27 Dr=54.80 MIA=57.41
  [23/27] gap=8.67090909090909 Df=73.27 Dr=54.80 MIA=57.41
  [24/27] gap=8.67090909090909 Df=73.27 Dr=54.80 MIA=57.41
  [25/27] gap=9.308484848484852 Df=77.36 Dr=57.16 MIA=57.59
  [26/27] gap=9.308484848484852 Df=77.36 Dr=57.16 MIA=57.59
  [27/27] gap=9.308484848484852 Df=77.36 Dr=57.16 MIA=57.59
final test: uniclun {'lr': 0.01, 'epochs': 10, 'buffer_size': 250}
  Df=74.25 Dr=57.65 MIA=57.63 time=14.65s KL=0.0005

