loaded shared source and Amnesiac ledger
loaded shared Retrain reference
final test: baseline {}
  Df=75.00 Dr=79.57 MIA=67.00 time=0.00s KL=0.0011
final test: retrain {}
  Df=28.00 Dr=79.49 MIA=51.09 time=640.88s KL=0.0000

finetune: 0/12 candidates complete
  [1/12] gap=20.359066859066854 Df=86.00 Dr=79.27 MIA=61.11
  [2/12] gap=19.503848003848 Df=78.00 Dr=79.84 MIA=67.11
  [3/12] gap=19.4829846079846 Df=80.00 Dr=79.45 MIA=64.66
  [4/12] gap=20.150312650312646 Df=82.00 Dr=79.90 MIA=65.11
  [5/12] gap=21.070226070226067 Df=84.00 Dr=75.35 MIA=61.32
  [6/12] gap=15.166847041847037 Df=68.00 Dr=75.01 MIA=59.27
  [7/12] gap=10.812710437710438 Df=54.00 Dr=75.39 MIA=60.59
  [8/12] gap=16.60714285714285 Df=68.00 Dr=76.71 MIA=65.29
  [9/12] gap=20.170214045214042 Df=64.00 Dr=48.00 MIA=47.66
  [10/12] gap=14.831709956709956 Df=64.00 Dr=63.98 MIA=51.23
  [11/12] gap=13.439514189514185 Df=18.00 Dr=66.42 MIA=55.50
  [12/12] gap=9.315656565656562 Df=18.00 Dr=73.01 MIA=49.21
final test: finetune {'lr': 0.0001, 'epochs': 3}
  Df=77.00 Dr=79.31 MIA=66.17 time=16.34s KL=0.0010

ssd: 0/25 candidates complete
  [1/25] gap=38.40337902837903 Df=0.00 Dr=5.05 MIA=47.91
  [2/25] gap=38.23075998075998 Df=0.00 Dr=5.05 MIA=48.43
  [3/25] gap=36.11922799422799 Df=0.00 Dr=11.01 MIA=50.12
  [4/25] gap=9.499999999999995 Df=24.00 Dr=74.71 MIA=57.96
  [5/25] gap=14.29581529581529 Df=64.00 Dr=79.68 MIA=65.32
  [6/25] gap=22.636964886964886 Df=0.00 Dr=53.47 MIA=52.14
  [7/25] gap=22.014009139009133 Df=0.00 Dr=55.58 MIA=52.37
  [8/25] gap=21.618686868686865 Df=0.00 Dr=58.10 MIA=53.71
  [9/25] gap=9.499999999999995 Df=24.00 Dr=74.71 MIA=57.96
  [10/25] gap=14.29581529581529 Df=64.00 Dr=79.68 MIA=65.32
  [11/25] gap=11.34944684944685 Df=54.00 Dr=76.44 MIA=63.25
  [12/25] gap=12.33128908128908 Df=56.00 Dr=76.61 MIA=64.36
  [13/25] gap=11.388949013949016 Df=56.00 Dr=76.81 MIA=61.73
  [14/25] gap=13.24134199134199 Df=60.00 Dr=78.16 MIA=64.64
  [15/25] gap=14.29581529581529 Df=64.00 Dr=79.68 MIA=65.32
  [16/25] gap=20.06277056277056 Df=78.00 Dr=80.16 MIA=69.11
  [17/25] gap=18.72270322270322 Df=78.00 Dr=80.18 MIA=65.11
  [18/25] gap=18.72270322270322 Df=78.00 Dr=80.18 MIA=65.11
  [19/25] gap=18.715969215969213 Df=78.00 Dr=80.20 MIA=65.11
  [20/25] gap=18.7025012025012 Df=78.00 Dr=80.24 MIA=65.11
  [21/25] gap=19.342231842231836 Df=80.00 Dr=80.32 MIA=65.11
  [22/25] gap=19.342231842231836 Df=80.00 Dr=80.32 MIA=65.11
  [23/25] gap=19.342231842231836 Df=80.00 Dr=80.32 MIA=65.11
  [24/25] gap=19.342231842231836 Df=80.00 Dr=80.32 MIA=65.11
  [25/25] gap=19.342231842231836 Df=80.00 Dr=80.32 MIA=65.11
final test: ssd {'alpha': 1.0, 'dampening_constant': 10.0}
  Df=63.00 Dr=79.02 MIA=67.59 time=6.11s KL=0.0012

badteacher: 0/36 candidates complete
  [1/36] gap=12.636724386724383 Df=24.00 Dr=76.40 MIA=69.07
  [2/36] gap=18.661014911014906 Df=8.00 Dr=74.55 MIA=69.29
  [3/36] gap=15.390031265031261 Df=10.00 Dr=74.63 MIA=61.55
  [4/36] gap=16.72372534872535 Df=12.00 Dr=75.23 MIA=68.16
  [5/36] gap=18.852873977873973 Df=6.00 Dr=74.20 MIA=67.52
  [6/36] gap=12.354076479076474 Df=10.00 Dr=75.56 MIA=53.37
  [7/36] gap=19.141774891774883 Df=8.00 Dr=74.89 MIA=71.07
  [8/36] gap=19.411135161135157 Df=6.00 Dr=74.08 MIA=69.07
  [9/36] gap=15.701238576238573 Df=16.00 Dr=76.12 MIA=69.98
  [10/36] gap=18.71224146224146 Df=10.00 Dr=74.61 MIA=71.50
  [11/36] gap=18.48196248196248 Df=8.00 Dr=74.40 MIA=68.61
  [12/36] gap=4.114838864838863 Df=32.00 Dr=76.97 MIA=46.86
  [13/36] gap=14.458453583453583 Df=18.00 Dr=76.24 MIA=68.38
  [14/36] gap=16.81788119288119 Df=12.00 Dr=75.41 MIA=68.62
  [15/36] gap=15.150372775372771 Df=16.00 Dr=76.67 MIA=30.05
  [16/36] gap=18.022607022607016 Df=10.00 Dr=75.35 MIA=70.18
  [17/36] gap=17.91816979316979 Df=8.00 Dr=75.90 MIA=68.41
  [18/36] gap=13.189273689273689 Df=18.00 Dr=77.35 MIA=65.68
  [19/36] gap=19.690656565656564 Df=8.00 Dr=75.01 MIA=72.84
  [20/36] gap=13.96987734487734 Df=10.00 Dr=76.10 MIA=58.77
  [21/36] gap=14.617724867724867 Df=22.00 Dr=77.82 MIA=74.43
  [22/36] gap=18.049543049543043 Df=10.00 Dr=75.27 MIA=70.18
  [23/36] gap=11.723063973063972 Df=12.00 Dr=76.79 MIA=54.71
  [24/36] gap=13.11537999037999 Df=20.00 Dr=77.88 MIA=67.98
  [25/36] gap=14.27597402597402 Df=18.00 Dr=76.34 MIA=67.93
  [26/36] gap=15.965307840307831 Df=16.00 Dr=77.76 MIA=72.41
  [27/36] gap=11.617664742664742 Df=18.00 Dr=77.05 MIA=60.66
  [28/36] gap=16.437469937469935 Df=16.00 Dr=76.32 MIA=72.39
  [29/36] gap=13.873075998075995 Df=12.00 Dr=78.14 MIA=62.52
  [30/36] gap=16.677669552669553 Df=12.00 Dr=77.19 MIA=69.98
  [31/36] gap=16.09601972101971 Df=14.00 Dr=76.69 MIA=69.73
  [32/36] gap=16.30729918229918 Df=16.00 Dr=78.30 MIA=73.98
  [33/36] gap=16.643338143338138 Df=14.00 Dr=76.85 MIA=71.54
  [34/36] gap=16.032768157768153 Df=12.00 Dr=77.09 MIA=67.95
  [35/36] gap=12.867604617604613 Df=14.00 Dr=78.28 MIA=61.64
  [36/36] gap=14.805735930735928 Df=22.00 Dr=78.34 MIA=75.52
final test: badteacher {'temperature': 4.0, 'epochs': 10, 'lr': 0.01}
  Df=12.00 Dr=77.96 MIA=66.77 time=13.63s KL=0.0011

unsir: 0/36 candidates complete
  [1/36] gap=21.233164983164976 Df=84.00 Dr=77.76 MIA=64.21
  [2/36] gap=19.14297739297739 Df=82.00 Dr=78.24 MIA=60.43
  [3/36] gap=19.771584896584894 Df=80.00 Dr=74.30 MIA=60.38
  [4/36] gap=12.801707551707551 Df=72.00 Dr=76.91 MIA=48.86
  [5/36] gap=17.899170274170274 Df=60.00 Dr=59.31 MIA=59.77
  [6/36] gap=12.727152477152474 Df=52.00 Dr=66.99 MIA=59.93
  [7/36] gap=19.617003367003367 Df=80.00 Dr=78.61 MIA=64.21
  [8/36] gap=21.312650312650312 Df=80.00 Dr=78.63 MIA=69.32
  [9/36] gap=18.05838143338143 Df=74.00 Dr=76.12 MIA=63.05
  [10/36] gap=16.736171236171227 Df=70.00 Dr=78.14 MIA=65.11
  [11/36] gap=13.801527176527173 Df=54.00 Dr=62.61 MIA=56.77
  [12/36] gap=12.51917989417989 Df=50.00 Dr=69.60 MIA=63.91
  [13/36] gap=20.49374699374699 Df=82.00 Dr=78.87 MIA=65.11
  [14/36] gap=19.814273689273687 Df=80.00 Dr=79.35 MIA=65.55
  [15/36] gap=20.469576719576715 Df=76.00 Dr=76.26 MIA=68.43
  [16/36] gap=16.62103174603174 Df=70.00 Dr=78.04 MIA=64.66
  [17/36] gap=13.963263588263588 Df=56.00 Dr=63.66 MIA=56.30
  [18/36] gap=8.164622414622412 Df=48.00 Dr=70.61 MIA=45.07
  [19/36] gap=21.449975949975947 Df=84.00 Dr=78.00 MIA=65.11
  [20/36] gap=17.167147667147663 Df=72.00 Dr=78.85 MIA=65.11
  [21/36] gap=18.89538239538239 Df=76.00 Dr=74.95 MIA=62.39
  [22/36] gap=17.318963443963444 Df=70.00 Dr=77.23 MIA=65.95
  [23/36] gap=17.21164021164021 Df=66.00 Dr=64.93 MIA=57.32
  [24/36] gap=9.427188552188548 Df=54.00 Dr=71.05 MIA=46.84
  [25/36] gap=21.342231842231836 Df=82.00 Dr=78.32 MIA=67.11
  [26/36] gap=19.89243626743627 Df=78.00 Dr=79.33 MIA=67.77
  [27/36] gap=20.13774651274651 Df=80.00 Dr=75.45 MIA=62.62
  [28/36] gap=19.01106301106301 Df=70.00 Dr=77.96 MIA=71.75
  [29/36] gap=18.250781625781624 Df=74.00 Dr=66.69 MIA=54.20
  [30/36] gap=14.642496392496389 Df=64.00 Dr=72.10 MIA=58.79
  [31/36] gap=21.018338143338138 Df=82.00 Dr=78.85 MIA=66.66
  [32/36] gap=22.79292929292929 Df=82.00 Dr=78.83 MIA=71.96
  [33/36] gap=18.564995189995187 Df=80.00 Dr=76.57 MIA=59.02
  [34/36] gap=19.252825877825877 Df=74.00 Dr=78.79 MIA=69.30
  [35/36] gap=16.269901394901392 Df=72.00 Dr=68.81 MIA=52.37
  [36/36] gap=13.883958633958628 Df=64.00 Dr=73.09 MIA=57.50
final test: unsir {'impair_epochs': 2, 'repair_epochs': 1, 'impair_lr': 0.001, 'repair_lr': 0.01}
  Df=65.00 Dr=78.58 MIA=63.62 time=3.78s KL=0.0011

scrub: 0/24 candidates complete
  [1/24] gap=20.763107263107255 Df=84.00 Dr=80.06 MIA=65.11
  [2/24] gap=20.109908609908604 Df=82.00 Dr=80.02 MIA=65.11
  [3/24] gap=20.089706589706584 Df=82.00 Dr=80.08 MIA=65.11
  [4/24] gap=20.756373256373255 Df=82.00 Dr=80.08 MIA=67.11
  [5/24] gap=21.39610389610389 Df=84.00 Dr=80.16 MIA=67.11
  [6/24] gap=20.136844636844636 Df=80.00 Dr=79.94 MIA=67.11
  [7/24] gap=20.958393458393452 Df=84.00 Dr=79.47 MIA=65.11
  [8/24] gap=19.530784030784023 Df=82.00 Dr=79.76 MIA=63.11
  [9/24] gap=20.74290524290524 Df=82.00 Dr=80.12 MIA=67.11
  [10/24] gap=19.531445406445407 Df=82.00 Dr=80.20 MIA=63.55
  [11/24] gap=21.375901875901878 Df=84.00 Dr=80.22 MIA=67.11
  [12/24] gap=20.81764069264069 Df=84.00 Dr=80.34 MIA=65.55
  [13/24] gap=19.90722703222703 Df=80.00 Dr=80.18 MIA=66.66
  [14/24] gap=20.60082972582972 Df=82.00 Dr=80.10 MIA=66.66
  [15/24] gap=18.06210918710918 Df=74.00 Dr=79.72 MIA=66.66
  [16/24] gap=18.014971139971134 Df=78.00 Dr=79.86 MIA=62.66
  [17/24] gap=20.04256854256854 Df=82.00 Dr=80.22 MIA=65.11
  [18/24] gap=20.082972582972577 Df=82.00 Dr=80.10 MIA=65.11
  [19/24] gap=20.587361712361705 Df=82.00 Dr=80.14 MIA=66.66
  [20/24] gap=20.742905242905234 Df=84.00 Dr=80.12 MIA=65.11
  [21/24] gap=19.967833092833086 Df=80.00 Dr=80.00 MIA=66.66
  [22/24] gap=21.314634439634435 Df=84.00 Dr=79.96 MIA=66.66
  [23/24] gap=17.341570466570467 Df=76.00 Dr=79.88 MIA=62.66
  [24/24] gap=19.940235690235685 Df=84.00 Dr=79.64 MIA=62.21
final test: scrub {'msteps': 2, 'lr': 0.005, 'epochs': 5, 'max_grad_norm': 5.0}
  Df=72.00 Dr=79.13 MIA=69.67 time=5.42s KL=0.0016

mmu: 0/96 candidates complete
  [1/96] gap=20.103174603174597 Df=82.00 Dr=80.04 MIA=65.11
  [2/96] gap=19.43650793650793 Df=80.00 Dr=80.04 MIA=65.11
  [3/96] gap=20.783309283309283 Df=82.00 Dr=80.00 MIA=67.11
  [4/96] gap=19.348965848965843 Df=80.00 Dr=80.30 MIA=65.11
  [5/96] gap=20.715969215969217 Df=82.00 Dr=80.20 MIA=67.11
  [6/96] gap=20.056036556036556 Df=80.00 Dr=80.18 MIA=67.11
  [7/96] gap=20.089706589706584 Df=82.00 Dr=80.08 MIA=65.11
  [8/96] gap=20.062770562770556 Df=82.00 Dr=80.16 MIA=65.11
  [9/96] gap=18.77657527657527 Df=78.00 Dr=80.02 MIA=65.11
  [10/96] gap=20.089706589706587 Df=80.00 Dr=80.08 MIA=67.11
  [11/96] gap=19.96109908609908 Df=80.00 Dr=80.02 MIA=66.66
  [12/96] gap=19.429773929773923 Df=80.00 Dr=80.06 MIA=65.11
  [13/96] gap=20.695767195767196 Df=82.00 Dr=80.26 MIA=67.11
  [14/96] gap=20.069504569504566 Df=80.00 Dr=80.14 MIA=67.11
  [15/96] gap=19.362433862433857 Df=82.00 Dr=80.26 MIA=63.11
  [16/96] gap=20.035834535834532 Df=82.00 Dr=80.24 MIA=65.11
  [17/96] gap=19.35503848003847 Df=78.00 Dr=79.84 MIA=66.66
  [18/96] gap=18.74290524290524 Df=76.00 Dr=80.12 MIA=67.11
  [19/96] gap=20.546296296296287 Df=82.00 Dr=79.82 MIA=66.21
  [20/96] gap=20.089706589706587 Df=80.00 Dr=80.08 MIA=67.11
  [21/96] gap=21.342231842231843 Df=84.00 Dr=80.32 MIA=67.11
  [22/96] gap=20.02236652236652 Df=80.00 Dr=80.28 MIA=67.11
  [23/96] gap=19.321368446368442 Df=80.00 Dr=79.94 MIA=64.66
  [24/96] gap=20.02910052910053 Df=80.00 Dr=80.26 MIA=67.11
  [25/96] gap=19.374579124579125 Df=76.00 Dr=79.33 MIA=68.21
  [26/96] gap=20.74290524290524 Df=82.00 Dr=80.12 MIA=67.11
  [27/96] gap=19.550986050986047 Df=78.00 Dr=79.70 MIA=67.11
  [28/96] gap=19.940897065897058 Df=80.00 Dr=80.08 MIA=66.66
  [29/96] gap=19.828403078403074 Df=80.00 Dr=79.76 MIA=66.00
  [30/96] gap=20.66209716209716 Df=82.00 Dr=80.36 MIA=67.11
  [31/96] gap=16.91798941798941 Df=74.00 Dr=79.60 MIA=63.11
  [32/96] gap=19.47691197691197 Df=80.00 Dr=79.92 MIA=65.11
  [33/96] gap=20.736171236171227 Df=84.00 Dr=80.14 MIA=65.11
  [34/96] gap=20.002164502164497 Df=82.00 Dr=80.34 MIA=65.11
  [35/96] gap=20.035834535834532 Df=82.00 Dr=80.24 MIA=65.11
  [36/96] gap=20.715969215969217 Df=82.00 Dr=80.20 MIA=67.11
  [37/96] gap=20.056036556036553 Df=82.00 Dr=80.18 MIA=65.11
  [38/96] gap=19.369167869167864 Df=80.00 Dr=80.24 MIA=65.11
  [39/96] gap=20.089706589706584 Df=82.00 Dr=80.08 MIA=65.11
  [40/96] gap=20.12337662337662 Df=82.00 Dr=79.98 MIA=65.11
  [41/96] gap=20.07623857623857 Df=84.00 Dr=80.12 MIA=63.11
  [42/96] gap=18.056036556036553 Df=76.00 Dr=80.18 MIA=65.11
  [43/96] gap=19.490379990379985 Df=80.00 Dr=79.88 MIA=65.11
  [44/96] gap=18.682299182299182 Df=76.00 Dr=80.30 MIA=67.11
  [45/96] gap=19.382635882635878 Df=80.00 Dr=80.20 MIA=65.11
  [46/96] gap=20.70923520923521 Df=82.00 Dr=80.22 MIA=67.11
  [47/96] gap=21.314634439634435 Df=84.00 Dr=79.96 MIA=66.66
  [48/96] gap=20.096440596440594 Df=80.00 Dr=80.06 MIA=67.11
  [49/96] gap=20.7025012025012 Df=84.00 Dr=80.24 MIA=65.11
  [50/96] gap=19.322029822029823 Df=78.00 Dr=80.38 MIA=67.11
  [51/96] gap=20.13011063011063 Df=80.00 Dr=79.96 MIA=67.11
  [52/96] gap=18.729437229437227 Df=76.00 Dr=80.16 MIA=67.11
  [53/96] gap=20.763107263107262 Df=82.00 Dr=80.06 MIA=67.11
  [54/96] gap=20.02236652236652 Df=80.00 Dr=80.28 MIA=67.11
  [55/96] gap=20.12337662337662 Df=82.00 Dr=79.98 MIA=65.11
  [56/96] gap=20.783309283309283 Df=82.00 Dr=80.00 MIA=67.11
  [57/96] gap=20.54563492063492 Df=78.00 Dr=79.37 MIA=69.77
  [58/96] gap=20.695767195767196 Df=82.00 Dr=80.26 MIA=67.11
  [59/96] gap=20.02170514670514 Df=84.00 Dr=79.84 MIA=62.66
  [60/96] gap=19.382635882635885 Df=78.00 Dr=80.20 MIA=67.11
  [61/96] gap=17.846620971620972 Df=80.00 Dr=80.36 MIA=60.66
  [62/96] gap=21.315295815295816 Df=84.00 Dr=80.40 MIA=67.11
  [63/96] gap=21.7308201058201 Df=82.00 Dr=79.82 MIA=69.77
  [64/96] gap=19.9813011063011 Df=82.00 Dr=79.96 MIA=64.66
  [65/96] gap=20.008898508898504 Df=82.00 Dr=80.32 MIA=65.11
  [66/96] gap=19.402837902837895 Df=80.00 Dr=80.14 MIA=65.11
  [67/96] gap=20.72943722943722 Df=84.00 Dr=80.16 MIA=65.11
  [68/96] gap=19.409571909571902 Df=80.00 Dr=80.12 MIA=65.11
  [69/96] gap=20.089706589706584 Df=82.00 Dr=80.08 MIA=65.11
  [70/96] gap=19.2809644059644 Df=78.00 Dr=80.06 MIA=66.66
  [71/96] gap=20.70923520923521 Df=82.00 Dr=80.22 MIA=67.11
  [72/96] gap=19.995430495430494 Df=80.00 Dr=80.36 MIA=67.11
  [73/96] gap=21.36916786916787 Df=84.00 Dr=80.24 MIA=67.11
  [74/96] gap=16.74290524290524 Df=70.00 Dr=80.12 MIA=67.11
  [75/96] gap=20.776575276575276 Df=82.00 Dr=80.02 MIA=67.11
  [76/96] gap=17.389369889369885 Df=74.00 Dr=80.18 MIA=65.11
  [77/96] gap=20.715969215969217 Df=82.00 Dr=80.20 MIA=67.11
  [78/96] gap=19.362433862433864 Df=78.00 Dr=80.26 MIA=67.11
  [79/96] gap=20.089706589706587 Df=80.00 Dr=80.08 MIA=67.11
  [80/96] gap=18.695767195767196 Df=76.00 Dr=80.26 MIA=67.11
  [81/96] gap=20.66209716209716 Df=82.00 Dr=80.36 MIA=67.11
  [82/96] gap=16.70923520923521 Df=70.00 Dr=80.22 MIA=67.11
  [83/96] gap=20.729437229437227 Df=82.00 Dr=80.16 MIA=67.11
  [84/96] gap=16.76984126984127 Df=70.00 Dr=80.04 MIA=67.11
  [85/96] gap=20.09644059644059 Df=82.00 Dr=80.06 MIA=65.11
  [86/96] gap=18.662097162097158 Df=78.00 Dr=80.36 MIA=65.11
  [87/96] gap=20.749639249639248 Df=82.00 Dr=80.10 MIA=67.11
  [88/96] gap=18.682299182299182 Df=76.00 Dr=80.30 MIA=67.11
  [89/96] gap=19.91263828763829 Df=78.00 Dr=79.27 MIA=67.77
  [90/96] gap=15.86008898508898 Df=70.00 Dr=80.32 MIA=64.66
  [91/96] gap=21.78138528138528 Df=82.00 Dr=79.43 MIA=69.54
  [92/96] gap=17.429773929773926 Df=72.00 Dr=80.06 MIA=67.11
  [93/96] gap=18.72204184704184 Df=78.00 Dr=79.74 MIA=64.66
  [94/96] gap=19.193422318422314 Df=78.00 Dr=80.32 MIA=66.66
  [95/96] gap=20.21091871091871 Df=80.00 Dr=79.72 MIA=67.11
  [96/96] gap=17.880291005291003 Df=76.00 Dr=80.26 MIA=64.66
final test: mmu {'msteps': 3, 'lr': 0.005, 'epochs': 5, 'head_mode': 'independent', 'weighting': 'normalised', 'max_grad_norm': 5.0}
  Df=62.00 Dr=79.59 MIA=67.62 time=4.08s KL=0.0017

salun: 0/45 candidates complete
  [1/45] gap=9.423280423280424 Df=42.00 Dr=75.15 MIA=68.18
  [2/45] gap=7.077741702741702 Df=38.00 Dr=75.31 MIA=65.30
  [3/45] gap=9.258778258778257 Df=42.00 Dr=74.79 MIA=67.32
  [4/45] gap=7.660954785954786 Df=38.00 Dr=71.78 MIA=63.52
  [5/45] gap=11.18957431457431 Df=48.00 Dr=71.19 MIA=63.52
  [6/45] gap=11.860870610870613 Df=48.00 Dr=70.30 MIA=64.64
  [7/45] gap=10.432720057720054 Df=42.00 Dr=67.68 MIA=35.20
  [8/45] gap=12.33116883116883 Df=56.00 Dr=71.07 MIA=40.11
  [9/45] gap=7.094336219336216 Df=46.00 Dr=71.19 MIA=45.70
  [10/45] gap=9.32227032227032 Df=42.00 Dr=75.45 MIA=68.18
  [11/45] gap=9.697390572390573 Df=40.00 Dr=74.99 MIA=70.84
  [12/45] gap=9.856782106782104 Df=46.00 Dr=74.10 MIA=64.43
  [13/45] gap=10.963143338143334 Df=48.00 Dr=72.12 MIA=63.77
  [14/45] gap=13.72751322751323 Df=52.00 Dr=71.60 MIA=67.54
  [15/45] gap=5.412638287638281 Df=44.00 Dr=71.27 MIA=50.27
  [16/45] gap=4.363335738335738 Df=40.00 Dr=71.78 MIA=47.30
  [17/45] gap=12.004268879268873 Df=54.00 Dr=73.21 MIA=61.98
  [18/45] gap=4.295995670995668 Df=44.00 Dr=73.98 MIA=49.30
  [19/45] gap=9.498015873015872 Df=42.00 Dr=75.37 MIA=68.62
  [20/45] gap=7.256132756132753 Df=40.00 Dr=75.01 MIA=63.54
  [21/45] gap=10.15440115440115 Df=46.00 Dr=74.10 MIA=65.32
  [22/45] gap=10.929473304473303 Df=46.00 Dr=72.22 MIA=65.77
  [23/45] gap=10.957251082251082 Df=50.00 Dr=70.89 MIA=60.52
  [24/45] gap=12.196488696488693 Df=50.00 Dr=71.47 MIA=64.82
  [25/45] gap=4.405603655603653 Df=40.00 Dr=71.45 MIA=47.50
  [26/45] gap=10.759620009620006 Df=58.00 Dr=73.54 MIA=44.36
  [27/45] gap=12.110690235690235 Df=50.00 Dr=74.00 MIA=67.09
  [28/45] gap=8.980158730158728 Df=42.00 Dr=75.37 MIA=67.07
  [29/45] gap=8.928270803270793 Df=40.00 Dr=74.87 MIA=68.41
  [30/45] gap=9.839225589225585 Df=46.00 Dr=73.94 MIA=64.21
  [31/45] gap=10.072931697931695 Df=44.00 Dr=71.90 MIA=64.88
  [32/45] gap=12.75583213083213 Df=52.00 Dr=71.17 MIA=64.20
  [33/45] gap=11.29202741702741 Df=46.00 Dr=71.31 MIA=65.95
  [34/45] gap=7.935966810966808 Df=46.00 Dr=73.13 MIA=41.23
  [35/45] gap=12.81842231842232 Df=56.00 Dr=74.32 MIA=63.54
  [36/45] gap=12.089706589706587 Df=48.00 Dr=74.08 MIA=69.11
  [37/45] gap=10.320226070226068 Df=44.00 Dr=75.35 MIA=69.07
  [38/45] gap=10.413059163059158 Df=42.00 Dr=74.65 MIA=70.64
  [39/45] gap=9.199494949494946 Df=44.00 Dr=73.86 MIA=64.21
  [40/45] gap=11.501202501202501 Df=46.00 Dr=72.06 MIA=67.32
  [41/45] gap=12.852092352092354 Df=52.00 Dr=72.22 MIA=65.54
  [42/45] gap=12.787397787397781 Df=52.00 Dr=72.20 MIA=65.32
  [43/45] gap=9.13209475709476 Df=56.00 Dr=73.29 MIA=47.48
  [44/45] gap=13.754028379028375 Df=56.00 Dr=74.14 MIA=66.16
  [45/45] gap=12.86411736411736 Df=54.00 Dr=73.76 MIA=65.11
final test: salun {'sparsity': 0.3, 'lr': 0.0001, 'epochs': 3}
  Df=33.00 Dr=75.47 MIA=67.48 time=4.40s KL=0.0010

uniclun: 0/27 candidates complete
  [1/27] gap=9.643518518518517 Df=42.00 Dr=75.15 MIA=68.84
  [2/27] gap=9.643518518518517 Df=42.00 Dr=75.15 MIA=68.84
  [3/27] gap=9.643518518518517 Df=42.00 Dr=75.15 MIA=68.84
  [4/27] gap=12.402356902356898 Df=46.00 Dr=74.00 MIA=71.96
  [5/27] gap=12.402356902356898 Df=46.00 Dr=74.00 MIA=71.96
  [6/27] gap=12.402356902356898 Df=46.00 Dr=74.00 MIA=71.96
  [7/27] gap=11.555074555074553 Df=44.00 Dr=73.90 MIA=71.32
  [8/27] gap=11.555074555074553 Df=44.00 Dr=73.90 MIA=71.32
  [9/27] gap=11.555074555074553 Df=44.00 Dr=73.90 MIA=71.32
  [10/27] gap=12.135521885521884 Df=46.00 Dr=73.05 MIA=70.21
  [11/27] gap=12.135521885521884 Df=46.00 Dr=73.05 MIA=70.21
  [12/27] gap=12.135521885521884 Df=46.00 Dr=73.05 MIA=70.21
  [13/27] gap=13.278980278980272 Df=48.00 Dr=72.73 MIA=71.32
  [14/27] gap=13.278980278980272 Df=48.00 Dr=72.73 MIA=71.32
  [15/27] gap=13.278980278980272 Df=48.00 Dr=72.73 MIA=71.32
  [16/27] gap=13.615019240019235 Df=50.00 Dr=73.27 MIA=70.88
  [17/27] gap=13.615019240019235 Df=50.00 Dr=73.27 MIA=70.88
  [18/27] gap=13.615019240019235 Df=50.00 Dr=73.27 MIA=70.88
  [19/27] gap=12.17526455026455 Df=48.00 Dr=74.48 MIA=69.77
  [20/27] gap=12.17526455026455 Df=48.00 Dr=74.48 MIA=69.77
  [21/27] gap=12.17526455026455 Df=48.00 Dr=74.48 MIA=69.77
  [22/27] gap=12.454244829244827 Df=46.00 Dr=74.51 MIA=72.62
  [23/27] gap=12.454244829244827 Df=46.00 Dr=74.51 MIA=72.62
  [24/27] gap=12.454244829244827 Df=46.00 Dr=74.51 MIA=72.62
  [25/27] gap=12.183441558441551 Df=48.00 Dr=74.89 MIA=70.20
  [26/27] gap=12.183441558441551 Df=48.00 Dr=74.89 MIA=70.20
  [27/27] gap=12.183441558441551 Df=48.00 Dr=74.89 MIA=70.20
final test: uniclun {'lr': 0.0001, 'epochs': 3, 'buffer_size': 250}
  Df=32.00 Dr=75.35 MIA=67.27 time=4.10s KL=0.0011

