loaded shared source and Amnesiac ledger
loaded shared Retrain reference
final test: baseline {}
  Df=99.42 Dr=69.02 MIA=68.58 time=0.00s KL=0.0040
final test: retrain {}
  Df=68.83 Dr=68.00 MIA=50.50 time=449.39s KL=0.0000

finetune: 0/12 candidates complete
  [1/12] gap=16.563636363636363 Df=99.36 Dr=68.40 MIA=68.32
  [2/12] gap=16.199999999999992 Df=98.64 Dr=67.90 MIA=68.45
  [3/12] gap=16.015151515151516 Df=98.18 Dr=68.30 MIA=67.95
  [4/12] gap=15.806060606060603 Df=98.18 Dr=67.90 MIA=67.73
  [5/12] gap=11.98909090909091 Df=87.82 Dr=63.06 MIA=63.00
  [6/12] gap=10.992121212121212 Df=86.27 Dr=63.46 MIA=61.95
  [7/12] gap=9.406060606060608 Df=83.09 Dr=62.90 MIA=59.82
  [8/12] gap=7.545454545454547 Df=80.18 Dr=63.30 MIA=57.55
  [9/12] gap=19.052121212121214 Df=39.55 Dr=38.78 MIA=50.91
  [10/12] gap=12.710909090909093 Df=50.18 Dr=46.94 MIA=52.32
  [11/12] gap=11.262424242424245 Df=51.82 Dr=49.74 MIA=51.05
  [12/12] gap=6.475757575757581 Df=58.64 Dr=58.10 MIA=50.23
final test: finetune {'lr': 0.0001, 'epochs': 5}
  Df=98.83 Dr=68.77 MIA=67.54 time=25.80s KL=0.0041

ssd: 0/25 candidates complete
  [1/25] gap=44.78181818181819 Df=1.00 Dr=1.00 MIA=50.05
  [2/25] gap=44.866060606060614 Df=1.00 Dr=1.02 MIA=49.77
  [3/25] gap=43.332121212121216 Df=2.55 Dr=2.94 MIA=50.91
  [4/25] gap=16.606666666666666 Df=98.55 Dr=68.62 MIA=69.05
  [5/25] gap=16.857575757575756 Df=98.91 Dr=68.60 MIA=69.45
  [6/25] gap=15.410303030303035 Df=97.09 Dr=67.16 MIA=68.09
  [7/25] gap=15.536363636363632 Df=97.27 Dr=67.50 MIA=68.23
  [8/25] gap=15.823636363636354 Df=97.82 Dr=67.68 MIA=68.36
  [9/25] gap=16.606666666666666 Df=98.55 Dr=68.62 MIA=69.05
  [10/25] gap=16.857575757575756 Df=98.91 Dr=68.60 MIA=69.45
  [11/25] gap=16.30848484848485 Df=98.27 Dr=68.18 MIA=68.86
  [12/25] gap=16.353939393939385 Df=98.36 Dr=68.18 MIA=68.91
  [13/25] gap=16.395757575757575 Df=98.45 Dr=68.26 MIA=68.86
  [14/25] gap=16.74666666666666 Df=98.82 Dr=68.54 MIA=69.27
  [15/25] gap=16.857575757575756 Df=98.91 Dr=68.60 MIA=69.45
  [16/25] gap=16.85575757575757 Df=99.09 Dr=68.64 MIA=69.23
  [17/25] gap=16.85575757575757 Df=99.09 Dr=68.64 MIA=69.23
  [18/25] gap=16.901212121212122 Df=99.18 Dr=68.64 MIA=69.27
  [19/25] gap=16.901212121212122 Df=99.18 Dr=68.64 MIA=69.27
  [20/25] gap=16.907878787878786 Df=99.18 Dr=68.66 MIA=69.27
  [21/25] gap=17.003636363636357 Df=99.27 Dr=68.72 MIA=69.41
  [22/25] gap=17.003636363636357 Df=99.27 Dr=68.72 MIA=69.41
  [23/25] gap=17.003636363636357 Df=99.27 Dr=68.72 MIA=69.41
  [24/25] gap=17.003636363636357 Df=99.27 Dr=68.72 MIA=69.41
  [25/25] gap=17.003636363636357 Df=99.27 Dr=68.72 MIA=69.41
final test: ssd {'alpha': 5.0, 'dampening_constant': 0.1}
  Df=98.58 Dr=68.00 MIA=68.46 time=7.33s KL=0.0037

badteacher: 0/36 candidates complete
  [1/36] gap=16.28424242424242 Df=98.73 Dr=67.88 MIA=68.64
  [2/36] gap=14.703030303030301 Df=53.64 Dr=42.60 MIA=57.41
  [3/36] gap=23.410303030303037 Df=37.27 Dr=30.16 MIA=54.73
  [4/36] gap=10.26060606060606 Df=81.36 Dr=60.20 MIA=61.41
  [5/36] gap=22.289090909090913 Df=39.45 Dr=32.16 MIA=55.55
  [6/36] gap=10.084242424242426 Df=63.18 Dr=46.82 MIA=57.32
  [7/36] gap=8.164242424242426 Df=68.64 Dr=51.58 MIA=59.23
  [8/36] gap=23.26606060606061 Df=38.00 Dr=30.82 MIA=55.68
  [9/36] gap=7.903030303030309 Df=67.82 Dr=50.00 MIA=57.68
  [10/36] gap=14.624848484848485 Df=53.55 Dr=42.38 MIA=56.86
  [11/36] gap=18.62848484848485 Df=46.55 Dr=37.46 MIA=56.95
  [12/36] gap=7.909090909090914 Df=72.27 Dr=53.80 MIA=57.05
  [13/36] gap=15.116363636363639 Df=96.91 Dr=66.86 MIA=67.09
  [14/36] gap=14.180606060606065 Df=54.91 Dr=42.94 MIA=57.45
  [15/36] gap=8.270303030303035 Df=71.27 Dr=53.58 MIA=58.91
  [16/36] gap=9.20848484848485 Df=73.55 Dr=54.22 MIA=60.09
  [17/36] gap=8.743030303030308 Df=68.64 Dr=50.98 MIA=60.36
  [18/36] gap=10.218787878787886 Df=81.27 Dr=58.78 MIA=59.95
  [19/36] gap=9.787878787878789 Df=64.18 Dr=47.80 MIA=58.41
  [20/36] gap=10.93757575757576 Df=77.55 Dr=54.26 MIA=61.32
  [21/36] gap=9.835151515151518 Df=80.27 Dr=58.84 MIA=59.86
  [22/36] gap=11.736969696969695 Df=60.91 Dr=45.18 MIA=58.36
  [23/36] gap=12.07878787878788 Df=85.91 Dr=59.70 MIA=61.82
  [24/36] gap=9.713939393939393 Df=82.18 Dr=60.34 MIA=59.09
  [25/36] gap=14.702424242424248 Df=93.27 Dr=63.42 MIA=66.05
  [26/36] gap=14.481818181818186 Df=91.00 Dr=60.90 MIA=65.14
  [27/36] gap=11.169696969696979 Df=82.73 Dr=59.70 MIA=62.27
  [28/36] gap=12.663636363636364 Df=84.64 Dr=58.40 MIA=63.55
  [29/36] gap=15.12787878787879 Df=94.55 Dr=63.28 MIA=65.91
  [30/36] gap=10.49333333333334 Df=83.27 Dr=61.32 MIA=61.32
  [31/36] gap=13.685454545454549 Df=87.91 Dr=59.38 MIA=64.32
  [32/36] gap=14.556363636363642 Df=94.09 Dr=64.04 MIA=65.41
  [33/36] gap=10.495757575757581 Df=84.45 Dr=62.04 MIA=60.86
  [34/36] gap=15.3769696969697 Df=93.55 Dr=62.76 MIA=67.14
  [35/36] gap=14.28424242424243 Df=94.64 Dr=65.22 MIA=65.23
  [36/36] gap=9.36969696969697 Df=80.36 Dr=60.60 MIA=60.14
final test: badteacher {'temperature': 2.0, 'epochs': 1, 'lr': 0.0001}
  Df=97.33 Dr=66.83 MIA=67.50 time=1.44s KL=0.0039

unsir: 0/36 candidates complete
  [1/36] gap=14.353333333333339 Df=93.09 Dr=63.74 MIA=65.50
  [2/36] gap=15.226666666666668 Df=97.09 Dr=66.12 MIA=66.50
  [3/36] gap=11.672727272727279 Df=81.82 Dr=57.10 MIA=62.09
  [4/36] gap=13.083030303030306 Df=89.00 Dr=61.96 MIA=64.00
  [5/36] gap=17.013333333333332 Df=46.09 Dr=39.76 MIA=53.95
  [6/36] gap=10.364848484848485 Df=58.18 Dr=49.16 MIA=55.50
  [7/36] gap=15.09636363636364 Df=95.36 Dr=64.42 MIA=66.14
  [8/36] gap=15.042424242424241 Df=96.82 Dr=66.90 MIA=67.00
  [9/36] gap=12.16787878787879 Df=84.91 Dr=59.16 MIA=62.55
  [10/36] gap=13.62909090909091 Df=93.09 Dr=64.64 MIA=64.23
  [11/36] gap=15.200000000000003 Df=48.91 Dr=42.70 MIA=54.27
  [12/36] gap=7.709090909090906 Df=62.73 Dr=52.40 MIA=55.32
  [13/36] gap=15.399393939393946 Df=96.27 Dr=64.92 MIA=66.64
  [14/36] gap=15.600000000000003 Df=98.09 Dr=67.00 MIA=67.50
  [15/36] gap=12.418787878787882 Df=86.64 Dr=60.68 MIA=63.09
  [16/36] gap=14.083030303030313 Df=93.27 Dr=64.46 MIA=65.23
  [17/36] gap=13.525454545454545 Df=51.36 Dr=44.36 MIA=53.36
  [18/36] gap=6.392121212121213 Df=66.09 Dr=54.26 MIA=56.59
  [19/36] gap=14.060000000000004 Df=92.55 Dr=63.12 MIA=64.55
  [20/36] gap=14.153333333333336 Df=95.27 Dr=65.84 MIA=64.82
  [21/36] gap=12.472727272727278 Df=85.00 Dr=58.70 MIA=62.91
  [22/36] gap=13.20484848484849 Df=89.91 Dr=62.64 MIA=64.14
  [23/36] gap=12.726666666666668 Df=55.27 Dr=45.12 MIA=55.64
  [24/36] gap=6.908484848484854 Df=68.27 Dr=53.12 MIA=57.36
  [25/36] gap=14.760000000000005 Df=94.27 Dr=64.02 MIA=65.82
  [26/36] gap=15.206060606060609 Df=97.18 Dr=66.50 MIA=66.73
  [27/36] gap=12.49575757575758 Df=86.09 Dr=60.04 MIA=63.23
  [28/36] gap=14.109090909090915 Df=92.82 Dr=63.70 MIA=65.00
  [29/36] gap=11.250909090909092 Df=58.64 Dr=47.32 MIA=56.77
  [30/36] gap=6.979393939393941 Df=70.91 Dr=55.68 MIA=57.50
  [31/36] gap=14.861212121212125 Df=95.00 Dr=64.58 MIA=65.95
  [32/36] gap=14.99090909090909 Df=97.36 Dr=67.10 MIA=66.50
  [33/36] gap=13.450303030303033 Df=89.00 Dr=61.04 MIA=64.18
  [34/36] gap=14.022424242424245 Df=93.73 Dr=64.96 MIA=65.09
  [35/36] gap=10.098181818181816 Df=60.55 Dr=48.96 MIA=56.86
  [36/36] gap=7.061212121212125 Df=71.82 Dr=56.48 MIA=57.64
final test: unsir {'impair_epochs': 2, 'repair_epochs': 1, 'impair_lr': 0.001, 'repair_lr': 0.01}
  Df=95.58 Dr=66.10 MIA=65.54 time=10.51s KL=0.0039

scrub: 0/24 candidates complete
  [1/24] gap=17.13818181818181 Df=99.36 Dr=68.76 MIA=69.68
  [2/24] gap=16.839393939393933 Df=99.27 Dr=68.50 MIA=69.14
  [3/24] gap=16.917575757575758 Df=99.09 Dr=68.78 MIA=69.27
  [4/24] gap=16.946666666666662 Df=99.45 Dr=68.64 MIA=69.14
  [5/24] gap=17.032121212121208 Df=99.27 Dr=68.76 MIA=69.45
  [6/24] gap=16.818787878787877 Df=99.45 Dr=68.62 MIA=68.77
  [7/24] gap=11.893333333333333 Df=90.27 Dr=66.12 MIA=63.32
  [8/24] gap=13.458787878787879 Df=94.45 Dr=67.06 MIA=64.77
  [9/24] gap=16.72666666666666 Df=99.09 Dr=68.48 MIA=69.00
  [10/24] gap=16.86181818181818 Df=99.00 Dr=68.84 MIA=69.14
  [11/24] gap=16.927878787878782 Df=99.36 Dr=68.72 MIA=69.09
  [12/24] gap=16.88060606060606 Df=99.45 Dr=68.76 MIA=68.82
  [13/24] gap=16.71151515151514 Df=99.36 Dr=68.48 MIA=68.68
  [14/24] gap=16.86969696969696 Df=99.27 Dr=69.00 MIA=68.73
  [15/24] gap=7.003030303030307 Df=75.18 Dr=60.20 MIA=57.82
  [16/24] gap=10.593333333333339 Df=87.27 Dr=65.02 MIA=61.32
  [17/24] gap=16.73090909090909 Df=99.09 Dr=68.22 MIA=69.27
  [18/24] gap=17.007272727272724 Df=99.18 Dr=68.64 MIA=69.59
  [19/24] gap=16.854545454545445 Df=99.27 Dr=68.50 MIA=69.18
  [20/24] gap=16.98727272727272 Df=99.36 Dr=68.58 MIA=69.41
  [21/24] gap=16.551515151515147 Df=99.09 Dr=68.50 MIA=68.45
  [22/24] gap=16.629696969696965 Df=99.36 Dr=68.78 MIA=68.14
  [23/24] gap=13.07030303030303 Df=51.55 Dr=45.68 MIA=53.50
  [24/24] gap=9.673333333333334 Df=83.45 Dr=63.28 MIA=60.64
final test: scrub {'msteps': 1, 'lr': 0.005, 'epochs': 5, 'max_grad_norm': 5.0}
  Df=92.42 Dr=66.22 MIA=63.17 time=4.37s KL=0.0041

mmu: 0/96 candidates complete
  [1/96] gap=16.99999999999999 Df=99.36 Dr=68.80 MIA=69.23
  [2/96] gap=17.043636363636363 Df=99.09 Dr=68.84 MIA=69.59
  [3/96] gap=16.74424242424242 Df=99.00 Dr=68.76 MIA=68.86
  [4/96] gap=16.918181818181818 Df=99.09 Dr=68.60 MIA=69.45
  [5/96] gap=17.03333333333332 Df=99.27 Dr=68.90 MIA=69.32
  [6/96] gap=16.998181818181816 Df=99.18 Dr=68.84 MIA=69.36
  [7/96] gap=16.825454545454544 Df=99.09 Dr=68.64 MIA=69.14
  [8/96] gap=16.87939393939394 Df=99.09 Dr=68.62 MIA=69.32
  [9/96] gap=16.81212121212121 Df=99.27 Dr=68.60 MIA=68.95
  [10/96] gap=17.067272727272723 Df=99.36 Dr=68.82 MIA=69.41
  [11/96] gap=16.885454545454547 Df=99.36 Dr=68.82 MIA=68.86
  [12/96] gap=16.80848484848484 Df=99.09 Dr=68.68 MIA=69.05
  [13/96] gap=16.719999999999995 Df=99.27 Dr=68.46 MIA=68.82
  [14/96] gap=17.156363636363626 Df=99.27 Dr=68.86 MIA=69.73
  [15/96] gap=16.74424242424242 Df=99.18 Dr=68.76 MIA=68.68
  [16/96] gap=16.732121212121204 Df=98.82 Dr=68.86 MIA=68.91
  [17/96] gap=16.552121212121207 Df=99.27 Dr=68.32 MIA=68.45
  [18/96] gap=16.73333333333333 Df=99.27 Dr=68.50 MIA=68.82
  [19/96] gap=16.59151515151515 Df=99.18 Dr=68.62 MIA=68.36
  [20/96] gap=16.838181818181813 Df=99.00 Dr=68.86 MIA=69.05
  [21/96] gap=16.709696969696974 Df=99.18 Dr=68.52 MIA=68.82
  [22/96] gap=16.944848484848478 Df=99.36 Dr=68.68 MIA=69.18
  [23/96] gap=16.489090909090905 Df=98.91 Dr=68.54 MIA=68.41
  [24/96] gap=16.81090909090908 Df=99.18 Dr=68.96 MIA=68.68
  [25/96] gap=11.460000000000003 Df=88.36 Dr=64.42 MIA=62.23
  [26/96] gap=14.682424242424238 Df=96.45 Dr=67.62 MIA=66.36
  [27/96] gap=12.273333333333335 Df=90.64 Dr=65.98 MIA=63.95
  [28/96] gap=13.630909090909086 Df=94.64 Dr=67.92 MIA=64.73
  [29/96] gap=12.657575757575756 Df=92.45 Dr=66.10 MIA=63.41
  [30/96] gap=15.71272727272727 Df=98.00 Dr=68.12 MIA=67.41
  [31/96] gap=12.84484848484849 Df=93.64 Dr=67.22 MIA=63.91
  [32/96] gap=14.85272727272727 Df=96.36 Dr=68.54 MIA=66.05
  [33/96] gap=16.931515151515146 Df=99.18 Dr=68.64 MIA=69.36
  [34/96] gap=16.963636363636358 Df=99.27 Dr=68.60 MIA=69.41
  [35/96] gap=16.933333333333334 Df=99.18 Dr=68.60 MIA=69.41
  [36/96] gap=16.848484848484855 Df=99.09 Dr=68.30 MIA=69.55
  [37/96] gap=16.86060606060606 Df=99.18 Dr=68.70 MIA=69.09
  [38/96] gap=16.956969696969693 Df=99.18 Dr=68.58 MIA=69.50
  [39/96] gap=17.10787878787879 Df=99.18 Dr=68.76 MIA=69.77
  [40/96] gap=17.050303030303027 Df=99.09 Dr=68.86 MIA=69.59
  [41/96] gap=16.91757575757575 Df=99.18 Dr=68.78 MIA=69.18
  [42/96] gap=16.89939393939393 Df=99.18 Dr=68.68 MIA=69.23
  [43/96] gap=16.7230303030303 Df=99.09 Dr=68.56 MIA=68.91
  [44/96] gap=16.841212121212113 Df=99.09 Dr=68.46 MIA=69.36
  [45/96] gap=16.823636363636357 Df=99.18 Dr=68.68 MIA=69.00
  [46/96] gap=16.828484848484845 Df=99.18 Dr=68.74 MIA=68.95
  [47/96] gap=16.87757575757575 Df=99.18 Dr=68.66 MIA=69.18
  [48/96] gap=16.907272727272723 Df=99.00 Dr=68.84 MIA=69.27
  [49/96] gap=16.49212121212121 Df=99.09 Dr=68.64 MIA=68.14
  [50/96] gap=16.712727272727275 Df=99.09 Dr=68.62 MIA=68.82
  [51/96] gap=16.598181818181814 Df=99.00 Dr=68.64 MIA=68.55
  [52/96] gap=16.759393939393934 Df=98.91 Dr=68.76 MIA=69.00
  [53/96] gap=16.6430303030303 Df=99.09 Dr=68.82 MIA=68.41
  [54/96] gap=16.72424242424242 Df=99.18 Dr=68.70 MIA=68.68
  [55/96] gap=16.5860606060606 Df=98.91 Dr=68.24 MIA=69.00
  [56/96] gap=16.78484848484848 Df=99.00 Dr=68.70 MIA=69.05
  [57/96] gap=8.236969696969707 Df=78.36 Dr=61.18 MIA=59.32
  [58/96] gap=12.749696969696972 Df=90.91 Dr=63.96 MIA=63.09
  [59/96] gap=6.151515151515153 Df=68.00 Dr=54.30 MIA=56.55
  [60/96] gap=9.787272727272734 Df=80.27 Dr=59.62 MIA=60.50
  [61/96] gap=11.27454545454546 Df=87.73 Dr=64.34 MIA=62.23
  [62/96] gap=15.141212121212115 Df=97.00 Dr=67.86 MIA=66.95
  [63/96] gap=9.098787878787881 Df=81.91 Dr=62.64 MIA=59.82
  [64/96] gap=13.921212121212116 Df=95.45 Dr=67.70 MIA=65.00
  [65/96] gap=16.939393939393934 Df=99.18 Dr=68.80 MIA=69.23
  [66/96] gap=16.917575757575758 Df=99.09 Dr=68.78 MIA=69.27
  [67/96] gap=17.034545454545448 Df=99.27 Dr=68.54 MIA=69.68
  [68/96] gap=16.855151515151515 Df=99.00 Dr=68.32 MIA=69.64
  [69/96] gap=17.0860606060606 Df=99.45 Dr=68.74 MIA=69.45
  [70/96] gap=17.00727272727272 Df=99.27 Dr=68.64 MIA=69.50
  [71/96] gap=16.826060606060597 Df=99.18 Dr=68.46 MIA=69.23
  [72/96] gap=16.792727272727266 Df=99.00 Dr=68.36 MIA=69.41
  [73/96] gap=16.754545454545454 Df=99.18 Dr=68.70 MIA=68.77
  [74/96] gap=16.815151515151513 Df=99.09 Dr=68.70 MIA=69.05
  [75/96] gap=16.85393939393939 Df=99.18 Dr=68.68 MIA=69.09
  [76/96] gap=16.635757575757566 Df=98.82 Dr=68.48 MIA=69.00
  [77/96] gap=16.823636363636357 Df=99.36 Dr=68.68 MIA=68.82
  [78/96] gap=17.065454545454543 Df=99.45 Dr=68.86 MIA=69.27
  [79/96] gap=16.662424242424237 Df=99.18 Dr=68.56 MIA=68.64
  [80/96] gap=16.918181818181818 Df=99.09 Dr=68.60 MIA=69.45
  [81/96] gap=16.223030303030296 Df=98.64 Dr=68.56 MIA=67.86
  [82/96] gap=16.447878787878782 Df=98.82 Dr=68.78 MIA=68.14
  [83/96] gap=16.38484848484848 Df=98.91 Dr=68.50 MIA=68.14
  [84/96] gap=16.337575757575753 Df=98.64 Dr=68.54 MIA=68.23
  [85/96] gap=16.497575757575756 Df=99.27 Dr=68.52 MIA=68.09
  [86/96] gap=16.704242424242423 Df=99.09 Dr=68.64 MIA=68.77
  [87/96] gap=16.769696969696966 Df=99.09 Dr=68.70 MIA=68.91
  [88/96] gap=16.53030303030303 Df=98.91 Dr=68.30 MIA=68.77
  [89/96] gap=11.332727272727276 Df=54.36 Dr=48.62 MIA=54.05
  [90/96] gap=31.672727272727276 Df=20.55 Dr=19.10 MIA=51.73
  [91/96] gap=15.312121212121212 Df=48.64 Dr=43.50 MIA=55.14
  [92/96] gap=39.95393939393939 Df=7.64 Dr=8.12 MIA=50.77
  [93/96] gap=8.541212121212126 Df=80.91 Dr=62.54 MIA=59.05
  [94/96] gap=14.363030303030309 Df=96.09 Dr=67.12 MIA=65.91
  [95/96] gap=6.170909090909096 Df=71.73 Dr=59.06 MIA=57.64
  [96/96] gap=13.145454545454546 Df=93.73 Dr=67.00 MIA=64.50
final test: mmu {'msteps': 1, 'lr': 0.005, 'epochs': 5, 'head_mode': 'tied', 'weighting': 'mrl', 'max_grad_norm': 5.0}
  Df=90.50 Dr=66.40 MIA=61.79 time=6.62s KL=0.0050

salun: 0/45 candidates complete
  [1/45] gap=8.541212121212125 Df=72.36 Dr=54.04 MIA=59.09
  [2/45] gap=10.983030303030304 Df=59.82 Dr=47.26 MIA=57.09
  [3/45] gap=17.307272727272725 Df=47.45 Dr=39.06 MIA=55.50
  [4/45] gap=24.795151515151513 Df=34.27 Dr=29.46 MIA=55.18
  [5/45] gap=23.986060606060608 Df=36.09 Dr=30.16 MIA=55.27
  [6/45] gap=21.37151515151515 Df=41.55 Dr=33.14 MIA=55.86
  [7/45] gap=15.01212121212121 Df=52.27 Dr=40.40 MIA=54.77
  [8/45] gap=12.436363636363636 Df=56.45 Dr=45.40 MIA=56.23
  [9/45] gap=7.823030303030303 Df=64.55 Dr=51.74 MIA=56.82
  [10/45] gap=8.464242424242428 Df=71.27 Dr=53.18 MIA=59.09
  [11/45] gap=11.912121212121212 Df=58.36 Dr=46.20 MIA=57.36
  [12/45] gap=17.916363636363638 Df=46.82 Dr=37.96 MIA=55.59
  [13/45] gap=24.286666666666672 Df=34.36 Dr=29.44 MIA=53.73
  [14/45] gap=22.152727272727276 Df=39.09 Dr=32.66 MIA=55.27
  [15/45] gap=16.348484848484848 Df=50.45 Dr=40.30 MIA=56.86
  [16/45] gap=12.315151515151518 Df=56.64 Dr=45.40 MIA=56.05
  [17/45] gap=7.915757575757577 Df=65.82 Dr=50.28 MIA=56.91
  [18/45] gap=7.315151515151517 Df=71.09 Dr=54.40 MIA=57.05
  [19/45] gap=8.050909090909093 Df=70.36 Dr=52.92 MIA=58.50
  [20/45] gap=12.034545454545457 Df=57.82 Dr=46.06 MIA=57.05
  [21/45] gap=18.35030303030303 Df=46.55 Dr=37.34 MIA=56.00
  [22/45] gap=24.54484848484849 Df=34.18 Dr=30.12 MIA=55.00
  [23/45] gap=21.77030303030303 Df=40.18 Dr=33.08 MIA=55.64
  [24/45] gap=14.093333333333334 Df=54.91 Dr=42.52 MIA=56.77
  [25/45] gap=10.27939393939394 Df=59.73 Dr=47.28 MIA=54.91
  [26/45] gap=8.403636363636366 Df=64.27 Dr=50.18 MIA=56.73
  [27/45] gap=6.573939393939398 Df=69.55 Dr=54.76 MIA=56.73
  [28/45] gap=8.031515151515157 Df=69.91 Dr=52.66 MIA=58.64
  [29/45] gap=12.209696969696969 Df=57.55 Dr=45.58 MIA=56.82
  [30/45] gap=18.521818181818183 Df=46.36 Dr=36.78 MIA=55.77
  [31/45] gap=23.222424242424243 Df=36.55 Dr=30.86 MIA=54.14
  [32/45] gap=20.40060606060606 Df=42.64 Dr=34.78 MIA=55.68
  [33/45] gap=12.115151515151512 Df=58.73 Dr=45.00 MIA=57.14
  [34/45] gap=10.25878787878788 Df=61.00 Dr=47.16 MIA=56.00
  [35/45] gap=7.449090909090906 Df=65.91 Dr=51.18 MIA=56.50
  [36/45] gap=7.655151515151521 Df=71.27 Dr=54.38 MIA=57.86
  [37/45] gap=8.033939393939393 Df=69.73 Dr=52.38 MIA=58.55
  [38/45] gap=12.377575757575755 Df=57.09 Dr=45.44 MIA=56.73
  [39/45] gap=18.646060606060605 Df=45.82 Dr=36.68 MIA=55.50
  [40/45] gap=23.347272727272728 Df=36.36 Dr=31.44 MIA=54.91
  [41/45] gap=19.84242424242424 Df=44.09 Dr=35.50 MIA=56.18
  [42/45] gap=11.484242424242424 Df=59.45 Dr=46.12 MIA=57.09
  [43/45] gap=9.812727272727274 Df=61.55 Dr=47.68 MIA=55.73
  [44/45] gap=7.787878787878786 Df=65.36 Dr=50.30 MIA=56.09
  [45/45] gap=6.846666666666671 Df=69.00 Dr=53.76 MIA=57.09
final test: salun {'sparsity': 0.5, 'lr': 0.01, 'epochs': 10}
  Df=72.25 Dr=54.79 MIA=58.29 time=20.78s KL=0.0024

uniclun: 0/27 candidates complete
  [1/27] gap=8.49575757575758 Df=66.00 Dr=50.04 MIA=58.59
  [2/27] gap=8.49575757575758 Df=66.00 Dr=50.04 MIA=58.59
  [3/27] gap=8.49575757575758 Df=66.00 Dr=50.04 MIA=58.59
  [4/27] gap=15.047878787878787 Df=53.91 Dr=41.52 MIA=57.64
  [5/27] gap=15.047878787878787 Df=53.91 Dr=41.52 MIA=57.64
  [6/27] gap=15.047878787878787 Df=53.91 Dr=41.52 MIA=57.64
  [7/27] gap=20.71575757575758 Df=41.09 Dr=34.38 MIA=54.68
  [8/27] gap=20.71575757575758 Df=41.09 Dr=34.38 MIA=54.68
  [9/27] gap=20.71575757575758 Df=41.09 Dr=34.38 MIA=54.68
  [10/27] gap=22.96969696969697 Df=39.64 Dr=31.30 MIA=56.91
  [11/27] gap=22.96969696969697 Df=39.64 Dr=31.30 MIA=56.91
  [12/27] gap=22.96969696969697 Df=39.64 Dr=31.30 MIA=56.91
  [13/27] gap=17.953939393939397 Df=48.27 Dr=37.12 MIA=56.32
  [14/27] gap=17.953939393939397 Df=48.27 Dr=37.12 MIA=56.32
  [15/27] gap=17.953939393939397 Df=48.27 Dr=37.12 MIA=56.32
  [16/27] gap=10.906060606060604 Df=61.73 Dr=45.90 MIA=57.41
  [17/27] gap=10.906060606060604 Df=61.73 Dr=45.90 MIA=57.41
  [18/27] gap=10.906060606060604 Df=61.73 Dr=45.90 MIA=57.41
  [19/27] gap=8.693939393939395 Df=64.55 Dr=48.40 MIA=56.09
  [20/27] gap=8.693939393939395 Df=64.55 Dr=48.40 MIA=56.09
  [21/27] gap=8.693939393939395 Df=64.55 Dr=48.40 MIA=56.09
  [22/27] gap=7.736969696969697 Df=69.91 Dr=52.18 MIA=57.27
  [23/27] gap=7.736969696969697 Df=69.91 Dr=52.18 MIA=57.27
  [24/27] gap=7.736969696969697 Df=69.91 Dr=52.18 MIA=57.27
  [25/27] gap=8.203636363636365 Df=73.64 Dr=54.78 MIA=57.55
  [26/27] gap=8.203636363636365 Df=73.64 Dr=54.78 MIA=57.55
  [27/27] gap=8.203636363636365 Df=73.64 Dr=54.78 MIA=57.55
final test: uniclun {'lr': 0.01, 'epochs': 10, 'buffer_size': 250}
  Df=73.75 Dr=56.07 MIA=58.04 time=16.20s KL=0.0038

