loaded shared source and Amnesiac ledger
loaded shared Retrain reference
final test: baseline {}
  Df=99.17 Dr=68.07 MIA=67.79 time=0.00s KL=0.0152
final test: retrain {}
  Df=70.00 Dr=68.03 MIA=49.71 time=457.74s KL=0.0000

finetune: 0/12 candidates complete
  [1/12] gap=15.67636363636364 Df=98.73 Dr=67.36 MIA=66.59
  [2/12] gap=15.624242424242427 Df=98.45 Dr=67.58 MIA=66.73
  [3/12] gap=15.66666666666667 Df=98.45 Dr=67.98 MIA=66.45
  [4/12] gap=15.44121212121213 Df=98.09 Dr=67.94 MIA=66.18
  [5/12] gap=11.967272727272727 Df=88.55 Dr=63.26 MIA=61.55
  [6/12] gap=10.767878787878791 Df=86.64 Dr=64.04 MIA=60.64
  [7/12] gap=10.110909090909091 Df=83.55 Dr=61.92 MIA=59.64
  [8/12] gap=8.178181818181818 Df=81.91 Dr=64.40 MIA=57.95
  [9/12] gap=19.543030303030296 Df=40.64 Dr=37.26 MIA=50.00
  [10/12] gap=13.578787878787876 Df=50.09 Dr=46.88 MIA=51.18
  [11/12] gap=9.357575757575745 Df=56.64 Dr=52.68 MIA=50.86
  [12/12] gap=6.715757575757571 Df=59.36 Dr=58.06 MIA=51.05
final test: finetune {'lr': 0.0001, 'epochs': 10}
  Df=98.17 Dr=68.00 MIA=66.42 time=53.51s KL=0.0160

ssd: 0/25 candidates complete
  [1/25] gap=44.61333333333332 Df=1.55 Dr=1.14 MIA=50.00
  [2/25] gap=44.82666666666666 Df=1.00 Dr=1.00 MIA=49.95
  [3/25] gap=41.39454545454545 Df=7.55 Dr=5.66 MIA=50.86
  [4/25] gap=16.201212121212127 Df=98.91 Dr=68.22 MIA=67.36
  [5/25] gap=16.264848484848493 Df=98.82 Dr=68.32 MIA=67.55
  [6/25] gap=15.758181818181818 Df=98.18 Dr=67.16 MIA=67.18
  [7/25] gap=15.741818181818177 Df=98.09 Dr=67.30 MIA=67.36
  [8/25] gap=15.757575757575763 Df=98.36 Dr=67.48 MIA=67.32
  [9/25] gap=16.201212121212127 Df=98.91 Dr=68.22 MIA=67.36
  [10/25] gap=16.264848484848493 Df=98.82 Dr=68.32 MIA=67.55
  [11/25] gap=16.164848484848488 Df=98.91 Dr=68.02 MIA=67.45
  [12/25] gap=16.119393939393948 Df=98.91 Dr=68.02 MIA=67.32
  [13/25] gap=16.141212121212128 Df=98.91 Dr=68.04 MIA=67.36
  [14/25] gap=16.18606060606061 Df=98.82 Dr=68.22 MIA=67.41
  [15/25] gap=16.264848484848493 Df=98.82 Dr=68.32 MIA=67.55
  [16/25] gap=16.362424242424247 Df=98.91 Dr=68.34 MIA=67.73
  [17/25] gap=16.362424242424247 Df=98.91 Dr=68.34 MIA=67.73
  [18/25] gap=16.362424242424247 Df=98.91 Dr=68.34 MIA=67.73
  [19/25] gap=16.278181818181825 Df=98.91 Dr=68.36 MIA=67.45
  [20/25] gap=16.31515151515152 Df=98.91 Dr=68.38 MIA=67.55
  [21/25] gap=16.306666666666676 Df=98.91 Dr=68.40 MIA=67.50
  [22/25] gap=16.306666666666676 Df=98.91 Dr=68.40 MIA=67.50
  [23/25] gap=16.306666666666676 Df=98.91 Dr=68.40 MIA=67.50
  [24/25] gap=16.306666666666676 Df=98.91 Dr=68.40 MIA=67.50
  [25/25] gap=16.328484848484855 Df=98.91 Dr=68.42 MIA=67.55
final test: ssd {'alpha': 5.0, 'dampening_constant': 0.5}
  Df=96.67 Dr=66.52 MIA=67.04 time=7.28s KL=0.0143

badteacher: 0/36 candidates complete
  [1/36] gap=15.091515151515152 Df=96.91 Dr=66.66 MIA=65.95
  [2/36] gap=15.38 Df=54.55 Dr=40.84 MIA=55.00
  [3/36] gap=23.805454545454538 Df=39.73 Dr=30.70 MIA=55.32
  [4/36] gap=11.224242424242421 Df=80.18 Dr=56.08 MIA=60.50
  [5/36] gap=22.068484848484843 Df=41.82 Dr=32.82 MIA=54.32
  [6/36] gap=11.621212121212118 Df=63.00 Dr=44.98 MIA=56.32
  [7/36] gap=9.046666666666662 Df=67.27 Dr=49.84 MIA=57.73
  [8/36] gap=22.34787878787878 Df=42.18 Dr=32.80 MIA=55.50
  [9/36] gap=9.578787878787878 Df=70.27 Dr=48.38 MIA=57.77
  [10/36] gap=15.802424242424237 Df=53.27 Dr=40.80 MIA=54.95
  [11/36] gap=18.84666666666666 Df=49.45 Dr=37.94 MIA=57.41
  [12/36] gap=8.984242424242423 Df=73.91 Dr=53.30 MIA=57.27
  [13/36] gap=13.724848484848488 Df=92.55 Dr=63.76 MIA=63.32
  [14/36] gap=14.825454545454539 Df=55.82 Dr=42.14 MIA=55.91
  [15/36] gap=9.542424242424241 Df=70.18 Dr=49.58 MIA=58.95
  [16/36] gap=8.799393939393944 Df=69.82 Dr=50.90 MIA=58.41
  [17/36] gap=10.071515151515152 Df=71.27 Dr=50.22 MIA=60.09
  [18/36] gap=10.652727272727269 Df=82.18 Dr=58.34 MIA=59.05
  [19/36] gap=11.583030303030297 Df=61.91 Dr=47.14 MIA=57.27
  [20/36] gap=12.019999999999998 Df=80.91 Dr=55.42 MIA=61.50
  [21/36] gap=11.392727272727273 Df=84.55 Dr=59.12 MIA=59.68
  [22/36] gap=12.643030303030296 Df=60.45 Dr=44.96 MIA=56.82
  [23/36] gap=12.531515151515146 Df=85.82 Dr=59.34 MIA=62.05
  [24/36] gap=10.653333333333336 Df=81.82 Dr=58.52 MIA=59.59
  [25/36] gap=13.089090909090912 Df=89.91 Dr=61.44 MIA=61.73
  [26/36] gap=13.49030303030303 Df=88.36 Dr=60.10 MIA=63.14
  [27/36] gap=11.949696969696967 Df=83.73 Dr=59.04 MIA=62.09
  [28/36] gap=11.617575757575763 Df=81.09 Dr=56.40 MIA=61.09
  [29/36] gap=15.1030303030303 Df=95.00 Dr=63.58 MIA=64.82
  [30/36] gap=12.25151515151515 Df=86.82 Dr=61.18 MIA=62.05
  [31/36] gap=12.466060606060609 Df=84.18 Dr=58.40 MIA=62.55
  [32/36] gap=15.143636363636363 Df=95.27 Dr=64.14 MIA=65.23
  [33/36] gap=12.005454545454546 Df=87.00 Dr=62.60 MIA=62.55
  [34/36] gap=14.582424242424237 Df=92.09 Dr=62.46 MIA=65.05
  [35/36] gap=14.354545454545452 Df=94.36 Dr=64.78 MIA=64.41
  [36/36] gap=10.507272727272722 Df=83.18 Dr=60.64 MIA=59.91
final test: badteacher {'temperature': 1.0, 'epochs': 1, 'lr': 0.0001}
  Df=97.50 Dr=67.00 MIA=66.75 time=1.27s KL=0.0151

unsir: 0/36 candidates complete
  [1/36] gap=13.874545454545457 Df=92.82 Dr=63.72 MIA=63.45
  [2/36] gap=14.829090909090906 Df=96.36 Dr=66.22 MIA=65.27
  [3/36] gap=11.758181818181823 Df=81.64 Dr=56.66 MIA=61.23
  [4/36] gap=13.44787878787879 Df=90.55 Dr=62.50 MIA=63.23
  [5/36] gap=27.97212121212121 Df=28.91 Dr=25.70 MIA=52.00
  [6/36] gap=20.34484848484848 Df=42.82 Dr=36.40 MIA=53.73
  [7/36] gap=14.34606060606061 Df=95.09 Dr=64.76 MIA=63.64
  [8/36] gap=15.503030303030302 Df=97.36 Dr=66.38 MIA=66.45
  [9/36] gap=12.953333333333335 Df=86.00 Dr=59.12 MIA=62.91
  [10/36] gap=14.300000000000004 Df=93.64 Dr=64.08 MIA=64.27
  [11/36] gap=25.769696969696962 Df=33.00 Dr=29.08 MIA=52.86
  [12/36] gap=15.7830303030303 Df=50.09 Dr=43.04 MIA=53.95
  [13/36] gap=15.041818181818174 Df=96.64 Dr=65.40 MIA=64.82
  [14/36] gap=15.16606060606061 Df=97.09 Dr=66.80 MIA=66.14
  [15/36] gap=12.73757575757575 Df=87.09 Dr=60.54 MIA=62.59
  [16/36] gap=14.67151515151515 Df=94.73 Dr=64.42 MIA=64.64
  [17/36] gap=23.77333333333333 Df=35.82 Dr=31.66 MIA=52.27
  [18/36] gap=13.86363636363636 Df=54.36 Dr=45.48 MIA=54.91
  [19/36] gap=13.676363636363638 Df=91.36 Dr=62.86 MIA=63.45
  [20/36] gap=14.982424242424242 Df=96.18 Dr=65.76 MIA=65.45
  [21/36] gap=12.816363636363635 Df=84.45 Dr=57.94 MIA=62.86
  [22/36] gap=13.797575757575757 Df=90.45 Dr=62.36 MIA=64.23
  [23/36] gap=18.95818181818181 Df=45.91 Dr=39.06 MIA=55.32
  [24/36] gap=10.819999999999993 Df=60.27 Dr=50.02 MIA=56.23
  [25/36] gap=14.461212121212121 Df=93.45 Dr=63.96 MIA=64.82
  [26/36] gap=15.125454545454543 Df=96.36 Dr=65.74 MIA=65.68
  [27/36] gap=12.387878787878789 Df=86.09 Dr=60.18 MIA=62.18
  [28/36] gap=14.141818181818183 Df=93.09 Dr=63.60 MIA=63.86
  [29/36] gap=16.517575757575756 Df=50.09 Dr=42.70 MIA=55.82
  [30/36] gap=8.908484848484841 Df=63.82 Dr=52.30 MIA=56.32
  [31/36] gap=14.92909090909091 Df=95.45 Dr=64.42 MIA=64.68
  [32/36] gap=15.301818181818179 Df=96.82 Dr=65.62 MIA=65.64
  [33/36] gap=12.886666666666672 Df=87.91 Dr=60.82 MIA=62.50
  [34/36] gap=14.25090909090909 Df=94.36 Dr=64.50 MIA=63.82
  [35/36] gap=14.040606060606052 Df=53.64 Dr=45.54 MIA=54.77
  [36/36] gap=7.803636363636362 Df=65.45 Dr=53.66 MIA=56.00
final test: unsir {'impair_epochs': 2, 'repair_epochs': 1, 'impair_lr': 0.001, 'repair_lr': 0.01}
  Df=97.25 Dr=65.99 MIA=65.29 time=8.46s KL=0.0149

scrub: 0/24 candidates complete
  [1/24] gap=16.253939393939397 Df=98.82 Dr=68.56 MIA=67.27
  [2/24] gap=16.220606060606062 Df=99.27 Dr=67.96 MIA=67.32
  [3/24] gap=16.212727272727285 Df=99.18 Dr=68.30 MIA=67.05
  [4/24] gap=16.23030303030303 Df=99.27 Dr=68.08 MIA=67.23
  [5/24] gap=16.12303030303031 Df=98.82 Dr=68.44 MIA=67.00
  [6/24] gap=15.96969696969697 Df=99.09 Dr=67.98 MIA=66.73
  [7/24] gap=12.535757575757573 Df=91.18 Dr=65.60 MIA=62.95
  [8/24] gap=13.877575757575753 Df=94.91 Dr=66.12 MIA=63.77
  [9/24] gap=16.412121212121217 Df=99.09 Dr=68.08 MIA=67.95
  [10/24] gap=16.44060606060607 Df=99.27 Dr=68.12 MIA=67.82
  [11/24] gap=16.185454545454554 Df=99.18 Dr=67.90 MIA=67.36
  [12/24] gap=16.11030303030304 Df=99.09 Dr=68.22 MIA=66.91
  [13/24] gap=15.763636363636367 Df=98.91 Dr=67.68 MIA=66.59
  [14/24] gap=15.96484848484849 Df=98.91 Dr=67.92 MIA=66.95
  [15/24] gap=9.304848484848485 Df=81.18 Dr=61.02 MIA=58.68
  [16/24] gap=10.955151515151515 Df=88.73 Dr=65.66 MIA=60.73
  [17/24] gap=16.28121212121213 Df=99.18 Dr=67.96 MIA=67.59
  [18/24] gap=16.43151515151516 Df=99.27 Dr=68.32 MIA=67.59
  [19/24] gap=16.118787878787888 Df=98.91 Dr=68.20 MIA=67.14
  [20/24] gap=16.226060606060617 Df=99.09 Dr=68.34 MIA=67.14
  [21/24] gap=15.696363636363635 Df=98.73 Dr=67.30 MIA=66.59
  [22/24] gap=15.978181818181826 Df=99.00 Dr=67.96 MIA=66.86
  [23/24] gap=6.897575757575754 Df=67.55 Dr=55.06 MIA=56.77
  [24/24] gap=10.264848484848484 Df=86.00 Dr=64.14 MIA=59.86
final test: scrub {'msteps': 2, 'lr': 0.005, 'epochs': 10, 'max_grad_norm': 5.0}
  Df=88.83 Dr=65.41 MIA=61.54 time=9.90s KL=0.0136

mmu: 0/96 candidates complete
  [1/96] gap=16.278787878787885 Df=99.18 Dr=68.18 MIA=67.36
  [2/96] gap=16.50484848484849 Df=99.36 Dr=68.04 MIA=68.00
  [3/96] gap=16.33575757575758 Df=99.09 Dr=67.76 MIA=68.05
  [4/96] gap=16.36545454545455 Df=99.09 Dr=67.94 MIA=67.95
  [5/96] gap=16.414545454545465 Df=99.09 Dr=68.36 MIA=67.68
  [6/96] gap=16.415757575757585 Df=99.27 Dr=68.00 MIA=67.86
  [7/96] gap=16.37030303030303 Df=99.27 Dr=68.00 MIA=67.73
  [8/96] gap=16.387878787878794 Df=99.27 Dr=67.78 MIA=68.00
  [9/96] gap=16.264848484848496 Df=99.18 Dr=68.32 MIA=67.18
  [10/96] gap=16.34060606060607 Df=99.27 Dr=68.32 MIA=67.32
  [11/96] gap=15.898181818181824 Df=99.09 Dr=67.72 MIA=66.77
  [12/96] gap=16.278181818181828 Df=99.18 Dr=67.86 MIA=67.68
  [13/96] gap=16.373333333333342 Df=99.18 Dr=68.60 MIA=67.23
  [14/96] gap=16.311515151515156 Df=99.09 Dr=68.46 MIA=67.27
  [15/96] gap=16.07757575757576 Df=98.91 Dr=68.44 MIA=66.77
  [16/96] gap=16.32606060606061 Df=99.00 Dr=68.14 MIA=67.73
  [17/96] gap=16.244242424242426 Df=99.27 Dr=68.44 MIA=66.91
  [18/96] gap=16.33151515151516 Df=99.09 Dr=68.52 MIA=67.27
  [19/96] gap=15.833939393939401 Df=98.82 Dr=67.80 MIA=66.77
  [20/96] gap=16.189696969696975 Df=99.09 Dr=67.64 MIA=67.73
  [21/96] gap=16.246060606060613 Df=98.55 Dr=68.40 MIA=67.68
  [22/96] gap=16.412727272727277 Df=99.00 Dr=68.40 MIA=67.73
  [23/96] gap=16.133939393939396 Df=98.82 Dr=68.20 MIA=67.27
  [24/96] gap=16.132727272727276 Df=99.00 Dr=68.06 MIA=67.23
  [25/96] gap=12.077575757575758 Df=89.09 Dr=64.52 MIA=62.59
  [26/96] gap=13.47151515151515 Df=93.91 Dr=66.52 MIA=63.95
  [27/96] gap=11.872121212121213 Df=90.09 Dr=65.50 MIA=61.95
  [28/96] gap=13.82969696969697 Df=95.36 Dr=66.90 MIA=63.95
  [29/96] gap=12.755151515151516 Df=92.36 Dr=66.26 MIA=63.09
  [30/96] gap=14.947272727272725 Df=97.18 Dr=67.32 MIA=65.91
  [31/96] gap=12.847272727272724 Df=92.73 Dr=66.12 MIA=62.86
  [32/96] gap=14.803030303030305 Df=97.09 Dr=67.98 MIA=65.23
  [33/96] gap=16.324848484848495 Df=99.00 Dr=68.00 MIA=67.86
  [34/96] gap=16.295757575757584 Df=99.27 Dr=67.64 MIA=67.86
  [35/96] gap=16.36666666666667 Df=99.18 Dr=68.08 MIA=67.73
  [36/96] gap=16.364242424242438 Df=99.18 Dr=67.80 MIA=68.00
  [37/96] gap=16.40606060606061 Df=99.00 Dr=68.38 MIA=67.73
  [38/96] gap=16.306060606060615 Df=99.09 Dr=68.08 MIA=67.64
  [39/96] gap=16.247272727272737 Df=99.00 Dr=68.04 MIA=67.59
  [40/96] gap=16.23212121212122 Df=98.91 Dr=68.04 MIA=67.64
  [41/96] gap=16.26848484848485 Df=98.82 Dr=68.24 MIA=67.64
  [42/96] gap=16.120000000000008 Df=99.00 Dr=67.84 MIA=67.41
  [43/96] gap=16.096363636363645 Df=99.18 Dr=67.86 MIA=67.14
  [44/96] gap=16.29333333333334 Df=99.00 Dr=67.86 MIA=67.91
  [45/96] gap=16.39757575757577 Df=98.91 Dr=68.40 MIA=67.77
  [46/96] gap=16.39272727272728 Df=98.91 Dr=68.34 MIA=67.82
  [47/96] gap=16.130303030303036 Df=98.91 Dr=68.28 MIA=67.09
  [48/96] gap=16.31515151515152 Df=99.09 Dr=68.38 MIA=67.36
  [49/96] gap=16.104848484848496 Df=98.73 Dr=68.34 MIA=67.14
  [50/96] gap=16.090909090909097 Df=99.00 Dr=67.98 MIA=67.18
  [51/96] gap=15.698787878787885 Df=98.45 Dr=67.94 MIA=66.59
  [52/96] gap=16.106060606060613 Df=98.91 Dr=67.98 MIA=67.32
  [53/96] gap=16.25515151515152 Df=99.00 Dr=68.20 MIA=67.45
  [54/96] gap=16.043030303030314 Df=99.00 Dr=68.20 MIA=66.82
  [55/96] gap=15.847878787878791 Df=98.64 Dr=68.16 MIA=66.64
  [56/96] gap=16.023030303030307 Df=98.91 Dr=68.14 MIA=66.91
  [57/96] gap=7.8763636363636325 Df=77.18 Dr=59.76 MIA=57.14
  [58/96] gap=8.470909090909094 Df=72.00 Dr=53.34 MIA=57.68
  [59/96] gap=7.166060606060611 Df=73.27 Dr=57.80 MIA=56.95
  [60/96] gap=12.18181818181818 Df=86.36 Dr=61.48 MIA=62.59
  [61/96] gap=10.751515151515148 Df=86.36 Dr=64.18 MIA=61.00
  [62/96] gap=14.283030303030303 Df=95.36 Dr=66.54 MIA=64.95
  [63/96] gap=10.975757575757571 Df=85.64 Dr=62.78 MIA=61.00
  [64/96] gap=14.226060606060612 Df=96.00 Dr=67.84 MIA=64.73
  [65/96] gap=16.025454545454554 Df=98.82 Dr=67.92 MIA=67.23
  [66/96] gap=16.021212121212127 Df=99.09 Dr=67.68 MIA=67.18
  [67/96] gap=16.268484848484853 Df=99.00 Dr=68.24 MIA=67.45
  [68/96] gap=16.120000000000008 Df=99.00 Dr=67.84 MIA=67.41
  [69/96] gap=16.178787878787883 Df=99.18 Dr=67.88 MIA=67.36
  [70/96] gap=16.359393939393943 Df=99.27 Dr=67.74 MIA=67.95
  [71/96] gap=16.488484848484852 Df=99.27 Dr=68.40 MIA=67.68
  [72/96] gap=16.438787878787885 Df=99.27 Dr=68.16 MIA=67.77
  [73/96] gap=16.04545454545455 Df=98.82 Dr=67.98 MIA=67.23
  [74/96] gap=15.910909090909094 Df=98.82 Dr=67.94 MIA=66.86
  [75/96] gap=15.887878787878792 Df=98.82 Dr=67.78 MIA=66.95
  [76/96] gap=16.152121212121227 Df=98.73 Dr=67.80 MIA=67.82
  [77/96] gap=16.231515151515158 Df=99.00 Dr=68.22 MIA=67.36
  [78/96] gap=16.140606060606068 Df=99.00 Dr=67.72 MIA=67.59
  [79/96] gap=16.111515151515157 Df=98.91 Dr=68.36 MIA=66.95
  [80/96] gap=16.111515151515157 Df=98.91 Dr=68.36 MIA=66.95
  [81/96] gap=15.777575757575763 Df=98.64 Dr=68.04 MIA=66.55
  [82/96] gap=15.57575757575758 Df=98.82 Dr=67.48 MIA=66.32
  [83/96] gap=15.366666666666667 Df=98.45 Dr=67.38 MIA=65.95
  [84/96] gap=15.858181818181832 Df=98.73 Dr=67.60 MIA=67.14
  [85/96] gap=16.052727272727285 Df=99.09 Dr=67.82 MIA=67.14
  [86/96] gap=16.063030303030306 Df=99.09 Dr=67.76 MIA=67.23
  [87/96] gap=15.858787878787886 Df=98.91 Dr=67.92 MIA=66.64
  [88/96] gap=15.844242424242426 Df=98.82 Dr=67.74 MIA=66.86
  [89/96] gap=8.348484848484839 Df=65.18 Dr=52.48 MIA=56.18
  [90/96] gap=27.27696969696969 Df=30.73 Dr=26.24 MIA=52.27
  [91/96] gap=15.664242424242419 Df=49.27 Dr=43.26 MIA=53.00
  [92/96] gap=35.87030303030303 Df=14.64 Dr=13.96 MIA=49.68
  [93/96] gap=9.272727272727268 Df=81.45 Dr=62.48 MIA=59.77
  [94/96] gap=13.096363636363632 Df=92.91 Dr=66.10 MIA=63.41
  [95/96] gap=7.613333333333327 Df=75.09 Dr=59.14 MIA=57.82
  [96/96] gap=13.662424242424244 Df=94.64 Dr=67.22 MIA=64.50
final test: mmu {'msteps': 1, 'lr': 0.005, 'epochs': 5, 'head_mode': 'tied', 'weighting': 'mrl', 'max_grad_norm': 5.0}
  Df=91.33 Dr=65.81 MIA=62.62 time=5.31s KL=0.0155

salun: 0/45 candidates complete
  [1/45] gap=9.451515151515146 Df=67.18 Dr=49.08 MIA=58.09
  [2/45] gap=13.92727272727272 Df=58.36 Dr=42.88 MIA=56.50
  [3/45] gap=17.766666666666662 Df=51.27 Dr=38.18 MIA=56.23
  [4/45] gap=23.75878787878787 Df=40.64 Dr=30.34 MIA=55.73
  [5/45] gap=23.72909090909091 Df=40.27 Dr=31.02 MIA=55.95
  [6/45] gap=21.199393939393932 Df=45.09 Dr=34.20 MIA=56.36
  [7/45] gap=14.213333333333326 Df=58.27 Dr=42.84 MIA=57.23
  [8/45] gap=10.642424242424235 Df=66.09 Dr=46.78 MIA=58.27
  [9/45] gap=9.198787878787877 Df=72.55 Dr=52.02 MIA=58.00
  [10/45] gap=10.0860606060606 Df=66.00 Dr=48.04 MIA=57.77
  [11/45] gap=15.209090909090904 Df=56.00 Dr=41.58 MIA=56.68
  [12/45] gap=18.66848484848484 Df=50.00 Dr=37.02 MIA=56.50
  [13/45] gap=23.939999999999998 Df=40.00 Dr=30.16 MIA=55.45
  [14/45] gap=22.433333333333326 Df=43.27 Dr=32.18 MIA=56.23
  [15/45] gap=15.704242424242421 Df=56.91 Dr=40.14 MIA=57.64
  [16/45] gap=12.591515151515145 Df=61.09 Dr=45.16 MIA=57.50
  [17/45] gap=8.681212121212118 Df=68.45 Dr=49.30 MIA=57.27
  [18/45] gap=8.624848484848485 Df=74.82 Dr=55.56 MIA=57.55
  [19/45] gap=10.266666666666659 Df=65.55 Dr=47.68 MIA=57.50
  [20/45] gap=15.455151515151508 Df=55.27 Dr=41.16 MIA=56.27
  [21/45] gap=19.160606060606057 Df=49.18 Dr=36.68 MIA=56.82
  [22/45] gap=23.50484848484848 Df=40.36 Dr=30.92 MIA=55.27
  [23/45] gap=20.99333333333333 Df=45.55 Dr=34.00 MIA=56.00
  [24/45] gap=13.796969696969692 Df=59.36 Dr=43.68 MIA=57.91
  [25/45] gap=11.656969696969695 Df=62.45 Dr=46.10 MIA=57.00
  [26/45] gap=8.255757575757569 Df=68.45 Dr=50.44 MIA=57.14
  [27/45] gap=8.727878787878788 Df=74.55 Dr=54.66 MIA=57.23
  [28/45] gap=10.286060606060603 Df=65.91 Dr=47.44 MIA=57.68
  [29/45] gap=15.723636363636357 Df=54.64 Dr=40.90 MIA=56.18
  [30/45] gap=19.418181818181818 Df=48.45 Dr=36.18 MIA=56.36
  [31/45] gap=23.76303030303029 Df=40.55 Dr=31.10 MIA=56.41
  [32/45] gap=20.429090909090903 Df=46.73 Dr=35.42 MIA=56.91
  [33/45] gap=12.640606060606055 Df=61.64 Dr=45.24 MIA=58.27
  [34/45] gap=10.889696969696969 Df=64.73 Dr=46.72 MIA=57.59
  [35/45] gap=8.844848484848486 Df=70.91 Dr=50.90 MIA=57.45
  [36/45] gap=8.98909090909091 Df=75.55 Dr=55.24 MIA=57.59
  [37/45] gap=10.613333333333328 Df=65.18 Dr=47.14 MIA=57.64
  [38/45] gap=16.212121212121207 Df=54.00 Dr=40.48 MIA=56.59
  [39/45] gap=19.45454545454545 Df=48.73 Dr=35.98 MIA=56.55
  [40/45] gap=22.938181818181807 Df=42.64 Dr=31.12 MIA=56.05
  [41/45] gap=19.310303030303025 Df=49.73 Dr=36.14 MIA=57.27
  [42/45] gap=11.549090909090902 Df=64.09 Dr=46.56 MIA=58.77
  [43/45] gap=10.880606060606056 Df=64.45 Dr=46.52 MIA=57.09
  [44/45] gap=9.487878787878785 Df=72.45 Dr=51.38 MIA=58.32
  [45/45] gap=9.777575757575756 Df=76.27 Dr=54.42 MIA=58.41
final test: salun {'sparsity': 0.3, 'lr': 0.01, 'epochs': 10}
  Df=77.67 Dr=56.54 MIA=57.29 time=17.04s KL=0.0126

uniclun: 0/27 candidates complete
  [1/27] gap=10.095151515151512 Df=65.45 Dr=48.24 MIA=57.45
  [2/27] gap=10.095151515151512 Df=65.45 Dr=48.24 MIA=57.45
  [3/27] gap=10.095151515151512 Df=65.45 Dr=48.24 MIA=57.45
  [4/27] gap=14.90787878787878 Df=55.64 Dr=42.12 MIA=55.95
  [5/27] gap=14.90787878787878 Df=55.64 Dr=42.12 MIA=55.95
  [6/27] gap=14.90787878787878 Df=55.64 Dr=42.12 MIA=55.95
  [7/27] gap=19.268484848484846 Df=47.55 Dr=36.22 MIA=55.05
  [8/27] gap=19.268484848484846 Df=47.55 Dr=36.22 MIA=55.05
  [9/27] gap=19.268484848484846 Df=47.55 Dr=36.22 MIA=55.05
  [10/27] gap=22.26060606060606 Df=43.45 Dr=32.38 MIA=56.09
  [11/27] gap=22.26060606060606 Df=43.45 Dr=32.38 MIA=56.09
  [12/27] gap=22.26060606060606 Df=43.45 Dr=32.38 MIA=56.09
  [13/27] gap=18.155151515151505 Df=51.18 Dr=38.56 MIA=57.68
  [14/27] gap=18.155151515151505 Df=51.18 Dr=38.56 MIA=57.68
  [15/27] gap=18.155151515151505 Df=51.18 Dr=38.56 MIA=57.68
  [16/27] gap=10.788484848484844 Df=65.45 Dr=46.66 MIA=57.95
  [17/27] gap=10.788484848484844 Df=65.45 Dr=46.66 MIA=57.95
  [18/27] gap=10.788484848484844 Df=65.45 Dr=46.66 MIA=57.95
  [19/27] gap=8.973333333333334 Df=68.18 Dr=48.56 MIA=57.14
  [20/27] gap=8.973333333333334 Df=68.18 Dr=48.56 MIA=57.14
  [21/27] gap=8.973333333333334 Df=68.18 Dr=48.56 MIA=57.14
  [22/27] gap=9.155757575757582 Df=72.18 Dr=51.24 MIA=57.45
  [23/27] gap=9.155757575757582 Df=72.18 Dr=51.24 MIA=57.45
  [24/27] gap=9.155757575757582 Df=72.18 Dr=51.24 MIA=57.45
  [25/27] gap=9.483030303030306 Df=75.73 Dr=54.94 MIA=58.59
  [26/27] gap=9.483030303030306 Df=75.73 Dr=54.94 MIA=58.59
  [27/27] gap=9.483030303030306 Df=75.73 Dr=54.94 MIA=58.59
final test: uniclun {'lr': 0.01, 'epochs': 10, 'buffer_size': 250}
  Df=75.75 Dr=55.93 MIA=57.50 time=13.97s KL=0.0147

