loaded shared source and Amnesiac ledger
loaded shared Retrain reference
final test: baseline {}
  Df=81.00 Dr=80.10 MIA=68.21 time=0.00s KL=0.0029
final test: retrain {}
  Df=20.00 Dr=79.31 MIA=50.96 time=523.17s KL=0.0000

finetune: 0/12 candidates complete
  [1/12] gap=18.831048581048584 Df=82.00 Dr=78.57 MIA=65.30
  [2/12] gap=16.224867724867728 Df=74.00 Dr=78.85 MIA=65.77
  [3/12] gap=17.213443963443968 Df=74.00 Dr=78.99 MIA=68.88
  [4/12] gap=13.82750120250121 Df=76.00 Dr=79.27 MIA=57.00
  [5/12] gap=13.60533910533911 Df=66.00 Dr=74.71 MIA=61.77
  [6/12] gap=7.218434343434343 Df=52.00 Dr=74.71 MIA=56.61
  [7/12] gap=9.908369408369415 Df=60.00 Dr=75.80 MIA=57.77
  [8/12] gap=14.873677248677247 Df=76.00 Dr=74.85 MIA=48.25
  [9/12] gap=22.108585858585858 Df=6.00 Dr=54.16 MIA=58.73
  [10/12] gap=7.536856661856663 Df=38.00 Dr=62.32 MIA=48.79
  [11/12] gap=17.04834054834055 Df=10.00 Dr=66.95 MIA=60.34
  [12/12] gap=13.655543530543532 Df=16.00 Dr=71.72 MIA=43.04
final test: finetune {'lr': 0.0001, 'epochs': 5}
  Df=75.00 Dr=79.42 MIA=66.90 time=27.58s KL=0.0030

ssd: 0/25 candidates complete
  [1/25] gap=39.735750360750366 Df=0.00 Dr=5.80 MIA=46.71
  [2/25] gap=36.789021164021165 Df=0.00 Dr=11.96 MIA=49.39
  [3/25] gap=28.72919672919673 Df=0.00 Dr=38.12 MIA=47.41
  [4/25] gap=14.404280904280908 Df=6.00 Dr=77.60 MIA=59.05
  [5/25] gap=13.958934583934587 Df=70.00 Dr=79.41 MIA=63.54
  [6/25] gap=18.482683982683984 Df=0.00 Dr=72.65 MIA=60.34
  [7/25] gap=16.476611351611353 Df=0.00 Dr=73.11 MIA=54.79
  [8/25] gap=16.9237012987013 Df=0.00 Dr=73.56 MIA=56.57
  [9/25] gap=14.404280904280908 Df=6.00 Dr=77.60 MIA=59.05
  [10/25] gap=13.958934583934587 Df=70.00 Dr=79.41 MIA=63.54
  [11/25] gap=11.891835016835019 Df=20.00 Dr=78.69 MIA=66.61
  [12/25] gap=11.6446608946609 Df=22.00 Dr=78.77 MIA=67.95
  [13/25] gap=10.220478595478598 Df=24.00 Dr=78.81 MIA=65.71
  [14/25] gap=7.363035113035117 Df=46.00 Dr=78.97 MIA=67.30
  [15/25] gap=13.958934583934587 Df=70.00 Dr=79.41 MIA=63.54
  [16/25] gap=16.234487734487736 Df=76.00 Dr=79.68 MIA=64.62
  [17/25] gap=16.234487734487736 Df=76.00 Dr=79.68 MIA=64.62
  [18/25] gap=16.234487734487736 Df=76.00 Dr=79.68 MIA=64.62
  [19/25] gap=16.234487734487736 Df=76.00 Dr=79.68 MIA=64.62
  [20/25] gap=16.234487734487736 Df=76.00 Dr=79.68 MIA=64.62
  [21/25] gap=16.383297258297258 Df=76.00 Dr=79.68 MIA=65.07
  [22/25] gap=16.383297258297258 Df=76.00 Dr=79.68 MIA=65.07
  [23/25] gap=16.383297258297258 Df=76.00 Dr=79.68 MIA=65.07
  [24/25] gap=16.383297258297258 Df=76.00 Dr=79.68 MIA=65.07
  [25/25] gap=16.383297258297258 Df=76.00 Dr=79.68 MIA=65.07
final test: ssd {'alpha': 10.0, 'dampening_constant': 5.0}
  Df=16.00 Dr=77.77 MIA=64.19 time=6.13s KL=0.0024

badteacher: 0/36 candidates complete
  [1/36] gap=12.744227994227996 Df=8.00 Dr=76.04 MIA=54.52
  [2/36] gap=19.330928330928337 Df=4.00 Dr=75.03 MIA=69.27
  [3/36] gap=19.18476430976431 Df=4.00 Dr=74.81 MIA=68.61
  [4/36] gap=20.062049062049066 Df=6.00 Dr=75.98 MIA=74.41
  [5/36] gap=19.384680134680142 Df=6.00 Dr=75.33 MIA=71.73
  [6/36] gap=14.793410293410297 Df=16.00 Dr=76.00 MIA=68.62
  [7/36] gap=15.428872053872057 Df=6.00 Dr=75.58 MIA=60.11
  [8/36] gap=18.794853294853294 Df=4.00 Dr=74.42 MIA=67.05
  [9/36] gap=13.491762866762867 Df=18.00 Dr=76.57 MIA=67.29
  [10/36] gap=19.066979316979324 Df=4.00 Dr=74.93 MIA=68.38
  [11/36] gap=16.894660894660895 Df=8.00 Dr=74.77 MIA=65.70
  [12/36] gap=11.008116883116886 Df=26.00 Dr=77.37 MIA=68.64
  [13/36] gap=12.879569504569504 Df=6.00 Dr=76.08 MIA=52.96
  [14/36] gap=18.98617123617125 Df=4.00 Dr=75.17 MIA=68.38
  [15/36] gap=16.14496151996152 Df=10.00 Dr=76.61 MIA=67.29
  [16/36] gap=19.32064694564695 Df=6.00 Dr=75.76 MIA=71.96
  [17/36] gap=17.714646464646467 Df=6.00 Dr=76.34 MIA=67.73
  [18/36] gap=13.235870610870613 Df=20.00 Dr=77.33 MIA=69.29
  [19/36] gap=16.940596440596444 Df=4.00 Dr=75.27 MIA=62.34
  [20/36] gap=15.976851851851855 Df=8.00 Dr=76.18 MIA=64.36
  [21/36] gap=12.2715848965849 Df=22.00 Dr=77.33 MIA=68.39
  [22/36] gap=18.860870610870617 Df=4.00 Dr=75.33 MIA=68.16
  [23/36] gap=15.200757575757576 Df=18.00 Dr=77.01 MIA=72.86
  [24/36] gap=11.639129389129392 Df=22.00 Dr=78.14 MIA=67.30
  [25/36] gap=19.77789802789803 Df=6.00 Dr=75.94 MIA=73.52
  [26/36] gap=18.08170995670996 Df=6.00 Dr=77.01 MIA=69.50
  [27/36] gap=17.23917748917749 Df=10.00 Dr=77.56 MIA=71.52
  [28/36] gap=19.64321789321789 Df=4.00 Dr=76.34 MIA=71.52
  [29/36] gap=15.952200577200578 Df=12.00 Dr=77.43 MIA=69.54
  [30/36] gap=9.507996632996639 Df=26.00 Dr=77.84 MIA=64.61
  [31/36] gap=16.26244588744589 Df=4.00 Dr=76.65 MIA=61.68
  [32/36] gap=14.001443001443 Df=18.00 Dr=78.16 MIA=70.41
  [33/36] gap=12.74891774891775 Df=20.00 Dr=77.92 MIA=68.41
  [34/36] gap=15.772186147186149 Df=6.00 Dr=77.01 MIA=62.57
  [35/36] gap=14.373797498797499 Df=20.00 Dr=78.38 MIA=73.75
  [36/36] gap=10.158970658970667 Df=24.00 Dr=77.47 MIA=64.20
final test: badteacher {'temperature': 2.0, 'epochs': 10, 'lr': 0.01}
  Df=18.00 Dr=78.36 MIA=69.40 time=14.21s KL=0.0029

unsir: 0/36 candidates complete
  [1/36] gap=19.72667147667148 Df=84.00 Dr=77.88 MIA=65.30
  [2/36] gap=16.02200577200578 Df=78.00 Dr=78.71 MIA=61.02
  [3/36] gap=17.644781144781152 Df=78.00 Dr=74.30 MIA=61.48
  [4/36] gap=13.336880711880715 Df=68.00 Dr=77.03 MIA=61.29
  [5/36] gap=10.751924001924001 Df=50.00 Dr=64.30 MIA=45.16
  [6/36] gap=12.354918229918228 Df=58.00 Dr=71.33 MIA=62.64
  [7/36] gap=18.019781144781145 Df=84.00 Dr=78.30 MIA=60.61
  [8/36] gap=14.379028379028378 Df=78.00 Dr=79.17 MIA=56.55
  [9/36] gap=17.484487734487736 Df=78.00 Dr=75.68 MIA=62.38
  [10/36] gap=13.636483886483886 Df=66.00 Dr=78.36 MIA=65.52
  [11/36] gap=11.28457190957191 Df=56.00 Dr=67.15 MIA=46.71
  [12/36] gap=11.463263588263588 Df=54.00 Dr=72.69 MIA=65.32
  [13/36] gap=20.058621933621932 Df=82.00 Dr=78.22 MIA=68.64
  [14/36] gap=14.139009139009145 Df=74.00 Dr=78.61 MIA=59.27
  [15/36] gap=18.027417027417034 Df=78.00 Dr=75.80 MIA=64.12
  [16/36] gap=13.152777777777777 Df=72.00 Dr=78.40 MIA=58.11
  [17/36] gap=9.859728234728237 Df=54.00 Dr=68.75 MIA=47.39
  [18/36] gap=10.734668109668116 Df=56.00 Dr=73.98 MIA=62.43
  [19/36] gap=18.752465127465136 Df=84.00 Dr=77.21 MIA=61.71
  [20/36] gap=15.470899470899473 Df=76.00 Dr=78.18 MIA=60.84
  [21/36] gap=20.070346320346324 Df=82.00 Dr=73.92 MIA=64.38
  [22/36] gap=16.282828282828287 Df=72.00 Dr=76.89 MIA=65.98
  [23/36] gap=14.085557960557962 Df=52.00 Dr=66.14 MIA=68.64
  [24/36] gap=7.809583934583938 Df=44.00 Dr=72.51 MIA=64.18
  [25/36] gap=18.090548340548345 Df=82.00 Dr=77.86 MIA=62.38
  [26/36] gap=16.768698893698897 Df=80.00 Dr=78.48 MIA=61.04
  [27/36] gap=18.34974747474748 Df=78.00 Dr=75.31 MIA=64.61
  [28/36] gap=16.88955026455027 Df=72.00 Dr=77.52 MIA=68.43
  [29/36] gap=12.334716209716218 Df=54.00 Dr=69.39 MIA=64.64
  [30/36] gap=10.06878306878307 Df=50.00 Dr=73.96 MIA=66.41
  [31/36] gap=17.140392015392017 Df=80.00 Dr=78.26 MIA=61.93
  [32/36] gap=17.031084656084662 Df=78.00 Dr=78.63 MIA=63.96
  [33/36] gap=19.541546416546417 Df=78.00 Dr=76.20 MIA=69.07
  [34/36] gap=15.946127946127952 Df=68.00 Dr=77.90 MIA=69.98
  [35/36] gap=12.454605579605586 Df=56.00 Dr=70.14 MIA=63.75
  [36/36] gap=8.53012265512266 Df=46.00 Dr=74.34 MIA=66.18
final test: unsir {'impair_epochs': 1, 'repair_epochs': 2, 'impair_lr': 0.01, 'repair_lr': 0.01}
  Df=64.00 Dr=78.47 MIA=68.77 time=3.03s KL=0.0026

scrub: 0/24 candidates complete
  [1/24] gap=16.385942760942765 Df=74.00 Dr=79.45 MIA=66.86
  [2/24] gap=15.845238095238095 Df=74.00 Dr=79.74 MIA=65.52
  [3/24] gap=16.379208754208758 Df=74.00 Dr=79.47 MIA=66.86
  [4/24] gap=15.425745550745553 Df=74.00 Dr=79.82 MIA=64.18
  [5/24] gap=15.844576719576724 Df=74.00 Dr=79.29 MIA=65.07
  [6/24] gap=15.554353054353056 Df=74.00 Dr=79.72 MIA=64.62
  [7/24] gap=16.477573352573355 Df=76.00 Dr=79.39 MIA=65.07
  [8/24] gap=15.905844155844157 Df=74.00 Dr=79.56 MIA=65.52
  [9/24] gap=15.98665223665224 Df=74.00 Dr=79.31 MIA=65.52
  [10/24] gap=16.25733525733526 Df=74.00 Dr=79.39 MIA=66.41
  [11/24] gap=16.35227272727273 Df=74.00 Dr=79.56 MIA=66.86
  [12/24] gap=15.939514189514192 Df=74.00 Dr=79.45 MIA=65.52
  [13/24] gap=16.453282828282834 Df=74.00 Dr=79.25 MIA=66.86
  [14/24] gap=15.736832611832613 Df=74.00 Dr=79.62 MIA=65.07
  [15/24] gap=14.58940596440597 Df=74.00 Dr=79.27 MIA=61.29
  [16/24] gap=16.351491101491103 Df=76.00 Dr=79.58 MIA=64.88
  [17/24] gap=15.783970658970661 Df=74.00 Dr=79.47 MIA=65.07
  [18/24] gap=15.973184223184228 Df=76.00 Dr=79.35 MIA=63.52
  [19/24] gap=15.56373256373257 Df=74.00 Dr=79.47 MIA=64.41
  [20/24] gap=15.73274410774411 Df=76.00 Dr=79.41 MIA=62.86
  [21/24] gap=16.061387686387693 Df=74.00 Dr=79.54 MIA=65.96
  [22/24] gap=16.153018278018283 Df=76.00 Dr=79.47 MIA=64.18
  [23/24] gap=15.927248677248683 Df=74.00 Dr=78.85 MIA=64.88
  [24/24] gap=15.801527176527175 Df=76.00 Dr=79.64 MIA=63.29
final test: scrub {'msteps': 1, 'lr': 0.0005, 'epochs': 10, 'max_grad_norm': 5.0}
  Df=80.00 Dr=80.07 MIA=65.82 time=8.23s KL=0.0028

mmu: 0/96 candidates complete
  [1/96] gap=16.477573352573355 Df=76.00 Dr=79.39 MIA=65.07
  [2/96] gap=16.795394420394427 Df=76.00 Dr=79.33 MIA=65.96
  [3/96] gap=15.85131072631073 Df=74.00 Dr=79.27 MIA=65.07
  [4/96] gap=15.817640692640696 Df=74.00 Dr=79.37 MIA=65.07
  [5/96] gap=15.703162578162578 Df=74.00 Dr=79.72 MIA=65.07
  [6/96] gap=15.932780182780185 Df=74.00 Dr=79.47 MIA=65.52
  [7/96] gap=15.790704665704668 Df=74.00 Dr=79.45 MIA=65.07
  [8/96] gap=15.837842712842717 Df=74.00 Dr=79.31 MIA=65.07
  [9/96] gap=15.841149591149597 Df=76.00 Dr=79.54 MIA=63.30
  [10/96] gap=15.817640692640696 Df=74.00 Dr=79.37 MIA=65.07
  [11/96] gap=15.702501202501209 Df=74.00 Dr=79.27 MIA=64.62
  [12/96] gap=15.837842712842717 Df=74.00 Dr=79.31 MIA=65.07
  [13/96] gap=15.703162578162578 Df=74.00 Dr=79.72 MIA=65.07
  [14/96] gap=15.290404040404043 Df=74.00 Dr=79.62 MIA=63.73
  [15/96] gap=15.810906685906689 Df=74.00 Dr=79.39 MIA=65.07
  [16/96] gap=15.979918229918233 Df=74.00 Dr=79.33 MIA=65.52
  [17/96] gap=16.521284271284276 Df=78.00 Dr=79.49 MIA=63.30
  [18/96] gap=15.472883597883602 Df=74.00 Dr=79.52 MIA=64.18
  [19/96] gap=15.715969215969217 Df=74.00 Dr=79.23 MIA=64.62
  [20/96] gap=16.32798220298221 Df=74.00 Dr=79.41 MIA=66.64
  [21/96] gap=15.581289081289084 Df=74.00 Dr=79.64 MIA=64.62
  [22/96] gap=15.628427128427132 Df=74.00 Dr=79.49 MIA=64.62
  [23/96] gap=15.621693121693125 Df=74.00 Dr=79.52 MIA=64.62
  [24/96] gap=15.804172679172682 Df=74.00 Dr=79.41 MIA=65.07
  [25/96] gap=16.036435786435792 Df=76.00 Dr=78.95 MIA=63.30
  [26/96] gap=16.088323713323717 Df=76.00 Dr=79.45 MIA=63.96
  [27/96] gap=16.280182780182788 Df=76.00 Dr=79.11 MIA=64.20
  [28/96] gap=14.818903318903324 Df=74.00 Dr=79.49 MIA=62.20
  [29/96] gap=15.092833092833096 Df=74.00 Dr=79.03 MIA=62.55
  [30/96] gap=15.290404040404043 Df=74.00 Dr=79.62 MIA=63.73
  [31/96] gap=15.680735930735933 Df=72.00 Dr=79.37 MIA=66.66
  [32/96] gap=16.061387686387693 Df=74.00 Dr=79.54 MIA=65.96
  [33/96] gap=16.734788359788364 Df=76.00 Dr=79.52 MIA=65.96
  [34/96] gap=16.08832371332372 Df=74.00 Dr=79.45 MIA=65.96
  [35/96] gap=16.08832371332372 Df=74.00 Dr=79.45 MIA=65.96
  [36/96] gap=16.25733525733526 Df=74.00 Dr=79.39 MIA=66.41
  [37/96] gap=16.345538720538723 Df=74.00 Dr=79.58 MIA=66.86
  [38/96] gap=15.719276094276099 Df=74.00 Dr=79.45 MIA=64.86
  [39/96] gap=16.660052910052915 Df=76.00 Dr=79.29 MIA=65.52
  [40/96] gap=16.707190957190956 Df=76.00 Dr=79.15 MIA=65.52
  [41/96] gap=16.592712842712846 Df=76.00 Dr=79.49 MIA=65.52
  [42/96] gap=15.350228475228477 Df=74.00 Dr=79.45 MIA=63.75
  [43/96] gap=15.351010101010106 Df=74.00 Dr=79.43 MIA=63.73
  [44/96] gap=15.553691678691685 Df=74.00 Dr=79.27 MIA=64.18
  [45/96] gap=15.65536315536316 Df=74.00 Dr=79.41 MIA=64.62
  [46/96] gap=15.658670033670036 Df=74.00 Dr=79.64 MIA=64.86
  [47/96] gap=15.952982202982206 Df=74.00 Dr=79.41 MIA=65.52
  [48/96] gap=15.526755651755657 Df=74.00 Dr=79.35 MIA=64.18
  [49/96] gap=15.783970658970661 Df=76.00 Dr=79.47 MIA=63.07
  [50/96] gap=14.74152236652237 Df=74.00 Dr=79.49 MIA=61.96
  [51/96] gap=15.562950937950943 Df=74.00 Dr=79.49 MIA=64.43
  [52/96] gap=15.52002164502165 Df=74.00 Dr=79.37 MIA=64.18
  [53/96] gap=15.702501202501209 Df=74.00 Dr=79.27 MIA=64.62
  [54/96] gap=15.976491101491105 Df=74.00 Dr=79.58 MIA=65.75
  [55/96] gap=15.292267917267921 Df=74.00 Dr=79.41 MIA=63.54
  [56/96] gap=12.396584896584903 Df=74.00 Dr=79.33 MIA=54.77
  [57/96] gap=15.791606541606548 Df=78.00 Dr=78.97 MIA=60.59
  [58/96] gap=15.657227032227034 Df=74.00 Dr=79.21 MIA=64.43
  [59/96] gap=15.599867724867734 Df=76.00 Dr=78.85 MIA=61.89
  [60/96] gap=15.323292448292449 Df=74.00 Dr=79.54 MIA=63.75
  [61/96] gap=15.801647426647428 Df=76.00 Dr=79.17 MIA=62.82
  [62/96] gap=16.037878787878793 Df=76.00 Dr=79.37 MIA=63.73
  [63/96] gap=15.514490139490144 Df=74.00 Dr=78.75 MIA=63.54
  [64/96] gap=14.961760461760464 Df=74.00 Dr=79.49 MIA=62.62
  [65/96] gap=16.01767676767677 Df=76.00 Dr=79.43 MIA=63.73
  [66/96] gap=15.398148148148154 Df=74.00 Dr=79.29 MIA=63.73
  [67/96] gap=15.820947570947574 Df=74.00 Dr=79.60 MIA=65.30
  [68/96] gap=15.89911014911015 Df=74.00 Dr=79.58 MIA=65.52
  [69/96] gap=15.804172679172682 Df=74.00 Dr=79.41 MIA=65.07
  [70/96] gap=15.641895141895146 Df=74.00 Dr=79.45 MIA=64.62
  [71/96] gap=15.63107263107264 Df=74.00 Dr=79.27 MIA=64.41
  [72/96] gap=15.637806637806646 Df=74.00 Dr=79.25 MIA=64.41
  [73/96] gap=16.146284271284276 Df=76.00 Dr=79.49 MIA=64.18
  [74/96] gap=14.703763828763831 Df=74.00 Dr=79.39 MIA=61.75
  [75/96] gap=15.317340067340071 Df=74.00 Dr=79.54 MIA=63.73
  [76/96] gap=16.321248196248202 Df=74.00 Dr=79.43 MIA=66.64
  [77/96] gap=15.594757094757098 Df=74.00 Dr=79.60 MIA=64.62
  [78/96] gap=15.757034632034634 Df=74.00 Dr=79.56 MIA=65.07
  [79/96] gap=15.448593073593079 Df=74.00 Dr=79.37 MIA=63.96
  [80/96] gap=15.380591630591633 Df=74.00 Dr=79.13 MIA=63.52
  [81/96] gap=15.202200577200578 Df=74.00 Dr=79.43 MIA=63.29
  [82/96] gap=15.008898508898513 Df=74.00 Dr=79.35 MIA=62.62
  [83/96] gap=14.914622414622416 Df=74.00 Dr=79.84 MIA=62.62
  [84/96] gap=14.051827801827805 Df=74.00 Dr=79.47 MIA=59.88
  [85/96] gap=15.168530543530544 Df=74.00 Dr=79.54 MIA=63.29
  [86/96] gap=15.952982202982206 Df=74.00 Dr=79.41 MIA=65.52
  [87/96] gap=15.604136604136611 Df=74.00 Dr=79.35 MIA=64.41
  [88/96] gap=15.106481481481486 Df=74.00 Dr=79.29 MIA=62.86
  [89/96] gap=16.682900432900436 Df=76.00 Dr=79.01 MIA=65.30
  [90/96] gap=14.943422318422323 Df=72.00 Dr=79.35 MIA=64.43
  [91/96] gap=15.365680615680624 Df=72.00 Dr=78.75 MIA=65.09
  [92/96] gap=14.610269360269363 Df=74.00 Dr=79.66 MIA=61.73
  [93/96] gap=14.511063011063014 Df=74.00 Dr=78.99 MIA=60.77
  [94/96] gap=16.304353054353054 Df=76.00 Dr=79.72 MIA=64.88
  [95/96] gap=16.77441077441078 Df=76.00 Dr=79.41 MIA=65.98
  [96/96] gap=14.45063732563733 Df=74.00 Dr=79.47 MIA=61.07
final test: mmu {'msteps': 1, 'lr': 0.005, 'epochs': 10, 'head_mode': 'tied', 'weighting': 'mrl', 'max_grad_norm': 5.0}
  Df=73.00 Dr=79.78 MIA=66.17 time=10.92s KL=0.0015

salun: 0/45 candidates complete
  [1/45] gap=8.572390572390576 Df=42.00 Dr=76.02 MIA=71.98
  [2/45] gap=6.801046176046181 Df=34.00 Dr=75.49 MIA=62.14
  [3/45] gap=8.082912457912464 Df=38.00 Dr=74.36 MIA=68.86
  [4/45] gap=6.535533910533911 Df=40.00 Dr=73.43 MIA=65.29
  [5/45] gap=8.016474266474269 Df=34.00 Dr=72.08 MIA=62.38
  [6/45] gap=11.67147667147667 Df=30.00 Dr=71.15 MIA=68.41
  [7/45] gap=12.188011063011068 Df=26.00 Dr=70.26 MIA=65.07
  [8/45] gap=15.619588744588746 Df=20.00 Dr=70.65 MIA=69.75
  [9/45] gap=14.077501202501203 Df=24.00 Dr=71.27 MIA=69.75
  [10/45] gap=8.403379028379028 Df=42.00 Dr=76.08 MIA=71.54
  [11/45] gap=6.0798460798460825 Df=36.00 Dr=75.21 MIA=61.70
  [12/45] gap=4.185185185185188 Df=38.00 Dr=74.18 MIA=56.98
  [13/45] gap=7.882335257335259 Df=38.00 Dr=73.39 MIA=67.29
  [14/45] gap=8.763828763828771 Df=36.00 Dr=72.30 MIA=66.84
  [15/45] gap=8.853595478595485 Df=32.00 Dr=72.44 MIA=63.25
  [16/45] gap=12.579485329485331 Df=20.00 Dr=72.61 MIA=62.59
  [17/45] gap=13.85064935064935 Df=20.00 Dr=72.83 MIA=66.62
  [18/45] gap=13.421657046657053 Df=24.00 Dr=73.45 MIA=69.96
  [19/45] gap=7.90572390572391 Df=42.00 Dr=76.02 MIA=69.98
  [20/45] gap=8.994648869648872 Df=36.00 Dr=75.41 MIA=70.64
  [21/45] gap=5.318482443482445 Df=36.00 Dr=74.12 MIA=58.32
  [22/45] gap=9.054052429052431 Df=36.00 Dr=73.88 MIA=69.29
  [23/45] gap=8.567099567099568 Df=38.00 Dr=72.46 MIA=68.41
  [24/45] gap=10.359247234247237 Df=26.00 Dr=72.61 MIA=61.93
  [25/45] gap=13.506553631553636 Df=20.00 Dr=73.41 MIA=66.18
  [26/45] gap=12.68278018278019 Df=26.00 Dr=73.47 MIA=69.77
  [27/45] gap=11.28258778258779 Df=26.00 Dr=73.82 MIA=65.91
  [28/45] gap=9.614838864838871 Df=44.00 Dr=76.00 MIA=73.09
  [29/45] gap=5.2180134680134715 Df=36.00 Dr=75.33 MIA=59.23
  [30/45] gap=8.766474266474269 Df=36.00 Dr=74.08 MIA=68.62
  [31/45] gap=8.003006253006255 Df=34.00 Dr=74.12 MIA=64.38
  [32/45] gap=6.275913900913902 Df=36.00 Dr=72.61 MIA=59.68
  [33/45] gap=8.427248677248683 Df=32.00 Dr=72.85 MIA=62.38
  [34/45] gap=14.636423761423764 Df=20.00 Dr=73.60 MIA=69.75
  [35/45] gap=12.587421837421841 Df=26.00 Dr=73.94 MIA=69.95
  [36/45] gap=11.794011544011552 Df=26.00 Dr=73.68 MIA=67.30
  [37/45] gap=9.703042328042327 Df=44.00 Dr=76.18 MIA=73.54
  [38/45] gap=6.876202501202511 Df=40.00 Dr=75.09 MIA=67.96
  [39/45] gap=5.7616041366041415 Df=36.00 Dr=73.90 MIA=59.43
  [40/45] gap=7.095117845117848 Df=40.00 Dr=74.20 MIA=67.73
  [41/45] gap=4.509620009620012 Df=38.00 Dr=72.57 MIA=56.34
  [42/45] gap=7.303992303992305 Df=36.00 Dr=73.11 MIA=63.27
  [43/45] gap=12.651034151034153 Df=16.00 Dr=74.14 MIA=60.34
  [44/45] gap=9.06391293891294 Df=28.00 Dr=73.78 MIA=61.21
  [45/45] gap=11.827922077922084 Df=26.00 Dr=74.65 MIA=68.38
final test: salun {'sparsity': 0.9, 'lr': 0.0001, 'epochs': 3}
  Df=36.00 Dr=76.45 MIA=66.69 time=3.94s KL=0.0029

uniclun: 0/27 candidates complete
  [1/27] gap=6.8290644540644605 Df=44.00 Dr=75.23 MIA=63.96
  [2/27] gap=6.8290644540644605 Df=44.00 Dr=75.23 MIA=63.96
  [3/27] gap=6.8290644540644605 Df=44.00 Dr=75.23 MIA=63.96
  [4/27] gap=6.561688311688317 Df=42.00 Dr=75.37 MIA=65.30
  [5/27] gap=6.561688311688317 Df=42.00 Dr=75.37 MIA=65.30
  [6/27] gap=6.561688311688317 Df=42.00 Dr=75.37 MIA=65.30
  [7/27] gap=8.150913900913904 Df=42.00 Dr=74.61 MIA=69.30
  [8/27] gap=8.150913900913904 Df=42.00 Dr=74.61 MIA=69.30
  [9/27] gap=8.150913900913904 Df=42.00 Dr=74.61 MIA=69.30
  [10/27] gap=7.1356421356421365 Df=48.00 Dr=73.62 MIA=59.27
  [11/27] gap=7.1356421356421365 Df=48.00 Dr=73.62 MIA=59.27
  [12/27] gap=7.1356421356421365 Df=48.00 Dr=73.62 MIA=59.27
  [13/27] gap=5.83333333333334 Df=44.00 Dr=73.74 MIA=59.48
  [14/27] gap=5.83333333333334 Df=44.00 Dr=73.74 MIA=59.48
  [15/27] gap=5.83333333333334 Df=44.00 Dr=73.74 MIA=59.48
  [16/27] gap=7.759139009139012 Df=36.00 Dr=74.42 MIA=65.95
  [17/27] gap=7.759139009139012 Df=36.00 Dr=74.42 MIA=65.95
  [18/27] gap=7.759139009139012 Df=36.00 Dr=74.42 MIA=65.95
  [19/27] gap=5.475649350649351 Df=40.00 Dr=74.83 MIA=63.50
  [20/27] gap=5.475649350649351 Df=40.00 Dr=74.83 MIA=63.50
  [21/27] gap=5.475649350649351 Df=40.00 Dr=74.83 MIA=63.50
  [22/27] gap=6.167267917267918 Df=38.00 Dr=75.41 MIA=64.16
  [23/27] gap=6.167267917267918 Df=38.00 Dr=75.41 MIA=64.16
  [24/27] gap=6.167267917267918 Df=38.00 Dr=75.41 MIA=64.16
  [25/27] gap=7.932900432900432 Df=36.00 Dr=75.01 MIA=67.05
  [26/27] gap=7.932900432900432 Df=36.00 Dr=75.01 MIA=67.05
  [27/27] gap=7.932900432900432 Df=36.00 Dr=75.01 MIA=67.05
final test: uniclun {'lr': 0.01, 'epochs': 5, 'buffer_size': 250}
  Df=36.00 Dr=75.11 MIA=69.88 time=6.80s KL=0.0029

