loaded shared source and Amnesiac ledger
loaded shared Retrain reference
final test: baseline {}
  Df=100.00 Dr=70.37 MIA=72.21 time=0.00s KL=0.0033
final test: retrain {}
  Df=66.83 Dr=68.45 MIA=50.58 time=460.21s KL=0.0000

finetune: 0/12 candidates complete
  [1/12] gap=17.73636363636364 Df=100.00 Dr=71.10 MIA=70.86
  [2/12] gap=17.62363636363637 Df=99.91 Dr=70.58 MIA=71.14
  [3/12] gap=17.701818181818187 Df=100.00 Dr=70.86 MIA=71.00
  [4/12] gap=17.686060606060614 Df=100.00 Dr=71.04 MIA=70.77
  [5/12] gap=13.649696969696977 Df=91.82 Dr=64.26 MIA=63.55
  [6/12] gap=12.338181818181825 Df=89.36 Dr=64.74 MIA=62.55
  [7/12] gap=11.278181818181821 Df=89.55 Dr=66.92 MIA=61.36
  [8/12] gap=9.993939393939398 Df=86.36 Dr=66.00 MIA=59.77
  [9/12] gap=15.534545454545453 Df=47.91 Dr=46.56 MIA=51.77
  [10/12] gap=10.487272727272726 Df=55.55 Dr=54.02 MIA=51.73
  [11/12] gap=7.543030303030299 Df=59.91 Dr=57.08 MIA=50.32
  [12/12] gap=3.8206060606060555 Df=65.36 Dr=63.02 MIA=50.55
final test: finetune {'lr': 0.0001, 'epochs': 3}
  Df=100.00 Dr=69.79 MIA=70.92 time=16.43s KL=0.0033

ssd: 0/25 candidates complete
  [1/25] gap=45.77878787878788 Df=1.18 Dr=1.10 MIA=50.32
  [2/25] gap=45.78848484848484 Df=1.18 Dr=0.98 MIA=50.23
  [3/25] gap=44.840606060606056 Df=2.36 Dr=2.46 MIA=50.05
  [4/25] gap=16.06363636363637 Df=96.73 Dr=67.20 MIA=68.82
  [5/25] gap=17.15212121212122 Df=98.73 Dr=70.12 MIA=71.36
  [6/25] gap=13.53878787878788 Df=82.91 Dr=56.32 MIA=64.18
  [7/25] gap=13.503636363636367 Df=83.55 Dr=57.38 MIA=64.50
  [8/25] gap=13.995757575757573 Df=85.91 Dr=58.54 MIA=64.77
  [9/25] gap=16.06363636363637 Df=96.73 Dr=67.20 MIA=68.82
  [10/25] gap=17.15212121212122 Df=98.73 Dr=70.12 MIA=71.36
  [11/25] gap=15.95575757575758 Df=96.27 Dr=68.16 MIA=69.91
  [12/25] gap=15.96787878787879 Df=96.27 Dr=68.26 MIA=70.05
  [13/25] gap=16.099393939393938 Df=96.45 Dr=68.32 MIA=70.32
  [14/25] gap=16.486060606060608 Df=97.91 Dr=69.16 MIA=70.86
  [15/25] gap=17.15212121212122 Df=98.73 Dr=70.12 MIA=71.36
  [16/25] gap=18.334545454545456 Df=100.00 Dr=71.44 MIA=72.32
  [17/25] gap=18.341212121212127 Df=100.00 Dr=71.46 MIA=72.32
  [18/25] gap=18.31757575757576 Df=100.00 Dr=71.48 MIA=72.23
  [19/25] gap=18.350909090909095 Df=100.00 Dr=71.58 MIA=72.23
  [20/25] gap=18.364242424242427 Df=100.00 Dr=71.62 MIA=72.23
  [21/25] gap=18.525454545454547 Df=100.00 Dr=71.74 MIA=72.59
  [22/25] gap=18.525454545454547 Df=100.00 Dr=71.74 MIA=72.59
  [23/25] gap=18.525454545454547 Df=100.00 Dr=71.74 MIA=72.59
  [24/25] gap=18.51878787878788 Df=100.00 Dr=71.72 MIA=72.59
  [25/25] gap=18.518787878787883 Df=100.00 Dr=71.72 MIA=72.59
final test: ssd {'alpha': 10.0, 'dampening_constant': 0.5}
  Df=99.25 Dr=68.66 MIA=70.54 time=9.51s KL=0.0032

badteacher: 0/36 candidates complete
  [1/36] gap=17.64666666666668 Df=99.91 Dr=70.24 MIA=71.55
  [2/36] gap=12.43939393939394 Df=62.27 Dr=47.30 MIA=57.59
  [3/36] gap=22.538787878787875 Df=43.45 Dr=34.82 MIA=56.59
  [4/36] gap=13.496363636363638 Df=86.82 Dr=59.72 MIA=63.55
  [5/36] gap=17.408484848484843 Df=52.27 Dr=41.62 MIA=56.82
  [6/36] gap=18.614545454545446 Df=52.55 Dr=38.32 MIA=57.41
  [7/36] gap=10.656969696969696 Df=74.36 Dr=52.92 MIA=60.68
  [8/36] gap=18.408484848484843 Df=51.09 Dr=39.12 MIA=56.14
  [9/36] gap=16.727878787878787 Df=56.36 Dr=41.48 MIA=58.73
  [10/36] gap=13.059393939393935 Df=61.18 Dr=45.94 MIA=57.00
  [11/36] gap=19.81939393939394 Df=48.82 Dr=38.16 MIA=57.14
  [12/36] gap=10.957575757575759 Df=77.09 Dr=54.70 MIA=60.64
  [13/36] gap=16.09696969696969 Df=97.82 Dr=68.10 MIA=68.73
  [14/36] gap=11.97696969696969 Df=62.55 Dr=47.96 MIA=57.14
  [15/36] gap=16.558181818181815 Df=56.27 Dr=41.58 MIA=58.23
  [16/36] gap=11.726060606060608 Df=79.09 Dr=55.44 MIA=61.68
  [17/36] gap=11.786666666666662 Df=64.18 Dr=47.94 MIA=58.18
  [18/36] gap=13.55939393939394 Df=84.36 Dr=56.44 MIA=62.91
  [19/36] gap=9.704848484848485 Df=71.64 Dr=51.64 MIA=59.27
  [20/36] gap=10.929090909090908 Df=66.45 Dr=48.74 MIA=58.68
  [21/36] gap=14.775151515151519 Df=90.27 Dr=60.02 MIA=64.23
  [22/36] gap=10.751515151515148 Df=65.82 Dr=50.00 MIA=58.77
  [23/36] gap=12.016969696969703 Df=76.18 Dr=52.34 MIA=62.36
  [24/36] gap=14.704848484848489 Df=93.18 Dr=63.14 MIA=64.23
  [25/36] gap=16.64727272727273 Df=99.09 Dr=68.54 MIA=69.55
  [26/36] gap=13.946060606060605 Df=89.45 Dr=61.78 MIA=64.32
  [27/36] gap=15.749090909090912 Df=94.00 Dr=62.78 MIA=66.18
  [28/36] gap=14.66545454545455 Df=92.55 Dr=63.94 MIA=65.55
  [29/36] gap=15.581818181818186 Df=94.36 Dr=64.10 MIA=66.64
  [30/36] gap=16.051515151515154 Df=97.09 Dr=65.60 MIA=66.82
  [31/36] gap=14.176363636363641 Df=91.36 Dr=63.18 MIA=64.50
  [32/36] gap=16.751515151515154 Df=97.91 Dr=65.50 MIA=68.00
  [33/36] gap=15.520000000000003 Df=96.91 Dr=66.24 MIA=66.05
  [34/36] gap=14.619393939393946 Df=93.09 Dr=64.26 MIA=65.18
  [35/36] gap=16.62969696969697 Df=97.91 Dr=66.32 MIA=68.45
  [36/36] gap=14.861818181818181 Df=96.18 Dr=66.26 MIA=64.82
final test: badteacher {'temperature': 2.0, 'epochs': 1, 'lr': 0.0001}
  Df=98.42 Dr=66.86 MIA=67.96 time=2.63s KL=0.0033

unsir: 0/36 candidates complete
  [1/36] gap=15.290303030303035 Df=96.45 Dr=66.52 MIA=66.09
  [2/36] gap=16.709090909090907 Df=99.27 Dr=68.40 MIA=69.41
  [3/36] gap=12.641818181818186 Df=87.73 Dr=61.92 MIA=62.27
  [4/36] gap=15.763030303030304 Df=96.09 Dr=64.92 MIA=66.27
  [5/36] gap=8.628484848484844 Df=69.27 Dr=52.96 MIA=58.82
  [6/36] gap=10.771515151515151 Df=79.36 Dr=57.94 MIA=61.05
  [7/36] gap=15.853333333333337 Df=98.09 Dr=67.74 MIA=67.36
  [8/36] gap=17.169696969696975 Df=99.91 Dr=69.90 MIA=70.45
  [9/36] gap=13.637575757575759 Df=90.91 Dr=63.16 MIA=63.32
  [10/36] gap=16.087272727272726 Df=97.45 Dr=66.22 MIA=67.18
  [11/36] gap=8.87878787878788 Df=72.00 Dr=54.30 MIA=59.09
  [12/36] gap=11.864242424242427 Df=83.09 Dr=59.48 MIA=62.14
  [13/36] gap=16.015757575757583 Df=98.27 Dr=68.48 MIA=68.41
  [14/36] gap=16.990303030303032 Df=99.73 Dr=69.68 MIA=70.32
  [15/36] gap=13.853333333333337 Df=92.27 Dr=64.24 MIA=63.68
  [16/36] gap=16.233939393939398 Df=98.82 Dr=67.78 MIA=67.82
  [17/36] gap=9.458181818181822 Df=74.00 Dr=55.38 MIA=59.91
  [18/36] gap=12.313939393939393 Df=84.82 Dr=60.54 MIA=62.82
  [19/36] gap=14.618787878787879 Df=93.27 Dr=63.58 MIA=64.32
  [20/36] gap=16.431515151515153 Df=98.73 Dr=67.46 MIA=68.18
  [21/36] gap=13.844848484848486 Df=90.91 Dr=62.72 MIA=63.50
  [22/36] gap=15.449090909090911 Df=95.73 Dr=64.68 MIA=65.45
  [23/36] gap=10.141818181818186 Df=77.36 Dr=56.42 MIA=59.64
  [24/36] gap=12.029090909090906 Df=84.91 Dr=60.94 MIA=62.27
  [25/36] gap=15.295151515151524 Df=95.64 Dr=65.46 MIA=65.86
  [26/36] gap=16.769696969696973 Df=99.45 Dr=68.90 MIA=69.91
  [27/36] gap=14.628484848484852 Df=93.36 Dr=63.96 MIA=64.64
  [28/36] gap=16.20545454545454 Df=98.36 Dr=66.82 MIA=67.23
  [29/36] gap=10.404242424242426 Df=79.09 Dr=57.36 MIA=59.64
  [30/36] gap=12.742424242424244 Df=86.82 Dr=61.80 MIA=63.36
  [31/36] gap=15.508484848484843 Df=96.64 Dr=66.32 MIA=66.36
  [32/36] gap=16.67939393939395 Df=99.73 Dr=69.52 MIA=69.55
  [33/36] gap=14.769696969696971 Df=93.64 Dr=63.90 MIA=64.73
  [34/36] gap=15.939393939393936 Df=97.91 Dr=67.30 MIA=67.36
  [35/36] gap=10.62484848484849 Df=79.82 Dr=57.88 MIA=60.09
  [36/36] gap=12.795757575757582 Df=88.00 Dr=62.64 MIA=63.18
final test: unsir {'impair_epochs': 2, 'repair_epochs': 3, 'impair_lr': 0.01, 'repair_lr': 0.01}
  Df=98.17 Dr=66.81 MIA=69.58 time=17.96s KL=0.0028

scrub: 0/24 candidates complete
  [1/24] gap=18.431515151515153 Df=100.00 Dr=71.64 MIA=72.41
  [2/24] gap=18.431515151515153 Df=100.00 Dr=71.64 MIA=72.41
  [3/24] gap=18.328484848484855 Df=100.00 Dr=71.74 MIA=72.00
  [4/24] gap=18.42787878787879 Df=100.00 Dr=71.72 MIA=72.32
  [5/24] gap=18.26 Df=100.00 Dr=71.58 MIA=71.95
  [6/24] gap=18.28666666666667 Df=100.00 Dr=71.66 MIA=71.95
  [7/24] gap=17.281818181818185 Df=99.82 Dr=70.60 MIA=70.18
  [8/24] gap=17.715151515151515 Df=99.91 Dr=71.40 MIA=70.59
  [9/24] gap=18.517575757575763 Df=100.00 Dr=71.58 MIA=72.73
  [10/24] gap=18.373939393939402 Df=100.00 Dr=71.74 MIA=72.14
  [11/24] gap=18.1139393939394 Df=100.00 Dr=71.46 MIA=71.64
  [12/24] gap=18.37030303030303 Df=100.00 Dr=71.82 MIA=72.05
  [13/24] gap=17.893333333333338 Df=100.00 Dr=71.48 MIA=70.95
  [14/24] gap=18.12727272727273 Df=100.00 Dr=71.50 MIA=71.64
  [15/24] gap=16.120606060606068 Df=98.82 Dr=69.98 MIA=68.32
  [16/24] gap=17.06666666666667 Df=99.73 Dr=70.50 MIA=69.73
  [17/24] gap=18.397575757575762 Df=100.00 Dr=71.72 MIA=72.23
  [18/24] gap=18.500000000000007 Df=100.00 Dr=71.80 MIA=72.45
  [19/24] gap=18.107878787878793 Df=100.00 Dr=71.76 MIA=71.32
  [20/24] gap=18.265454545454553 Df=100.00 Dr=71.96 MIA=71.59
  [21/24] gap=17.98424242424243 Df=99.91 Dr=71.48 MIA=71.32
  [22/24] gap=18.268484848484857 Df=100.00 Dr=72.06 MIA=71.50
  [23/24] gap=14.853333333333337 Df=96.36 Dr=67.74 MIA=66.09
  [24/24] gap=16.436363636363634 Df=99.45 Dr=70.20 MIA=68.41
final test: scrub {'msteps': 3, 'lr': 0.005, 'epochs': 5, 'max_grad_norm': 5.0}
  Df=96.83 Dr=67.52 MIA=66.29 time=8.54s KL=0.0021

mmu: 0/96 candidates complete
  [1/96] gap=18.495151515151523 Df=100.00 Dr=71.74 MIA=72.50
  [2/96] gap=18.185454545454544 Df=100.00 Dr=71.72 MIA=71.59
  [3/96] gap=18.492121212121212 Df=100.00 Dr=71.64 MIA=72.59
  [4/96] gap=18.384242424242426 Df=100.00 Dr=71.68 MIA=72.23
  [5/96] gap=18.353333333333335 Df=100.00 Dr=71.86 MIA=71.95
  [6/96] gap=18.22787878787879 Df=100.00 Dr=71.62 MIA=71.82
  [7/96] gap=18.3739393939394 Df=100.00 Dr=71.74 MIA=72.14
  [8/96] gap=18.329090909090915 Df=100.00 Dr=71.56 MIA=72.18
  [9/96] gap=18.32727272727273 Df=100.00 Dr=71.60 MIA=72.14
  [10/96] gap=18.387272727272734 Df=100.00 Dr=71.78 MIA=72.14
  [11/96] gap=18.377575757575762 Df=100.00 Dr=71.66 MIA=72.23
  [12/96] gap=18.401212121212122 Df=100.00 Dr=71.64 MIA=72.32
  [13/96] gap=18.312121212121216 Df=100.00 Dr=71.60 MIA=72.09
  [14/96] gap=18.299393939393944 Df=100.00 Dr=71.88 MIA=71.77
  [15/96] gap=18.32727272727273 Df=100.00 Dr=71.60 MIA=72.14
  [16/96] gap=18.22424242424243 Df=100.00 Dr=71.70 MIA=71.73
  [17/96] gap=18.155757575757583 Df=100.00 Dr=71.54 MIA=71.68
  [18/96] gap=18.311515151515156 Df=100.00 Dr=71.78 MIA=71.91
  [19/96] gap=18.021818181818183 Df=100.00 Dr=71.82 MIA=71.00
  [20/96] gap=18.281818181818185 Df=100.00 Dr=71.60 MIA=72.00
  [21/96] gap=18.129696969696973 Df=100.00 Dr=71.28 MIA=71.86
  [22/96] gap=18.373939393939402 Df=100.00 Dr=71.74 MIA=72.14
  [23/96] gap=18.209090909090914 Df=100.00 Dr=71.70 MIA=71.68
  [24/96] gap=18.20969696969697 Df=100.00 Dr=71.52 MIA=71.86
  [25/96] gap=17.495151515151523 Df=100.00 Dr=70.74 MIA=70.50
  [26/96] gap=17.26545454545455 Df=99.82 Dr=70.46 MIA=70.27
  [27/96] gap=17.399393939393942 Df=99.91 Dr=70.68 MIA=70.36
  [28/96] gap=17.33878787878788 Df=99.64 Dr=70.68 MIA=70.45
  [29/96] gap=17.5309090909091 Df=100.00 Dr=71.12 MIA=70.23
  [30/96] gap=17.59818181818182 Df=99.82 Dr=71.14 MIA=70.59
  [31/96] gap=17.68121212121213 Df=99.91 Dr=70.98 MIA=70.91
  [32/96] gap=17.82303030303031 Df=99.91 Dr=71.36 MIA=70.95
  [33/96] gap=18.515151515151523 Df=100.00 Dr=71.80 MIA=72.50
  [34/96] gap=18.480000000000008 Df=100.00 Dr=71.74 MIA=72.45
  [35/96] gap=18.48121212121212 Df=100.00 Dr=71.88 MIA=72.32
  [36/96] gap=18.417575757575765 Df=100.00 Dr=71.78 MIA=72.23
  [37/96] gap=18.474545454545456 Df=100.00 Dr=71.86 MIA=72.32
  [38/96] gap=18.471515151515156 Df=100.00 Dr=71.76 MIA=72.41
  [39/96] gap=18.438787878787885 Df=100.00 Dr=71.98 MIA=72.09
  [40/96] gap=18.500000000000007 Df=100.00 Dr=71.80 MIA=72.45
  [41/96] gap=18.384848484848487 Df=100.00 Dr=71.50 MIA=72.41
  [42/96] gap=18.26 Df=100.00 Dr=71.58 MIA=71.95
  [43/96] gap=18.254545454545458 Df=100.00 Dr=71.70 MIA=71.82
  [44/96] gap=18.19575757575758 Df=100.00 Dr=71.66 MIA=71.68
  [45/96] gap=18.36909090909091 Df=100.00 Dr=71.68 MIA=72.18
  [46/96] gap=18.393939393939394 Df=100.00 Dr=71.80 MIA=72.14
  [47/96] gap=18.418787878787885 Df=100.00 Dr=71.92 MIA=72.09
  [48/96] gap=18.30606060606061 Df=100.00 Dr=71.90 MIA=71.77
  [49/96] gap=17.954545454545457 Df=100.00 Dr=71.30 MIA=71.32
  [50/96] gap=18.389090909090918 Df=100.00 Dr=71.74 MIA=72.18
  [51/96] gap=18.205454545454547 Df=100.00 Dr=71.78 MIA=71.59
  [52/96] gap=18.198787878787886 Df=100.00 Dr=71.76 MIA=71.59
  [53/96] gap=18.176363636363636 Df=100.00 Dr=71.42 MIA=71.86
  [54/96] gap=18.301818181818184 Df=100.00 Dr=71.66 MIA=72.00
  [55/96] gap=18.36727272727273 Df=100.00 Dr=71.72 MIA=72.14
  [56/96] gap=18.2369696969697 Df=100.00 Dr=71.92 MIA=71.55
  [57/96] gap=16.70969696969698 Df=99.73 Dr=70.02 MIA=69.14
  [58/96] gap=15.252727272727277 Df=97.91 Dr=68.36 MIA=66.36
  [59/96] gap=16.92606060606061 Df=99.82 Dr=70.76 MIA=68.95
  [60/96] gap=15.626060606060612 Df=98.45 Dr=69.24 MIA=67.82
  [61/96] gap=17.34363636363637 Df=99.73 Dr=70.74 MIA=70.32
  [62/96] gap=17.45333333333334 Df=99.91 Dr=71.16 MIA=70.05
  [63/96] gap=17.22666666666667 Df=100.00 Dr=70.98 MIA=69.45
  [64/96] gap=17.244242424242426 Df=99.36 Dr=71.26 MIA=69.86
  [65/96] gap=18.366060606060607 Df=100.00 Dr=71.58 MIA=72.27
  [66/96] gap=18.385454545454547 Df=100.00 Dr=71.32 MIA=72.59
  [67/96] gap=18.342424242424247 Df=100.00 Dr=71.60 MIA=72.18
  [68/96] gap=18.177575757575763 Df=100.00 Dr=71.56 MIA=71.73
  [69/96] gap=18.34 Df=100.00 Dr=71.82 MIA=71.95
  [70/96] gap=18.3369696969697 Df=100.00 Dr=71.72 MIA=72.05
  [71/96] gap=18.489090909090915 Df=100.00 Dr=72.04 MIA=72.18
  [72/96] gap=18.466060606060605 Df=100.00 Dr=71.88 MIA=72.27
  [73/96] gap=18.250303030303037 Df=100.00 Dr=71.46 MIA=72.05
  [74/96] gap=18.111515151515153 Df=100.00 Dr=71.18 MIA=71.91
  [75/96] gap=18.429090909090913 Df=100.00 Dr=71.86 MIA=72.18
  [76/96] gap=18.241212121212122 Df=100.00 Dr=71.66 MIA=71.82
  [77/96] gap=18.360000000000003 Df=100.00 Dr=71.88 MIA=71.95
  [78/96] gap=18.32121212121212 Df=100.00 Dr=71.90 MIA=71.82
  [79/96] gap=18.32666666666667 Df=100.00 Dr=71.78 MIA=71.95
  [80/96] gap=18.488484848484855 Df=100.00 Dr=71.72 MIA=72.50
  [81/96] gap=18.112727272727277 Df=99.91 Dr=71.32 MIA=71.86
  [82/96] gap=18.003636363636367 Df=99.91 Dr=71.22 MIA=71.64
  [83/96] gap=18.08969696969697 Df=100.00 Dr=71.66 MIA=71.36
  [84/96] gap=18.080000000000005 Df=100.00 Dr=71.54 MIA=71.45
  [85/96] gap=18.180606060606063 Df=100.00 Dr=71.66 MIA=71.64
  [86/96] gap=18.441818181818185 Df=100.00 Dr=72.08 MIA=72.00
  [87/96] gap=18.332121212121216 Df=100.00 Dr=71.66 MIA=72.09
  [88/96] gap=18.320000000000004 Df=100.00 Dr=71.76 MIA=71.95
  [89/96] gap=15.555757575757575 Df=98.82 Dr=68.86 MIA=66.86
  [90/96] gap=39.75757575757576 Df=10.18 Dr=9.80 MIA=49.95
  [91/96] gap=15.67333333333334 Df=98.82 Dr=69.82 MIA=67.14
  [92/96] gap=39.38848484848484 Df=10.55 Dr=11.68 MIA=48.36
  [93/96] gap=16.79090909090909 Df=99.82 Dr=70.40 MIA=68.91
  [94/96] gap=16.17636363636364 Df=99.27 Dr=69.42 MIA=68.59
  [95/96] gap=17.137575757575764 Df=99.64 Dr=70.94 MIA=69.59
  [96/96] gap=16.48787878787879 Df=99.09 Dr=70.40 MIA=68.73
final test: mmu {'msteps': 2, 'lr': 0.005, 'epochs': 5, 'head_mode': 'independent', 'weighting': 'normalised', 'max_grad_norm': 5.0}
  Df=97.58 Dr=67.37 MIA=68.12 time=8.97s KL=0.0021

salun: 0/45 candidates complete
  [1/45] gap=10.368484848484847 Df=75.82 Dr=54.74 MIA=60.18
  [2/45] gap=10.52727272727273 Df=65.73 Dr=50.40 MIA=58.41
  [3/45] gap=13.879999999999995 Df=58.73 Dr=46.16 MIA=57.23
  [4/45] gap=16.63151515151515 Df=53.09 Dr=42.86 MIA=56.55
  [5/45] gap=16.261212121212118 Df=54.55 Dr=42.38 MIA=56.41
  [6/45] gap=16.0230303030303 Df=55.45 Dr=42.64 MIA=56.86
  [7/45] gap=17.815757575757576 Df=52.09 Dr=40.08 MIA=56.32
  [8/45] gap=10.426666666666662 Df=67.55 Dr=48.52 MIA=58.05
  [9/45] gap=11.293333333333335 Df=81.09 Dr=56.92 MIA=59.86
  [10/45] gap=10.441818181818185 Df=75.64 Dr=54.52 MIA=60.36
  [11/45] gap=10.80787878787879 Df=65.73 Dr=50.24 MIA=59.09
  [12/45] gap=13.990303030303027 Df=58.82 Dr=45.92 MIA=57.41
  [13/45] gap=16.692727272727264 Df=52.82 Dr=42.54 MIA=56.14
  [14/45] gap=15.761212121212118 Df=54.36 Dr=42.88 MIA=55.23
  [15/45] gap=15.149090909090903 Df=57.55 Dr=43.08 MIA=56.77
  [16/45] gap=15.933939393939392 Df=57.82 Dr=42.18 MIA=58.50
  [17/45] gap=10.946060606060605 Df=67.27 Dr=48.28 MIA=59.09
  [18/45] gap=11.60545454545455 Df=80.82 Dr=56.12 MIA=60.27
  [19/45] gap=10.407878787878794 Df=75.55 Dr=54.44 MIA=60.27
  [20/45] gap=10.972727272727269 Df=65.64 Dr=50.20 MIA=59.45
  [21/45] gap=14.023636363636362 Df=58.82 Dr=45.82 MIA=57.41
  [22/45] gap=16.669090909090908 Df=53.27 Dr=43.02 MIA=57.00
  [23/45] gap=16.211515151515147 Df=54.64 Dr=42.62 MIA=56.59
  [24/45] gap=14.983636363636359 Df=60.09 Dr=42.94 MIA=58.68
  [25/45] gap=15.929090909090904 Df=57.18 Dr=42.24 MIA=57.91
  [26/45] gap=10.23757575757576 Df=71.55 Dr=49.86 MIA=59.18
  [27/45] gap=12.129696969696967 Df=84.09 Dr=58.32 MIA=60.77
  [28/45] gap=10.390909090909092 Df=75.45 Dr=54.40 MIA=60.27
  [29/45] gap=11.029696969696966 Df=65.36 Dr=50.12 MIA=59.27
  [30/45] gap=13.92424242424242 Df=59.00 Dr=45.80 MIA=57.27
  [31/45] gap=17.41454545454545 Df=51.45 Dr=41.92 MIA=56.32
  [32/45] gap=16.357575757575756 Df=53.82 Dr=42.50 MIA=56.09
  [33/45] gap=15.848484848484844 Df=56.91 Dr=42.30 MIA=57.45
  [34/45] gap=13.395151515151513 Df=62.18 Dr=44.66 MIA=57.73
  [35/45] gap=9.795757575757582 Df=73.18 Dr=52.64 MIA=59.00
  [36/45] gap=12.587878787878791 Df=85.45 Dr=58.90 MIA=61.36
  [37/45] gap=10.213939393939393 Df=75.09 Dr=54.34 MIA=60.05
  [38/45] gap=11.043030303030298 Df=65.36 Dr=50.08 MIA=59.27
  [39/45] gap=13.959393939393935 Df=58.91 Dr=45.74 MIA=57.23
  [40/45] gap=16.836363636363632 Df=52.18 Dr=42.70 MIA=56.09
  [41/45] gap=16.329696969696972 Df=53.55 Dr=43.22 MIA=56.45
  [42/45] gap=15.21939393939394 Df=58.00 Dr=42.96 MIA=57.32
  [43/45] gap=14.062424242424235 Df=61.09 Dr=43.84 MIA=57.82
  [44/45] gap=10.442424242424243 Df=74.55 Dr=52.20 MIA=59.14
  [45/45] gap=12.303030303030305 Df=85.36 Dr=59.30 MIA=61.00
final test: salun {'sparsity': 0.9, 'lr': 0.01, 'epochs': 10}
  Df=85.50 Dr=59.16 MIA=62.67 time=21.06s KL=0.0007

uniclun: 0/27 candidates complete
  [1/27] gap=10.000606060606065 Df=72.73 Dr=52.98 MIA=60.41
  [2/27] gap=10.000606060606065 Df=72.73 Dr=52.98 MIA=60.41
  [3/27] gap=10.000606060606065 Df=72.73 Dr=52.98 MIA=60.41
  [4/27] gap=11.855151515151512 Df=63.27 Dr=48.28 MIA=57.82
  [5/27] gap=11.855151515151512 Df=63.27 Dr=48.28 MIA=57.82
  [6/27] gap=11.855151515151512 Df=63.27 Dr=48.28 MIA=57.82
  [7/27] gap=15.319393939393942 Df=57.00 Dr=43.66 MIA=57.32
  [8/27] gap=15.319393939393942 Df=57.00 Dr=43.66 MIA=57.32
  [9/27] gap=15.319393939393942 Df=57.00 Dr=43.66 MIA=57.32
  [10/27] gap=17.69272727272727 Df=50.82 Dr=40.04 MIA=54.64
  [11/27] gap=17.69272727272727 Df=50.82 Dr=40.04 MIA=54.64
  [12/27] gap=17.69272727272727 Df=50.82 Dr=40.04 MIA=54.64
  [13/27] gap=18.05333333333333 Df=51.64 Dr=39.64 MIA=56.14
  [14/27] gap=18.05333333333333 Df=51.64 Dr=39.64 MIA=56.14
  [15/27] gap=18.05333333333333 Df=51.64 Dr=39.64 MIA=56.14
  [16/27] gap=18.99212121212121 Df=51.27 Dr=37.96 MIA=56.91
  [17/27] gap=18.99212121212121 Df=51.27 Dr=37.96 MIA=56.91
  [18/27] gap=18.99212121212121 Df=51.27 Dr=37.96 MIA=56.91
  [19/27] gap=15.353333333333326 Df=60.36 Dr=42.74 MIA=59.86
  [20/27] gap=15.353333333333326 Df=60.36 Dr=42.74 MIA=59.86
  [21/27] gap=15.353333333333326 Df=60.36 Dr=42.74 MIA=59.86
  [22/27] gap=10.675151515151514 Df=71.36 Dr=50.32 MIA=61.14
  [23/27] gap=10.675151515151514 Df=71.36 Dr=50.32 MIA=61.14
  [24/27] gap=10.675151515151514 Df=71.36 Dr=50.32 MIA=61.14
  [25/27] gap=12.684242424242425 Df=84.55 Dr=57.52 MIA=61.18
  [26/27] gap=12.684242424242425 Df=84.55 Dr=57.52 MIA=61.18
  [27/27] gap=12.684242424242425 Df=84.55 Dr=57.52 MIA=61.18
final test: uniclun {'lr': 0.01, 'epochs': 10, 'buffer_size': 250}
  Df=83.75 Dr=56.73 MIA=64.00 time=21.74s KL=0.0032

