loaded shared source and Amnesiac ledger
loaded shared Retrain reference
final test: baseline {}
  Df=100.00 Dr=70.89 MIA=71.54 time=0.00s KL=0.0010
final test: retrain {}
  Df=70.33 Dr=69.56 MIA=49.21 time=759.71s KL=0.0000

finetune: 0/12 candidates complete
  [1/12] gap=16.723636363636366 Df=99.82 Dr=69.28 MIA=71.36
  [2/12] gap=16.56484848484849 Df=99.91 Dr=68.96 MIA=70.64
  [3/12] gap=16.20909090909091 Df=99.91 Dr=68.80 MIA=69.41
  [4/12] gap=16.284242424242425 Df=99.91 Dr=69.12 MIA=69.95
  [5/12] gap=12.291515151515144 Df=89.27 Dr=62.78 MIA=62.27
  [6/12] gap=10.792121212121208 Df=86.55 Dr=62.96 MIA=60.68
  [7/12] gap=10.690909090909088 Df=86.09 Dr=62.90 MIA=60.77
  [8/12] gap=8.607272727272722 Df=83.91 Dr=64.56 MIA=58.36
  [9/12] gap=16.621212121212114 Df=47.64 Dr=42.70 MIA=51.73
  [10/12] gap=9.491515151515138 Df=57.45 Dr=53.68 MIA=51.14
  [11/12] gap=8.537575757575752 Df=58.73 Dr=55.86 MIA=51.73
  [12/12] gap=5.134545454545446 Df=64.36 Dr=60.16 MIA=51.45
final test: finetune {'lr': 0.0001, 'epochs': 1}
  Df=100.00 Dr=70.70 MIA=71.33 time=7.29s KL=0.0010

ssd: 0/25 candidates complete
  [1/25] gap=42.63878787878787 Df=6.36 Dr=5.92 MIA=50.09
  [2/25] gap=34.61030303030302 Df=21.18 Dr=15.96 MIA=52.50
  [3/25] gap=11.188484848484846 Df=67.73 Dr=47.18 MIA=60.00
  [4/25] gap=16.955757575757577 Df=99.91 Dr=68.56 MIA=71.41
  [5/25] gap=16.981212121212128 Df=100.00 Dr=69.28 MIA=71.95
  [6/25] gap=16.44484848484848 Df=98.45 Dr=66.82 MIA=69.59
  [7/25] gap=16.4860606060606 Df=98.64 Dr=67.06 MIA=69.77
  [8/25] gap=16.525454545454547 Df=98.73 Dr=67.26 MIA=70.00
  [9/25] gap=16.955757575757577 Df=99.91 Dr=68.56 MIA=71.41
  [10/25] gap=16.981212121212128 Df=100.00 Dr=69.28 MIA=71.95
  [11/25] gap=16.744242424242426 Df=99.64 Dr=68.24 MIA=70.73
  [12/25] gap=16.776363636363634 Df=99.64 Dr=68.28 MIA=70.86
  [13/25] gap=16.778181818181814 Df=99.64 Dr=68.32 MIA=70.91
  [14/25] gap=16.894545454545455 Df=100.00 Dr=68.88 MIA=71.45
  [15/25] gap=16.981212121212128 Df=100.00 Dr=69.28 MIA=71.95
  [16/25] gap=16.851515151515155 Df=99.82 Dr=69.30 MIA=71.73
  [17/25] gap=16.858181818181826 Df=99.82 Dr=69.32 MIA=71.73
  [18/25] gap=16.83636363636364 Df=99.82 Dr=69.30 MIA=71.68
  [19/25] gap=16.87151515151516 Df=99.91 Dr=69.36 MIA=71.64
  [20/25] gap=16.826060606060615 Df=99.91 Dr=69.36 MIA=71.50
  [21/25] gap=16.950303030303036 Df=100.00 Dr=69.46 MIA=71.68
  [22/25] gap=16.950303030303036 Df=100.00 Dr=69.46 MIA=71.68
  [23/25] gap=16.950303030303036 Df=100.00 Dr=69.46 MIA=71.68
  [24/25] gap=16.950303030303036 Df=100.00 Dr=69.46 MIA=71.68
  [25/25] gap=16.956969696969704 Df=100.00 Dr=69.48 MIA=71.68
final test: ssd {'alpha': 5.0, 'dampening_constant': 1.0}
  Df=99.17 Dr=70.14 MIA=70.08 time=10.73s KL=0.0016

badteacher: 0/36 candidates complete
  [1/36] gap=16.06545454545454 Df=99.27 Dr=68.14 MIA=68.95
  [2/36] gap=10.275757575757568 Df=67.45 Dr=49.10 MIA=58.91
  [3/36] gap=20.57878787878787 Df=47.55 Dr=35.10 MIA=55.91
  [4/36] gap=12.962424242424243 Df=89.00 Dr=61.54 MIA=63.32
  [5/36] gap=18.126666666666658 Df=52.00 Dr=38.32 MIA=56.23
  [6/36] gap=20.542424242424236 Df=50.09 Dr=35.80 MIA=59.05
  [7/36] gap=10.67515151515151 Df=79.27 Dr=56.22 MIA=60.86
  [8/36] gap=18.684848484848477 Df=51.00 Dr=37.60 MIA=56.18
  [9/36] gap=17.233939393939384 Df=56.27 Dr=40.18 MIA=59.68
  [10/36] gap=11.273939393939385 Df=66.18 Dr=47.56 MIA=59.09
  [11/36] gap=19.199999999999992 Df=51.45 Dr=36.60 MIA=57.18
  [12/36] gap=10.821818181818179 Df=76.45 Dr=52.28 MIA=60.18
  [13/36] gap=15.026060606060609 Df=96.73 Dr=66.44 MIA=66.68
  [14/36] gap=10.856969696969687 Df=67.18 Dr=48.22 MIA=59.50
  [15/36] gap=12.17151515151514 Df=66.36 Dr=46.14 MIA=60.55
  [16/36] gap=12.05212121212121 Df=84.55 Dr=58.68 MIA=62.18
  [17/36] gap=12.113939393939381 Df=65.36 Dr=45.54 MIA=58.77
  [18/36] gap=14.164242424242426 Df=85.27 Dr=55.48 MIA=64.59
  [19/36] gap=10.003030303030298 Df=75.82 Dr=54.10 MIA=60.18
  [20/36] gap=11.421818181818173 Df=68.27 Dr=46.48 MIA=60.55
  [21/36] gap=15.3230303030303 Df=91.27 Dr=58.64 MIA=65.23
  [22/36] gap=9.761818181818171 Df=69.27 Dr=49.46 MIA=59.55
  [23/36] gap=11.56909090909091 Df=75.55 Dr=50.22 MIA=61.27
  [24/36] gap=14.885454545454545 Df=93.00 Dr=61.18 MIA=64.73
  [25/36] gap=15.490909090909087 Df=97.82 Dr=67.00 MIA=67.55
  [26/36] gap=14.00727272727272 Df=92.00 Dr=61.86 MIA=63.77
  [27/36] gap=15.396969696969691 Df=93.91 Dr=61.10 MIA=65.27
  [28/36] gap=14.156969696969691 Df=92.45 Dr=62.82 MIA=64.73
  [29/36] gap=16.056363636363635 Df=95.45 Dr=61.94 MIA=66.55
  [30/36] gap=15.723636363636361 Df=97.18 Dr=64.62 MIA=66.50
  [31/36] gap=13.815151515151515 Df=90.64 Dr=61.80 MIA=64.50
  [32/36] gap=16.63454545454545 Df=96.73 Dr=63.66 MIA=68.73
  [33/36] gap=15.68545454545454 Df=97.00 Dr=64.78 MIA=66.73
  [34/36] gap=14.36909090909091 Df=92.18 Dr=61.82 MIA=64.64
  [35/36] gap=16.826060606060604 Df=98.64 Dr=64.54 MIA=68.27
  [36/36] gap=14.736969696969696 Df=95.00 Dr=64.08 MIA=65.18
final test: badteacher {'temperature': 1.0, 'epochs': 1, 'lr': 0.0001}
  Df=99.75 Dr=69.07 MIA=69.33 time=2.19s KL=0.0010

unsir: 0/36 candidates complete
  [1/36] gap=16.07333333333333 Df=98.09 Dr=65.98 MIA=68.00
  [2/36] gap=16.038181818181815 Df=99.27 Dr=67.54 MIA=68.27
  [3/36] gap=14.536969696969697 Df=93.27 Dr=62.68 MIA=64.91
  [4/36] gap=15.78363636363636 Df=96.82 Dr=64.44 MIA=66.86
  [5/36] gap=8.726666666666665 Df=71.36 Dr=52.02 MIA=58.73
  [6/36] gap=10.794545454545451 Df=82.36 Dr=58.68 MIA=60.59
  [7/36] gap=16.12363636363636 Df=98.55 Dr=66.92 MIA=68.64
  [8/36] gap=16.42424242424242 Df=99.64 Dr=68.20 MIA=69.73
  [9/36] gap=14.87151515151515 Df=94.64 Dr=63.54 MIA=65.41
  [10/36] gap=15.861818181818181 Df=97.73 Dr=65.66 MIA=67.41
  [11/36] gap=9.306666666666665 Df=74.36 Dr=53.78 MIA=59.23
  [12/36] gap=11.426666666666662 Df=84.64 Dr=59.92 MIA=61.45
  [13/36] gap=16.16363636363636 Df=98.73 Dr=67.30 MIA=68.95
  [14/36] gap=16.709090909090907 Df=99.73 Dr=68.30 MIA=70.59
  [15/36] gap=14.918181818181816 Df=95.27 Dr=63.90 MIA=65.27
  [16/36] gap=16.008484848484848 Df=98.18 Dr=66.22 MIA=67.95
  [17/36] gap=9.524848484848484 Df=75.91 Dr=55.08 MIA=59.64
  [18/36] gap=11.58121212121212 Df=85.91 Dr=60.82 MIA=61.55
  [19/36] gap=15.260606060606058 Df=95.64 Dr=64.60 MIA=66.64
  [20/36] gap=16.09454545454545 Df=98.82 Dr=66.78 MIA=68.14
  [21/36] gap=14.523030303030296 Df=93.73 Dr=63.04 MIA=64.77
  [22/36] gap=15.573939393939396 Df=96.45 Dr=64.66 MIA=66.82
  [23/36] gap=10.481212121212115 Df=78.73 Dr=56.12 MIA=60.73
  [24/36] gap=11.3030303030303 Df=84.64 Dr=60.70 MIA=61.86
  [25/36] gap=15.53393939393939 Df=96.55 Dr=65.28 MIA=67.23
  [26/36] gap=16.472121212121206 Df=99.55 Dr=67.42 MIA=69.18
  [27/36] gap=15.066060606060608 Df=94.55 Dr=63.32 MIA=65.86
  [28/36] gap=15.889696969696969 Df=97.55 Dr=65.44 MIA=67.45
  [29/36] gap=10.354545454545457 Df=79.82 Dr=57.50 MIA=60.64
  [30/36] gap=11.773939393939388 Df=86.82 Dr=61.56 MIA=61.95
  [31/36] gap=15.592121212121212 Df=97.27 Dr=65.56 MIA=66.95
  [32/36] gap=16.486666666666668 Df=99.73 Dr=67.74 MIA=69.36
  [33/36] gap=14.893333333333333 Df=94.82 Dr=64.02 MIA=65.77
  [34/36] gap=16.06909090909091 Df=98.55 Dr=66.22 MIA=67.77
  [35/36] gap=10.833939393939389 Df=81.36 Dr=58.38 MIA=61.41
  [36/36] gap=12.217575757575753 Df=87.82 Dr=61.82 MIA=62.55
final test: unsir {'impair_epochs': 1, 'repair_epochs': 3, 'impair_lr': 0.001, 'repair_lr': 0.001}
  Df=98.67 Dr=68.64 MIA=69.21 time=16.43s KL=0.0010

scrub: 0/24 candidates complete
  [1/24] gap=17.162424242424244 Df=100.00 Dr=69.46 MIA=72.32
  [2/24] gap=17.08484848484849 Df=100.00 Dr=69.50 MIA=72.05
  [3/24] gap=17.169696969696975 Df=100.00 Dr=69.80 MIA=72.00
  [4/24] gap=17.18303030303031 Df=100.00 Dr=69.84 MIA=72.00
  [5/24] gap=16.833939393939406 Df=100.00 Dr=69.52 MIA=71.27
  [6/24] gap=17.164242424242428 Df=100.00 Dr=69.92 MIA=71.86
  [7/24] gap=16.242424242424242 Df=100.00 Dr=69.70 MIA=69.32
  [8/24] gap=16.34424242424243 Df=99.91 Dr=69.46 MIA=69.95
  [9/24] gap=17.155151515151523 Df=100.00 Dr=69.62 MIA=72.14
  [10/24] gap=17.144848484848488 Df=100.00 Dr=69.68 MIA=72.05
  [11/24] gap=17.069696969696974 Df=100.00 Dr=69.50 MIA=72.00
  [12/24] gap=17.05878787878789 Df=100.00 Dr=69.74 MIA=71.73
  [13/24] gap=16.767272727272736 Df=100.00 Dr=69.32 MIA=71.27
  [14/24] gap=16.843636363636367 Df=100.00 Dr=69.64 MIA=71.18
  [15/24] gap=15.220606060606057 Df=97.91 Dr=67.22 MIA=66.86
  [16/24] gap=15.814545454545446 Df=99.27 Dr=68.62 MIA=68.68
  [17/24] gap=17.20545454545455 Df=100.00 Dr=69.68 MIA=72.23
  [18/24] gap=17.09575757575758 Df=100.00 Dr=69.76 MIA=71.82
  [19/24] gap=17.021818181818183 Df=100.00 Dr=69.72 MIA=71.64
  [20/24] gap=16.890303030303034 Df=100.00 Dr=69.78 MIA=71.18
  [21/24] gap=16.643030303030308 Df=100.00 Dr=69.72 MIA=70.50
  [22/24] gap=16.858787878787886 Df=100.00 Dr=69.64 MIA=71.23
  [23/24] gap=14.215757575757577 Df=95.73 Dr=66.28 MIA=65.09
  [24/24] gap=15.274545454545448 Df=99.27 Dr=68.74 MIA=67.18
final test: scrub {'msteps': 2, 'lr': 0.005, 'epochs': 5, 'max_grad_norm': 5.0}
  Df=98.33 Dr=68.88 MIA=67.38 time=8.40s KL=0.0017

mmu: 0/96 candidates complete
  [1/96] gap=17.15454545454546 Df=100.00 Dr=69.80 MIA=71.95
  [2/96] gap=17.168484848484855 Df=100.00 Dr=69.66 MIA=72.14
  [3/96] gap=17.333333333333336 Df=100.00 Dr=69.70 MIA=72.59
  [4/96] gap=17.29151515151516 Df=100.00 Dr=69.62 MIA=72.55
  [5/96] gap=17.146666666666672 Df=100.00 Dr=69.64 MIA=72.09
  [6/96] gap=17.11636363636364 Df=100.00 Dr=69.64 MIA=72.00
  [7/96] gap=17.17333333333334 Df=100.00 Dr=69.72 MIA=72.09
  [8/96] gap=17.189090909090915 Df=100.00 Dr=69.54 MIA=72.32
  [9/96] gap=16.993333333333332 Df=100.00 Dr=69.68 MIA=71.59
  [10/96] gap=17.089090909090917 Df=100.00 Dr=69.74 MIA=71.82
  [11/96] gap=17.026666666666667 Df=100.00 Dr=69.78 MIA=71.59
  [12/96] gap=17.129090909090912 Df=100.00 Dr=69.36 MIA=72.32
  [13/96] gap=17.141818181818184 Df=100.00 Dr=69.58 MIA=72.14
  [14/96] gap=17.17333333333334 Df=100.00 Dr=69.72 MIA=72.09
  [15/96] gap=17.176969696969703 Df=100.00 Dr=69.64 MIA=72.18
  [16/96] gap=17.05757575757576 Df=100.00 Dr=69.60 MIA=71.86
  [17/96] gap=16.806666666666676 Df=100.00 Dr=69.62 MIA=71.09
  [18/96] gap=17.043636363636374 Df=100.00 Dr=69.74 MIA=71.68
  [19/96] gap=16.810303030303036 Df=100.00 Dr=69.54 MIA=71.18
  [20/96] gap=16.95515151515152 Df=100.00 Dr=69.52 MIA=71.64
  [21/96] gap=17.110909090909097 Df=100.00 Dr=69.76 MIA=71.86
  [22/96] gap=17.109090909090913 Df=100.00 Dr=69.80 MIA=71.82
  [23/96] gap=16.78484848484849 Df=100.00 Dr=69.60 MIA=71.05
  [24/96] gap=17.06242424242425 Df=100.00 Dr=69.66 MIA=71.82
  [25/96] gap=16.267272727272722 Df=99.82 Dr=69.08 MIA=69.95
  [26/96] gap=15.767878787878788 Df=99.18 Dr=68.76 MIA=68.77
  [27/96] gap=16.329696969696965 Df=100.00 Dr=69.12 MIA=70.00
  [28/96] gap=16.007878787878784 Df=99.55 Dr=68.54 MIA=68.91
  [29/96] gap=16.304242424242428 Df=99.82 Dr=69.34 MIA=70.05
  [30/96] gap=16.413939393939398 Df=99.82 Dr=69.76 MIA=69.95
  [31/96] gap=16.3078787878788 Df=99.91 Dr=69.26 MIA=70.05
  [32/96] gap=16.181818181818183 Df=99.91 Dr=69.20 MIA=69.73
  [33/96] gap=17.218181818181822 Df=100.00 Dr=69.90 MIA=72.05
  [34/96] gap=17.07757575757576 Df=100.00 Dr=69.66 MIA=71.86
  [35/96] gap=17.225454545454557 Df=100.00 Dr=69.74 MIA=72.23
  [36/96] gap=17.20909090909091 Df=100.00 Dr=69.60 MIA=72.32
  [37/96] gap=17.04181818181819 Df=100.00 Dr=69.78 MIA=71.64
  [38/96] gap=17.1969696969697 Df=100.00 Dr=69.70 MIA=72.18
  [39/96] gap=17.026666666666667 Df=100.00 Dr=69.78 MIA=71.59
  [40/96] gap=17.129696969696973 Df=100.00 Dr=69.68 MIA=72.00
  [41/96] gap=16.998181818181827 Df=99.91 Dr=69.74 MIA=71.64
  [42/96] gap=17.12424242424243 Df=100.00 Dr=69.80 MIA=71.86
  [43/96] gap=16.996363636363643 Df=100.00 Dr=69.78 MIA=71.50
  [44/96] gap=16.884848484848487 Df=100.00 Dr=69.40 MIA=71.55
  [45/96] gap=16.969696969696972 Df=100.00 Dr=69.70 MIA=71.50
  [46/96] gap=17.05878787878789 Df=100.00 Dr=69.74 MIA=71.73
  [47/96] gap=16.851515151515155 Df=100.00 Dr=69.80 MIA=71.05
  [48/96] gap=16.886060606060614 Df=100.00 Dr=69.54 MIA=71.41
  [49/96] gap=16.53757575757577 Df=99.91 Dr=69.54 MIA=70.45
  [50/96] gap=16.781212121212125 Df=100.00 Dr=69.68 MIA=70.95
  [51/96] gap=16.828484848484855 Df=100.00 Dr=69.64 MIA=71.14
  [52/96] gap=16.856969696969696 Df=100.00 Dr=69.68 MIA=71.18
  [53/96] gap=16.778181818181825 Df=100.00 Dr=69.58 MIA=71.05
  [54/96] gap=16.827878787878795 Df=100.00 Dr=69.82 MIA=70.95
  [55/96] gap=16.929090909090913 Df=100.00 Dr=69.76 MIA=71.32
  [56/96] gap=16.827272727272735 Df=100.00 Dr=69.50 MIA=71.27
  [57/96] gap=15.952121212121215 Df=99.73 Dr=68.98 MIA=69.00
  [58/96] gap=15.121212121212118 Df=96.55 Dr=66.20 MIA=66.91
  [59/96] gap=15.128484848484847 Df=98.55 Dr=68.36 MIA=67.09
  [60/96] gap=15.224848484848481 Df=96.36 Dr=65.48 MIA=66.68
  [61/96] gap=16.164242424242428 Df=99.91 Dr=68.98 MIA=69.45
  [62/96] gap=16.030303030303035 Df=99.73 Dr=69.20 MIA=69.45
  [63/96] gap=15.976363636363637 Df=99.82 Dr=69.22 MIA=69.18
  [64/96] gap=15.989696969696967 Df=99.82 Dr=69.14 MIA=69.18
  [65/96] gap=17.269090909090917 Df=99.91 Dr=69.78 MIA=72.41
  [66/96] gap=17.131515151515156 Df=99.91 Dr=69.64 MIA=72.14
  [67/96] gap=17.11636363636364 Df=100.00 Dr=69.64 MIA=72.00
  [68/96] gap=16.95333333333334 Df=100.00 Dr=69.56 MIA=71.59
  [69/96] gap=17.134545454545464 Df=100.00 Dr=69.74 MIA=71.95
  [70/96] gap=17.09636363636364 Df=100.00 Dr=69.58 MIA=72.00
  [71/96] gap=17.135151515151524 Df=100.00 Dr=69.56 MIA=72.14
  [72/96] gap=17.059393939393946 Df=100.00 Dr=69.56 MIA=71.91
  [73/96] gap=16.938181818181825 Df=100.00 Dr=69.56 MIA=71.55
  [74/96] gap=16.749090909090917 Df=99.91 Dr=69.22 MIA=71.41
  [75/96] gap=17.07515151515152 Df=100.00 Dr=69.88 MIA=71.64
  [76/96] gap=16.870909090909098 Df=100.00 Dr=69.54 MIA=71.36
  [77/96] gap=17.19636363636364 Df=100.00 Dr=69.88 MIA=72.00
  [78/96] gap=17.09333333333334 Df=100.00 Dr=69.48 MIA=72.09
  [79/96] gap=16.876969696969702 Df=100.00 Dr=69.74 MIA=71.18
  [80/96] gap=17.049090909090914 Df=100.00 Dr=69.62 MIA=71.82
  [81/96] gap=16.600606060606065 Df=99.82 Dr=69.32 MIA=70.95
  [82/96] gap=16.716363636363642 Df=100.00 Dr=69.44 MIA=71.00
  [83/96] gap=16.636969696969704 Df=100.00 Dr=69.52 MIA=70.68
  [84/96] gap=16.47757575757576 Df=100.00 Dr=69.36 MIA=70.36
  [85/96] gap=16.912727272727285 Df=99.91 Dr=69.62 MIA=71.50
  [86/96] gap=17.172727272727276 Df=100.00 Dr=69.90 MIA=71.91
  [87/96] gap=16.75818181818183 Df=100.00 Dr=69.52 MIA=71.05
  [88/96] gap=16.863636363636363 Df=100.00 Dr=69.70 MIA=71.18
  [89/96] gap=15.427272727272724 Df=99.18 Dr=68.10 MIA=67.09
  [90/96] gap=15.08424242424242 Df=96.55 Dr=65.72 MIA=66.32
  [91/96] gap=14.061818181818184 Df=96.27 Dr=67.56 MIA=65.36
  [92/96] gap=23.59696969696969 Df=39.27 Dr=32.00 MIA=53.59
  [93/96] gap=15.986060606060606 Df=99.73 Dr=69.06 MIA=69.18
  [94/96] gap=15.763030303030312 Df=99.45 Dr=69.58 MIA=68.55
  [95/96] gap=15.698181818181824 Df=99.55 Dr=69.34 MIA=68.50
  [96/96] gap=15.890909090909092 Df=99.55 Dr=68.80 MIA=68.82
final test: mmu {'msteps': 3, 'lr': 0.005, 'epochs': 5, 'head_mode': 'tied', 'weighting': 'mrl', 'max_grad_norm': 5.0}
  Df=96.67 Dr=68.78 MIA=66.42 time=8.74s KL=0.0018

salun: 0/45 candidates complete
  [1/45] gap=10.146666666666667 Df=73.55 Dr=51.76 MIA=60.55
  [2/45] gap=11.287878787878782 Df=66.00 Dr=47.20 MIA=58.59
  [3/45] gap=15.141212121212112 Df=57.73 Dr=42.64 MIA=57.32
  [4/45] gap=16.786060606060595 Df=54.18 Dr=39.66 MIA=55.73
  [5/45] gap=17.91151515151514 Df=53.18 Dr=38.92 MIA=57.36
  [6/45] gap=19.232727272727267 Df=49.82 Dr=37.32 MIA=56.36
  [7/45] gap=11.46969696969696 Df=65.09 Dr=46.20 MIA=57.23
  [8/45] gap=9.69212121212121 Df=76.55 Dr=54.26 MIA=58.68
  [9/45] gap=10.835757575757576 Df=80.55 Dr=56.42 MIA=60.27
  [10/45] gap=9.953939393939393 Df=73.09 Dr=51.52 MIA=60.18
  [11/45] gap=11.6290909090909 Df=65.91 Dr=47.04 MIA=59.36
  [12/45] gap=15.563030303030294 Df=56.45 Dr=42.42 MIA=57.09
  [13/45] gap=17.18848484848484 Df=53.36 Dr=39.68 MIA=56.14
  [14/45] gap=17.67999999999999 Df=52.55 Dr=39.16 MIA=56.27
  [15/45] gap=19.88727272727272 Df=49.27 Dr=37.22 MIA=57.68
  [16/45] gap=15.39818181818181 Df=59.91 Dr=40.96 MIA=58.59
  [17/45] gap=10.70545454545455 Df=74.91 Dr=50.22 MIA=59.32
  [18/45] gap=11.276969696969699 Df=83.27 Dr=56.96 MIA=59.41
  [19/45] gap=9.948484848484846 Df=73.00 Dr=51.40 MIA=60.14
  [20/45] gap=11.5090909090909 Df=65.82 Dr=46.90 MIA=58.77
  [21/45] gap=15.613333333333323 Df=56.45 Dr=42.36 MIA=57.18
  [22/45] gap=17.13999999999999 Df=53.64 Dr=39.78 MIA=56.36
  [23/45] gap=17.951515151515142 Df=52.09 Dr=39.30 MIA=56.77
  [24/45] gap=19.726666666666663 Df=50.27 Dr=37.52 MIA=58.50
  [25/45] gap=14.46666666666666 Df=61.73 Dr=42.80 MIA=59.45
  [26/45] gap=10.564848484848483 Df=72.27 Dr=48.46 MIA=59.77
  [27/45] gap=11.941818181818176 Df=83.64 Dr=56.92 MIA=61.00
  [28/45] gap=9.855757575757572 Df=72.64 Dr=51.36 MIA=60.18
  [29/45] gap=11.189090909090899 Df=65.55 Dr=46.86 MIA=57.50
  [30/45] gap=15.713939393939382 Df=56.45 Dr=42.24 MIA=57.36
  [31/45] gap=16.923030303030295 Df=53.91 Dr=39.84 MIA=56.05
  [32/45] gap=18.062424242424235 Df=52.73 Dr=38.74 MIA=57.18
  [33/45] gap=20.053333333333324 Df=49.64 Dr=37.04 MIA=58.36
  [34/45] gap=14.68848484848484 Df=62.09 Dr=42.18 MIA=59.86
  [35/45] gap=11.067272727272728 Df=72.73 Dr=48.18 MIA=60.55
  [36/45] gap=12.371515151515155 Df=83.27 Dr=55.54 MIA=61.27
  [37/45] gap=9.875757575757573 Df=72.73 Dr=51.30 MIA=60.09
  [38/45] gap=11.616363636363625 Df=65.55 Dr=46.76 MIA=58.68
  [39/45] gap=15.544242424242414 Df=56.55 Dr=42.34 MIA=57.05
  [40/45] gap=16.721818181818172 Df=54.18 Dr=40.08 MIA=55.95
  [41/45] gap=18.325454545454537 Df=51.91 Dr=38.86 MIA=57.27
  [42/45] gap=19.56484848484848 Df=50.91 Dr=37.46 MIA=58.59
  [43/45] gap=13.824242424242419 Df=63.09 Dr=43.50 MIA=59.59
  [44/45] gap=11.44666666666667 Df=77.18 Dr=51.36 MIA=60.41
  [45/45] gap=12.403636363636364 Df=85.18 Dr=57.08 MIA=61.00
final test: salun {'sparsity': 0.9, 'lr': 0.01, 'epochs': 10}
  Df=85.42 Dr=59.03 MIA=61.96 time=22.63s KL=0.0039

uniclun: 0/27 candidates complete
  [1/27] gap=10.903030303030299 Df=80.18 Dr=56.90 MIA=61.32
  [2/27] gap=10.903030303030299 Df=80.18 Dr=56.90 MIA=61.32
  [3/27] gap=10.903030303030299 Df=80.18 Dr=56.90 MIA=61.32
  [4/27] gap=9.376969696969693 Df=71.64 Dr=51.66 MIA=60.05
  [5/27] gap=9.376969696969693 Df=71.64 Dr=51.66 MIA=60.05
  [6/27] gap=9.376969696969693 Df=71.64 Dr=51.66 MIA=60.05
  [7/27] gap=14.418787878787867 Df=59.09 Dr=44.58 MIA=58.45
  [8/27] gap=14.418787878787867 Df=59.09 Dr=44.58 MIA=58.45
  [9/27] gap=14.418787878787867 Df=59.09 Dr=44.58 MIA=58.45
  [10/27] gap=18.482424242424234 Df=51.45 Dr=37.98 MIA=56.41
  [11/27] gap=18.482424242424234 Df=51.45 Dr=37.98 MIA=56.41
  [12/27] gap=18.482424242424234 Df=51.45 Dr=37.98 MIA=56.41
  [13/27] gap=18.903636363636355 Df=52.64 Dr=37.08 MIA=57.95
  [14/27] gap=18.903636363636355 Df=52.64 Dr=37.08 MIA=57.95
  [15/27] gap=18.903636363636355 Df=52.64 Dr=37.08 MIA=57.95
  [16/27] gap=20.013333333333325 Df=50.45 Dr=36.66 MIA=58.68
  [17/27] gap=20.013333333333325 Df=50.45 Dr=36.66 MIA=58.68
  [18/27] gap=20.013333333333325 Df=50.45 Dr=36.66 MIA=58.68
  [19/27] gap=14.060606060606053 Df=62.09 Dr=43.20 MIA=59.00
  [20/27] gap=14.060606060606053 Df=62.09 Dr=43.20 MIA=59.00
  [21/27] gap=14.060606060606053 Df=62.09 Dr=43.20 MIA=59.00
  [22/27] gap=12.034545454545452 Df=82.45 Dr=55.46 MIA=61.00
  [23/27] gap=12.034545454545452 Df=82.45 Dr=55.46 MIA=61.00
  [24/27] gap=12.034545454545452 Df=82.45 Dr=55.46 MIA=61.00
  [25/27] gap=12.316969696969695 Df=86.73 Dr=59.34 MIA=61.45
  [26/27] gap=12.316969696969695 Df=86.73 Dr=59.34 MIA=61.45
  [27/27] gap=12.316969696969695 Df=86.73 Dr=59.34 MIA=61.45
final test: uniclun {'lr': 0.01, 'epochs': 10, 'buffer_size': 250}
  Df=86.50 Dr=61.07 MIA=61.96 time=21.03s KL=0.0011

