loaded shared source and Amnesiac ledger
loaded shared Retrain reference
final test: baseline {}
  Df=80.00 Dr=80.31 MIA=62.32 time=0.00s KL=0.0028
final test: retrain {}
  Df=24.00 Dr=79.61 MIA=49.42 time=877.89s KL=0.0000

finetune: 0/12 candidates complete
  [1/12] gap=22.363516113516113 Df=84.00 Dr=79.98 MIA=65.98
  [2/12] gap=22.685125060125063 Df=86.00 Dr=80.28 MIA=65.25
  [3/12] gap=24.68133718133718 Df=86.00 Dr=79.92 MIA=70.88
  [4/12] gap=23.30176767676767 Df=86.00 Dr=79.58 MIA=66.39
  [5/12] gap=14.54635642135642 Df=60.00 Dr=76.48 MIA=63.04
  [6/12] gap=25.259379509379503 Df=86.00 Dr=76.36 MIA=69.05
  [7/12] gap=15.080627705627704 Df=66.00 Dr=76.06 MIA=58.21
  [8/12] gap=11.94492544492544 Df=52.00 Dr=77.41 MIA=64.16
  [9/12] gap=18.781565656565657 Df=4.00 Dr=55.64 MIA=48.14
  [10/12] gap=9.614838864838871 Df=38.00 Dr=66.87 MIA=46.41
  [11/12] gap=7.833633958633956 Df=38.00 Dr=70.44 MIA=58.86
  [12/12] gap=2.812169312169317 Df=32.00 Dr=74.38 MIA=53.30
final test: finetune {'lr': 0.0001, 'epochs': 1}
  Df=81.00 Dr=80.17 MIA=67.63 time=16.10s KL=0.0028

ssd: 0/25 candidates complete
  [1/25] gap=40.101851851851855 Df=0.00 Dr=5.05 MIA=38.77
  [2/25] gap=37.11970899470899 Df=0.00 Dr=5.05 MIA=47.71
  [3/25] gap=37.458994708994716 Df=0.00 Dr=5.05 MIA=46.70
  [4/25] gap=28.578463203463212 Df=0.00 Dr=26.42 MIA=51.96
  [5/25] gap=13.01881914381915 Df=4.00 Dr=68.89 MIA=52.18
  [6/25] gap=35.90608465608465 Df=0.00 Dr=5.49 MIA=56.12
  [7/25] gap=35.17237854737855 Df=0.00 Dr=5.54 MIA=53.07
  [8/25] gap=35.32714045214046 Df=0.00 Dr=5.54 MIA=52.61
  [9/25] gap=28.578463203463212 Df=0.00 Dr=26.42 MIA=51.96
  [10/25] gap=13.01881914381915 Df=4.00 Dr=68.89 MIA=52.18
  [11/25] gap=28.2922077922078 Df=0.00 Dr=27.52 MIA=51.73
  [12/25] gap=27.787157287157296 Df=0.00 Dr=29.03 MIA=51.73
  [13/25] gap=27.647727272727277 Df=0.00 Dr=30.79 MIA=50.39
  [14/25] gap=21.662518037518044 Df=0.00 Dr=49.64 MIA=49.50
  [15/25] gap=13.01881914381915 Df=4.00 Dr=68.89 MIA=52.18
  [16/25] gap=16.890993265993263 Df=62.00 Dr=78.81 MIA=70.39
  [17/25] gap=16.884259259259256 Df=62.00 Dr=78.83 MIA=70.39
  [18/25] gap=16.87752525252525 Df=62.00 Dr=78.85 MIA=70.39
  [19/25] gap=17.3994708994709 Df=66.00 Dr=79.05 MIA=68.16
  [20/25] gap=16.733465608465604 Df=66.00 Dr=79.49 MIA=66.61
  [21/25] gap=22.11273448773449 Df=84.00 Dr=80.00 MIA=65.25
  [22/25] gap=22.11273448773449 Df=84.00 Dr=80.00 MIA=65.25
  [23/25] gap=22.11273448773449 Df=84.00 Dr=80.00 MIA=65.25
  [24/25] gap=22.40361952861953 Df=84.00 Dr=80.02 MIA=66.14
  [25/25] gap=22.11273448773449 Df=84.00 Dr=80.00 MIA=65.25
final test: ssd {'alpha': 50.0, 'dampening_constant': 1.0}
  Df=80.00 Dr=80.33 MIA=67.08 time=18.00s KL=0.0027

badteacher: 0/36 candidates complete
  [1/36] gap=8.719757094757092 Df=18.00 Dr=76.46 MIA=63.54
  [2/36] gap=12.082010582010582 Df=8.00 Dr=75.72 MIA=62.88
  [3/36] gap=12.28415103415103 Df=8.00 Dr=74.65 MIA=62.41
  [4/36] gap=9.714405964405964 Df=16.00 Dr=76.14 MIA=64.20
  [5/36] gap=12.1547619047619 Df=8.00 Dr=74.61 MIA=61.98
  [6/36] gap=9.795214045214044 Df=10.00 Dr=73.90 MIA=56.20
  [7/36] gap=11.25372775372775 Df=10.00 Dr=76.20 MIA=62.88
  [8/36] gap=11.651815776815774 Df=8.00 Dr=74.99 MIA=60.86
  [9/36] gap=8.57756132756132 Df=12.00 Dr=74.91 MIA=55.55
  [10/36] gap=13.69618807118807 Df=6.00 Dr=75.54 MIA=65.54
  [11/36] gap=14.214285714285714 Df=12.00 Dr=74.61 MIA=72.16
  [12/36] gap=8.145502645502644 Df=16.00 Dr=76.38 MIA=59.73
  [13/36] gap=8.665885040885037 Df=18.00 Dr=76.63 MIA=63.54
  [14/36] gap=11.994468494468492 Df=6.00 Dr=75.98 MIA=60.88
  [15/36] gap=10.249037999037993 Df=12.00 Dr=76.32 MIA=61.98
  [16/36] gap=11.585016835016836 Df=8.00 Dr=76.10 MIA=61.77
  [17/36] gap=11.05050505050505 Df=8.00 Dr=75.45 MIA=59.52
  [18/36] gap=8.242965367965368 Df=14.00 Dr=76.79 MIA=58.43
  [19/36] gap=11.845658970658969 Df=6.00 Dr=75.98 MIA=60.43
  [20/36] gap=10.803992303992304 Df=10.00 Dr=75.98 MIA=61.30
  [21/36] gap=7.564153439153434 Df=14.00 Dr=77.72 MIA=57.32
  [22/36] gap=12.284692159692156 Df=6.00 Dr=75.56 MIA=61.32
  [23/36] gap=11.257816257816259 Df=12.00 Dr=76.40 MIA=65.09
  [24/36] gap=6.330327080327078 Df=20.00 Dr=78.22 MIA=60.13
  [25/36] gap=8.476671476671477 Df=18.00 Dr=76.75 MIA=63.09
  [26/36] gap=11.478715728715729 Df=8.00 Dr=76.85 MIA=62.20
  [27/36] gap=7.893578643578643 Df=18.00 Dr=77.82 MIA=62.41
  [28/36] gap=11.35948773448773 Df=8.00 Dr=76.55 MIA=61.54
  [29/36] gap=11.420214045214044 Df=12.00 Dr=77.90 MIA=67.07
  [30/36] gap=7.145983645983644 Df=18.00 Dr=78.53 MIA=60.88
  [31/36] gap=11.562830687830688 Df=8.00 Dr=76.83 MIA=62.43
  [32/36] gap=10.61213323713323 Df=10.00 Dr=78.32 MIA=63.07
  [33/36] gap=8.855759980759979 Df=18.00 Dr=78.95 MIA=66.43
  [34/36] gap=10.756734006734007 Df=8.00 Dr=76.59 MIA=59.77
  [35/36] gap=9.049182299182297 Df=14.00 Dr=78.57 MIA=62.62
  [36/36] gap=6.66732804232804 Df=18.00 Dr=79.05 MIA=59.96
final test: badteacher {'temperature': 4.0, 'epochs': 10, 'lr': 0.01}
  Df=14.00 Dr=78.78 MIA=69.98 time=30.90s KL=0.0028

unsir: 0/36 candidates complete
  [1/36] gap=23.509860509860506 Df=86.00 Dr=78.51 MIA=65.95
  [2/36] gap=21.78673641173641 Df=84.00 Dr=79.66 MIA=63.93
  [3/36] gap=23.42135642135642 Df=88.00 Dr=74.48 MIA=59.66
  [4/36] gap=20.816498316498315 Df=82.00 Dr=77.66 MIA=61.02
  [5/36] gap=21.733946608946606 Df=72.00 Dr=69.64 MIA=65.75
  [6/36] gap=18.058441558441555 Df=70.00 Dr=74.79 MIA=61.88
  [7/36] gap=23.651815776815777 Df=86.00 Dr=78.99 MIA=66.86
  [8/36] gap=21.92472342472342 Df=82.00 Dr=79.47 MIA=66.16
  [9/36] gap=22.891895141895134 Df=84.00 Dr=76.32 MIA=63.91
  [10/36] gap=21.11357623857624 Df=84.00 Dr=78.75 MIA=61.00
  [11/36] gap=18.395442520442526 Df=66.00 Dr=71.62 MIA=63.71
  [12/36] gap=18.556637806637806 Df=68.00 Dr=75.76 MIA=66.34
  [13/36] gap=23.02368927368927 Df=86.00 Dr=79.07 MIA=65.05
  [14/36] gap=21.85594035594036 Df=82.00 Dr=79.25 MIA=65.73
  [15/36] gap=22.097282347282345 Df=84.00 Dr=76.71 MIA=61.91
  [16/36] gap=23.26346801346801 Df=84.00 Dr=78.57 MIA=67.27
  [17/36] gap=17.748436748436745 Df=64.00 Dr=72.65 MIA=64.80
  [18/36] gap=15.707070707070706 Df=66.00 Dr=76.48 MIA=60.52
  [19/36] gap=24.412878787878782 Df=88.00 Dr=78.24 MIA=66.39
  [20/36] gap=21.23466810966811 Df=82.00 Dr=78.85 MIA=63.46
  [21/36] gap=25.446729196729194 Df=88.00 Dr=74.44 MIA=65.70
  [22/36] gap=20.983946608946606 Df=78.00 Dr=77.64 MIA=65.50
  [23/36] gap=23.56824194324194 Df=82.00 Dr=71.92 MIA=63.54
  [24/36] gap=22.008056758056753 Df=74.00 Dr=75.47 MIA=70.41
  [25/36] gap=23.215548340548338 Df=86.00 Dr=78.73 MIA=65.29
  [26/36] gap=21.700396825396822 Df=78.00 Dr=79.27 MIA=69.29
  [27/36] gap=23.808381433381427 Df=84.00 Dr=76.02 MIA=66.36
  [28/36] gap=23.171296296296294 Df=82.00 Dr=77.72 MIA=68.14
  [29/36] gap=21.729557479557474 Df=72.00 Dr=73.60 MIA=69.70
  [30/36] gap=18.91023328523328 Df=70.00 Dr=76.46 MIA=66.11
  [31/36] gap=23.621693121693113 Df=86.00 Dr=78.38 MIA=66.16
  [32/36] gap=22.965728715728716 Df=84.00 Dr=79.03 MIA=66.84
  [33/36] gap=22.804353054353054 Df=84.00 Dr=76.59 MIA=63.91
  [34/36] gap=22.898629148629144 Df=84.00 Dr=78.30 MIA=65.91
  [35/36] gap=21.837962962962965 Df=72.00 Dr=73.72 MIA=70.14
  [36/36] gap=20.742664742664743 Df=76.00 Dr=76.95 MIA=66.09
final test: unsir {'impair_epochs': 2, 'repair_epochs': 2, 'impair_lr': 0.001, 'repair_lr': 0.01}
  Df=76.00 Dr=79.83 MIA=65.88 time=11.20s KL=0.0026

scrub: 0/24 candidates complete
  [1/24] gap=21.890812890812892 Df=84.00 Dr=80.51 MIA=65.09
  [2/24] gap=22.11369648869649 Df=86.00 Dr=80.28 MIA=63.54
  [3/24] gap=21.097883597883598 Df=84.00 Dr=80.38 MIA=62.59
  [4/24] gap=21.92448292448292 Df=86.00 Dr=80.40 MIA=63.09
  [5/24] gap=20.81373256373256 Df=84.00 Dr=80.34 MIA=61.70
  [6/24] gap=21.237614237614235 Df=86.00 Dr=80.46 MIA=61.09
  [7/24] gap=21.060906685906684 Df=86.00 Dr=80.26 MIA=60.36
  [8/24] gap=23.91973304473304 Df=86.00 Dr=79.76 MIA=68.43
  [9/24] gap=22.960197210197208 Df=86.00 Dr=80.40 MIA=66.20
  [10/24] gap=22.58032708032708 Df=86.00 Dr=80.22 MIA=64.88
  [11/24] gap=22.340668590668596 Df=86.00 Dr=80.26 MIA=64.20
  [12/24] gap=22.06246993746994 Df=86.00 Dr=80.22 MIA=63.32
  [13/24] gap=22.427128427128427 Df=86.00 Dr=80.18 MIA=64.38
  [14/24] gap=21.886724386724385 Df=86.00 Dr=80.30 MIA=62.88
  [15/24] gap=22.54413179413179 Df=86.00 Dr=80.08 MIA=64.62
  [16/24] gap=22.4760101010101 Df=82.00 Dr=80.30 MIA=68.64
  [17/24] gap=22.123737373737374 Df=86.00 Dr=80.48 MIA=63.77
  [18/24] gap=19.935125060125063 Df=84.00 Dr=80.28 MIA=59.00
  [19/24] gap=22.51972101972102 Df=86.00 Dr=80.40 MIA=64.88
  [20/24] gap=20.307479557479557 Df=84.00 Dr=80.51 MIA=60.34
  [21/24] gap=21.846320346320343 Df=86.00 Dr=80.42 MIA=62.88
  [22/24] gap=22.100228475228477 Df=84.00 Dr=80.32 MIA=65.54
  [23/24] gap=22.080026455026456 Df=86.00 Dr=80.38 MIA=63.54
  [24/24] gap=22.31541606541606 Df=86.00 Dr=79.84 MIA=63.70
final test: scrub {'msteps': 2, 'lr': 0.005, 'epochs': 10, 'max_grad_norm': 5.0}
  Df=80.00 Dr=80.26 MIA=66.54 time=14.23s KL=0.0012

mmu: 0/96 candidates complete
  [1/96] gap=22.066558441558442 Df=86.00 Dr=80.42 MIA=63.54
  [2/96] gap=21.958152958152954 Df=86.00 Dr=80.30 MIA=63.09
  [3/96] gap=22.320466570466575 Df=86.00 Dr=80.32 MIA=64.20
  [4/96] gap=22.98039923039923 Df=86.00 Dr=80.34 MIA=66.20
  [5/96] gap=22.136243386243383 Df=86.00 Dr=80.16 MIA=63.48
  [6/96] gap=21.947029822029823 Df=86.00 Dr=80.28 MIA=63.04
  [7/96] gap=21.92039442039442 Df=86.00 Dr=80.20 MIA=62.88
  [8/96] gap=21.92039442039442 Df=86.00 Dr=80.20 MIA=62.88
  [9/96] gap=22.339586339586337 Df=86.00 Dr=80.44 MIA=64.38
  [10/96] gap=21.521765271765265 Df=84.00 Dr=80.51 MIA=63.98
  [11/96] gap=22.834235209235207 Df=86.00 Dr=80.12 MIA=65.54
  [12/96] gap=22.42213804713805 Df=86.00 Dr=80.46 MIA=64.64
  [13/96] gap=22.214405964405955 Df=86.00 Dr=80.14 MIA=63.70
  [14/96] gap=20.654100529100525 Df=82.00 Dr=80.16 MIA=63.04
  [15/96] gap=21.481180856180856 Df=86.00 Dr=80.32 MIA=61.68
  [16/96] gap=22.184343434343436 Df=86.00 Dr=80.30 MIA=63.77
  [17/96] gap=22.319504569504563 Df=86.00 Dr=80.04 MIA=63.91
  [18/96] gap=20.8550986050986 Df=82.00 Dr=80.51 MIA=63.98
  [19/96] gap=22.393458393458392 Df=86.00 Dr=80.28 MIA=64.38
  [20/96] gap=21.78240740740741 Df=84.00 Dr=80.38 MIA=64.64
  [21/96] gap=20.489959114959117 Df=82.00 Dr=80.40 MIA=62.79
  [22/96] gap=19.748556998557 Df=82.00 Dr=80.18 MIA=60.34
  [23/96] gap=23.511724386724385 Df=86.00 Dr=80.30 MIA=67.75
  [24/96] gap=21.382335257335257 Df=84.00 Dr=80.26 MIA=63.32
  [25/96] gap=22.261544011544007 Df=84.00 Dr=80.00 MIA=65.70
  [26/96] gap=21.92195767195767 Df=84.00 Dr=80.16 MIA=64.84
  [27/96] gap=20.925565175565175 Df=84.00 Dr=80.22 MIA=61.91
  [28/96] gap=22.6533189033189 Df=84.00 Dr=80.18 MIA=67.05
  [29/96] gap=22.547438672438673 Df=84.00 Dr=80.30 MIA=66.86
  [30/96] gap=21.227272727272727 Df=84.00 Dr=80.42 MIA=63.02
  [31/96] gap=19.86291486291486 Df=80.00 Dr=80.30 MIA=62.80
  [32/96] gap=20.53709716209716 Df=84.00 Dr=80.26 MIA=60.79
  [33/96] gap=22.120430495430497 Df=86.00 Dr=80.26 MIA=63.54
  [34/96] gap=22.50294612794613 Df=86.00 Dr=80.22 MIA=64.64
  [35/96] gap=22.1506734006734 Df=86.00 Dr=80.40 MIA=63.77
  [36/96] gap=22.15740740740741 Df=86.00 Dr=80.38 MIA=63.77
  [37/96] gap=21.998556998556996 Df=86.00 Dr=80.18 MIA=63.09
  [38/96] gap=20.647667147667146 Df=84.00 Dr=80.02 MIA=60.88
  [39/96] gap=19.92165704665705 Df=84.00 Dr=80.32 MIA=59.00
  [40/96] gap=20.04353054353054 Df=84.00 Dr=80.40 MIA=59.45
  [41/96] gap=22.255772005772002 Df=86.00 Dr=80.30 MIA=63.98
  [42/96] gap=21.044312169312168 Df=82.00 Dr=80.38 MIA=64.43
  [43/96] gap=22.2792809042809 Df=86.00 Dr=80.46 MIA=64.21
  [44/96] gap=22.096801346801346 Df=86.00 Dr=80.57 MIA=63.77
  [45/96] gap=21.92039442039442 Df=86.00 Dr=80.20 MIA=62.88
  [46/96] gap=20.79383116883117 Df=82.00 Dr=80.24 MIA=63.54
  [47/96] gap=19.83676046176046 Df=82.00 Dr=80.36 MIA=60.79
  [48/96] gap=19.674482924482923 Df=82.00 Dr=80.40 MIA=60.34
  [49/96] gap=22.942640692640694 Df=86.00 Dr=80.24 MIA=65.98
  [50/96] gap=20.174963924963922 Df=80.00 Dr=80.55 MIA=63.98
  [51/96] gap=21.27176527176527 Df=86.00 Dr=80.51 MIA=61.23
  [52/96] gap=21.5789442039442 Df=84.00 Dr=80.57 MIA=64.21
  [53/96] gap=20.527056277056275 Df=86.00 Dr=80.06 MIA=58.55
  [54/96] gap=20.228835978835978 Df=82.00 Dr=80.38 MIA=61.98
  [55/96] gap=20.40848965848966 Df=84.00 Dr=80.20 MIA=60.34
  [56/96] gap=19.667748917748916 Df=82.00 Dr=80.42 MIA=60.34
  [57/96] gap=20.73039923039923 Df=86.00 Dr=80.34 MIA=59.45
  [58/96] gap=19.796657046657046 Df=80.00 Dr=80.32 MIA=62.62
  [59/96] gap=23.030844155844154 Df=86.00 Dr=80.42 MIA=66.43
  [60/96] gap=19.322210197210193 Df=78.00 Dr=80.63 MIA=63.46
  [61/96] gap=20.442159692159688 Df=84.00 Dr=80.10 MIA=60.34
  [62/96] gap=21.662097162097158 Df=82.00 Dr=80.26 MIA=66.16
  [63/96] gap=21.2003367003367 Df=84.00 Dr=80.51 MIA=63.02
  [64/96] gap=19.00108225108225 Df=80.00 Dr=80.42 MIA=60.34
  [65/96] gap=21.859788359788357 Df=86.00 Dr=80.38 MIA=62.88
  [66/96] gap=22.40458152958153 Df=86.00 Dr=80.30 MIA=64.43
  [67/96] gap=21.866522366522364 Df=86.00 Dr=80.36 MIA=62.88
  [68/96] gap=20.632034632034628 Df=86.00 Dr=80.42 MIA=59.23
  [69/96] gap=19.624037999038 Df=84.00 Dr=80.32 MIA=58.11
  [70/96] gap=21.924482924482927 Df=84.00 Dr=80.40 MIA=65.09
  [71/96] gap=22.208633958633957 Df=84.00 Dr=80.44 MIA=65.98
  [72/96] gap=21.52849927849927 Df=84.00 Dr=80.48 MIA=63.98
  [73/96] gap=22.951719576719572 Df=86.00 Dr=80.16 MIA=65.93
  [74/96] gap=20.055435305435307 Df=78.00 Dr=80.40 MIA=65.48
  [75/96] gap=21.163359788359788 Df=86.00 Dr=80.38 MIA=60.79
  [76/96] gap=20.32094757094757 Df=84.00 Dr=80.46 MIA=60.34
  [77/96] gap=22.647366522366525 Df=86.00 Dr=80.18 MIA=65.04
  [78/96] gap=20.58080808080808 Df=82.00 Dr=80.36 MIA=63.02
  [79/96] gap=21.084415584415584 Df=84.00 Dr=80.42 MIA=62.59
  [80/96] gap=21.166185666185665 Df=84.00 Dr=80.46 MIA=62.88
  [81/96] gap=22.393759018759013 Df=86.00 Dr=80.12 MIA=64.21
  [82/96] gap=16.001863876863876 Df=68.00 Dr=80.40 MIA=63.32
  [83/96] gap=21.170093795093795 Df=86.00 Dr=80.36 MIA=60.79
  [84/96] gap=19.958633958633957 Df=82.00 Dr=80.44 MIA=61.23
  [85/96] gap=21.74025974025974 Df=84.00 Dr=80.24 MIA=64.38
  [86/96] gap=21.221620971620975 Df=82.00 Dr=80.26 MIA=64.84
  [87/96] gap=21.20971620971621 Df=82.00 Dr=80.26 MIA=64.80
  [88/96] gap=19.981661856661855 Df=80.00 Dr=80.46 MIA=63.32
  [89/96] gap=22.614117364117362 Df=86.00 Dr=79.66 MIA=64.41
  [90/96] gap=16.147186147186144 Df=70.00 Dr=79.88 MIA=61.23
  [91/96] gap=21.023929773929773 Df=84.00 Dr=80.14 MIA=62.13
  [92/96] gap=18.911315536315538 Df=72.00 Dr=80.28 MIA=67.93
  [93/96] gap=22.493686868686865 Df=84.00 Dr=80.00 MIA=66.39
  [94/96] gap=19.598184223184223 Df=78.00 Dr=80.22 MIA=63.93
  [95/96] gap=19.724927849927848 Df=80.00 Dr=80.48 MIA=62.57
  [96/96] gap=19.619167869167864 Df=78.00 Dr=80.14 MIA=63.91
final test: mmu {'msteps': 3, 'lr': 0.001, 'epochs': 5, 'head_mode': 'independent', 'weighting': 'normalised', 'max_grad_norm': 5.0}
  Df=61.00 Dr=80.05 MIA=66.52 time=6.94s KL=0.0026

salun: 0/45 candidates complete
  [1/45] gap=9.424963924963924 Df=44.00 Dr=76.55 MIA=63.73
  [2/45] gap=11.385762385762385 Df=48.00 Dr=76.02 MIA=65.09
  [3/45] gap=7.755711880711881 Df=40.00 Dr=75.54 MIA=61.71
  [4/45] gap=10.615319865319861 Df=42.00 Dr=73.01 MIA=65.77
  [5/45] gap=11.90085377585377 Df=40.00 Dr=72.71 MIA=71.32
  [6/45] gap=9.775012025012023 Df=34.00 Dr=71.96 MIA=70.20
  [7/45] gap=9.04575517075517 Df=26.00 Dr=66.81 MIA=62.86
  [8/45] gap=14.082792207792204 Df=12.00 Dr=67.70 MIA=64.86
  [9/45] gap=11.577861952861952 Df=24.00 Dr=68.75 MIA=70.39
  [10/45] gap=8.46067821067821 Df=42.00 Dr=76.55 MIA=62.84
  [11/45] gap=11.723785473785474 Df=48.00 Dr=75.90 MIA=65.98
  [12/45] gap=7.4984968734968716 Df=40.00 Dr=75.41 MIA=60.82
  [13/45] gap=9.154040404040403 Df=40.00 Dr=73.39 MIA=63.77
  [14/45] gap=13.01130351130351 Df=48.00 Dr=72.93 MIA=66.88
  [15/45] gap=9.838924963924962 Df=42.00 Dr=72.00 MIA=62.43
  [16/45] gap=7.712542087542086 Df=30.00 Dr=68.34 MIA=64.39
  [17/45] gap=10.013347763347758 Df=18.00 Dr=67.03 MIA=57.98
  [18/45] gap=8.385040885040885 Df=42.00 Dr=70.81 MIA=56.88
  [19/45] gap=9.134078884078884 Df=44.00 Dr=76.53 MIA=62.84
  [20/45] gap=11.669913419913419 Df=48.00 Dr=76.06 MIA=65.98
  [21/45] gap=7.267436267436267 Df=38.00 Dr=75.23 MIA=61.95
  [22/45] gap=8.490800865800864 Df=36.00 Dr=73.15 MIA=65.54
  [23/45] gap=11.775673400673403 Df=46.00 Dr=72.40 MIA=64.64
  [24/45] gap=8.148148148148145 Df=38.00 Dr=72.16 MIA=61.52
  [25/45] gap=9.354076479076477 Df=34.00 Dr=65.45 MIA=62.43
  [26/45] gap=10.415524290524289 Df=26.00 Dr=64.02 MIA=64.18
  [27/45] gap=8.390452140452135 Df=38.00 Dr=69.90 MIA=59.98
  [28/45] gap=9.12061087061087 Df=44.00 Dr=76.57 MIA=62.84
  [29/45] gap=11.696849446849447 Df=48.00 Dr=75.98 MIA=65.98
  [30/45] gap=7.590127465127462 Df=42.00 Dr=75.35 MIA=59.04
  [31/45] gap=10.951479076479075 Df=44.00 Dr=73.09 MIA=64.86
  [32/45] gap=11.498917748917748 Df=46.00 Dr=72.79 MIA=64.20
  [33/45] gap=10.218795093795087 Df=44.00 Dr=72.18 MIA=61.75
  [34/45] gap=10.727272727272725 Df=34.00 Dr=66.42 MIA=67.52
  [35/45] gap=10.41275853775854 Df=24.00 Dr=66.71 MIA=64.86
  [36/45] gap=11.028739778739778 Df=52.00 Dr=71.56 MIA=55.55
  [37/45] gap=9.113876863876863 Df=44.00 Dr=76.59 MIA=62.84
  [38/45] gap=11.703583453583454 Df=48.00 Dr=75.96 MIA=65.98
  [39/45] gap=7.732202982202982 Df=42.00 Dr=75.37 MIA=59.48
  [40/45] gap=9.948653198653195 Df=40.00 Dr=73.01 MIA=65.77
  [41/45] gap=12.729797979797974 Df=48.00 Dr=72.67 MIA=65.77
  [42/45] gap=5.371091871091866 Df=34.00 Dr=72.71 MIA=57.73
  [43/45] gap=6.454365079365078 Df=34.00 Dr=67.94 MIA=56.21
  [44/45] gap=9.404521404521404 Df=22.00 Dr=67.54 MIA=60.66
  [45/45] gap=10.368145743145739 Df=48.00 Dr=71.09 MIA=57.11
final test: salun {'sparsity': 0.9, 'lr': 0.0001, 'epochs': 3}
  Df=43.00 Dr=76.64 MIA=68.00 time=6.19s KL=0.0027

uniclun: 0/27 candidates complete
  [1/27] gap=9.136844636844634 Df=44.00 Dr=75.84 MIA=62.16
  [2/27] gap=9.136844636844634 Df=44.00 Dr=75.84 MIA=62.16
  [3/27] gap=9.136844636844634 Df=44.00 Dr=75.84 MIA=62.16
  [4/27] gap=9.874939874939875 Df=48.00 Dr=75.84 MIA=60.38
  [5/27] gap=9.874939874939875 Df=48.00 Dr=75.84 MIA=60.38
  [6/27] gap=9.874939874939875 Df=48.00 Dr=75.84 MIA=60.38
  [7/27] gap=10.542027417027414 Df=46.00 Dr=75.21 MIA=63.75
  [8/27] gap=10.542027417027414 Df=46.00 Dr=75.21 MIA=63.75
  [9/27] gap=10.542027417027414 Df=46.00 Dr=75.21 MIA=63.75
  [10/27] gap=7.827681577681578 Df=36.00 Dr=74.44 MIA=64.84
  [11/27] gap=7.827681577681578 Df=36.00 Dr=74.44 MIA=64.84
  [12/27] gap=7.827681577681578 Df=36.00 Dr=74.44 MIA=64.84
  [13/27] gap=8.159090909090907 Df=38.00 Dr=73.88 MIA=63.27
  [14/27] gap=8.159090909090907 Df=38.00 Dr=73.88 MIA=63.27
  [15/27] gap=8.159090909090907 Df=38.00 Dr=73.88 MIA=63.27
  [16/27] gap=12.346079846079846 Df=46.00 Dr=73.35 MIA=67.30
  [17/27] gap=12.346079846079846 Df=46.00 Dr=73.35 MIA=67.30
  [18/27] gap=12.346079846079846 Df=46.00 Dr=73.35 MIA=67.30
  [19/27] gap=7.599266474266469 Df=34.00 Dr=72.04 MIA=63.75
  [20/27] gap=7.599266474266469 Df=34.00 Dr=72.04 MIA=63.75
  [21/27] gap=7.599266474266469 Df=34.00 Dr=72.04 MIA=63.75
  [22/27] gap=10.772426647426647 Df=44.00 Dr=72.95 MIA=64.18
  [23/27] gap=10.772426647426647 Df=44.00 Dr=72.95 MIA=64.18
  [24/27] gap=10.772426647426647 Df=44.00 Dr=72.95 MIA=64.18
  [25/27] gap=7.986531986531982 Df=36.00 Dr=74.65 MIA=65.52
  [26/27] gap=7.986531986531982 Df=36.00 Dr=74.65 MIA=65.52
  [27/27] gap=7.986531986531982 Df=36.00 Dr=74.65 MIA=65.52
final test: uniclun {'lr': 0.0001, 'epochs': 5, 'buffer_size': 250}
  Df=40.00 Dr=76.45 MIA=67.51 time=11.66s KL=0.0027

