loaded shared source and Amnesiac ledger
loaded shared Retrain reference
final test: baseline {}
  Df=80.00 Dr=80.72 MIA=62.00 time=0.00s KL=0.0023
final test: retrain {}
  Df=26.00 Dr=79.95 MIA=51.69 time=662.96s KL=0.0000

finetune: 0/12 candidates complete
  [1/12] gap=22.668350168350162 Df=76.00 Dr=79.70 MIA=69.75
  [2/12] gap=20.186387686387686 Df=74.00 Dr=80.00 MIA=64.61
  [3/12] gap=22.712061087061084 Df=78.00 Dr=79.80 MIA=67.98
  [4/12] gap=22.752164502164494 Df=82.00 Dr=79.84 MIA=64.14
  [5/12] gap=19.49717412217412 Df=66.00 Dr=76.12 MIA=66.66
  [6/12] gap=17.740319865319865 Df=70.00 Dr=76.61 MIA=57.88
  [7/12] gap=18.417748917748916 Df=68.00 Dr=76.02 MIA=61.32
  [8/12] gap=12.790343915343916 Df=54.00 Dr=77.31 MIA=59.73
  [9/12] gap=15.874699374699375 Df=4.00 Dr=58.36 MIA=52.04
  [10/12] gap=6.214586339586337 Df=28.00 Dr=68.04 MIA=56.73
  [11/12] gap=6.759259259259256 Df=22.00 Dr=70.42 MIA=45.75
  [12/12] gap=4.3679052429052385 Df=34.00 Dr=73.62 MIA=50.77
final test: finetune {'lr': 0.0001, 'epochs': 3}
  Df=73.00 Dr=80.41 MIA=60.86 time=32.75s KL=0.0024

ssd: 0/25 candidates complete
  [1/25] gap=14.520683020683018 Df=0.00 Dr=70.28 MIA=44.61
  [2/25] gap=14.300685425685428 Df=0.00 Dr=73.35 MIA=58.30
  [3/25] gap=15.2269721019721 Df=0.00 Dr=76.18 MIA=63.91
  [4/25] gap=20.95737133237134 Df=74.00 Dr=80.48 MIA=66.84
  [5/25] gap=22.536315536315545 Df=78.00 Dr=80.53 MIA=67.54
  [6/25] gap=15.6072631072631 Df=52.00 Dr=79.74 MIA=72.61
  [7/25] gap=16.706890331890325 Df=54.00 Dr=79.78 MIA=73.95
  [8/25] gap=18.12842712842713 Df=58.00 Dr=79.96 MIA=74.39
  [9/25] gap=20.95737133237134 Df=74.00 Dr=80.48 MIA=66.84
  [10/25] gap=22.536315536315545 Df=78.00 Dr=80.53 MIA=67.54
  [11/25] gap=20.930435305435314 Df=74.00 Dr=80.40 MIA=66.84
  [12/25] gap=20.943903318903327 Df=74.00 Dr=80.44 MIA=66.84
  [13/25] gap=21.617303992304 Df=76.00 Dr=80.46 MIA=66.84
  [14/25] gap=22.97083934583935 Df=78.00 Dr=80.53 MIA=68.84
  [15/25] gap=22.536315536315545 Df=78.00 Dr=80.53 MIA=67.54
  [16/25] gap=22.601010101010104 Df=78.00 Dr=80.51 MIA=67.75
  [17/25] gap=22.601010101010104 Df=78.00 Dr=80.51 MIA=67.75
  [18/25] gap=22.601010101010104 Df=78.00 Dr=80.51 MIA=67.75
  [19/25] gap=22.601010101010104 Df=78.00 Dr=80.51 MIA=67.75
  [20/25] gap=22.601010101010104 Df=78.00 Dr=80.51 MIA=67.75
  [21/25] gap=22.614478114478118 Df=78.00 Dr=80.55 MIA=67.75
  [22/25] gap=22.614478114478118 Df=78.00 Dr=80.55 MIA=67.75
  [23/25] gap=22.614478114478118 Df=78.00 Dr=80.55 MIA=67.75
  [24/25] gap=22.614478114478118 Df=78.00 Dr=80.55 MIA=67.75
  [25/25] gap=22.614478114478118 Df=78.00 Dr=80.55 MIA=67.75
final test: ssd {'alpha': 5.0, 'dampening_constant': 0.1}
  Df=71.00 Dr=80.69 MIA=62.30 time=9.63s KL=0.0023

badteacher: 0/36 candidates complete
  [1/36] gap=8.024771524771522 Df=24.00 Dr=76.48 MIA=66.61
  [2/36] gap=14.308802308802314 Df=6.00 Dr=74.99 MIA=65.96
  [3/36] gap=17.254208754208754 Df=2.00 Dr=73.94 MIA=69.75
  [4/36] gap=11.73244348244348 Df=16.00 Dr=76.04 MIA=69.29
  [5/36] gap=14.551887926887924 Df=2.00 Dr=74.71 MIA=62.41
  [6/36] gap=18.51148388648388 Df=0.00 Dr=74.83 MIA=72.41
  [7/36] gap=15.055735930735935 Df=10.00 Dr=75.84 MIA=73.05
  [8/36] gap=15.919552669552672 Df=2.00 Dr=75.05 MIA=66.86
  [9/36] gap=17.548761423761416 Df=0.00 Dr=74.79 MIA=69.48
  [10/36] gap=16.349867724867725 Df=4.00 Dr=75.31 MIA=70.41
  [11/36] gap=16.047318422318423 Df=2.00 Dr=74.36 MIA=66.55
  [12/36] gap=17.273328523328527 Df=2.00 Dr=76.06 MIA=71.93
  [13/36] gap=9.036195286195284 Df=22.00 Dr=76.34 MIA=67.50
  [14/36] gap=16.091991341991342 Df=2.00 Dr=74.75 MIA=67.07
  [15/36] gap=17.532527657527663 Df=4.00 Dr=75.52 MIA=74.16
  [16/36] gap=11.237433862433866 Df=12.00 Dr=75.76 MIA=63.52
  [17/36] gap=15.202320827320833 Df=2.00 Dr=75.43 MIA=65.09
  [18/36] gap=18.72763347763348 Df=0.00 Dr=76.63 MIA=74.86
  [19/36] gap=14.093314093314097 Df=6.00 Dr=75.64 MIA=65.96
  [20/36] gap=16.64405964405964 Df=2.00 Dr=75.56 MIA=69.54
  [21/36] gap=12.567821067821072 Df=6.00 Dr=78.14 MIA=63.89
  [22/36] gap=17.425986050986054 Df=2.00 Dr=75.19 MIA=71.52
  [23/36] gap=14.473665223665222 Df=2.00 Dr=75.96 MIA=63.43
  [24/36] gap=17.02525252525253 Df=2.00 Dr=78.63 MIA=73.75
  [25/36] gap=9.148027898027895 Df=20.00 Dr=76.22 MIA=65.71
  [26/36] gap=16.94877344877345 Df=2.00 Dr=76.14 MIA=71.04
  [27/36] gap=12.611652236652239 Df=6.00 Dr=77.78 MIA=63.66
  [28/36] gap=14.206469456469458 Df=12.00 Dr=76.40 MIA=73.07
  [29/36] gap=13.943061568061575 Df=4.00 Dr=77.21 MIA=65.09
  [30/36] gap=12.079004329004329 Df=6.00 Dr=78.93 MIA=63.21
  [31/36] gap=17.892075517075515 Df=2.00 Dr=76.22 MIA=73.95
  [32/36] gap=11.925565175565177 Df=6.00 Dr=77.82 MIA=61.64
  [33/36] gap=14.112073112073112 Df=14.00 Dr=79.15 MIA=77.54
  [34/36] gap=13.276334776334778 Df=2.00 Dr=76.44 MIA=60.32
  [35/36] gap=13.27290764790765 Df=6.00 Dr=78.69 MIA=66.55
  [36/36] gap=15.513407888407892 Df=6.00 Dr=79.39 MIA=73.98
final test: badteacher {'temperature': 4.0, 'epochs': 5, 'lr': 0.01}
  Df=20.00 Dr=79.29 MIA=69.46 time=11.88s KL=0.0024

unsir: 0/36 candidates complete
  [1/36] gap=29.02260702260703 Df=94.00 Dr=78.85 MIA=69.96
  [2/36] gap=24.854256854256857 Df=84.00 Dr=79.35 MIA=67.96
  [3/36] gap=30.27435064935065 Df=92.00 Dr=75.11 MIA=71.98
  [4/36] gap=20.674663299663298 Df=74.00 Dr=78.30 MIA=64.38
  [5/36] gap=26.75980038480039 Df=84.00 Dr=67.33 MIA=61.66
  [6/36] gap=14.418530543530546 Df=52.00 Dr=74.00 MIA=63.30
  [7/36] gap=29.184884559884562 Df=94.00 Dr=78.81 MIA=70.41
  [8/36] gap=23.251022126022132 Df=84.00 Dr=79.25 MIA=63.05
  [9/36] gap=29.553270803270795 Df=92.00 Dr=76.36 MIA=71.07
  [10/36] gap=24.548581048581042 Df=80.00 Dr=78.48 MIA=70.18
  [11/36] gap=21.252044252044254 Df=72.00 Dr=70.30 MIA=60.11
  [12/36] gap=15.017135642135635 Df=58.00 Dr=74.99 MIA=60.09
  [13/36] gap=28.47516835016835 Df=94.00 Dr=79.15 MIA=68.62
  [14/36] gap=25.62259499759499 Df=86.00 Dr=79.49 MIA=68.41
  [15/36] gap=30.5458152958153 Df=94.00 Dr=77.17 MIA=72.86
  [16/36] gap=24.528258778258778 Df=80.00 Dr=79.01 MIA=70.64
  [17/36] gap=21.504509379509376 Df=72.00 Dr=71.78 MIA=62.34
  [18/36] gap=18.085798460798458 Df=64.00 Dr=75.68 MIA=63.98
  [19/36] gap=29.871091871091874 Df=96.00 Dr=78.30 MIA=69.96
  [20/36] gap=23.465307840307844 Df=88.00 Dr=79.25 MIA=59.70
  [21/36] gap=30.63678451178451 Df=96.00 Dr=74.67 MIA=68.62
  [22/36] gap=24.07996632996633 Df=80.00 Dr=77.21 MIA=67.50
  [23/36] gap=28.98587061087061 Df=90.00 Dr=69.80 MIA=64.80
  [24/36] gap=16.2994227994228 Df=54.00 Dr=75.23 MIA=68.18
  [25/36] gap=29.06974506974508 Df=94.00 Dr=78.71 MIA=69.96
  [26/36] gap=26.224687349687354 Df=88.00 Dr=79.01 MIA=67.73
  [27/36] gap=30.734367484367482 Df=94.00 Dr=76.61 MIA=72.86
  [28/36] gap=25.06643819143819 Df=86.00 Dr=78.48 MIA=65.73
  [29/36] gap=24.75360750360751 Df=80.00 Dr=72.26 MIA=64.57
  [30/36] gap=16.386303511303513 Df=60.00 Dr=76.53 MIA=63.73
  [31/36] gap=28.329004329004334 Df=92.00 Dr=78.93 MIA=69.96
  [32/36] gap=24.549903799903802 Df=84.00 Dr=79.37 MIA=67.07
  [33/36] gap=29.2226430976431 Df=92.00 Dr=76.91 MIA=70.62
  [34/36] gap=23.546115921115916 Df=82.00 Dr=79.01 MIA=65.70
  [35/36] gap=21.288119288119287 Df=70.00 Dr=72.91 MIA=64.82
  [36/36] gap=19.09746272246272 Df=66.00 Dr=76.61 MIA=65.95
final test: unsir {'impair_epochs': 1, 'repair_epochs': 1, 'impair_lr': 0.01, 'repair_lr': 0.01}
  Df=72.00 Dr=78.71 MIA=59.09 time=3.88s KL=0.0022

scrub: 0/24 candidates complete
  [1/24] gap=22.380772005772013 Df=78.00 Dr=80.51 MIA=67.09
  [2/24] gap=22.40770803270804 Df=78.00 Dr=80.59 MIA=67.09
  [3/24] gap=22.353835978835985 Df=78.00 Dr=80.42 MIA=67.09
  [4/24] gap=22.422739297739298 Df=78.00 Dr=80.67 MIA=67.05
  [5/24] gap=22.046176046176054 Df=78.00 Dr=80.63 MIA=65.96
  [6/24] gap=22.73304473304474 Df=78.00 Dr=80.69 MIA=67.96
  [7/24] gap=22.682479557479564 Df=78.00 Dr=80.30 MIA=68.20
  [8/24] gap=23.62325637325638 Df=80.00 Dr=80.46 MIA=68.86
  [9/24] gap=22.17556517556518 Df=78.00 Dr=80.59 MIA=66.39
  [10/24] gap=21.675264550264558 Df=78.00 Dr=80.42 MIA=65.05
  [11/24] gap=22.512806637806637 Df=78.00 Dr=80.69 MIA=67.30
  [12/24] gap=23.010461760461766 Df=78.00 Dr=80.63 MIA=68.86
  [13/24] gap=21.99825637325638 Df=78.00 Dr=80.46 MIA=65.98
  [14/24] gap=23.14580327080328 Df=78.00 Dr=80.59 MIA=69.30
  [15/24] gap=21.152537277537288 Df=78.00 Dr=80.61 MIA=63.30
  [16/24] gap=23.03805916305917 Df=78.00 Dr=80.26 MIA=69.30
  [17/24] gap=23.067640692640698 Df=78.00 Dr=80.57 MIA=69.09
  [18/24] gap=22.414442039442047 Df=78.00 Dr=80.61 MIA=67.09
  [19/24] gap=23.2946127946128 Df=78.00 Dr=80.59 MIA=69.75
  [20/24] gap=22.601010101010104 Df=78.00 Dr=80.51 MIA=67.75
  [21/24] gap=22.661616161616166 Df=78.00 Dr=80.69 MIA=67.75
  [22/24] gap=22.75655363155364 Df=78.00 Dr=80.53 MIA=68.20
  [23/24] gap=23.085197210197208 Df=78.00 Dr=80.00 MIA=69.30
  [24/24] gap=21.298701298701307 Df=76.00 Dr=80.38 MIA=65.96
final test: scrub {'msteps': 3, 'lr': 0.005, 'epochs': 10, 'max_grad_norm': 5.0}
  Df=80.00 Dr=80.59 MIA=62.73 time=15.16s KL=0.0010

mmu: 0/96 candidates complete
  [1/96] gap=21.60119047619048 Df=78.00 Dr=80.20 MIA=65.05
  [2/96] gap=21.634860509860516 Df=78.00 Dr=80.30 MIA=65.05
  [3/96] gap=22.80856180856181 Df=80.00 Dr=80.48 MIA=66.39
  [4/96] gap=22.97083934583935 Df=80.00 Dr=80.53 MIA=66.84
  [5/96] gap=22.199855699855704 Df=78.00 Dr=80.44 MIA=66.61
  [6/96] gap=22.431998556998565 Df=78.00 Dr=80.44 MIA=67.30
  [7/96] gap=21.871212121212125 Df=78.00 Dr=80.57 MIA=65.50
  [8/96] gap=22.00655363155364 Df=78.00 Dr=80.53 MIA=65.95
  [9/96] gap=22.41853054353055 Df=78.00 Dr=80.40 MIA=67.30
  [10/96] gap=21.240740740740744 Df=74.00 Dr=80.42 MIA=67.75
  [11/96] gap=22.33706108706109 Df=78.00 Dr=80.61 MIA=66.86
  [12/96] gap=22.14862914862915 Df=78.00 Dr=80.51 MIA=66.39
  [13/96] gap=22.289923039923043 Df=78.00 Dr=80.46 MIA=66.86
  [14/96] gap=21.553391053391056 Df=78.00 Dr=80.51 MIA=64.61
  [15/96] gap=23.00372775372776 Df=78.00 Dr=80.61 MIA=68.86
  [16/96] gap=22.020021645021654 Df=78.00 Dr=80.57 MIA=65.95
  [17/96] gap=22.164622414622425 Df=78.00 Dr=80.30 MIA=66.64
  [18/96] gap=21.0717291967292 Df=74.00 Dr=80.36 MIA=67.30
  [19/96] gap=22.601010101010104 Df=80.00 Dr=80.51 MIA=65.75
  [20/96] gap=22.452200577200585 Df=78.00 Dr=80.51 MIA=67.30
  [21/96] gap=22.952501202501207 Df=78.00 Dr=80.67 MIA=68.64
  [22/96] gap=20.206589706589714 Df=76.00 Dr=80.46 MIA=62.61
  [23/96] gap=22.601010101010104 Df=78.00 Dr=80.51 MIA=67.75
  [24/96] gap=23.26767676767677 Df=78.00 Dr=80.51 MIA=69.75
  [25/96] gap=21.467712842712853 Df=78.00 Dr=80.44 MIA=64.41
  [26/96] gap=21.27441077441078 Df=74.00 Dr=80.53 MIA=67.75
  [27/96] gap=22.333633958633964 Df=80.00 Dr=80.36 MIA=65.09
  [28/96] gap=21.981481481481485 Df=78.00 Dr=80.65 MIA=65.75
  [29/96] gap=22.99777537277538 Df=80.00 Dr=80.61 MIA=66.84
  [30/96] gap=22.837361712361712 Df=78.00 Dr=80.77 MIA=68.20
  [31/96] gap=23.163359788359788 Df=80.00 Dr=80.42 MIA=67.52
  [32/96] gap=22.62794612794613 Df=78.00 Dr=80.59 MIA=67.75
  [33/96] gap=22.245430495430508 Df=78.00 Dr=80.55 MIA=66.64
  [34/96] gap=22.912097162097172 Df=80.00 Dr=80.55 MIA=66.64
  [35/96] gap=22.409271284271284 Df=78.00 Dr=80.63 MIA=67.05
  [36/96] gap=23.067640692640698 Df=78.00 Dr=80.57 MIA=69.09
  [37/96] gap=22.18151755651756 Df=78.00 Dr=80.59 MIA=66.41
  [38/96] gap=22.468314093314103 Df=78.00 Dr=80.77 MIA=67.09
  [39/96] gap=22.389069264069263 Df=78.00 Dr=80.57 MIA=67.05
  [40/96] gap=22.06715969215969 Df=78.00 Dr=80.71 MIA=65.95
  [41/96] gap=22.60774410774411 Df=78.00 Dr=80.53 MIA=67.75
  [42/96] gap=20.9390331890332 Df=74.00 Dr=80.63 MIA=66.64
  [43/96] gap=22.85491822991823 Df=78.00 Dr=80.61 MIA=68.41
  [44/96] gap=22.41600529100529 Df=78.00 Dr=80.65 MIA=67.05
  [45/96] gap=22.225228475228477 Df=76.00 Dr=80.48 MIA=68.64
  [46/96] gap=21.677128427128434 Df=76.00 Dr=80.63 MIA=66.86
  [47/96] gap=22.729617604617612 Df=78.00 Dr=80.44 MIA=68.20
  [48/96] gap=22.4656685906686 Df=78.00 Dr=80.55 MIA=67.30
  [49/96] gap=22.65488215488216 Df=78.00 Dr=80.67 MIA=67.75
  [50/96] gap=19.40975228475229 Df=70.00 Dr=80.48 MIA=66.20
  [51/96] gap=22.932299182299186 Df=78.00 Dr=80.61 MIA=68.64
  [52/96] gap=21.17947330447331 Df=72.00 Dr=80.69 MIA=69.30
  [53/96] gap=22.211760461760463 Df=76.00 Dr=80.44 MIA=68.64
  [54/96] gap=21.152537277537284 Df=74.00 Dr=80.61 MIA=67.30
  [55/96] gap=23.193602693602696 Df=80.00 Dr=80.28 MIA=67.75
  [56/96] gap=21.941077441077443 Df=76.00 Dr=80.53 MIA=67.75
  [57/96] gap=20.130291005291017 Df=74.00 Dr=80.65 MIA=64.20
  [58/96] gap=19.114778739778746 Df=70.00 Dr=80.71 MIA=65.09
  [59/96] gap=21.339105339105345 Df=76.00 Dr=80.51 MIA=65.96
  [60/96] gap=18.493386243386247 Df=66.00 Dr=80.65 MIA=67.29
  [61/96] gap=21.603054353054358 Df=74.00 Dr=80.40 MIA=68.86
  [62/96] gap=20.98352573352574 Df=74.00 Dr=80.55 MIA=66.86
  [63/96] gap=20.591630591630594 Df=74.00 Dr=80.14 MIA=65.96
  [64/96] gap=20.89862914862916 Df=74.00 Dr=80.51 MIA=66.64
  [65/96] gap=23.00030062530063 Df=78.00 Dr=80.36 MIA=69.09
  [66/96] gap=21.646765271765275 Df=78.00 Dr=80.30 MIA=65.09
  [67/96] gap=22.794312169312168 Df=78.00 Dr=80.42 MIA=68.41
  [68/96] gap=21.999037999038006 Df=76.00 Dr=80.48 MIA=67.96
  [69/96] gap=22.374037999038006 Df=78.00 Dr=80.48 MIA=67.09
  [70/96] gap=22.367303992304 Df=78.00 Dr=80.46 MIA=67.09
  [71/96] gap=21.911616161616166 Df=78.00 Dr=80.69 MIA=65.50
  [72/96] gap=21.891414141414145 Df=78.00 Dr=80.63 MIA=65.50
  [73/96] gap=22.269721019721022 Df=78.00 Dr=80.40 MIA=66.86
  [74/96] gap=18.34036796536797 Df=68.00 Dr=80.38 MIA=65.09
  [75/96] gap=22.37139249639249 Df=78.00 Dr=80.14 MIA=67.30
  [76/96] gap=20.787578162578164 Df=72.00 Dr=80.40 MIA=68.41
  [77/96] gap=22.252164502164504 Df=76.00 Dr=80.57 MIA=68.64
  [78/96] gap=19.73839586339587 Df=70.00 Dr=80.36 MIA=67.30
  [79/96] gap=21.380291005291014 Df=74.00 Dr=80.65 MIA=67.95
  [80/96] gap=20.472402597402603 Df=72.00 Dr=80.57 MIA=67.30
  [81/96] gap=21.650192400192406 Df=74.00 Dr=80.55 MIA=68.86
  [82/96] gap=19.407106782106784 Df=68.00 Dr=80.26 MIA=68.41
  [83/96] gap=20.669011544011546 Df=74.00 Dr=80.26 MIA=66.20
  [84/96] gap=19.349146224146228 Df=70.00 Dr=80.30 MIA=66.20
  [85/96] gap=22.23869648869649 Df=76.00 Dr=80.53 MIA=68.64
  [86/96] gap=19.55182780182781 Df=70.00 Dr=80.46 MIA=66.64
  [87/96] gap=21.812469937469945 Df=76.00 Dr=80.59 MIA=67.30
  [88/96] gap=20.08315295815296 Df=70.00 Dr=80.51 MIA=68.20
  [89/96] gap=22.22931697931698 Df=74.00 Dr=80.12 MIA=70.86
  [90/96] gap=15.596320346320349 Df=62.00 Dr=80.38 MIA=62.86
  [91/96] gap=20.533670033670035 Df=76.00 Dr=80.30 MIA=63.75
  [92/96] gap=16.30747955747956 Df=62.00 Dr=80.30 MIA=65.07
  [93/96] gap=22.533670033670035 Df=74.00 Dr=80.30 MIA=71.75
  [94/96] gap=18.452200577200582 Df=64.00 Dr=80.51 MIA=69.30
  [95/96] gap=22.537097162097165 Df=76.00 Dr=80.55 MIA=69.52
  [96/96] gap=19.283790283790285 Df=66.00 Dr=80.77 MIA=69.54
final test: mmu {'msteps': 3, 'lr': 0.005, 'epochs': 5, 'head_mode': 'independent', 'weighting': 'normalised', 'max_grad_norm': 5.0}
  Df=66.00 Dr=80.79 MIA=65.04 time=7.50s KL=0.0016

salun: 0/45 candidates complete
  [1/45] gap=13.871993746993743 Df=46.00 Dr=75.82 MIA=69.48
  [2/45] gap=9.4510582010582 Df=30.00 Dr=75.31 MIA=71.71
  [3/45] gap=10.449675324675322 Df=42.00 Dr=75.66 MIA=63.05
  [4/45] gap=9.193061568061568 Df=34.00 Dr=73.21 MIA=64.84
  [5/45] gap=10.115620490620492 Df=36.00 Dr=72.44 MIA=64.84
  [6/45] gap=8.943121693121695 Df=28.00 Dr=71.98 MIA=68.86
  [7/45] gap=13.150132275132279 Df=16.00 Dr=67.09 MIA=64.59
  [8/45] gap=12.464706589706594 Df=18.00 Dr=67.58 MIA=65.02
  [9/45] gap=13.231481481481481 Df=12.00 Dr=69.76 MIA=63.50
  [10/45] gap=13.824855699855695 Df=44.00 Dr=75.96 MIA=71.48
  [11/45] gap=9.088744588744587 Df=28.00 Dr=75.29 MIA=72.61
  [12/45] gap=10.100829725829723 Df=40.00 Dr=75.60 MIA=63.95
  [13/45] gap=6.981421356421351 Df=32.00 Dr=72.99 MIA=59.98
  [14/45] gap=6.8181818181818175 Df=28.00 Dr=72.75 MIA=63.25
  [15/45] gap=7.758597883597887 Df=24.00 Dr=71.98 MIA=61.30
  [16/45] gap=13.508898508898511 Df=18.00 Dr=65.82 MIA=66.39
  [17/45] gap=14.414682539682545 Df=18.00 Dr=68.87 MIA=72.16
  [18/45] gap=9.820887445887442 Df=18.00 Dr=71.29 MIA=60.80
  [19/45] gap=13.68951418951419 Df=44.00 Dr=75.92 MIA=71.04
  [20/45] gap=9.69480519480519 Df=30.00 Dr=75.47 MIA=72.61
  [21/45] gap=10.463143338143336 Df=42.00 Dr=75.62 MIA=63.05
  [22/45] gap=9.20929533429533 Df=34.00 Dr=72.48 MIA=64.16
  [23/45] gap=9.86580086580086 Df=36.00 Dr=72.75 MIA=64.39
  [24/45] gap=9.642255892255891 Df=30.00 Dr=72.53 MIA=69.50
  [25/45] gap=13.214826839826841 Df=22.00 Dr=67.11 MIA=70.80
  [26/45] gap=12.479377104377107 Df=22.00 Dr=68.89 MIA=70.38
  [27/45] gap=12.206589706589705 Df=16.00 Dr=71.94 MIA=66.61
  [28/45] gap=13.993867243867243 Df=44.00 Dr=75.90 MIA=71.93
  [29/45] gap=8.659090909090908 Df=30.00 Dr=75.47 MIA=69.50
  [30/45] gap=10.605218855218853 Df=42.00 Dr=75.64 MIA=63.50
  [31/45] gap=11.172198172198165 Df=40.00 Dr=72.83 MIA=64.39
  [32/45] gap=8.049723424723421 Df=30.00 Dr=73.07 MIA=65.27
  [33/45] gap=9.029461279461282 Df=26.00 Dr=72.36 MIA=67.50
  [34/45] gap=11.760161135161136 Df=22.00 Dr=67.94 MIA=67.27
  [35/45] gap=14.376382876382882 Df=16.00 Dr=69.86 MIA=71.04
  [36/45] gap=11.453162578162582 Df=16.00 Dr=72.18 MIA=64.59
  [37/45] gap=13.354136604136604 Df=44.00 Dr=75.82 MIA=69.93
  [38/45] gap=9.3459595959596 Df=30.00 Dr=75.41 MIA=71.50
  [39/45] gap=10.243686868686867 Df=40.00 Dr=75.60 MIA=64.38
  [40/45] gap=10.685786435786435 Df=36.00 Dr=72.32 MIA=66.43
  [41/45] gap=8.457070707070704 Df=32.00 Dr=72.08 MIA=63.50
  [42/45] gap=8.78968253968254 Df=26.00 Dr=72.87 MIA=67.29
  [43/45] gap=10.544071669071668 Df=26.00 Dr=68.91 MIA=68.59
  [44/45] gap=10.995129870129873 Df=26.00 Dr=70.02 MIA=71.05
  [45/45] gap=12.448773448773446 Df=18.00 Dr=72.14 MIA=69.54
final test: salun {'sparsity': 0.3, 'lr': 0.0001, 'epochs': 3}
  Df=38.00 Dr=76.53 MIA=65.69 time=7.64s KL=0.0023

uniclun: 0/27 candidates complete
  [1/27] gap=14.428150553150553 Df=46.00 Dr=76.83 MIA=72.16
  [2/27] gap=14.428150553150553 Df=46.00 Dr=76.83 MIA=72.16
  [3/27] gap=14.428150553150553 Df=46.00 Dr=76.83 MIA=72.16
  [4/27] gap=12.040103415103408 Df=44.00 Dr=76.24 MIA=66.41
  [5/27] gap=12.040103415103408 Df=44.00 Dr=76.24 MIA=66.41
  [6/27] gap=12.040103415103408 Df=44.00 Dr=76.24 MIA=66.41
  [7/27] gap=11.063672438672441 Df=46.00 Dr=75.17 MIA=60.41
  [8/27] gap=11.063672438672441 Df=46.00 Dr=75.17 MIA=60.41
  [9/27] gap=11.063672438672441 Df=46.00 Dr=75.17 MIA=60.41
  [10/27] gap=11.783549783549782 Df=42.00 Dr=74.57 MIA=65.96
  [11/27] gap=11.783549783549782 Df=42.00 Dr=74.57 MIA=65.96
  [12/27] gap=11.783549783549782 Df=42.00 Dr=74.57 MIA=65.96
  [13/27] gap=12.597703222703222 Df=42.00 Dr=73.68 MIA=67.52
  [14/27] gap=12.597703222703222 Df=42.00 Dr=73.68 MIA=67.52
  [15/27] gap=12.597703222703222 Df=42.00 Dr=73.68 MIA=67.52
  [16/27] gap=10.588203463203461 Df=34.00 Dr=72.38 MIA=68.20
  [17/27] gap=10.588203463203461 Df=34.00 Dr=72.38 MIA=68.20
  [18/27] gap=10.588203463203461 Df=34.00 Dr=72.38 MIA=68.20
  [19/27] gap=9.506373256373264 Df=28.00 Dr=71.58 MIA=70.14
  [20/27] gap=9.506373256373264 Df=28.00 Dr=71.58 MIA=70.14
  [21/27] gap=9.506373256373264 Df=28.00 Dr=71.58 MIA=70.14
  [22/27] gap=9.861832611832613 Df=30.00 Dr=72.08 MIA=69.71
  [23/27] gap=9.861832611832613 Df=30.00 Dr=72.08 MIA=69.71
  [24/27] gap=9.861832611832613 Df=30.00 Dr=72.08 MIA=69.71
  [25/27] gap=11.148569023569019 Df=34.00 Dr=73.13 MIA=70.62
  [26/27] gap=11.148569023569019 Df=34.00 Dr=73.13 MIA=70.62
  [27/27] gap=11.148569023569019 Df=34.00 Dr=73.13 MIA=70.62
final test: uniclun {'lr': 0.0001, 'epochs': 3, 'buffer_size': 250}
  Df=46.00 Dr=77.65 MIA=66.13 time=6.31s KL=0.0023

