loaded shared source and Amnesiac ledger
loaded shared Retrain reference
final test: baseline {}
  Df=70.00 Dr=70.90 MIA=70.40 time=0.00s KL=0.0053
final test: retrain {}
  Df=0.00 Dr=70.51 MIA=52.92 time=1225.53s KL=0.0000
final test: amnesiac {}
  Df=0.00 Dr=1.30 MIA=50.00 time=0.00s KL=0.2603

finetune: 0/12 candidates complete
  [1/12] gap=26.773268398268396 Df=64.00 Dr=69.07 MIA=68.88
  [2/12] gap=19.586219336219333 Df=48.00 Dr=68.83 MIA=63.07
  [3/12] gap=22.248677248677243 Df=54.00 Dr=69.09 MIA=65.32
  [4/12] gap=16.86147186147186 Df=36.00 Dr=69.25 MIA=67.32
  [5/12] gap=8.68265993265993 Df=14.00 Dr=64.18 MIA=59.71
  [6/12] gap=4.097462722462718 Df=0.00 Dr=62.38 MIA=58.16
  [7/12] gap=3.449915824915822 Df=0.00 Dr=64.51 MIA=58.34
  [8/12] gap=5.826238576238576 Df=0.00 Dr=63.39 MIA=64.36
  [9/12] gap=11.410293410293411 Df=0.00 Dr=38.61 MIA=56.32
  [10/12] gap=6.144540644540643 Df=0.00 Dr=55.47 MIA=57.39
  [11/12] gap=9.394600769600771 Df=0.00 Dr=58.24 MIA=37.02
  [12/12] gap=5.134620009620003 Df=0.00 Dr=62.81 MIA=61.70
final test: finetune {'lr': 0.0001, 'epochs': 10}
  Df=32.00 Dr=70.47 MIA=71.90 time=87.48s KL=0.0050

ssd: 0/25 candidates complete
  [1/25] gap=21.951178451178453 Df=4.00 Dr=8.63 MIA=52.96
  [2/25] gap=21.38744588744589 Df=10.00 Dr=18.89 MIA=50.39
  [3/25] gap=18.195286195286197 Df=24.00 Dr=43.39 MIA=49.46
  [4/25] gap=9.772486772486772 Df=18.00 Dr=69.09 MIA=43.04
  [5/25] gap=6.608345358345356 Df=14.00 Dr=69.33 MIA=58.64
  [6/25] gap=14.519059644059647 Df=34.00 Dr=67.33 MIA=46.55
  [7/25] gap=15.462361712361718 Df=34.00 Dr=67.41 MIA=43.64
  [8/25] gap=14.390331890331892 Df=32.00 Dr=67.74 MIA=44.54
  [9/25] gap=9.772486772486772 Df=18.00 Dr=69.09 MIA=43.04
  [10/25] gap=6.608345358345356 Df=14.00 Dr=69.33 MIA=58.64
  [11/25] gap=10.59656084656085 Df=18.00 Dr=68.87 MIA=40.79
  [12/25] gap=11.178330928330931 Df=18.00 Dr=68.91 MIA=39.00
  [13/25] gap=11.482683982683985 Df=18.00 Dr=68.89 MIA=38.11
  [14/25] gap=7.0364357864357885 Df=10.00 Dr=69.19 MIA=43.14
  [15/25] gap=6.608345358345356 Df=14.00 Dr=69.33 MIA=58.64
  [16/25] gap=8.0251924001924 Df=12.00 Dr=69.64 MIA=65.20
  [17/25] gap=8.0251924001924 Df=12.00 Dr=69.64 MIA=65.20
  [18/25] gap=8.31607744107744 Df=12.00 Dr=69.66 MIA=66.09
  [19/25] gap=8.458152958152956 Df=14.00 Dr=69.68 MIA=64.54
  [20/25] gap=7.124819624819622 Df=14.00 Dr=69.68 MIA=60.54
  [21/25] gap=8.796356421356421 Df=16.00 Dr=69.86 MIA=63.73
  [22/25] gap=8.796356421356421 Df=16.00 Dr=69.86 MIA=63.73
  [23/25] gap=8.796356421356421 Df=16.00 Dr=69.86 MIA=63.73
  [24/25] gap=9.463023088023087 Df=18.00 Dr=69.86 MIA=63.73
  [25/25] gap=10.796356421356421 Df=22.00 Dr=69.86 MIA=63.73
final test: ssd {'alpha': 10.0, 'dampening_constant': 5.0}
  Df=15.00 Dr=70.55 MIA=42.81 time=9.88s KL=0.0055

badteacher: 0/36 candidates complete
  [1/36] gap=7.799843674843672 Df=14.00 Dr=66.38 MIA=59.27
  [2/36] gap=5.9349446849446865 Df=0.00 Dr=65.35 MIA=66.64
  [3/36] gap=6.96284271284271 Df=2.00 Dr=63.56 MIA=65.93
  [4/36] gap=6.444865319865319 Df=6.00 Dr=66.02 MIA=62.84
  [5/36] gap=4.569624819624816 Df=2.00 Dr=64.95 MIA=60.14
  [6/36] gap=5.794973544973544 Df=2.00 Dr=62.20 MIA=61.07
  [7/36] gap=3.698292448292444 Df=4.00 Dr=65.78 MIA=56.36
  [8/36] gap=6.1587301587301555 Df=2.00 Dr=64.65 MIA=64.61
  [9/36] gap=4.033429533429531 Df=0.00 Dr=62.81 MIA=58.39
  [10/36] gap=6.660113035113032 Df=2.00 Dr=66.30 MIA=67.77
  [11/36] gap=7.603775853775851 Df=2.00 Dr=62.99 MIA=67.29
  [12/36] gap=4.908189033189029 Df=0.00 Dr=63.74 MIA=61.95
  [13/36] gap=7.119708994708991 Df=12.00 Dr=66.42 MIA=59.27
  [14/36] gap=3.3023088023088008 Df=2.00 Dr=65.86 MIA=57.25
  [15/36] gap=5.297438672438669 Df=2.00 Dr=65.68 MIA=63.05
  [16/36] gap=5.360149110149105 Df=6.00 Dr=66.36 MIA=59.93
  [17/36] gap=5.477272727272724 Df=2.00 Dr=65.80 MIA=63.71
  [18/36] gap=4.443542568542564 Df=0.00 Dr=65.13 MIA=61.95
  [19/36] gap=6.799543049543047 Df=2.00 Dr=66.55 MIA=68.43
  [20/36] gap=5.463804713804715 Df=2.00 Dr=65.84 MIA=63.71
  [21/36] gap=5.1829605579605555 Df=0.00 Dr=66.02 MIA=65.05
  [22/36] gap=3.857804232804232 Df=2.00 Dr=66.42 MIA=59.48
  [23/36] gap=6.957972582972583 Df=2.00 Dr=65.37 MIA=67.73
  [24/36] gap=6.993506493506487 Df=0.00 Dr=67.07 MIA=71.54
  [25/36] gap=8.20244107744108 Df=12.00 Dr=66.75 MIA=62.84
  [26/36] gap=4.015452140452138 Df=2.00 Dr=67.27 MIA=60.80
  [27/36] gap=6.659571909571909 Df=2.00 Dr=67.39 MIA=68.86
  [28/36] gap=5.019360269360267 Df=4.00 Dr=67.17 MIA=61.71
  [29/36] gap=6.368686868686869 Df=2.00 Dr=67.37 MIA=67.96
  [30/36] gap=5.483225108225104 Df=0.00 Dr=67.80 MIA=67.73
  [31/36] gap=3.944684944684937 Df=4.00 Dr=67.72 MIA=59.04
  [32/36] gap=6.578763828763826 Df=2.00 Dr=67.64 MIA=68.86
  [33/36] gap=6.650192400192395 Df=0.00 Dr=67.64 MIA=71.07
  [34/36] gap=4.499518999518993 Df=2.00 Dr=67.84 MIA=62.82
  [35/36] gap=6.059042809042803 Df=2.00 Dr=67.84 MIA=67.50
  [36/36] gap=7.1040163540163475 Df=0.00 Dr=68.06 MIA=72.86
final test: badteacher {'temperature': 4.0, 'epochs': 10, 'lr': 0.01}
  Df=0.00 Dr=69.55 MIA=77.40 time=20.77s KL=0.0053

unsir: 0/36 candidates complete
  [1/36] gap=34.439333814333814 Df=88.00 Dr=67.39 MIA=66.20
  [2/36] gap=25.283850408850412 Df=64.00 Dr=68.18 MIA=63.52
  [3/36] gap=29.020562770562766 Df=74.00 Dr=64.53 MIA=61.07
  [4/36] gap=13.797739297739296 Df=32.00 Dr=67.52 MIA=60.39
  [5/36] gap=15.952861952861957 Df=26.00 Dr=58.12 MIA=43.46
  [6/36] gap=5.580808080808079 Df=4.00 Dr=63.74 MIA=59.96
  [7/36] gap=31.52020202020202 Df=82.00 Dr=67.92 MIA=63.96
  [8/36] gap=28.19757094757095 Df=70.00 Dr=68.57 MIA=66.64
  [9/36] gap=28.839405964405966 Df=74.00 Dr=65.52 MIA=61.52
  [10/36] gap=14.53980278980279 Df=34.00 Dr=68.18 MIA=61.29
  [11/36] gap=11.738696488696492 Df=16.00 Dr=59.66 MIA=44.57
  [12/36] gap=4.2655723905723875 Df=4.00 Dr=64.81 MIA=57.09
  [13/36] gap=30.627224627224624 Df=78.00 Dr=68.38 MIA=65.75
  [14/36] gap=26.569925444925445 Df=64.00 Dr=68.79 MIA=67.98
  [15/36] gap=29.556517556517548 Df=74.00 Dr=65.60 MIA=63.75
  [16/36] gap=16.916125541125542 Df=38.00 Dr=67.07 MIA=63.30
  [17/36] gap=8.608465608465607 Df=12.00 Dr=60.87 MIA=58.18
  [18/36] gap=4.609126984126981 Df=4.00 Dr=65.31 MIA=58.62
  [19/36] gap=32.95310245310245 Df=84.00 Dr=67.19 MIA=65.54
  [20/36] gap=27.388167388167385 Df=70.00 Dr=68.10 MIA=63.75
  [21/36] gap=29.370490620490617 Df=74.00 Dr=64.40 MIA=62.00
  [22/36] gap=17.12632275132275 Df=42.00 Dr=66.87 MIA=59.73
  [23/36] gap=13.59758297258297 Df=28.00 Dr=59.92 MIA=56.20
  [24/36] gap=2.061087061087067 Df=0.00 Dr=63.94 MIA=53.32
  [25/36] gap=30.78210678210678 Df=78.00 Dr=67.92 MIA=65.75
  [26/36] gap=28.000180375180378 Df=66.00 Dr=68.28 MIA=69.77
  [27/36] gap=29.053992303992302 Df=74.00 Dr=65.35 MIA=62.00
  [28/36] gap=17.553210678210675 Df=38.00 Dr=67.37 MIA=65.52
  [29/36] gap=11.254810004810006 Df=22.00 Dr=61.39 MIA=56.64
  [30/36] gap=3.335618085618085 Df=0.00 Dr=65.15 MIA=58.64
  [31/36] gap=29.899290524290524 Df=76.00 Dr=68.12 MIA=65.30
  [32/36] gap=26.215788840788836 Df=66.00 Dr=69.17 MIA=65.30
  [33/36] gap=27.437830687830683 Df=70.00 Dr=66.20 MIA=62.00
  [34/36] gap=14.718975468975463 Df=36.00 Dr=67.86 MIA=59.50
  [35/36] gap=8.332251082251084 Df=12.00 Dr=62.16 MIA=58.64
  [36/36] gap=1.6136964886964833 Df=0.00 Dr=65.66 MIA=53.98
final test: unsir {'impair_epochs': 1, 'repair_epochs': 2, 'impair_lr': 0.01, 'repair_lr': 0.01}
  Df=33.00 Dr=69.86 MIA=64.71 time=4.63s KL=0.0057

scrub: 0/24 candidates complete
  [1/24] gap=26.625781625781624 Df=64.00 Dr=69.96 MIA=69.32
  [2/24] gap=27.129509379509376 Df=66.00 Dr=69.56 MIA=68.43
  [3/24] gap=26.091149591149588 Df=64.00 Dr=69.78 MIA=67.54
  [4/24] gap=28.07359307359307 Df=68.00 Dr=69.62 MIA=69.32
  [5/24] gap=26.94702982202982 Df=66.00 Dr=69.66 MIA=67.98
  [6/24] gap=28.45941558441558 Df=68.00 Dr=69.80 MIA=70.66
  [7/24] gap=27.291786916786915 Df=66.00 Dr=69.52 MIA=68.88
  [8/24] gap=28.44594757094757 Df=68.00 Dr=69.84 MIA=70.66
  [9/24] gap=27.738876863876865 Df=66.00 Dr=69.96 MIA=70.66
  [10/24] gap=27.150372775372773 Df=66.00 Dr=69.94 MIA=68.88
  [11/24] gap=26.466149591149588 Df=64.00 Dr=69.78 MIA=68.66
  [12/24] gap=27.299182299182295 Df=66.00 Dr=70.02 MIA=69.32
  [13/24] gap=27.18668831168831 Df=64.00 Dr=69.62 MIA=70.66
  [14/24] gap=27.410233285233286 Df=66.00 Dr=69.84 MIA=69.55
  [15/24] gap=26.973965848965847 Df=66.00 Dr=69.58 MIA=67.98
  [16/24] gap=28.05669793169793 Df=66.00 Dr=69.90 MIA=71.55
  [17/24] gap=27.163840788840787 Df=66.00 Dr=69.90 MIA=68.88
  [18/24] gap=27.09583934583934 Df=66.00 Dr=69.66 MIA=68.43
  [19/24] gap=23.00907888407888 Df=58.00 Dr=69.90 MIA=64.41
  [20/24] gap=26.051527176527173 Df=66.00 Dr=69.88 MIA=65.52
  [21/24] gap=21.648809523809522 Df=54.00 Dr=69.98 MIA=64.41
  [22/24] gap=27.95238095238095 Df=68.00 Dr=69.98 MIA=69.32
  [23/24] gap=12.892496392496392 Df=24.00 Dr=69.37 MIA=67.54
  [24/24] gap=28.84535834535834 Df=70.00 Dr=69.52 MIA=69.54
final test: scrub {'msteps': 3, 'lr': 0.005, 'epochs': 5, 'max_grad_norm': 5.0}
  Df=27.00 Dr=70.85 MIA=66.58 time=7.41s KL=0.0066

mmu: 0/96 candidates complete
  [1/96] gap=27.613696488696487 Df=68.00 Dr=69.66 MIA=67.98
  [2/96] gap=27.816378066378064 Df=68.00 Dr=69.49 MIA=68.43
  [3/96] gap=27.248737373737374 Df=68.00 Dr=69.86 MIA=67.09
  [4/96] gap=27.208333333333332 Df=68.00 Dr=69.98 MIA=67.09
  [5/96] gap=27.532888407888407 Df=68.00 Dr=70.06 MIA=67.98
  [6/96] gap=27.55982443482443 Df=68.00 Dr=69.82 MIA=67.98
  [7/96] gap=26.906625781625777 Df=66.00 Dr=69.78 MIA=67.98
  [8/96] gap=27.048701298701292 Df=66.00 Dr=69.80 MIA=68.43
  [9/96] gap=27.60696248196248 Df=68.00 Dr=69.68 MIA=67.98
  [10/96] gap=26.429172679172677 Df=64.00 Dr=69.66 MIA=68.43
  [11/96] gap=27.132816257816256 Df=64.00 Dr=69.78 MIA=70.66
  [12/96] gap=26.916666666666668 Df=64.00 Dr=69.98 MIA=70.21
  [13/96] gap=27.884379509379503 Df=68.00 Dr=69.74 MIA=68.88
  [14/96] gap=26.064213564213564 Df=64.00 Dr=69.86 MIA=67.54
  [15/96] gap=27.75234487734488 Df=66.00 Dr=69.92 MIA=70.66
  [16/96] gap=26.724146224146224 Df=66.00 Dr=69.88 MIA=67.54
  [17/96] gap=27.322811447811446 Df=68.00 Dr=69.64 MIA=67.09
  [18/96] gap=25.81703944203944 Df=62.00 Dr=70.02 MIA=68.88
  [19/96] gap=27.447991822991824 Df=66.00 Dr=70.02 MIA=69.77
  [20/96] gap=26.801527176527177 Df=64.00 Dr=69.88 MIA=69.77
  [21/96] gap=28.046657046657042 Df=68.00 Dr=69.70 MIA=69.32
  [22/96] gap=26.064213564213564 Df=64.00 Dr=69.86 MIA=67.54
  [23/96] gap=27.657407407407405 Df=66.00 Dr=69.76 MIA=70.21
  [24/96] gap=27.732142857142858 Df=66.00 Dr=69.98 MIA=70.66
  [25/96] gap=27.38263588263588 Df=66.00 Dr=69.47 MIA=69.11
  [26/96] gap=4.163359788359784 Df=2.00 Dr=69.76 MIA=63.73
  [27/96] gap=28.5738936988937 Df=68.00 Dr=69.45 MIA=70.66
  [28/96] gap=16.97132034632034 Df=38.00 Dr=69.80 MIA=66.20
  [29/96] gap=25.59770322270322 Df=68.00 Dr=69.45 MIA=61.73
  [30/96] gap=18.265031265031265 Df=44.00 Dr=69.90 MIA=64.18
  [31/96] gap=27.718013468013467 Df=66.00 Dr=69.58 MIA=70.21
  [32/96] gap=24.923400673400675 Df=58.00 Dr=69.96 MIA=70.21
  [33/96] gap=27.688431938431936 Df=68.00 Dr=69.88 MIA=68.43
  [34/96] gap=27.12277537277537 Df=66.00 Dr=69.58 MIA=68.43
  [35/96] gap=26.994829244829244 Df=66.00 Dr=70.00 MIA=68.43
  [36/96] gap=27.143638768638766 Df=66.00 Dr=70.00 MIA=68.88
  [37/96] gap=26.994829244829244 Df=66.00 Dr=69.96 MIA=68.43
  [38/96] gap=27.830507455507455 Df=68.00 Dr=70.06 MIA=68.88
  [39/96] gap=27.02849927849928 Df=66.00 Dr=69.86 MIA=68.43
  [40/96] gap=27.068903318903313 Df=66.00 Dr=69.74 MIA=68.43
  [41/96] gap=26.37530062530062 Df=64.00 Dr=69.82 MIA=68.43
  [42/96] gap=23.823773448773448 Df=56.00 Dr=69.92 MIA=68.88
  [43/96] gap=27.623737373737374 Df=66.00 Dr=70.10 MIA=70.21
  [44/96] gap=24.703944203944204 Df=60.00 Dr=69.94 MIA=67.54
  [45/96] gap=26.73761423761424 Df=66.00 Dr=69.84 MIA=67.54
  [46/96] gap=24.568602693602696 Df=60.00 Dr=69.90 MIA=67.09
  [47/96] gap=27.31265031265031 Df=66.00 Dr=69.90 MIA=69.32
  [48/96] gap=26.4769721019721 Df=64.00 Dr=69.96 MIA=68.88
  [49/96] gap=26.077681577681574 Df=64.00 Dr=69.82 MIA=67.54
  [50/96] gap=15.242003367003369 Df=32.00 Dr=69.88 MIA=67.09
  [51/96] gap=24.613876863876857 Df=66.00 Dr=70.00 MIA=61.29
  [52/96] gap=19.506734006734007 Df=46.00 Dr=70.00 MIA=65.96
  [53/96] gap=27.357142857142858 Df=68.00 Dr=69.98 MIA=67.54
  [54/96] gap=19.228535353535353 Df=44.00 Dr=69.92 MIA=67.09
  [55/96] gap=27.00156325156325 Df=66.00 Dr=70.02 MIA=68.43
  [56/96] gap=24.29040404040404 Df=58.00 Dr=70.10 MIA=68.21
  [57/96] gap=28.03926166426166 Df=68.00 Dr=69.27 MIA=68.88
  [58/96] gap=5.695165945165944 Df=0.00 Dr=69.86 MIA=70.43
  [59/96] gap=26.706709956709954 Df=68.00 Dr=69.25 MIA=64.86
  [60/96] gap=4.788059163059164 Df=0.00 Dr=70.04 MIA=67.77
  [61/96] gap=25.959235209235207 Df=66.00 Dr=69.49 MIA=64.86
  [62/96] gap=4.801527176527178 Df=0.00 Dr=70.08 MIA=67.77
  [63/96] gap=28.68229918229918 Df=68.00 Dr=69.58 MIA=71.11
  [64/96] gap=4.914923039923035 Df=6.00 Dr=70.24 MIA=61.95
  [65/96] gap=27.79948292448292 Df=66.00 Dr=69.78 MIA=70.66
  [66/96] gap=26.544312169312164 Df=64.00 Dr=69.76 MIA=68.88
  [67/96] gap=27.728835978835974 Df=68.00 Dr=69.76 MIA=68.43
  [68/96] gap=27.857443482443475 Df=68.00 Dr=69.82 MIA=68.88
  [69/96] gap=27.668229918229915 Df=68.00 Dr=70.02 MIA=68.43
  [70/96] gap=27.353054353054347 Df=66.00 Dr=69.78 MIA=69.32
  [71/96] gap=27.97258297258297 Df=68.00 Dr=70.04 MIA=69.32
  [72/96] gap=27.66149591149591 Df=68.00 Dr=70.00 MIA=68.43
  [73/96] gap=24.114658489658495 Df=56.00 Dr=69.94 MIA=69.77
  [74/96] gap=19.928872053872052 Df=44.00 Dr=69.82 MIA=69.09
  [75/96] gap=26.84601972101972 Df=66.00 Dr=70.00 MIA=67.98
  [76/96] gap=22.537578162578157 Df=52.00 Dr=69.78 MIA=68.88
  [77/96] gap=27.519420394420393 Df=68.00 Dr=70.02 MIA=67.98
  [78/96] gap=21.66149591149591 Df=50.00 Dr=69.96 MIA=68.43
  [79/96] gap=27.305916305916302 Df=66.00 Dr=70.04 MIA=69.32
  [80/96] gap=24.012987012987008 Df=56.00 Dr=69.80 MIA=69.32
  [81/96] gap=24.097883597883595 Df=56.00 Dr=69.76 MIA=69.54
  [82/96] gap=5.391594516594513 Df=4.00 Dr=69.86 MIA=65.52
  [83/96] gap=26.291185666185665 Df=66.00 Dr=69.84 MIA=66.20
  [84/96] gap=9.107443482443477 Df=16.00 Dr=69.82 MIA=64.62
  [85/96] gap=26.745129870129862 Df=68.00 Dr=69.80 MIA=65.52
  [86/96] gap=10.453463203463196 Df=16.00 Dr=69.80 MIA=68.64
  [87/96] gap=27.83724146224146 Df=68.00 Dr=69.88 MIA=68.88
  [88/96] gap=19.89520202020202 Df=46.00 Dr=70.04 MIA=67.09
  [89/96] gap=14.963924963924962 Df=30.00 Dr=69.37 MIA=67.75
  [90/96] gap=6.0919312169312105 Df=0.00 Dr=69.76 MIA=71.52
  [91/96] gap=24.804954304954293 Df=58.00 Dr=69.64 MIA=69.54
  [92/96] gap=4.476972101972099 Df=0.00 Dr=70.00 MIA=66.88
  [93/96] gap=27.920695045695044 Df=66.00 Dr=69.41 MIA=70.66
  [94/96] gap=5.187469937469932 Df=0.00 Dr=69.60 MIA=68.64
  [95/96] gap=27.92213804713805 Df=68.00 Dr=69.84 MIA=69.09
  [96/96] gap=5.021765271765271 Df=0.00 Dr=69.88 MIA=68.43
final test: mmu {'msteps': 2, 'lr': 0.005, 'epochs': 10, 'head_mode': 'independent', 'weighting': 'normalised', 'max_grad_norm': 5.0}
  Df=0.00 Dr=71.06 MIA=67.85 time=15.21s KL=0.0080

salun: 0/45 candidates complete
  [1/45] gap=17.32359307359307 Df=36.00 Dr=65.62 MIA=65.07
  [2/45] gap=19.20292207792208 Df=38.00 Dr=64.89 MIA=67.98
  [3/45] gap=16.494107744107747 Df=38.00 Dr=64.75 MIA=59.71
  [4/45] gap=13.62818662818662 Df=28.00 Dr=62.67 MIA=59.04
  [5/45] gap=16.21909571909572 Df=26.00 Dr=61.39 MIA=67.54
  [6/45] gap=11.92117604617605 Df=26.00 Dr=61.56 MIA=52.12
  [7/45] gap=10.258417508417507 Df=8.00 Dr=57.45 MIA=63.71
  [8/45] gap=11.227332852332852 Df=10.00 Dr=56.57 MIA=63.73
  [9/45] gap=7.031385281385279 Df=2.00 Dr=58.71 MIA=61.29
  [10/45] gap=17.99699374699374 Df=38.00 Dr=65.60 MIA=65.07
  [11/45] gap=15.614718614718612 Df=38.00 Dr=64.71 MIA=57.04
  [12/45] gap=16.25366762866763 Df=36.00 Dr=64.81 MIA=61.05
  [13/45] gap=14.800324675324669 Df=24.00 Dr=62.53 MIA=66.41
  [14/45] gap=16.41913179413179 Df=26.00 Dr=61.45 MIA=68.20
  [15/45] gap=13.232864357864353 Df=26.00 Dr=61.19 MIA=58.38
  [16/45] gap=10.139309764309765 Df=10.00 Dr=56.69 MIA=60.59
  [17/45] gap=9.599927849927845 Df=10.00 Dr=55.86 MIA=58.14
  [18/45] gap=8.403138528138522 Df=6.00 Dr=59.25 MIA=61.95
  [19/45] gap=18.105399230399225 Df=38.00 Dr=65.72 MIA=65.52
  [20/45] gap=15.743326118326118 Df=38.00 Dr=64.77 MIA=57.48
  [21/45] gap=15.884620009620008 Df=34.00 Dr=64.81 MIA=61.95
  [22/45] gap=9.2015392015392 Df=20.00 Dr=63.23 MIA=54.32
  [23/45] gap=14.465307840307837 Df=30.00 Dr=61.03 MIA=57.91
  [24/45] gap=15.191017316017314 Df=28.00 Dr=60.89 MIA=61.95
  [25/45] gap=13.057239057239054 Df=18.00 Dr=56.81 MIA=61.46
  [26/45] gap=12.522907647907646 Df=14.00 Dr=56.46 MIA=63.52
  [27/45] gap=7.660954785954783 Df=4.00 Dr=59.05 MIA=61.52
  [28/45] gap=18.09866522366522 Df=38.00 Dr=65.74 MIA=65.52
  [29/45] gap=15.69618807118807 Df=38.00 Dr=64.91 MIA=57.48
  [30/45] gap=16.287337662337663 Df=36.00 Dr=64.71 MIA=61.05
  [31/45] gap=15.147186147186147 Df=28.00 Dr=63.25 MIA=64.18
  [32/45] gap=15.194203944203942 Df=22.00 Dr=61.58 MIA=68.64
  [33/45] gap=12.964826839826834 Df=24.00 Dr=60.89 MIA=59.27
  [34/45] gap=12.424903799903795 Df=14.00 Dr=57.15 MIA=63.91
  [35/45] gap=12.004389129389125 Df=12.00 Dr=56.02 MIA=63.52
  [36/45] gap=10.320887445887442 Df=8.00 Dr=59.07 MIA=65.52
  [37/45] gap=18.078463203463198 Df=38.00 Dr=65.80 MIA=65.52
  [38/45] gap=15.736592111592111 Df=38.00 Dr=64.79 MIA=57.48
  [39/45] gap=16.970117845117844 Df=36.00 Dr=64.44 MIA=62.84
  [40/45] gap=15.07335257335257 Df=36.00 Dr=62.55 MIA=55.25
  [41/45] gap=17.80898268398268 Df=30.00 Dr=61.07 MIA=67.98
  [42/45] gap=13.316438191438188 Df=26.00 Dr=60.26 MIA=57.70
  [43/45] gap=10.555615680615679 Df=14.00 Dr=56.08 MIA=57.23
  [44/45] gap=10.650974025974023 Df=8.00 Dr=55.62 MIA=63.05
  [45/45] gap=9.91209716209716 Df=10.00 Dr=59.64 MIA=62.86
final test: salun {'sparsity': 0.9, 'lr': 0.0001, 'epochs': 3}
  Df=28.00 Dr=66.95 MIA=67.59 time=8.09s KL=0.0053

uniclun: 0/27 candidates complete
  [1/27] gap=17.341810966810964 Df=38.00 Dr=66.22 MIA=63.73
  [2/27] gap=17.341810966810964 Df=38.00 Dr=66.22 MIA=63.73
  [3/27] gap=17.341810966810964 Df=38.00 Dr=66.22 MIA=63.73
  [4/27] gap=15.138588263588261 Df=34.00 Dr=65.47 MIA=60.38
  [5/27] gap=15.138588263588261 Df=34.00 Dr=65.47 MIA=60.38
  [6/27] gap=15.138588263588261 Df=34.00 Dr=65.47 MIA=60.38
  [7/27] gap=16.056277056277054 Df=32.00 Dr=64.53 MIA=64.18
  [8/27] gap=16.056277056277054 Df=32.00 Dr=64.53 MIA=64.18
  [9/27] gap=16.056277056277054 Df=32.00 Dr=64.53 MIA=64.18
  [10/27] gap=15.871813371813369 Df=30.00 Dr=63.29 MIA=64.39
  [11/27] gap=15.871813371813369 Df=30.00 Dr=63.29 MIA=64.39
  [12/27] gap=15.871813371813369 Df=30.00 Dr=63.29 MIA=64.39
  [13/27] gap=13.368867243867241 Df=22.00 Dr=61.68 MIA=63.27
  [14/27] gap=13.368867243867241 Df=22.00 Dr=61.68 MIA=63.27
  [15/27] gap=13.368867243867241 Df=22.00 Dr=61.68 MIA=63.27
  [16/27] gap=14.836099086099082 Df=22.00 Dr=61.29 MIA=67.29
  [17/27] gap=14.836099086099082 Df=22.00 Dr=61.29 MIA=67.29
  [18/27] gap=14.836099086099082 Df=22.00 Dr=61.29 MIA=67.29
  [19/27] gap=15.949855699855698 Df=26.00 Dr=59.74 MIA=65.07
  [20/27] gap=15.949855699855698 Df=26.00 Dr=59.74 MIA=65.07
  [21/27] gap=15.949855699855698 Df=26.00 Dr=59.74 MIA=65.07
  [22/27] gap=16.27374939874939 Df=26.00 Dr=59.21 MIA=65.52
  [23/27] gap=16.27374939874939 Df=26.00 Dr=59.21 MIA=65.52
  [24/27] gap=16.27374939874939 Df=26.00 Dr=59.21 MIA=65.52
  [25/27] gap=14.394961519961514 Df=22.00 Dr=60.85 MIA=65.52
  [26/27] gap=14.394961519961514 Df=22.00 Dr=60.85 MIA=65.52
  [27/27] gap=14.394961519961514 Df=22.00 Dr=60.85 MIA=65.52
final test: uniclun {'lr': 0.0001, 'epochs': 3, 'buffer_size': 250}
  Df=29.00 Dr=67.13 MIA=65.90 time=7.61s KL=0.0053

