loaded shared source and Amnesiac ledger
loaded shared Retrain reference
final test: baseline {}
  Df=100.00 Dr=70.54 MIA=72.42 time=0.00s KL=0.0032
final test: retrain {}
  Df=71.58 Dr=69.82 MIA=50.33 time=835.29s KL=0.0000

finetune: 0/12 candidates complete
  [1/12] gap=17.280606060606054 Df=100.00 Dr=70.08 MIA=72.32
  [2/12] gap=17.116969696969694 Df=99.91 Dr=70.18 MIA=71.82
  [3/12] gap=16.99090909090909 Df=100.00 Dr=70.12 MIA=71.41
  [4/12] gap=16.884242424242423 Df=99.91 Dr=70.30 MIA=71.00
  [5/12] gap=14.099393939393936 Df=93.00 Dr=65.44 MIA=65.45
  [6/12] gap=12.68363636363636 Df=90.73 Dr=64.46 MIA=62.50
  [7/12] gap=11.89333333333333 Df=88.82 Dr=65.24 MIA=62.82
  [8/12] gap=9.364242424242418 Df=85.91 Dr=67.10 MIA=60.00
  [9/12] gap=13.055151515151517 Df=51.36 Dr=50.30 MIA=51.00
  [10/12] gap=10.226060606060608 Df=56.73 Dr=53.56 MIA=51.14
  [11/12] gap=7.506060606060605 Df=59.36 Dr=58.72 MIA=50.77
  [12/12] gap=4.925454545454547 Df=64.64 Dr=61.78 MIA=51.36
final test: finetune {'lr': 0.0001, 'epochs': 10}
  Df=99.67 Dr=70.21 MIA=70.38 time=83.54s KL=0.0034

ssd: 0/25 candidates complete
  [1/25] gap=33.29818181818182 Df=23.27 Dr=19.98 MIA=53.32
  [2/25] gap=19.390303030303034 Df=50.09 Dr=38.34 MIA=56.77
  [3/25] gap=14.765454545454547 Df=89.36 Dr=59.26 MIA=64.91
  [4/25] gap=17.23636363636363 Df=99.82 Dr=70.22 MIA=72.23
  [5/25] gap=17.544848484848476 Df=100.00 Dr=70.60 MIA=72.59
  [6/25] gap=16.66242424242424 Df=97.91 Dr=68.16 MIA=70.95
  [7/25] gap=16.535151515151508 Df=98.09 Dr=68.36 MIA=70.59
  [8/25] gap=16.524848484848487 Df=98.27 Dr=68.80 MIA=70.82
  [9/25] gap=17.23636363636363 Df=99.82 Dr=70.22 MIA=72.23
  [10/25] gap=17.544848484848476 Df=100.00 Dr=70.60 MIA=72.59
  [11/25] gap=16.673333333333336 Df=99.55 Dr=69.90 MIA=71.09
  [12/25] gap=16.69333333333333 Df=99.55 Dr=70.00 MIA=71.09
  [13/25] gap=17.063636363636366 Df=99.55 Dr=70.02 MIA=72.18
  [14/25] gap=17.52363636363636 Df=100.00 Dr=70.40 MIA=72.73
  [15/25] gap=17.544848484848476 Df=100.00 Dr=70.60 MIA=72.59
  [16/25] gap=17.567878787878787 Df=100.00 Dr=70.76 MIA=72.50
  [17/25] gap=17.567878787878787 Df=100.00 Dr=70.76 MIA=72.50
  [18/25] gap=17.567878787878787 Df=100.00 Dr=70.76 MIA=72.50
  [19/25] gap=17.567878787878787 Df=100.00 Dr=70.76 MIA=72.50
  [20/25] gap=17.566060606060606 Df=100.00 Dr=70.80 MIA=72.45
  [21/25] gap=17.643030303030297 Df=100.00 Dr=70.94 MIA=72.55
  [22/25] gap=17.643030303030297 Df=100.00 Dr=70.94 MIA=72.55
  [23/25] gap=17.643030303030297 Df=100.00 Dr=70.94 MIA=72.55
  [24/25] gap=17.62787878787878 Df=100.00 Dr=70.94 MIA=72.50
  [25/25] gap=17.612727272727273 Df=100.00 Dr=70.94 MIA=72.45
final test: ssd {'alpha': 5.0, 'dampening_constant': 0.1}
  Df=98.42 Dr=68.08 MIA=70.38 time=9.72s KL=0.0033

badteacher: 0/36 candidates complete
  [1/36] gap=17.261212121212118 Df=100.00 Dr=70.34 MIA=72.00
  [2/36] gap=13.953333333333333 Df=61.09 Dr=45.56 MIA=58.68
  [3/36] gap=22.10727272727273 Df=45.64 Dr=34.78 MIA=56.91
  [4/36] gap=16.475757575757573 Df=94.64 Dr=63.22 MIA=68.73
  [5/36] gap=15.872121212121217 Df=57.82 Dr=42.94 MIA=58.55
  [6/36] gap=22.05212121212121 Df=48.00 Dr=34.90 MIA=59.23
  [7/36] gap=13.895757575757571 Df=84.45 Dr=56.96 MIA=64.91
  [8/36] gap=17.11757575757576 Df=56.18 Dr=41.84 MIA=59.55
  [9/36] gap=18.315151515151516 Df=55.82 Dr=40.02 MIA=60.95
  [10/36] gap=11.792121212121211 Df=68.27 Dr=47.68 MIA=61.50
  [11/36] gap=16.670303030303035 Df=57.64 Dr=41.50 MIA=59.32
  [12/36] gap=11.635757575757571 Df=71.91 Dr=48.74 MIA=62.45
  [13/36] gap=17.247878787878783 Df=99.55 Dr=69.04 MIA=71.95
  [14/36] gap=12.289696969696971 Df=65.09 Dr=47.46 MIA=59.59
  [15/36] gap=13.436363636363645 Df=64.27 Dr=45.52 MIA=60.27
  [16/36] gap=14.353333333333332 Df=86.00 Dr=57.86 MIA=65.64
  [17/36] gap=11.02787878787879 Df=69.27 Dr=49.20 MIA=61.73
  [18/36] gap=14.966666666666663 Df=84.09 Dr=54.52 MIA=66.05
  [19/36] gap=12.218787878787873 Df=75.82 Dr=51.40 MIA=62.95
  [20/36] gap=11.028484848484846 Df=72.18 Dr=50.38 MIA=62.00
  [21/36] gap=15.645454545454541 Df=91.27 Dr=59.12 MIA=65.50
  [22/36] gap=11.852727272727272 Df=68.27 Dr=47.68 MIA=61.68
  [23/36] gap=12.579999999999993 Df=77.55 Dr=52.68 MIA=63.59
  [24/36] gap=15.357575757575754 Df=93.73 Dr=62.12 MIA=65.18
  [25/36] gap=17.286666666666665 Df=99.45 Dr=68.56 MIA=71.68
  [26/36] gap=14.68545454545454 Df=87.82 Dr=59.00 MIA=65.95
  [27/36] gap=15.50424242424242 Df=91.45 Dr=60.68 MIA=66.45
  [28/36] gap=16.11757575757576 Df=94.09 Dr=63.34 MIA=68.32
  [29/36] gap=16.265454545454542 Df=94.82 Dr=62.76 MIA=67.45
  [30/36] gap=16.82181818181818 Df=98.09 Dr=65.00 MIA=68.09
  [31/36] gap=15.960606060606061 Df=92.64 Dr=61.72 MIA=67.68
  [32/36] gap=17.12424242424242 Df=96.73 Dr=64.32 MIA=69.68
  [33/36] gap=16.697575757575752 Df=98.09 Dr=65.60 MIA=68.32
  [34/36] gap=16.386666666666663 Df=93.64 Dr=61.76 MIA=68.00
  [35/36] gap=17.511515151515148 Df=98.18 Dr=65.34 MIA=70.41
  [36/36] gap=15.538181818181819 Df=96.45 Dr=65.76 MIA=66.64
final test: badteacher {'temperature': 4.0, 'epochs': 1, 'lr': 0.0001}
  Df=99.75 Dr=69.47 MIA=70.58 time=2.51s KL=0.0031

unsir: 0/36 candidates complete
  [1/36] gap=16.20909090909091 Df=98.55 Dr=67.02 MIA=67.82
  [2/36] gap=16.696969696969695 Df=99.18 Dr=67.92 MIA=69.55
  [3/36] gap=15.440606060606056 Df=93.55 Dr=63.28 MIA=66.77
  [4/36] gap=16.048484848484843 Df=96.45 Dr=65.32 MIA=67.73
  [5/36] gap=8.784848484848483 Df=73.18 Dr=54.52 MIA=58.41
  [6/36] gap=11.855151515151514 Df=83.73 Dr=59.40 MIA=61.95
  [7/36] gap=16.21151515151515 Df=98.73 Dr=67.74 MIA=68.36
  [8/36] gap=16.899999999999995 Df=99.82 Dr=68.72 MIA=70.32
  [9/36] gap=15.278787878787874 Df=94.36 Dr=64.22 MIA=66.41
  [10/36] gap=16.4630303030303 Df=98.55 Dr=66.94 MIA=68.50
  [11/36] gap=9.170909090909085 Df=75.27 Dr=56.18 MIA=59.14
  [12/36] gap=12.529696969696966 Df=86.82 Dr=60.74 MIA=62.23
  [13/36] gap=16.64909090909091 Df=99.18 Dr=67.70 MIA=69.18
  [14/36] gap=16.993939393939392 Df=99.91 Dr=69.12 MIA=70.91
  [15/36] gap=15.361212121212118 Df=94.91 Dr=64.70 MIA=66.59
  [16/36] gap=16.57878787878787 Df=98.36 Dr=66.82 MIA=68.91
  [17/36] gap=9.706060606060603 Df=77.55 Dr=57.12 MIA=59.41
  [18/36] gap=12.698181818181816 Df=87.64 Dr=61.28 MIA=62.45
  [19/36] gap=15.706060606060602 Df=95.73 Dr=65.12 MIA=67.23
  [20/36] gap=16.71393939393939 Df=98.91 Dr=67.46 MIA=69.41
  [21/36] gap=15.390909090909089 Df=94.00 Dr=63.52 MIA=66.41
  [22/36] gap=16.01090909090909 Df=96.55 Dr=65.66 MIA=67.86
  [23/36] gap=11.00424242424242 Df=80.36 Dr=57.68 MIA=61.05
  [24/36] gap=12.135151515151511 Df=86.82 Dr=61.56 MIA=61.86
  [25/36] gap=16.535757575757575 Df=97.55 Dr=65.54 MIA=68.32
  [26/36] gap=17.036969696969688 Df=99.45 Dr=67.90 MIA=70.27
  [27/36] gap=15.200606060606056 Df=94.73 Dr=64.50 MIA=66.09
  [28/36] gap=16.29696969696969 Df=97.36 Dr=66.12 MIA=68.36
  [29/36] gap=11.35878787878788 Df=81.27 Dr=57.98 MIA=61.50
  [30/36] gap=12.86969696969697 Df=89.36 Dr=62.72 MIA=62.68
  [31/36] gap=16.551515151515144 Df=98.45 Dr=66.72 MIA=68.64
  [32/36] gap=17.04242424242424 Df=99.91 Dr=68.52 MIA=70.45
  [33/36] gap=15.526666666666658 Df=95.82 Dr=64.84 MIA=66.32
  [34/36] gap=16.277575757575754 Df=98.00 Dr=67.36 MIA=68.91
  [35/36] gap=11.507878787878786 Df=82.55 Dr=59.26 MIA=61.95
  [36/36] gap=13.465454545454547 Df=91.36 Dr=63.16 MIA=62.91
final test: unsir {'impair_epochs': 1, 'repair_epochs': 1, 'impair_lr': 0.001, 'repair_lr': 0.01}
  Df=99.75 Dr=68.65 MIA=69.50 time=18.87s KL=0.0031

scrub: 0/24 candidates complete
  [1/24] gap=17.642424242424234 Df=100.00 Dr=70.62 MIA=72.86
  [2/24] gap=17.515757575757572 Df=100.00 Dr=70.74 MIA=72.36
  [3/24] gap=17.558181818181815 Df=100.00 Dr=70.64 MIA=72.59
  [4/24] gap=17.505454545454537 Df=100.00 Dr=70.80 MIA=72.27
  [5/24] gap=17.41696969696969 Df=100.00 Dr=70.58 MIA=72.23
  [6/24] gap=17.42121212121212 Df=100.00 Dr=70.82 MIA=72.00
  [7/24] gap=16.689696969696964 Df=99.91 Dr=70.08 MIA=70.64
  [8/24] gap=17.005454545454537 Df=100.00 Dr=70.30 MIA=71.27
  [9/24] gap=17.644848484848474 Df=100.00 Dr=70.90 MIA=72.59
  [10/24] gap=17.752121212121207 Df=100.00 Dr=70.54 MIA=73.27
  [11/24] gap=17.49393939393939 Df=100.00 Dr=70.72 MIA=72.32
  [12/24] gap=17.422424242424235 Df=100.00 Dr=70.46 MIA=72.36
  [13/24] gap=17.49818181818181 Df=100.00 Dr=70.46 MIA=72.59
  [14/24] gap=17.539999999999996 Df=100.00 Dr=70.54 MIA=72.64
  [15/24] gap=16.494545454545452 Df=99.55 Dr=69.80 MIA=70.45
  [16/24] gap=16.76969696969697 Df=99.64 Dr=70.32 MIA=70.91
  [17/24] gap=17.616969696969694 Df=100.00 Dr=70.68 MIA=72.73
  [18/24] gap=17.76424242424242 Df=100.00 Dr=70.94 MIA=72.91
  [19/24] gap=17.67333333333333 Df=100.00 Dr=70.44 MIA=73.14
  [20/24] gap=17.46181818181818 Df=100.00 Dr=70.76 MIA=72.18
  [21/24] gap=17.016363636363632 Df=100.00 Dr=70.06 MIA=71.55
  [22/24] gap=17.45939393939394 Df=100.00 Dr=70.48 MIA=72.45
  [23/24] gap=15.786666666666664 Df=98.27 Dr=68.56 MIA=68.36
  [24/24] gap=16.44242424242424 Df=99.82 Dr=70.02 MIA=70.05
final test: scrub {'msteps': 3, 'lr': 0.005, 'epochs': 5, 'max_grad_norm': 5.0}
  Df=98.67 Dr=68.80 MIA=67.79 time=7.85s KL=0.0020

mmu: 0/96 candidates complete
  [1/96] gap=17.735757575757567 Df=100.00 Dr=70.90 MIA=72.86
  [2/96] gap=17.657575757575753 Df=100.00 Dr=70.62 MIA=72.91
  [3/96] gap=17.747272727272723 Df=100.00 Dr=70.98 MIA=72.82
  [4/96] gap=17.635151515151513 Df=100.00 Dr=70.78 MIA=72.68
  [5/96] gap=17.44181818181818 Df=100.00 Dr=70.70 MIA=72.18
  [6/96] gap=17.610303030303026 Df=100.00 Dr=70.66 MIA=72.73
  [7/96] gap=17.74 Df=100.00 Dr=70.64 MIA=73.14
  [8/96] gap=17.732121212121207 Df=100.00 Dr=70.48 MIA=73.27
  [9/96] gap=17.59636363636363 Df=100.00 Dr=70.80 MIA=72.55
  [10/96] gap=17.79333333333333 Df=100.00 Dr=70.80 MIA=73.14
  [11/96] gap=17.55333333333333 Df=100.00 Dr=71.08 MIA=72.14
  [12/96] gap=17.69393939393939 Df=100.00 Dr=70.82 MIA=72.82
  [13/96] gap=17.729090909090903 Df=100.00 Dr=70.88 MIA=72.86
  [14/96] gap=17.636969696969697 Df=100.00 Dr=70.74 MIA=72.73
  [15/96] gap=17.723030303030296 Df=100.00 Dr=70.68 MIA=73.05
  [16/96] gap=17.706666666666667 Df=100.00 Dr=70.54 MIA=73.14
  [17/96] gap=17.450303030303026 Df=100.00 Dr=70.68 MIA=72.23
  [18/96] gap=17.687878787878784 Df=100.00 Dr=70.62 MIA=73.00
  [19/96] gap=17.529090909090904 Df=100.00 Dr=70.78 MIA=72.36
  [20/96] gap=17.335151515151512 Df=100.00 Dr=70.88 MIA=71.68
  [21/96] gap=17.31454545454545 Df=100.00 Dr=70.50 MIA=72.00
  [22/96] gap=17.626666666666658 Df=100.00 Dr=70.80 MIA=72.64
  [23/96] gap=17.49333333333332 Df=100.00 Dr=70.40 MIA=72.64
  [24/96] gap=17.618787878787877 Df=100.00 Dr=70.64 MIA=72.77
  [25/96] gap=16.98363636363636 Df=100.00 Dr=70.28 MIA=71.23
  [26/96] gap=16.677575757575756 Df=99.91 Dr=70.18 MIA=70.50
  [27/96] gap=16.781212121212114 Df=99.91 Dr=70.40 MIA=70.59
  [28/96] gap=17.010909090909085 Df=100.00 Dr=70.68 MIA=70.91
  [29/96] gap=16.931515151515146 Df=99.82 Dr=70.26 MIA=71.27
  [30/96] gap=17.253939393939387 Df=100.00 Dr=70.50 MIA=71.82
  [31/96] gap=16.92363636363636 Df=99.91 Dr=70.10 MIA=71.32
  [32/96] gap=17.056969696969695 Df=100.00 Dr=70.50 MIA=71.23
  [33/96] gap=17.746666666666663 Df=100.00 Dr=70.66 MIA=73.14
  [34/96] gap=17.573939393939387 Df=100.00 Dr=70.46 MIA=72.82
  [35/96] gap=17.746060606060603 Df=100.00 Dr=70.84 MIA=72.95
  [36/96] gap=17.766666666666662 Df=100.00 Dr=70.72 MIA=73.14
  [37/96] gap=17.799393939393934 Df=100.00 Dr=71.00 MIA=72.95
  [38/96] gap=17.873939393939388 Df=100.00 Dr=70.86 MIA=73.32
  [39/96] gap=17.80121212121212 Df=100.00 Dr=70.96 MIA=73.00
  [40/96] gap=17.963030303030298 Df=100.00 Dr=70.90 MIA=73.55
  [41/96] gap=17.51454545454545 Df=100.00 Dr=70.60 MIA=72.50
  [42/96] gap=17.729696969696967 Df=100.00 Dr=70.70 MIA=73.05
  [43/96] gap=17.462424242424238 Df=100.00 Dr=70.58 MIA=72.36
  [44/96] gap=17.71636363636363 Df=100.00 Dr=70.66 MIA=73.05
  [45/96] gap=17.797575757575753 Df=100.00 Dr=71.04 MIA=72.91
  [46/96] gap=17.879999999999992 Df=100.00 Dr=71.06 MIA=73.14
  [47/96] gap=17.63151515151515 Df=100.00 Dr=70.86 MIA=72.59
  [48/96] gap=17.920606060606055 Df=100.00 Dr=71.00 MIA=73.32
  [49/96] gap=17.44242424242424 Df=100.00 Dr=70.52 MIA=72.36
  [50/96] gap=17.510303030303028 Df=100.00 Dr=70.36 MIA=72.73
  [51/96] gap=17.16181818181818 Df=100.00 Dr=70.36 MIA=71.68
  [52/96] gap=17.3830303030303 Df=100.00 Dr=70.16 MIA=72.55
  [53/96] gap=17.54 Df=100.00 Dr=71.04 MIA=72.14
  [54/96] gap=17.448484848484846 Df=100.00 Dr=70.72 MIA=72.18
  [55/96] gap=17.456969696969697 Df=100.00 Dr=70.70 MIA=72.23
  [56/96] gap=17.552121212121204 Df=100.00 Dr=70.94 MIA=72.27
  [57/96] gap=16.29090909090909 Df=99.73 Dr=70.02 MIA=69.68
  [58/96] gap=16.54666666666666 Df=99.36 Dr=69.28 MIA=70.27
  [59/96] gap=16.04 Df=99.18 Dr=69.30 MIA=68.95
  [60/96] gap=16.109090909090902 Df=99.18 Dr=69.32 MIA=69.18
  [61/96] gap=16.981818181818177 Df=100.00 Dr=70.32 MIA=71.18
  [62/96] gap=17.08909090909091 Df=99.91 Dr=70.96 MIA=70.95
  [63/96] gap=16.53515151515152 Df=99.91 Dr=69.86 MIA=70.27
  [64/96] gap=16.728484848484843 Df=100.00 Dr=70.56 MIA=70.18
  [65/96] gap=17.749696969696966 Df=100.00 Dr=70.76 MIA=73.05
  [66/96] gap=17.66121212121212 Df=100.00 Dr=70.54 MIA=73.00
  [67/96] gap=17.796969696969693 Df=100.00 Dr=70.72 MIA=73.23
  [68/96] gap=17.647878787878785 Df=100.00 Dr=70.50 MIA=73.00
  [69/96] gap=17.843636363636357 Df=100.00 Dr=70.86 MIA=73.23
  [70/96] gap=17.873939393939388 Df=100.00 Dr=70.86 MIA=73.32
  [71/96] gap=17.868484848484847 Df=100.00 Dr=70.98 MIA=73.18
  [72/96] gap=17.721212121212115 Df=100.00 Dr=70.72 MIA=73.00
  [73/96] gap=17.476363636363633 Df=100.00 Dr=70.44 MIA=72.55
  [74/96] gap=17.709090909090907 Df=100.00 Dr=70.32 MIA=73.36
  [75/96] gap=17.35333333333333 Df=100.00 Dr=70.48 MIA=72.14
  [76/96] gap=17.363636363636356 Df=100.00 Dr=70.42 MIA=72.23
  [77/96] gap=17.606060606060606 Df=100.00 Dr=70.92 MIA=72.45
  [78/96] gap=17.68424242424242 Df=100.00 Dr=70.70 MIA=72.91
  [79/96] gap=17.632727272727273 Df=100.00 Dr=71.00 MIA=72.45
  [80/96] gap=17.836363636363636 Df=100.00 Dr=71.02 MIA=73.05
  [81/96] gap=17.31333333333333 Df=100.00 Dr=70.36 MIA=72.14
  [82/96] gap=17.38121212121212 Df=100.00 Dr=69.64 MIA=72.50
  [83/96] gap=17.197575757575756 Df=100.00 Dr=70.24 MIA=71.91
  [84/96] gap=17.30727272727272 Df=100.00 Dr=70.16 MIA=72.32
  [85/96] gap=17.503636363636364 Df=100.00 Dr=70.84 MIA=72.23
  [86/96] gap=17.545454545454543 Df=100.00 Dr=70.42 MIA=72.77
  [87/96] gap=17.349090909090908 Df=100.00 Dr=70.74 MIA=71.86
  [88/96] gap=17.478787878787877 Df=100.00 Dr=70.72 MIA=72.27
  [89/96] gap=15.908484848484848 Df=99.00 Dr=68.74 MIA=68.18
  [90/96] gap=13.920000000000003 Df=61.27 Dr=45.16 MIA=58.36
  [91/96] gap=15.17393939393939 Df=97.91 Dr=69.08 MIA=67.41
  [92/96] gap=12.701818181818176 Df=84.91 Dr=59.36 MIA=63.27
  [93/96] gap=16.507878787878784 Df=99.64 Dr=70.08 MIA=70.36
  [94/96] gap=16.937575757575754 Df=99.73 Dr=70.96 MIA=70.68
  [95/96] gap=16.332121212121205 Df=99.64 Dr=69.56 MIA=69.64
  [96/96] gap=16.633939393939393 Df=99.91 Dr=70.64 MIA=69.91
final test: mmu {'msteps': 3, 'lr': 0.005, 'epochs': 5, 'head_mode': 'tied', 'weighting': 'mrl', 'max_grad_norm': 5.0}
  Df=97.67 Dr=69.00 MIA=66.00 time=9.23s KL=0.0020

salun: 0/45 candidates complete
  [1/45] gap=12.481212121212122 Df=79.09 Dr=54.34 MIA=63.41
  [2/45] gap=11.75030303030303 Df=67.45 Dr=47.76 MIA=60.64
  [3/45] gap=16.46787878787879 Df=57.55 Dr=41.88 MIA=59.00
  [4/45] gap=18.28363636363636 Df=54.27 Dr=40.16 MIA=59.45
  [5/45] gap=19.274545454545457 Df=52.64 Dr=38.46 MIA=59.09
  [6/45] gap=17.356969696969696 Df=57.09 Dr=40.44 MIA=59.77
  [7/45] gap=18.97878787878788 Df=53.82 Dr=38.62 MIA=59.55
  [8/45] gap=12.16727272727273 Df=68.00 Dr=47.10 MIA=61.77
  [9/45] gap=12.272121212121204 Df=80.18 Dr=55.24 MIA=62.59
  [10/45] gap=12.427272727272724 Df=78.91 Dr=54.32 MIA=63.41
  [11/45] gap=11.616969696969699 Df=66.91 Dr=47.66 MIA=59.59
  [12/45] gap=16.760000000000005 Df=57.00 Dr=41.64 MIA=59.09
  [13/45] gap=17.47878787878788 Df=56.00 Dr=40.62 MIA=59.23
  [14/45] gap=19.750303030303034 Df=51.64 Dr=37.76 MIA=58.82
  [15/45] gap=19.05090909090909 Df=53.64 Dr=38.54 MIA=59.50
  [16/45] gap=16.653333333333332 Df=59.45 Dr=41.46 MIA=61.05
  [17/45] gap=11.789090909090907 Df=72.73 Dr=48.78 MIA=62.14
  [18/45] gap=13.45878787878788 Df=82.55 Dr=55.18 MIA=63.73
  [19/45] gap=12.355151515151512 Df=79.00 Dr=54.40 MIA=63.18
  [20/45] gap=11.35818181818182 Df=67.64 Dr=47.80 MIA=59.68
  [21/45] gap=16.61454545454546 Df=57.18 Dr=41.94 MIA=59.14
  [22/45] gap=18.803030303030305 Df=53.00 Dr=40.42 MIA=60.00
  [23/45] gap=18.65575757575758 Df=53.91 Dr=38.68 MIA=58.73
  [24/45] gap=16.435151515151517 Df=59.36 Dr=41.16 MIA=60.00
  [25/45] gap=17.19212121212121 Df=58.45 Dr=40.98 MIA=61.18
  [26/45] gap=11.415151515151512 Df=72.55 Dr=49.72 MIA=62.14
  [27/45] gap=12.89212121212121 Df=82.45 Dr=55.88 MIA=62.82
  [28/45] gap=12.317575757575753 Df=78.73 Dr=54.24 MIA=63.18
  [29/45] gap=11.866060606060609 Df=66.73 Dr=47.64 MIA=60.14
  [30/45] gap=16.75515151515152 Df=56.91 Dr=41.70 MIA=59.05
  [31/45] gap=18.516363636363636 Df=53.45 Dr=40.28 MIA=59.45
  [32/45] gap=18.635757575757577 Df=53.91 Dr=38.74 MIA=58.73
  [33/45] gap=17.332121212121212 Df=57.45 Dr=40.56 MIA=60.18
  [34/45] gap=17.209696969696974 Df=57.18 Dr=41.20 MIA=60.18
  [35/45] gap=11.50363636363636 Df=73.36 Dr=50.00 MIA=61.86
  [36/45] gap=12.6830303030303 Df=82.91 Dr=56.78 MIA=62.64
  [37/45] gap=12.356363636363637 Df=78.64 Dr=54.26 MIA=63.41
  [38/45] gap=11.656969696969702 Df=66.91 Dr=47.54 MIA=59.59
  [39/45] gap=16.76727272727273 Df=57.09 Dr=41.80 MIA=59.36
  [40/45] gap=18.51212121212121 Df=54.00 Dr=40.52 MIA=60.23
  [41/45] gap=18.961818181818185 Df=53.82 Dr=38.58 MIA=59.45
  [42/45] gap=16.341818181818187 Df=59.36 Dr=41.44 MIA=60.00
  [43/45] gap=16.15757575757576 Df=59.00 Dr=42.22 MIA=59.86
  [44/45] gap=12.196969696969697 Df=75.00 Dr=49.92 MIA=62.23
  [45/45] gap=13.51272727272727 Df=85.18 Dr=56.70 MIA=62.77
final test: salun {'sparsity': 0.7, 'lr': 0.01, 'epochs': 10}
  Df=82.67 Dr=57.83 MIA=61.21 time=24.04s KL=0.0011

uniclun: 0/27 candidates complete
  [1/27] gap=10.743636363636362 Df=73.73 Dr=52.28 MIA=61.50
  [2/27] gap=10.743636363636362 Df=73.73 Dr=52.28 MIA=61.50
  [3/27] gap=10.743636363636362 Df=73.73 Dr=52.28 MIA=61.50
  [4/27] gap=12.281818181818183 Df=64.73 Dr=48.12 MIA=59.86
  [5/27] gap=12.281818181818183 Df=64.73 Dr=48.12 MIA=59.86
  [6/27] gap=12.281818181818183 Df=64.73 Dr=48.12 MIA=59.86
  [7/27] gap=14.709090909090916 Df=60.64 Dr=44.52 MIA=59.45
  [8/27] gap=14.709090909090916 Df=60.64 Dr=44.52 MIA=59.45
  [9/27] gap=14.709090909090916 Df=60.64 Dr=44.52 MIA=59.45
  [10/27] gap=17.050303030303034 Df=57.00 Dr=41.86 MIA=60.18
  [11/27] gap=17.050303030303034 Df=57.00 Dr=41.86 MIA=60.18
  [12/27] gap=17.050303030303034 Df=57.00 Dr=41.86 MIA=60.18
  [13/27] gap=15.700606060606061 Df=59.91 Dr=42.50 MIA=59.68
  [14/27] gap=15.700606060606061 Df=59.91 Dr=42.50 MIA=59.68
  [15/27] gap=15.700606060606061 Df=59.91 Dr=42.50 MIA=59.68
  [16/27] gap=16.150303030303032 Df=58.18 Dr=43.06 MIA=59.86
  [17/27] gap=16.150303030303032 Df=58.18 Dr=43.06 MIA=59.86
  [18/27] gap=16.150303030303032 Df=58.18 Dr=43.06 MIA=59.86
  [19/27] gap=15.280000000000001 Df=63.09 Dr=43.58 MIA=62.68
  [20/27] gap=15.280000000000001 Df=63.09 Dr=43.58 MIA=62.68
  [21/27] gap=15.280000000000001 Df=63.09 Dr=43.58 MIA=62.68
  [22/27] gap=12.25515151515151 Df=74.82 Dr=49.70 MIA=62.36
  [23/27] gap=12.25515151515151 Df=74.82 Dr=49.70 MIA=62.36
  [24/27] gap=12.25515151515151 Df=74.82 Dr=49.70 MIA=62.36
  [25/27] gap=13.672121212121212 Df=85.55 Dr=57.04 MIA=63.23
  [26/27] gap=13.672121212121212 Df=85.55 Dr=57.04 MIA=63.23
  [27/27] gap=13.672121212121212 Df=85.55 Dr=57.04 MIA=63.23
final test: uniclun {'lr': 0.01, 'epochs': 10, 'buffer_size': 250}
  Df=85.67 Dr=57.30 MIA=62.83 time=22.28s KL=0.0031

