loaded shared source and Amnesiac ledger
loaded shared Retrain reference
final test: baseline {}
  Df=76.00 Dr=70.48 MIA=71.17 time=0.00s KL=0.0041
final test: retrain {}
  Df=0.00 Dr=70.59 MIA=48.31 time=670.84s KL=0.0000
final test: amnesiac {}
  Df=0.00 Dr=1.48 MIA=50.00 time=0.00s KL=0.1733

finetune: 0/12 candidates complete
  [1/12] gap=27.024050024050027 Df=56.00 Dr=69.96 MIA=73.11
  [2/12] gap=25.19648869648869 Df=48.00 Dr=69.66 MIA=75.32
  [3/12] gap=24.624759499759495 Df=48.00 Dr=69.82 MIA=73.77
  [4/12] gap=18.45731120731121 Df=30.00 Dr=69.84 MIA=73.29
  [5/12] gap=13.835678210678209 Df=12.00 Dr=64.83 MIA=72.41
  [6/12] gap=12.497594997594994 Df=10.00 Dr=66.18 MIA=71.75
  [7/12] gap=8.24645262145262 Df=4.00 Dr=65.60 MIA=64.41
  [8/12] gap=6.443843193843193 Df=2.00 Dr=65.88 MIA=61.29
  [9/12] gap=9.84199134199134 Df=0.00 Dr=45.43 MIA=53.04
  [10/12] gap=5.816498316498314 Df=0.00 Dr=55.94 MIA=51.46
  [11/12] gap=4.621392496392493 Df=0.00 Dr=58.83 MIA=50.77
  [12/12] gap=6.433802308802309 Df=0.00 Dr=61.68 MIA=59.05
final test: finetune {'lr': 0.0001, 'epochs': 10}
  Df=41.00 Dr=70.13 MIA=70.04 time=88.37s KL=0.0044

ssd: 0/25 candidates complete
  [1/25] gap=23.382215007215006 Df=0.00 Dr=1.01 MIA=48.70
  [2/25] gap=26.725889850889853 Df=0.00 Dr=1.05 MIA=59.30
  [3/25] gap=22.684704184704184 Df=0.00 Dr=7.19 MIA=53.32
  [4/25] gap=7.952260702260702 Df=14.00 Dr=69.35 MIA=57.29
  [5/25] gap=10.098665223665222 Df=16.00 Dr=70.65 MIA=63.02
  [6/25] gap=8.392496392496389 Df=18.00 Dr=64.28 MIA=49.54
  [7/25] gap=8.525853775853776 Df=18.00 Dr=64.99 MIA=50.64
  [8/25] gap=8.080747955747952 Df=18.00 Dr=65.88 MIA=50.20
  [9/25] gap=7.952260702260702 Df=14.00 Dr=69.35 MIA=57.29
  [10/25] gap=10.098665223665222 Df=16.00 Dr=70.65 MIA=63.02
  [11/25] gap=8.663359788359786 Df=20.00 Dr=68.67 MIA=52.73
  [12/25] gap=8.474146224146226 Df=20.00 Dr=68.79 MIA=52.29
  [13/25] gap=8.859968734968733 Df=20.00 Dr=68.97 MIA=53.62
  [14/25] gap=10.017616642616638 Df=16.00 Dr=69.82 MIA=61.95
  [15/25] gap=10.098665223665222 Df=16.00 Dr=70.65 MIA=63.02
  [16/25] gap=6.647546897546898 Df=8.00 Dr=71.01 MIA=60.79
  [17/25] gap=6.647546897546898 Df=8.00 Dr=71.01 MIA=60.79
  [18/25] gap=7.314213564213567 Df=8.00 Dr=71.01 MIA=62.79
  [19/25] gap=7.632034632034634 Df=8.00 Dr=71.07 MIA=63.68
  [20/25] gap=7.922919672919673 Df=8.00 Dr=71.05 MIA=64.57
  [21/25] gap=7.6851250601250625 Df=12.00 Dr=71.21 MIA=59.70
  [22/25] gap=7.6851250601250625 Df=12.00 Dr=71.21 MIA=59.70
  [23/25] gap=7.6851250601250625 Df=12.00 Dr=71.21 MIA=59.70
  [24/25] gap=10.298220298220302 Df=12.00 Dr=71.21 MIA=67.54
  [25/25] gap=10.44029581529582 Df=12.00 Dr=71.19 MIA=67.98
final test: ssd {'alpha': 50.0, 'dampening_constant': 5.0}
  Df=40.00 Dr=70.59 MIA=64.96 time=11.09s KL=0.0041

badteacher: 0/36 candidates complete
  [1/36] gap=15.740079365079366 Df=14.00 Dr=66.22 MIA=77.52
  [2/36] gap=10.34680134680135 Df=4.00 Dr=64.85 MIA=69.96
  [3/36] gap=12.426166426166425 Df=2.00 Dr=64.18 MIA=77.54
  [4/36] gap=13.685545935545933 Df=10.00 Dr=65.94 MIA=75.07
  [5/36] gap=8.408850408850405 Df=0.00 Dr=65.09 MIA=68.39
  [6/36] gap=10.608766233766232 Df=2.00 Dr=63.62 MIA=71.52
  [7/36] gap=11.285594035594032 Df=8.00 Dr=65.35 MIA=69.29
  [8/36] gap=9.777717652717653 Df=0.00 Dr=64.79 MIA=72.20
  [9/36] gap=9.818783068783068 Df=2.00 Dr=63.11 MIA=68.64
  [10/36] gap=10.053932178932179 Df=2.00 Dr=65.49 MIA=71.73
  [11/36] gap=9.95953583453583 Df=2.00 Dr=64.24 MIA=70.20
  [12/36] gap=9.293530543530544 Df=2.00 Dr=64.69 MIA=68.64
  [13/36] gap=15.24915824915825 Df=14.00 Dr=66.14 MIA=75.96
  [14/36] gap=9.872113997113997 Df=2.00 Dr=66.04 MIA=71.73
  [15/36] gap=11.054413179413176 Df=2.00 Dr=65.64 MIA=74.88
  [16/36] gap=11.064153439153442 Df=6.00 Dr=66.00 MIA=71.27
  [17/36] gap=10.63215488215488 Df=2.00 Dr=66.24 MIA=74.21
  [18/36] gap=10.208032708032706 Df=2.00 Dr=67.05 MIA=73.75
  [19/36] gap=8.200877825877823 Df=2.00 Dr=65.70 MIA=66.38
  [20/36] gap=11.260521885521884 Df=2.00 Dr=65.23 MIA=75.09
  [21/36] gap=10.241582491582493 Df=2.00 Dr=67.41 MIA=74.21
  [22/36] gap=7.106000481000474 Df=2.00 Dr=66.30 MIA=63.70
  [23/36] gap=11.589826839826834 Df=2.00 Dr=65.80 MIA=76.64
  [24/36] gap=10.152056277056277 Df=2.00 Dr=68.34 MIA=74.88
  [25/36] gap=15.814814814814811 Df=14.00 Dr=66.44 MIA=77.96
  [26/36] gap=10.242364117364117 Df=2.00 Dr=67.39 MIA=74.20
  [27/36] gap=11.346741221741219 Df=4.00 Dr=68.08 MIA=76.20
  [28/36] gap=12.113876863876866 Df=6.00 Dr=66.87 MIA=75.29
  [29/36] gap=10.791786916786917 Df=2.00 Dr=68.42 MIA=76.88
  [30/36] gap=8.86718374218374 Df=0.00 Dr=69.09 MIA=73.77
  [31/36] gap=10.65602453102453 Df=4.00 Dr=67.01 MIA=73.05
  [32/36] gap=10.50763588263588 Df=2.00 Dr=68.38 MIA=75.98
  [33/36] gap=9.663239538239536 Df=2.00 Dr=69.13 MIA=74.20
  [34/36] gap=9.570526695526697 Df=2.00 Dr=67.37 MIA=72.16
  [35/36] gap=10.766293891293891 Df=2.00 Dr=68.93 MIA=77.30
  [36/36] gap=11.071969696969695 Df=2.00 Dr=69.80 MIA=79.09
final test: badteacher {'temperature': 4.0, 'epochs': 3, 'lr': 0.01}
  Df=0.00 Dr=69.22 MIA=72.46 time=8.15s KL=0.0041

unsir: 0/36 candidates complete
  [1/36] gap=41.279942279942276 Df=94.00 Dr=69.19 MIA=77.11
  [2/36] gap=32.02609427609428 Df=70.00 Dr=70.06 MIA=74.21
  [3/36] gap=40.66780904280904 Df=94.00 Dr=65.47 MIA=71.55
  [4/36] gap=23.127164502164504 Df=46.00 Dr=68.53 MIA=69.98
  [5/36] gap=23.72727272727273 Df=40.00 Dr=58.71 MIA=67.96
  [6/36] gap=5.816257816257817 Df=0.00 Dr=64.87 MIA=60.39
  [7/36] gap=39.30080567580567 Df=92.00 Dr=69.58 MIA=73.55
  [8/36] gap=32.74056036556036 Df=74.00 Dr=70.36 MIA=72.66
  [9/36] gap=39.85774410774411 Df=90.00 Dr=66.57 MIA=74.21
  [10/36] gap=23.601851851851848 Df=48.00 Dr=69.33 MIA=70.21
  [11/36] gap=20.816859066859063 Df=36.00 Dr=60.55 MIA=65.07
  [12/36] gap=6.480820105820105 Df=2.00 Dr=66.00 MIA=61.52
  [13/36] gap=39.811928811928816 Df=92.00 Dr=69.60 MIA=75.11
  [14/36] gap=32.872594997595 Df=72.00 Dr=70.18 MIA=74.88
  [15/36] gap=37.46915584415584 Df=86.00 Dr=67.07 MIA=71.55
  [16/36] gap=23.419372294372295 Df=46.00 Dr=69.43 MIA=71.77
  [17/36] gap=20.7979797979798 Df=34.00 Dr=61.49 MIA=67.96
  [18/36] gap=5.660052910052909 Df=0.00 Dr=66.44 MIA=61.50
  [19/36] gap=39.36075036075036 Df=92.00 Dr=68.95 MIA=73.11
  [20/36] gap=33.83213083213084 Df=76.00 Dr=69.54 MIA=73.11
  [21/36] gap=38.962782587782584 Df=92.00 Dr=65.70 MIA=68.66
  [22/36] gap=25.29948292448293 Df=54.00 Dr=68.69 MIA=68.66
  [23/36] gap=24.336760461760463 Df=48.00 Dr=60.65 MIA=63.73
  [24/36] gap=14.21302308802309 Df=20.00 Dr=64.77 MIA=65.48
  [25/36] gap=40.49813612313611 Df=92.00 Dr=69.09 MIA=76.66
  [26/36] gap=30.940716690716688 Df=68.00 Dr=69.96 MIA=72.86
  [27/36] gap=38.409271284271284 Df=88.00 Dr=66.46 MIA=71.77
  [28/36] gap=25.03511303511304 Df=50.00 Dr=69.21 MIA=72.39
  [29/36] gap=22.413480038480035 Df=42.00 Dr=62.20 MIA=65.52
  [30/36] gap=11.905784030784032 Df=18.00 Dr=65.94 MIA=61.73
  [31/36] gap=39.10419672919672 Df=90.00 Dr=69.27 MIA=74.66
  [32/36] gap=29.562109187109183 Df=64.00 Dr=69.90 MIA=72.66
  [33/36] gap=37.34662097162097 Df=86.00 Dr=66.55 MIA=70.66
  [34/36] gap=24.099506974506976 Df=50.00 Dr=69.39 MIA=69.77
  [35/36] gap=21.233706108706105 Df=40.00 Dr=62.85 MIA=64.62
  [36/36] gap=14.041005291005293 Df=20.00 Dr=66.44 MIA=66.64
final test: unsir {'impair_epochs': 1, 'repair_epochs': 3, 'impair_lr': 0.01, 'repair_lr': 0.01}
  Df=49.00 Dr=69.73 MIA=70.67 time=5.40s KL=0.0037

scrub: 0/24 candidates complete
  [1/24] gap=32.38233525733526 Df=70.00 Dr=70.55 MIA=75.77
  [2/24] gap=31.326418951418948 Df=68.00 Dr=70.61 MIA=74.66
  [3/24] gap=31.17496392496393 Df=68.00 Dr=70.83 MIA=74.43
  [4/24] gap=31.93921356421356 Df=70.00 Dr=70.77 MIA=74.66
  [5/24] gap=31.4472101972102 Df=70.00 Dr=70.91 MIA=73.29
  [6/24] gap=32.626082251082245 Df=70.00 Dr=70.71 MIA=76.66
  [7/24] gap=31.9769721019721 Df=72.00 Dr=70.87 MIA=72.88
  [8/24] gap=32.5554353054353 Df=70.00 Dr=70.69 MIA=76.43
  [9/24] gap=31.137205387205388 Df=68.00 Dr=70.73 MIA=74.21
  [10/24] gap=32.12169312169312 Df=70.00 Dr=70.67 MIA=75.11
  [11/24] gap=29.925745550745546 Df=64.00 Dr=70.97 MIA=74.66
  [12/24] gap=31.98635161135161 Df=70.00 Dr=70.63 MIA=74.66
  [13/24] gap=29.776936026936028 Df=64.00 Dr=70.97 MIA=74.21
  [14/24] gap=33.21127946127947 Df=72.00 Dr=70.51 MIA=76.21
  [15/24] gap=31.659271284271284 Df=72.00 Dr=70.46 MIA=71.52
  [16/24] gap=34.37560125060125 Df=76.00 Dr=70.57 MIA=75.77
  [17/24] gap=30.72101972101972 Df=66.00 Dr=70.87 MIA=75.11
  [18/24] gap=31.414622414622414 Df=68.00 Dr=70.79 MIA=75.11
  [19/24] gap=26.08802308802309 Df=52.00 Dr=71.01 MIA=75.11
  [20/24] gap=30.054353054353054 Df=64.00 Dr=70.87 MIA=75.11
  [21/24] gap=24.82611832611833 Df=48.00 Dr=70.77 MIA=75.32
  [22/24] gap=31.11026936026936 Df=68.00 Dr=70.97 MIA=74.21
  [23/24] gap=20.04244829244829 Df=32.00 Dr=70.87 MIA=77.07
  [24/24] gap=32.5513468013468 Df=70.00 Dr=70.48 MIA=76.21
final test: scrub {'msteps': 3, 'lr': 0.005, 'epochs': 5, 'max_grad_norm': 5.0}
  Df=43.00 Dr=70.72 MIA=65.38 time=7.26s KL=0.0031

mmu: 0/96 candidates complete
  [1/96] gap=32.088023088023085 Df=70.00 Dr=70.77 MIA=75.11
  [2/96] gap=32.75468975468976 Df=70.00 Dr=70.77 MIA=77.11
  [3/96] gap=31.756734006734007 Df=70.00 Dr=70.91 MIA=74.21
  [4/96] gap=31.79040404040404 Df=70.00 Dr=70.77 MIA=74.21
  [5/96] gap=33.232142857142854 Df=72.00 Dr=70.89 MIA=76.66
  [6/96] gap=33.77020202020202 Df=72.00 Dr=70.83 MIA=78.21
  [7/96] gap=32.12169312169312 Df=70.00 Dr=70.67 MIA=75.11
  [8/96] gap=32.43013468013468 Df=70.00 Dr=70.85 MIA=76.21
  [9/96] gap=31.387686387686387 Df=68.00 Dr=70.91 MIA=75.11
  [10/96] gap=30.747955747955746 Df=64.00 Dr=70.99 MIA=77.11
  [11/96] gap=30.565476190476186 Df=66.00 Dr=70.89 MIA=74.66
  [12/96] gap=29.776936026936028 Df=64.00 Dr=70.97 MIA=74.21
  [13/96] gap=32.56547619047618 Df=72.00 Dr=70.89 MIA=74.66
  [14/96] gap=30.727753727753726 Df=64.00 Dr=70.93 MIA=77.11
  [15/96] gap=31.972883597883595 Df=70.00 Dr=70.67 MIA=74.66
  [16/96] gap=31.407888407888407 Df=68.00 Dr=70.81 MIA=75.11
  [17/96] gap=32.067821067821065 Df=68.00 Dr=70.95 MIA=77.11
  [18/96] gap=27.143939393939394 Df=52.00 Dr=71.07 MIA=78.21
  [19/96] gap=30.869829244829248 Df=66.00 Dr=70.87 MIA=75.55
  [20/96] gap=29.42135642135642 Df=62.00 Dr=71.01 MIA=75.11
  [21/96] gap=32.5789442039442 Df=72.00 Dr=70.93 MIA=74.66
  [22/96] gap=29.428090428090428 Df=60.00 Dr=71.03 MIA=77.11
  [23/96] gap=32.714285714285715 Df=72.00 Dr=70.89 MIA=75.11
  [24/96] gap=30.592412217412214 Df=66.00 Dr=70.97 MIA=74.66
  [25/96] gap=32.80856180856181 Df=70.00 Dr=70.61 MIA=77.11
  [26/96] gap=10.846320346320347 Df=6.00 Dr=71.07 MIA=75.32
  [27/96] gap=30.659752284752283 Df=66.00 Dr=70.61 MIA=74.66
  [28/96] gap=20.745430495430494 Df=38.00 Dr=71.23 MIA=72.86
  [29/96] gap=32.077982202982206 Df=72.00 Dr=70.57 MIA=72.88
  [30/96] gap=21.56421356421356 Df=38.00 Dr=70.77 MIA=75.54
  [31/96] gap=32.135161135161134 Df=70.00 Dr=70.63 MIA=75.11
  [32/96] gap=28.670574795574794 Df=58.00 Dr=70.99 MIA=76.88
  [33/96] gap=32.626082251082245 Df=70.00 Dr=70.71 MIA=76.66
  [34/96] gap=32.457070707070706 Df=70.00 Dr=70.77 MIA=76.21
  [35/96] gap=31.25234487734487 Df=68.00 Dr=70.83 MIA=74.66
  [36/96] gap=32.108225108225106 Df=68.00 Dr=70.71 MIA=77.11
  [37/96] gap=30.923701298701292 Df=66.00 Dr=70.71 MIA=75.55
  [38/96] gap=32.61934824434824 Df=68.00 Dr=70.73 MIA=78.66
  [39/96] gap=31.4011544011544 Df=68.00 Dr=70.95 MIA=75.11
  [40/96] gap=31.2792809042809 Df=68.00 Dr=70.75 MIA=74.66
  [41/96] gap=30.572210197210193 Df=64.00 Dr=70.91 MIA=76.66
  [42/96] gap=26.43013468013468 Df=50.00 Dr=70.93 MIA=78.21
  [43/96] gap=30.734487734487733 Df=66.00 Dr=70.95 MIA=75.11
  [44/96] gap=27.164141414141415 Df=54.00 Dr=71.13 MIA=76.21
  [45/96] gap=30.768157768157767 Df=66.00 Dr=70.73 MIA=75.11
  [46/96] gap=25.414622414622414 Df=50.00 Dr=70.99 MIA=75.11
  [47/96] gap=31.428090428090428 Df=68.00 Dr=71.03 MIA=75.11
  [48/96] gap=30.10822510822511 Df=64.00 Dr=71.07 MIA=75.11
  [49/96] gap=30.443602693602696 Df=64.00 Dr=70.81 MIA=76.21
  [50/96] gap=19.642376142376143 Df=34.00 Dr=71.03 MIA=73.75
  [51/96] gap=30.43686868686869 Df=66.00 Dr=70.83 MIA=74.21
  [52/96] gap=23.499518999519 Df=44.00 Dr=71.03 MIA=75.32
  [53/96] gap=32.781625781625785 Df=72.00 Dr=70.69 MIA=75.11
  [54/96] gap=21.20268157768158 Df=38.00 Dr=71.05 MIA=74.41
  [55/96] gap=31.387686387686387 Df=68.00 Dr=70.87 MIA=75.11
  [56/96] gap=26.15536315536316 Df=52.00 Dr=71.21 MIA=75.11
  [57/96] gap=32.404100529100525 Df=70.00 Dr=70.44 MIA=75.73
  [58/96] gap=7.161495911495912 Df=0.00 Dr=70.91 MIA=70.43
  [59/96] gap=31.001863876863876 Df=68.00 Dr=70.69 MIA=73.77
  [60/96] gap=9.740740740740746 Df=2.00 Dr=71.11 MIA=75.96
  [61/96] gap=31.695466570466568 Df=70.00 Dr=70.61 MIA=73.77
  [62/96] gap=8.203162578162578 Df=0.00 Dr=70.87 MIA=73.55
  [63/96] gap=31.671176046176043 Df=68.00 Dr=70.46 MIA=75.55
  [64/96] gap=14.004689754689757 Df=16.00 Dr=71.01 MIA=74.86
  [65/96] gap=30.86652236652236 Df=66.00 Dr=70.65 MIA=75.32
  [66/96] gap=30.82611832611833 Df=66.00 Dr=70.77 MIA=75.32
  [67/96] gap=31.083333333333332 Df=68.00 Dr=70.89 MIA=74.21
  [68/96] gap=31.641594516594512 Df=68.00 Dr=70.77 MIA=75.77
  [69/96] gap=31.803872053872055 Df=70.00 Dr=70.73 MIA=74.21
  [70/96] gap=31.123737373737374 Df=68.00 Dr=70.77 MIA=74.21
  [71/96] gap=32.067821067821065 Df=70.00 Dr=70.95 MIA=75.11
  [72/96] gap=31.414622414622414 Df=68.00 Dr=70.79 MIA=75.11
  [73/96] gap=27.259078884078885 Df=56.00 Dr=70.97 MIA=74.66
  [74/96] gap=21.99717412217412 Df=38.00 Dr=70.97 MIA=76.88
  [75/96] gap=30.17556517556518 Df=64.00 Dr=71.27 MIA=75.11
  [76/96] gap=23.891414141414145 Df=46.00 Dr=71.31 MIA=74.21
  [77/96] gap=31.11026936026936 Df=68.00 Dr=70.97 MIA=74.21
  [78/96] gap=24.61934824434824 Df=46.00 Dr=71.05 MIA=76.66
  [79/96] gap=30.832852332852337 Df=68.00 Dr=71.03 MIA=73.32
  [80/96] gap=26.981661856661855 Df=52.00 Dr=71.03 MIA=77.77
  [81/96] gap=26.94799182299182 Df=54.00 Dr=70.85 MIA=75.77
  [82/96] gap=13.597883597883596 Df=14.00 Dr=71.11 MIA=75.54
  [83/96] gap=30.684042809042808 Df=64.00 Dr=71.03 MIA=76.88
  [84/96] gap=16.75138287638288 Df=24.00 Dr=71.23 MIA=74.88
  [85/96] gap=31.925745550745546 Df=70.00 Dr=70.81 MIA=74.66
  [86/96] gap=15.324555074555072 Df=22.00 Dr=70.97 MIA=72.86
  [87/96] gap=31.472582972582973 Df=70.00 Dr=70.83 MIA=73.32
  [88/96] gap=24.341931216931215 Df=44.00 Dr=71.11 MIA=77.77
  [89/96] gap=22.48899711399711 Df=40.00 Dr=70.40 MIA=75.95
  [90/96] gap=6.495610870610868 Df=0.00 Dr=70.93 MIA=68.41
  [91/96] gap=30.21001683501684 Df=62.00 Dr=70.38 MIA=77.09
  [92/96] gap=6.7991822991822986 Df=0.00 Dr=70.93 MIA=69.32
  [93/96] gap=33.69955507455507 Df=72.00 Dr=70.81 MIA=77.98
  [94/96] gap=6.863876863876861 Df=0.00 Dr=70.87 MIA=69.54
  [95/96] gap=31.61477873977874 Df=72.00 Dr=70.38 MIA=71.30
  [96/96] gap=7.908970658970662 Df=0.00 Dr=71.15 MIA=72.43
final test: mmu {'msteps': 3, 'lr': 0.005, 'epochs': 10, 'head_mode': 'tied', 'weighting': 'normalised', 'max_grad_norm': 5.0}
  Df=0.00 Dr=70.89 MIA=68.96 time=14.09s KL=0.0022

salun: 0/45 candidates complete
  [1/45] gap=19.260101010101007 Df=28.00 Dr=65.86 MIA=73.71
  [2/45] gap=19.25204425204425 Df=28.00 Dr=64.99 MIA=72.82
  [3/45] gap=18.896464646464644 Df=26.00 Dr=64.95 MIA=73.71
  [4/45] gap=18.528619528619526 Df=24.00 Dr=62.30 MIA=71.96
  [5/45] gap=18.1777898027898 Df=26.00 Dr=62.91 MIA=69.52
  [6/45] gap=18.125901875901874 Df=24.00 Dr=62.40 MIA=70.86
  [7/45] gap=14.493205868205868 Df=10.00 Dr=56.14 MIA=67.70
  [8/45] gap=13.864598364598365 Df=4.00 Dr=56.08 MIA=71.75
  [9/45] gap=12.948232323232325 Df=4.00 Dr=57.92 MIA=70.84
  [10/45] gap=19.11129148629149 Df=28.00 Dr=65.86 MIA=73.27
  [11/45] gap=19.27224627224627 Df=28.00 Dr=64.93 MIA=72.82
  [12/45] gap=18.16510341510342 Df=26.00 Dr=64.93 MIA=71.50
  [13/45] gap=16.717291967291967 Df=22.00 Dr=63.27 MIA=69.50
  [14/45] gap=18.507215007215006 Df=24.00 Dr=63.01 MIA=72.61
  [15/45] gap=17.87818662818663 Df=20.00 Dr=61.58 MIA=73.29
  [16/45] gap=14.926827801827798 Df=8.00 Dr=56.63 MIA=71.48
  [17/45] gap=14.799963924963919 Df=6.00 Dr=56.83 MIA=73.30
  [18/45] gap=13.259860509860507 Df=8.00 Dr=58.79 MIA=68.64
  [19/45] gap=18.942279942279942 Df=28.00 Dr=65.92 MIA=72.82
  [20/45] gap=19.109968734968735 Df=28.00 Dr=64.97 MIA=72.38
  [21/45] gap=18.49374699374699 Df=26.00 Dr=65.05 MIA=72.61
  [22/45] gap=17.450637325637324 Df=24.00 Dr=62.63 MIA=69.05
  [23/45] gap=16.969997594997597 Df=22.00 Dr=61.82 MIA=68.80
  [24/45] gap=18.30453342953343 Df=24.00 Dr=61.17 MIA=70.16
  [25/45] gap=15.343795093795093 Df=10.00 Dr=56.46 MIA=70.57
  [26/45] gap=15.369047619047619 Df=6.00 Dr=56.89 MIA=75.07
  [27/45] gap=14.125120250120249 Df=6.00 Dr=58.42 MIA=72.88
  [28/45] gap=19.963744588744586 Df=28.00 Dr=65.98 MIA=75.95
  [29/45] gap=19.103234728234728 Df=28.00 Dr=64.99 MIA=72.38
  [30/45] gap=19.820346320346314 Df=28.00 Dr=65.07 MIA=74.61
  [31/45] gap=17.66083453583453 Df=24.00 Dr=62.42 MIA=69.48
  [32/45] gap=16.86069023569023 Df=22.00 Dr=62.18 MIA=68.84
  [33/45] gap=18.534030784030783 Df=26.00 Dr=61.39 MIA=69.07
  [34/45] gap=16.266113516113517 Df=8.00 Dr=56.63 MIA=75.50
  [35/45] gap=13.5220658970659 Df=4.00 Dr=56.63 MIA=71.27
  [36/45] gap=16.592532467532468 Df=8.00 Dr=58.34 MIA=78.20
  [37/45] gap=19.18602693602693 Df=28.00 Dr=66.08 MIA=73.71
  [38/45] gap=20.232443482443482 Df=28.00 Dr=64.73 MIA=75.50
  [39/45] gap=19.99609187109187 Df=28.00 Dr=64.99 MIA=75.05
  [40/45] gap=18.42574555074555 Df=24.00 Dr=62.81 MIA=72.16
  [41/45] gap=19.56379268879269 Df=26.00 Dr=61.39 MIA=72.16
  [42/45] gap=18.0021645021645 Df=22.00 Dr=60.53 MIA=70.61
  [43/45] gap=16.609006734006737 Df=8.00 Dr=56.69 MIA=76.59
  [44/45] gap=12.690596440596439 Df=4.00 Dr=56.42 MIA=68.57
  [45/45] gap=14.194143819143816 Df=8.00 Dr=57.72 MIA=70.38
final test: salun {'sparsity': 0.9, 'lr': 0.0001, 'epochs': 3}
  Df=27.00 Dr=66.67 MIA=66.28 time=6.77s KL=0.0041

uniclun: 0/27 candidates complete
  [1/27] gap=18.55699855699856 Df=26.00 Dr=66.65 MIA=74.39
  [2/27] gap=18.55699855699856 Df=26.00 Dr=66.65 MIA=74.39
  [3/27] gap=18.55699855699856 Df=26.00 Dr=66.65 MIA=74.39
  [4/27] gap=18.84589947089947 Df=26.00 Dr=65.33 MIA=73.95
  [5/27] gap=18.84589947089947 Df=26.00 Dr=65.33 MIA=73.95
  [6/27] gap=18.84589947089947 Df=26.00 Dr=65.33 MIA=73.95
  [7/27] gap=20.487554112554115 Df=26.00 Dr=63.98 MIA=77.52
  [8/27] gap=20.487554112554115 Df=26.00 Dr=63.98 MIA=77.52
  [9/27] gap=20.487554112554115 Df=26.00 Dr=63.98 MIA=77.52
  [10/27] gap=20.12932900432901 Df=26.00 Dr=62.16 MIA=74.63
  [11/27] gap=20.12932900432901 Df=26.00 Dr=62.16 MIA=74.63
  [12/27] gap=20.12932900432901 Df=26.00 Dr=62.16 MIA=74.63
  [13/27] gap=18.65337902837903 Df=22.00 Dr=61.23 MIA=73.27
  [14/27] gap=18.65337902837903 Df=22.00 Dr=61.23 MIA=73.27
  [15/27] gap=18.65337902837903 Df=22.00 Dr=61.23 MIA=73.27
  [16/27] gap=20.401996151996155 Df=24.00 Dr=59.58 MIA=74.86
  [17/27] gap=20.401996151996155 Df=24.00 Dr=59.58 MIA=74.86
  [18/27] gap=20.401996151996155 Df=24.00 Dr=59.58 MIA=74.86
  [19/27] gap=20.47751322751323 Df=22.00 Dr=59.78 MIA=77.29
  [20/27] gap=20.47751322751323 Df=22.00 Dr=59.78 MIA=77.29
  [21/27] gap=20.47751322751323 Df=22.00 Dr=59.78 MIA=77.29
  [22/27] gap=17.601551226551226 Df=16.00 Dr=59.49 MIA=74.38
  [23/27] gap=17.601551226551226 Df=16.00 Dr=59.49 MIA=74.38
  [24/27] gap=17.601551226551226 Df=16.00 Dr=59.49 MIA=74.38
  [25/27] gap=17.983946608946606 Df=16.00 Dr=59.92 MIA=75.95
  [26/27] gap=17.983946608946606 Df=16.00 Dr=59.92 MIA=75.95
  [27/27] gap=17.983946608946606 Df=16.00 Dr=59.92 MIA=75.95
final test: uniclun {'lr': 0.0001, 'epochs': 3, 'buffer_size': 250}
  Df=32.00 Dr=66.84 MIA=70.32 time=8.20s KL=0.0041

