loaded shared source and Amnesiac ledger
loaded shared Retrain reference
final test: baseline {}
  Df=71.00 Dr=70.36 MIA=71.56 time=0.00s KL=0.0013
final test: retrain {}
  Df=0.00 Dr=71.12 MIA=45.36 time=1362.78s KL=0.0000
final test: amnesiac {}
  Df=0.00 Dr=1.03 MIA=50.00 time=0.00s KL=0.2351

finetune: 0/12 candidates complete
  [1/12] gap=27.93837181337182 Df=66.00 Dr=70.42 MIA=67.77
  [2/12] gap=24.673039923039923 Df=60.00 Dr=70.67 MIA=64.21
  [3/12] gap=22.964586339586337 Df=54.00 Dr=71.45 MIA=65.55
  [4/12] gap=18.081108706108708 Df=40.00 Dr=70.89 MIA=64.66
  [5/12] gap=12.457130832130836 Df=22.00 Dr=65.94 MIA=60.84
  [6/12] gap=4.120851370851372 Df=2.00 Dr=66.32 MIA=56.21
  [7/12] gap=4.170875420875423 Df=0.00 Dr=65.03 MIA=57.07
  [8/12] gap=2.2576358826358884 Df=0.00 Dr=66.79 MIA=53.09
  [9/12] gap=11.910834535834539 Df=0.00 Dr=42.83 MIA=58.09
  [10/12] gap=7.051406926406929 Df=0.00 Dr=57.66 MIA=58.34
  [11/12] gap=5.050505050505052 Df=0.00 Dr=62.14 MIA=44.82
  [12/12] gap=4.332190957190957 Df=0.00 Dr=62.71 MIA=46.41
final test: finetune {'lr': 0.0001, 'epochs': 10}
  Df=36.00 Dr=70.54 MIA=71.06 time=85.19s KL=0.0012

ssd: 0/25 candidates complete
  [1/25] gap=25.153799903799907 Df=0.00 Dr=1.01 MIA=45.64
  [2/25] gap=25.332551707551712 Df=0.00 Dr=1.31 MIA=44.80
  [3/25] gap=28.21614959114959 Df=0.00 Dr=1.09 MIA=65.27
  [4/25] gap=16.642135642135646 Df=0.00 Dr=28.08 MIA=57.54
  [5/25] gap=3.2809042809042808 Df=0.00 Dr=61.88 MIA=50.39
  [6/25] gap=23.76022126022126 Df=0.00 Dr=3.80 MIA=47.04
  [7/25] gap=23.834956709956714 Df=0.00 Dr=4.02 MIA=46.59
  [8/25] gap=23.55351130351131 Df=0.00 Dr=4.53 MIA=54.71
  [9/25] gap=16.642135642135646 Df=0.00 Dr=28.08 MIA=57.54
  [10/25] gap=3.2809042809042808 Df=0.00 Dr=61.88 MIA=50.39
  [11/25] gap=16.25036075036076 Df=0.00 Dr=31.90 MIA=60.18
  [12/25] gap=14.481301106301112 Df=0.00 Dr=32.55 MIA=55.52
  [13/25] gap=14.164802789802797 Df=0.00 Dr=33.49 MIA=55.52
  [14/25] gap=9.328463203463208 Df=0.00 Dr=47.11 MIA=54.62
  [15/25] gap=3.2809042809042808 Df=0.00 Dr=61.88 MIA=50.39
  [16/25] gap=3.593013468013474 Df=0.00 Dr=70.89 MIA=61.20
  [17/25] gap=3.0818903318903352 Df=0.00 Dr=70.87 MIA=59.64
  [18/25] gap=3.0818903318903352 Df=0.00 Dr=70.87 MIA=59.64
  [19/25] gap=4.200156325156331 Df=0.00 Dr=70.89 MIA=63.02
  [20/25] gap=3.9799182299182334 Df=0.00 Dr=70.89 MIA=62.36
  [21/25] gap=22.833152958152954 Df=60.00 Dr=71.60 MIA=59.02
  [22/25] gap=22.833152958152954 Df=60.00 Dr=71.60 MIA=59.02
  [23/25] gap=22.691077441077436 Df=60.00 Dr=71.62 MIA=58.57
  [24/25] gap=23.3577441077441 Df=62.00 Dr=71.62 MIA=58.57
  [25/25] gap=24.024410774410768 Df=64.00 Dr=71.62 MIA=58.57
final test: ssd {'alpha': 50.0, 'dampening_constant': 0.1}
  Df=50.00 Dr=70.36 MIA=69.25 time=8.72s KL=0.0013

badteacher: 0/36 candidates complete
  [1/36] gap=9.748737373737375 Df=10.00 Dr=67.17 MIA=65.95
  [2/36] gap=5.943241943241951 Df=2.00 Dr=66.61 MIA=61.96
  [3/36] gap=6.889309764309772 Df=0.00 Dr=64.00 MIA=64.20
  [4/36] gap=9.506974506974506 Df=6.00 Dr=66.34 MIA=68.39
  [5/36] gap=7.786495911495915 Df=2.00 Dr=65.27 MIA=66.16
  [6/36] gap=5.045634920634922 Df=0.00 Dr=63.96 MIA=58.62
  [7/36] gap=7.137145262145265 Df=4.00 Dr=66.36 MIA=63.30
  [8/36] gap=7.268638768638771 Df=0.00 Dr=65.27 MIA=66.61
  [9/36] gap=5.43566618566619 Df=0.00 Dr=63.88 MIA=59.71
  [10/36] gap=5.904040404040406 Df=2.00 Dr=66.08 MIA=61.32
  [11/36] gap=5.857683982683987 Df=0.00 Dr=64.20 MIA=61.30
  [12/36] gap=5.48124098124098 Df=0.00 Dr=65.78 MIA=61.75
  [13/36] gap=9.937950937950939 Df=10.00 Dr=67.05 MIA=66.39
  [14/36] gap=5.395803270803273 Df=2.00 Dr=66.91 MIA=60.62
  [15/36] gap=4.94991582491583 Df=0.00 Dr=65.82 MIA=60.20
  [16/36] gap=7.211099086099097 Df=6.00 Dr=66.61 MIA=61.77
  [17/36] gap=7.2961159211159226 Df=0.00 Dr=66.10 MIA=67.52
  [18/36] gap=5.182960557960563 Df=0.00 Dr=67.33 MIA=62.41
  [19/36] gap=6.402356902356904 Df=2.00 Dr=66.59 MIA=63.32
  [20/36] gap=5.44901394901395 Df=0.00 Dr=66.30 MIA=62.18
  [21/36] gap=4.8347763347763335 Df=0.00 Dr=67.72 MIA=61.75
  [22/36] gap=6.030002405002404 Df=2.00 Dr=66.36 MIA=61.98
  [23/36] gap=5.502765752765761 Df=0.00 Dr=66.61 MIA=62.64
  [24/36] gap=5.191678691678692 Df=0.00 Dr=68.65 MIA=63.75
  [25/36] gap=8.834896584896583 Df=10.00 Dr=67.25 MIA=63.29
  [26/36] gap=6.047679172679177 Df=2.00 Dr=68.06 MIA=63.73
  [27/36] gap=4.568061568061573 Df=0.00 Dr=68.30 MIA=61.54
  [28/36] gap=6.894600769600776 Df=6.00 Dr=67.56 MIA=61.77
  [29/36] gap=5.121813371813374 Df=0.00 Dr=68.61 MIA=63.50
  [30/36] gap=6.553270803270806 Df=0.00 Dr=69.45 MIA=68.64
  [31/36] gap=6.247835497835498 Df=2.00 Dr=67.66 MIA=63.93
  [32/36] gap=4.8812530062530115 Df=0.00 Dr=69.13 MIA=63.30
  [33/36] gap=4.350589225589229 Df=0.00 Dr=69.62 MIA=62.20
  [34/36] gap=5.718253968253973 Df=2.00 Dr=67.96 MIA=62.64
  [35/36] gap=5.477152477152482 Df=0.00 Dr=69.58 MIA=65.54
  [36/36] gap=5.792328042328047 Df=0.00 Dr=69.74 MIA=66.64
final test: badteacher {'temperature': 4.0, 'epochs': 10, 'lr': 0.01}
  Df=0.00 Dr=69.23 MIA=74.63 time=19.95s KL=0.0013

unsir: 0/36 candidates complete
  [1/36] gap=33.65710678210679 Df=88.00 Dr=69.23 MIA=61.73
  [2/36] gap=31.16672679172679 Df=80.00 Dr=70.06 MIA=63.09
  [3/36] gap=32.81060606060606 Df=84.00 Dr=65.11 MIA=59.07
  [4/36] gap=22.03342953342954 Df=48.00 Dr=68.12 MIA=65.75
  [5/36] gap=18.018759018759024 Df=40.00 Dr=58.81 MIA=52.39
  [6/36] gap=4.8739778739778785 Df=6.00 Dr=64.24 MIA=52.39
  [7/36] gap=33.668590668590674 Df=88.00 Dr=69.86 MIA=62.39
  [8/36] gap=30.4484126984127 Df=78.00 Dr=70.63 MIA=63.50
  [9/36] gap=31.37085137085137 Df=82.00 Dr=66.32 MIA=57.96
  [10/36] gap=20.19029581529582 Df=48.00 Dr=68.99 MIA=61.09
  [11/36] gap=15.463924963924965 Df=34.00 Dr=60.69 MIA=52.61
  [12/36] gap=5.271164021164021 Df=6.00 Dr=65.52 MIA=54.86
  [13/36] gap=34.167989417989425 Df=88.00 Dr=70.18 MIA=64.21
  [14/36] gap=30.72017797017797 Df=78.00 Dr=70.53 MIA=64.21
  [15/36] gap=31.846200096200096 Df=80.00 Dr=67.58 MIA=62.64
  [16/36] gap=23.6098484848485 Df=56.00 Dr=69.84 MIA=64.20
  [17/36] gap=15.49549062049062 Df=34.00 Dr=61.72 MIA=53.73
  [18/36] gap=4.389009139009137 Df=4.00 Dr=66.16 MIA=54.86
  [19/36] gap=33.80194805194805 Df=88.00 Dr=68.57 MIA=61.50
  [20/36] gap=31.90824915824916 Df=78.00 Dr=69.82 MIA=67.07
  [21/36] gap=33.78228715728716 Df=88.00 Dr=65.54 MIA=58.41
  [22/36] gap=21.47438672438673 Df=52.00 Dr=68.26 MIA=60.21
  [23/36] gap=19.533128908128912 Df=42.00 Dr=60.28 MIA=56.41
  [24/36] gap=8.685425685425692 Df=14.00 Dr=64.81 MIA=56.39
  [25/36] gap=34.1480278980279 Df=88.00 Dr=69.31 MIA=63.29
  [26/36] gap=31.021224146224153 Df=80.00 Dr=70.28 MIA=62.88
  [27/36] gap=32.054292929292934 Df=82.00 Dr=66.51 MIA=60.20
  [28/36] gap=24.295394420394427 Df=64.00 Dr=68.89 MIA=57.30
  [29/36] gap=18.730459355459363 Df=42.00 Dr=61.80 MIA=55.52
  [30/36] gap=5.828222703222707 Df=10.00 Dr=66.04 MIA=53.05
  [31/36] gap=34.137866762866764 Df=88.00 Dr=69.58 MIA=63.52
  [32/36] gap=31.25372775372776 Df=78.00 Dr=70.89 MIA=66.18
  [33/36] gap=31.48057960557961 Df=82.00 Dr=67.33 MIA=59.30
  [34/36] gap=23.88395863395864 Df=56.00 Dr=69.68 MIA=64.86
  [35/36] gap=18.210618085618087 Df=38.00 Dr=62.46 MIA=58.62
  [36/36] gap=8.185545935545937 Df=10.00 Dr=66.34 MIA=60.43
final test: unsir {'impair_epochs': 1, 'repair_epochs': 3, 'impair_lr': 0.01, 'repair_lr': 0.01}
  Df=52.00 Dr=69.07 MIA=66.92 time=5.85s KL=0.0015

scrub: 0/24 candidates complete
  [1/24] gap=29.752465127465126 Df=76.00 Dr=71.82 MIA=63.55
  [2/24] gap=29.03866041366041 Df=76.00 Dr=71.68 MIA=61.55
  [3/24] gap=29.650793650793645 Df=76.00 Dr=71.96 MIA=63.11
  [4/24] gap=28.984788359788357 Df=76.00 Dr=71.52 MIA=61.55
  [5/24] gap=29.61712361712361 Df=76.00 Dr=71.86 MIA=63.11
  [6/24] gap=29.759860509860513 Df=78.00 Dr=71.39 MIA=62.00
  [7/24] gap=30.900673400673398 Df=78.00 Dr=71.49 MIA=65.32
  [8/24] gap=29.534451659451662 Df=74.00 Dr=71.17 MIA=65.30
  [9/24] gap=28.9100529100529 Df=74.00 Dr=71.74 MIA=63.11
  [10/24] gap=29.813071188071188 Df=76.00 Dr=72.00 MIA=63.55
  [11/24] gap=27.522847522847513 Df=70.00 Dr=71.58 MIA=63.11
  [12/24] gap=30.58140933140933 Df=78.00 Dr=71.86 MIA=64.00
  [13/24] gap=27.380772005772002 Df=70.00 Dr=71.60 MIA=62.66
  [14/24] gap=30.385461760461755 Df=78.00 Dr=71.72 MIA=63.55
  [15/24] gap=30.31547619047619 Df=76.00 Dr=71.29 MIA=65.77
  [16/24] gap=31.036796536796533 Df=78.00 Dr=71.47 MIA=65.75
  [17/24] gap=27.610389610389603 Df=70.00 Dr=71.84 MIA=63.11
  [18/24] gap=28.74777537277537 Df=74.00 Dr=71.70 MIA=62.66
  [19/24] gap=24.578763828763822 Df=62.00 Dr=71.64 MIA=62.21
  [20/24] gap=28.531625781625777 Df=74.00 Dr=71.49 MIA=62.21
  [21/24] gap=21.763287638287636 Df=54.00 Dr=71.64 MIA=61.77
  [22/24] gap=28.281144781144775 Df=74.00 Dr=71.64 MIA=61.32
  [23/24] gap=10.119648869648863 Df=20.00 Dr=71.62 MIA=60.86
  [24/24] gap=28.610569985569985 Df=72.00 Dr=71.54 MIA=64.41
final test: scrub {'msteps': 3, 'lr': 0.005, 'epochs': 5, 'max_grad_norm': 5.0}
  Df=25.00 Dr=70.37 MIA=69.92 time=7.37s KL=0.0020

mmu: 0/96 candidates complete
  [1/96] gap=29.66426166426166 Df=76.00 Dr=72.00 MIA=63.11
  [2/96] gap=29.610389610389603 Df=76.00 Dr=71.84 MIA=63.11
  [3/96] gap=28.903318903318894 Df=76.00 Dr=71.72 MIA=61.11
  [4/96] gap=29.522847522847513 Df=78.00 Dr=71.58 MIA=61.11
  [5/96] gap=29.121031746031747 Df=74.00 Dr=71.96 MIA=63.52
  [6/96] gap=28.567941317941315 Df=74.00 Dr=71.82 MIA=62.00
  [7/96] gap=29.119468494468492 Df=76.00 Dr=71.92 MIA=61.55
  [8/96] gap=28.99759499759499 Df=76.00 Dr=72.00 MIA=61.11
  [9/96] gap=29.159872534872534 Df=76.00 Dr=72.04 MIA=61.55
  [10/96] gap=27.031265031265026 Df=68.00 Dr=72.10 MIA=63.11
  [11/96] gap=28.202982202982195 Df=74.00 Dr=71.62 MIA=61.11
  [12/96] gap=27.57671957671957 Df=70.00 Dr=71.74 MIA=63.11
  [13/96] gap=29.249639249639245 Df=74.00 Dr=71.90 MIA=63.96
  [14/96] gap=27.787698412698415 Df=70.00 Dr=71.96 MIA=63.52
  [15/96] gap=29.092532467532465 Df=76.00 Dr=71.84 MIA=61.55
  [16/96] gap=28.432599807599804 Df=74.00 Dr=71.86 MIA=61.55
  [17/96] gap=29.556517556517548 Df=74.00 Dr=71.68 MIA=65.11
  [18/96] gap=25.037999037999032 Df=62.00 Dr=72.12 MIA=63.11
  [19/96] gap=28.70063732563732 Df=74.00 Dr=71.56 MIA=62.66
  [20/96] gap=26.297258297258292 Df=68.00 Dr=71.90 MIA=61.11
  [21/96] gap=29.29743867243867 Df=74.00 Dr=71.60 MIA=64.41
  [22/96] gap=24.95719095719095 Df=64.00 Dr=71.88 MIA=61.11
  [23/96] gap=29.89862914862914 Df=76.00 Dr=71.60 MIA=64.21
  [24/96] gap=27.36664261664261 Df=70.00 Dr=72.00 MIA=62.21
  [25/96] gap=30.856962481962487 Df=78.00 Dr=70.99 MIA=65.09
  [26/96] gap=5.705327080327076 Df=4.00 Dr=71.68 MIA=63.55
  [27/96] gap=30.096019721019726 Df=74.00 Dr=71.31 MIA=67.09
  [28/96] gap=20.593013468013464 Df=46.00 Dr=71.70 MIA=66.20
  [29/96] gap=29.114959114959117 Df=74.00 Dr=71.49 MIA=63.96
  [30/96] gap=18.31481481481481 Df=44.00 Dr=71.74 MIA=61.32
  [31/96] gap=30.355880230880235 Df=78.00 Dr=71.17 MIA=63.77
  [32/96] gap=26.054954304954304 Df=62.00 Dr=71.64 MIA=66.64
  [33/96] gap=28.25685425685425 Df=74.00 Dr=71.78 MIA=61.11
  [34/96] gap=28.223184223184216 Df=74.00 Dr=71.68 MIA=61.11
  [35/96] gap=28.916786916786908 Df=74.00 Dr=71.76 MIA=63.11
  [36/96] gap=28.18951418951418 Df=72.00 Dr=71.58 MIA=63.11
  [37/96] gap=29.09926647426647 Df=76.00 Dr=71.86 MIA=61.55
  [38/96] gap=28.365259740259734 Df=74.00 Dr=71.66 MIA=61.55
  [39/96] gap=29.57671957671957 Df=76.00 Dr=71.74 MIA=63.11
  [40/96] gap=29.54978354978354 Df=76.00 Dr=71.66 MIA=63.11
  [41/96] gap=26.592231842231836 Df=68.00 Dr=71.68 MIA=62.21
  [42/96] gap=24.62590187590187 Df=60.00 Dr=71.78 MIA=64.21
  [43/96] gap=28.08784271284271 Df=72.00 Dr=71.72 MIA=62.66
  [44/96] gap=25.421176046176043 Df=64.00 Dr=71.72 MIA=62.66
  [45/96] gap=29.052128427128423 Df=76.00 Dr=71.72 MIA=61.55
  [46/96] gap=24.963924963924956 Df=62.00 Dr=71.90 MIA=63.11
  [47/96] gap=28.598965848965843 Df=74.00 Dr=71.70 MIA=62.21
  [48/96] gap=26.5585618085618 Df=68.00 Dr=71.58 MIA=62.21
  [49/96] gap=26.76797739297739 Df=68.00 Dr=71.76 MIA=62.66
  [50/96] gap=16.148448773448774 Df=36.00 Dr=71.90 MIA=62.66
  [51/96] gap=27.574074074074073 Df=72.00 Dr=71.52 MIA=61.32
  [52/96] gap=20.6528379028379 Df=50.00 Dr=71.86 MIA=62.21
  [53/96] gap=29.556517556517548 Df=76.00 Dr=71.68 MIA=63.11
  [54/96] gap=19.299302549302542 Df=46.00 Dr=71.80 MIA=62.21
  [55/96] gap=28.84944684944684 Df=74.00 Dr=71.56 MIA=63.11
  [56/96] gap=24.578763828763822 Df=62.00 Dr=71.64 MIA=62.21
  [57/96] gap=30.163359788359795 Df=76.00 Dr=71.07 MIA=65.09
  [58/96] gap=2.840187590187585 Df=0.00 Dr=71.78 MIA=58.86
  [59/96] gap=29.9498556998557 Df=72.00 Dr=71.54 MIA=68.43
  [60/96] gap=4.376863876863872 Df=0.00 Dr=71.49 MIA=63.75
  [61/96] gap=30.434042809042808 Df=74.00 Dr=71.43 MIA=67.98
  [62/96] gap=3.1890331890331844 Df=0.00 Dr=71.72 MIA=59.96
  [63/96] gap=29.63876863876864 Df=72.00 Dr=71.49 MIA=67.54
  [64/96] gap=10.74182299182299 Df=16.00 Dr=71.70 MIA=66.64
  [65/96] gap=27.59692159692159 Df=70.00 Dr=71.80 MIA=63.11
  [66/96] gap=27.543049543049534 Df=70.00 Dr=71.64 MIA=63.11
  [67/96] gap=28.916786916786908 Df=74.00 Dr=71.76 MIA=63.11
  [68/96] gap=27.569985569985562 Df=70.00 Dr=71.72 MIA=63.11
  [69/96] gap=29.583453583453576 Df=76.00 Dr=71.76 MIA=63.11
  [70/96] gap=28.9100529100529 Df=74.00 Dr=71.74 MIA=63.11
  [71/96] gap=28.862253487253486 Df=74.00 Dr=72.04 MIA=62.66
  [72/96] gap=28.25685425685425 Df=72.00 Dr=71.78 MIA=63.11
  [73/96] gap=24.229918229918223 Df=60.00 Dr=71.70 MIA=63.11
  [74/96] gap=19.21176046176046 Df=46.00 Dr=71.54 MIA=62.21
  [75/96] gap=26.950456950456942 Df=68.00 Dr=71.86 MIA=63.11
  [76/96] gap=22.62590187590187 Df=56.00 Dr=71.78 MIA=62.21
  [77/96] gap=29.374037999037995 Df=76.00 Dr=71.58 MIA=62.66
  [78/96] gap=21.319504569504563 Df=52.00 Dr=71.86 MIA=62.21
  [79/96] gap=28.686507936507933 Df=74.00 Dr=71.96 MIA=62.21
  [80/96] gap=24.821849446849445 Df=62.00 Dr=71.92 MIA=62.66
  [81/96] gap=21.709415584415584 Df=54.00 Dr=71.47 MIA=61.77
  [82/96] gap=8.2003367003367 Df=12.00 Dr=71.39 MIA=63.32
  [83/96] gap=26.84349446849446 Df=68.00 Dr=71.56 MIA=63.09
  [84/96] gap=13.850829725829726 Df=28.00 Dr=71.90 MIA=63.77
  [85/96] gap=29.333633958633957 Df=76.00 Dr=71.45 MIA=62.66
  [86/96] gap=9.952501202501196 Df=18.00 Dr=71.76 MIA=62.21
  [87/96] gap=28.984126984126977 Df=74.00 Dr=71.96 MIA=63.11
  [88/96] gap=20.046777296777293 Df=48.00 Dr=72.04 MIA=62.21
  [89/96] gap=11.503427128427127 Df=22.00 Dr=71.54 MIA=63.09
  [90/96] gap=2.8677849927849954 Df=0.00 Dr=71.41 MIA=59.30
  [91/96] gap=24.098665223665222 Df=62.00 Dr=71.54 MIA=60.88
  [92/96] gap=2.6240379990379927 Df=0.00 Dr=71.58 MIA=58.41
  [93/96] gap=28.92496392496393 Df=74.00 Dr=71.23 MIA=63.54
  [94/96] gap=2.870430495430488 Df=0.00 Dr=71.64 MIA=59.09
  [95/96] gap=29.26376863876864 Df=74.00 Dr=71.49 MIA=64.41
  [96/96] gap=3.21188071188071 Df=0.00 Dr=72.00 MIA=59.75
final test: mmu {'msteps': 3, 'lr': 0.005, 'epochs': 10, 'head_mode': 'tied', 'weighting': 'normalised', 'max_grad_norm': 5.0}
  Df=0.00 Dr=70.78 MIA=69.42 time=15.26s KL=0.0028

salun: 0/45 candidates complete
  [1/45] gap=13.724567099567102 Df=24.00 Dr=66.57 MIA=63.27
  [2/45] gap=13.725228475228482 Df=24.00 Dr=65.01 MIA=61.71
  [3/45] gap=14.40301827801828 Df=22.00 Dr=65.03 MIA=65.77
  [4/45] gap=15.309583934583936 Df=20.00 Dr=62.06 MIA=67.52
  [5/45] gap=13.74861712361713 Df=18.00 Dr=61.64 MIA=64.41
  [6/45] gap=16.69546657046657 Df=22.00 Dr=61.01 MIA=68.62
  [7/45] gap=17.773689273689275 Df=20.00 Dr=55.76 MIA=68.61
  [8/45] gap=14.73995911495912 Df=14.00 Dr=57.09 MIA=66.84
  [9/45] gap=13.836159211159211 Df=10.00 Dr=59.37 MIA=70.41
  [10/45] gap=14.472703222703226 Df=24.00 Dr=66.77 MIA=65.71
  [11/45] gap=13.341931216931217 Df=24.00 Dr=65.07 MIA=60.62
  [12/45] gap=13.661616161616166 Df=22.00 Dr=64.81 MIA=63.32
  [13/45] gap=15.017917267917275 Df=20.00 Dr=62.06 MIA=66.64
  [14/45] gap=13.931758056758062 Df=18.00 Dr=61.98 MIA=65.30
  [15/45] gap=14.186447811447815 Df=16.00 Dr=61.86 MIA=67.95
  [16/45] gap=15.14411976911977 Df=20.00 Dr=57.41 MIA=62.38
  [17/45] gap=13.733285233285239 Df=16.00 Dr=57.88 MIA=62.61
  [18/45] gap=13.702260702260707 Df=14.00 Dr=59.76 MIA=66.39
  [19/45] gap=14.513107263107267 Df=24.00 Dr=66.65 MIA=65.71
  [20/45] gap=13.619348244348247 Df=24.00 Dr=65.13 MIA=61.52
  [21/45] gap=14.735088985088993 Df=22.00 Dr=64.91 MIA=66.64
  [22/45] gap=15.219937469937472 Df=18.00 Dr=61.45 MIA=68.64
  [23/45] gap=14.263047138047142 Df=18.00 Dr=61.88 MIA=66.20
  [24/45] gap=14.602633477633477 Df=18.00 Dr=61.72 MIA=67.05
  [25/45] gap=15.933742183742185 Df=14.00 Dr=55.31 MIA=68.64
  [26/45] gap=14.340548340548345 Df=14.00 Dr=57.41 MIA=65.96
  [27/45] gap=15.296115921115925 Df=14.00 Dr=60.10 MIA=71.52
  [28/45] gap=14.7972582972583 Df=24.00 Dr=66.69 MIA=66.61
  [29/45] gap=13.951298701298704 Df=24.00 Dr=65.47 MIA=62.86
  [30/45] gap=14.528980278980285 Df=22.00 Dr=65.31 MIA=66.43
  [31/45] gap=15.116943241943245 Df=18.00 Dr=62.42 MIA=69.30
  [32/45] gap=13.038119288119296 Df=16.00 Dr=62.00 MIA=64.64
  [33/45] gap=15.797859547859552 Df=18.00 Dr=62.36 MIA=71.29
  [34/45] gap=15.249639249639253 Df=20.00 Dr=56.69 MIA=61.96
  [35/45] gap=18.368145743145746 Df=20.00 Dr=57.78 MIA=72.41
  [36/45] gap=15.555976430976434 Df=20.00 Dr=60.00 MIA=66.20
  [37/45] gap=14.123857623857631 Df=24.00 Dr=66.71 MIA=64.61
  [38/45] gap=14.032106782106787 Df=24.00 Dr=65.23 MIA=62.86
  [39/45] gap=15.53180615680616 Df=22.00 Dr=65.39 MIA=69.52
  [40/45] gap=13.131734006734016 Df=18.00 Dr=63.27 MIA=64.20
  [41/45] gap=12.933802308802312 Df=18.00 Dr=62.08 MIA=62.41
  [42/45] gap=15.506313131313135 Df=20.00 Dr=61.90 MIA=67.95
  [43/45] gap=16.807840307840312 Df=16.00 Dr=55.80 MIA=69.75
  [44/45] gap=19.559523809523817 Df=24.00 Dr=57.29 MIA=71.50
  [45/45] gap=14.293410293410302 Df=14.00 Dr=59.56 MIA=67.96
final test: salun {'sparsity': 0.3, 'lr': 0.0001, 'epochs': 3}
  Df=32.00 Dr=65.97 MIA=69.34 time=5.74s KL=0.0013

uniclun: 0/27 candidates complete
  [1/27] gap=14.686207311207317 Df=24.00 Dr=66.79 MIA=66.38
  [2/27] gap=14.686207311207317 Df=24.00 Dr=66.79 MIA=66.38
  [3/27] gap=14.686207311207317 Df=24.00 Dr=66.79 MIA=66.38
  [4/27] gap=16.144059644059652 Df=24.00 Dr=66.65 MIA=70.61
  [5/27] gap=16.144059644059652 Df=24.00 Dr=66.65 MIA=70.61
  [6/27] gap=16.144059644059652 Df=24.00 Dr=66.65 MIA=70.61
  [7/27] gap=15.066618566618573 Df=22.00 Dr=65.88 MIA=68.61
  [8/27] gap=15.066618566618573 Df=22.00 Dr=65.88 MIA=68.61
  [9/27] gap=15.066618566618573 Df=22.00 Dr=65.88 MIA=68.61
  [10/27] gap=17.551887926887932 Df=28.00 Dr=63.80 MIA=67.98
  [11/27] gap=17.551887926887932 Df=28.00 Dr=63.80 MIA=67.98
  [12/27] gap=17.551887926887932 Df=28.00 Dr=63.80 MIA=67.98
  [13/27] gap=17.74308561808563 Df=28.00 Dr=63.01 MIA=67.77
  [14/27] gap=17.74308561808563 Df=28.00 Dr=63.01 MIA=67.77
  [15/27] gap=17.74308561808563 Df=28.00 Dr=63.01 MIA=67.77
  [16/27] gap=17.886183261183266 Df=24.00 Dr=62.08 MIA=71.27
  [17/27] gap=17.886183261183266 Df=24.00 Dr=62.08 MIA=71.27
  [18/27] gap=17.886183261183266 Df=24.00 Dr=62.08 MIA=71.27
  [19/27] gap=17.203944203944207 Df=26.00 Dr=61.25 MIA=66.39
  [20/27] gap=17.203944203944207 Df=26.00 Dr=61.25 MIA=66.39
  [21/27] gap=17.203944203944207 Df=26.00 Dr=61.25 MIA=66.39
  [22/27] gap=18.329064454064458 Df=24.00 Dr=60.79 MIA=71.30
  [23/27] gap=18.329064454064458 Df=24.00 Dr=60.79 MIA=71.30
  [24/27] gap=18.329064454064458 Df=24.00 Dr=60.79 MIA=71.30
  [25/27] gap=16.131794131794138 Df=20.00 Dr=62.04 MIA=69.96
  [26/27] gap=16.131794131794138 Df=20.00 Dr=62.04 MIA=69.96
  [27/27] gap=16.131794131794138 Df=20.00 Dr=62.04 MIA=69.96
final test: uniclun {'lr': 0.0001, 'epochs': 3, 'buffer_size': 250}
  Df=31.00 Dr=66.02 MIA=69.84 time=6.14s KL=0.0013

