loaded shared source and Amnesiac ledger
loaded shared Retrain reference
final test: baseline {}
  Df=80.00 Dr=81.04 MIA=64.30 time=0.00s KL=0.0001
final test: retrain {}
  Df=22.00 Dr=80.58 MIA=46.86 time=872.40s KL=0.0000

finetune: 0/12 candidates complete
  [1/12] gap=21.89862914862915 Df=82.00 Dr=80.83 MIA=66.20
  [2/12] gap=22.953884078884084 Df=80.00 Dr=80.32 MIA=70.86
  [3/12] gap=21.83207070707071 Df=82.00 Dr=81.01 MIA=66.18
  [4/12] gap=21.618686868686865 Df=80.00 Dr=80.53 MIA=67.05
  [5/12] gap=16.935004810004813 Df=70.00 Dr=77.27 MIA=59.75
  [6/12] gap=16.94594757094757 Df=74.00 Dr=76.99 MIA=55.50
  [7/12] gap=19.5998075998076 Df=76.00 Dr=77.47 MIA=61.95
  [8/12] gap=16.075036075036078 Df=68.00 Dr=77.19 MIA=59.09
  [9/12] gap=10.03433140933141 Df=28.00 Dr=61.47 MIA=53.25
  [10/12] gap=15.30561568061568 Df=8.00 Dr=63.23 MIA=50.82
  [11/12] gap=11.918891293891294 Df=8.00 Dr=71.54 MIA=48.96
  [12/12] gap=3.8848605098605113 Df=36.00 Dr=75.03 MIA=45.25
final test: finetune {'lr': 0.0001, 'epochs': 10}
  Df=72.00 Dr=80.20 MIA=63.61 time=87.49s KL=0.0001

ssd: 0/25 candidates complete
  [1/25] gap=37.30669793169793 Df=0.00 Dr=5.05 MIA=50.64
  [2/25] gap=37.1281265031265 Df=0.00 Dr=5.05 MIA=47.50
  [3/25] gap=37.7531265031265 Df=0.00 Dr=5.05 MIA=51.98
  [4/25] gap=33.34175084175084 Df=0.00 Dr=16.61 MIA=50.30
  [5/25] gap=19.171596921596922 Df=0.00 Dr=66.08 MIA=57.27
  [6/25] gap=36.883297258297254 Df=0.00 Dr=5.07 MIA=49.39
  [7/25] gap=37.252344877344875 Df=0.00 Dr=5.07 MIA=50.50
  [8/25] gap=37.09084896584897 Df=0.00 Dr=5.09 MIA=50.04
  [9/25] gap=33.34175084175084 Df=0.00 Dr=16.61 MIA=50.30
  [10/25] gap=19.171596921596922 Df=0.00 Dr=66.08 MIA=57.27
  [11/25] gap=32.84962722462722 Df=0.00 Dr=17.17 MIA=49.39
  [12/25] gap=32.17117604617604 Df=0.00 Dr=18.71 MIA=48.71
  [13/25] gap=31.829846079846078 Df=0.00 Dr=20.61 MIA=47.84
  [14/25] gap=25.606361231361234 Df=0.00 Dr=41.15 MIA=51.64
  [15/25] gap=19.171596921596922 Df=0.00 Dr=66.08 MIA=57.27
  [16/25] gap=20.19227994227994 Df=70.00 Dr=80.16 MIA=72.41
  [17/25] gap=20.185545935545935 Df=70.00 Dr=80.18 MIA=72.41
  [18/25] gap=20.17881192881193 Df=70.00 Dr=80.20 MIA=72.41
  [19/25] gap=20.1518759018759 Df=70.00 Dr=80.28 MIA=72.41
  [20/25] gap=20.832010582010582 Df=72.00 Dr=80.24 MIA=72.41
  [21/25] gap=22.032106782106784 Df=82.00 Dr=81.07 MIA=66.84
  [22/25] gap=22.032106782106784 Df=82.00 Dr=81.07 MIA=66.84
  [23/25] gap=22.032106782106784 Df=82.00 Dr=81.07 MIA=66.84
  [24/25] gap=22.025372775372777 Df=82.00 Dr=81.09 MIA=66.84
  [25/25] gap=21.586459836459838 Df=82.00 Dr=81.05 MIA=65.48
final test: ssd {'alpha': 50.0, 'dampening_constant': 5.0}
  Df=22.00 Dr=75.19 MIA=62.61 time=10.95s KL=0.0022

badteacher: 0/36 candidates complete
  [1/36] gap=10.579425204425206 Df=30.00 Dr=77.23 MIA=72.64
  [2/36] gap=10.84734247234247 Df=20.00 Dr=76.00 MIA=62.21
  [3/36] gap=14.818422318422316 Df=12.00 Dr=74.75 MIA=64.88
  [4/36] gap=11.678391053391053 Df=26.00 Dr=76.83 MIA=71.54
  [5/36] gap=14.819083694083702 Df=14.00 Dr=75.19 MIA=67.32
  [6/36] gap=16.734848484848484 Df=4.00 Dr=75.68 MIA=63.55
  [7/36] gap=11.786135161135158 Df=24.00 Dr=76.51 MIA=69.54
  [8/36] gap=12.11465848965849 Df=16.00 Dr=75.09 MIA=61.11
  [9/36] gap=14.173280423280424 Df=12.00 Dr=75.58 MIA=63.77
  [10/36] gap=12.21103896103896 Df=20.00 Dr=75.68 MIA=65.98
  [11/36] gap=14.404220779220774 Df=12.00 Dr=74.22 MIA=63.11
  [12/36] gap=16.272967772967775 Df=12.00 Dr=76.38 MIA=70.88
  [13/36] gap=9.71945646945647 Df=30.00 Dr=77.15 MIA=69.98
  [14/36] gap=13.149831649831649 Df=18.00 Dr=76.18 MIA=67.30
  [15/36] gap=9.358525733525738 Df=14.00 Dr=76.79 MIA=45.07
  [16/36] gap=11.119468494468498 Df=24.00 Dr=76.51 MIA=67.54
  [17/36] gap=17.64838864838865 Df=10.00 Dr=75.76 MIA=72.38
  [18/36] gap=9.878306878306882 Df=22.00 Dr=77.35 MIA=62.66
  [19/36] gap=11.8224506974507 Df=22.00 Dr=76.18 MIA=67.32
  [20/36] gap=17.553330928330933 Df=16.00 Dr=76.06 MIA=78.39
  [21/36] gap=14.86898749398749 Df=16.00 Dr=78.36 MIA=72.64
  [22/36] gap=14.22041847041847 Df=14.00 Dr=75.43 MIA=65.77
  [23/36] gap=11.561808561808562 Df=16.00 Dr=76.30 MIA=60.66
  [24/36] gap=15.485088985088987 Df=16.00 Dr=78.75 MIA=74.88
  [25/36] gap=9.019119769119774 Df=30.00 Dr=77.25 MIA=67.98
  [26/36] gap=12.612313612313608 Df=16.00 Dr=77.15 MIA=64.66
  [27/36] gap=11.674302549302553 Df=24.00 Dr=78.63 MIA=71.32
  [28/36] gap=11.12686387686388 Df=22.00 Dr=76.93 MIA=65.98
  [29/36] gap=15.265091390091394 Df=14.00 Dr=77.82 MIA=71.29
  [30/36] gap=9.23526936026936 Df=28.00 Dr=79.05 MIA=68.43
  [31/36] gap=11.30260942760943 Df=22.00 Dr=76.85 MIA=66.43
  [32/36] gap=12.192279942279939 Df=22.00 Dr=78.16 MIA=70.41
  [33/36] gap=12.805615680615679 Df=22.00 Dr=79.23 MIA=73.32
  [34/36] gap=12.902537277537277 Df=16.00 Dr=76.73 MIA=65.11
  [35/36] gap=11.424603174603172 Df=24.00 Dr=78.46 MIA=70.41
  [36/36] gap=8.732202982202985 Df=24.00 Dr=79.90 MIA=63.77
final test: badteacher {'temperature': 4.0, 'epochs': 10, 'lr': 0.01}
  Df=17.00 Dr=79.60 MIA=67.29 time=22.80s KL=0.0001

unsir: 0/36 candidates complete
  [1/36] gap=23.66570466570467 Df=90.00 Dr=78.85 MIA=61.52
  [2/36] gap=21.98033910533911 Df=84.00 Dr=80.10 MIA=63.71
  [3/36] gap=26.21314333814334 Df=92.00 Dr=74.55 MIA=62.86
  [4/36] gap=19.8519721019721 Df=76.00 Dr=79.11 MIA=64.34
  [5/36] gap=21.982683982683984 Df=76.00 Dr=68.04 MIA=59.66
  [6/36] gap=14.698713323713328 Df=62.00 Dr=74.30 MIA=58.07
  [7/36] gap=23.271164021164026 Df=88.00 Dr=79.35 MIA=62.84
  [8/36] gap=22.422558922558924 Df=82.00 Dr=80.36 MIA=67.30
  [9/36] gap=25.22083934583935 Df=92.00 Dr=76.81 MIA=62.14
  [10/36] gap=20.734968734968735 Df=82.00 Dr=79.21 MIA=61.09
  [11/36] gap=15.369889369889371 Df=62.00 Dr=69.88 MIA=55.66
  [12/36] gap=15.43404280904281 Df=62.00 Dr=74.99 MIA=60.96
  [13/36] gap=21.84169071669071 Df=84.00 Dr=79.84 MIA=63.04
  [14/36] gap=20.998376623376625 Df=82.00 Dr=80.40 MIA=63.07
  [15/36] gap=22.989117364117362 Df=86.00 Dr=78.18 MIA=62.82
  [16/36] gap=21.9301948051948 Df=82.00 Dr=79.86 MIA=65.32
  [17/36] gap=11.201779701779705 Df=52.00 Dr=71.45 MIA=54.73
  [18/36] gap=17.06631794131794 Df=68.00 Dr=75.88 MIA=60.75
  [19/36] gap=25.26232563732564 Df=90.00 Dr=78.51 MIA=65.96
  [20/36] gap=21.321188071188068 Df=84.00 Dr=80.06 MIA=61.70
  [21/36] gap=26.49531024531025 Df=92.00 Dr=75.25 MIA=64.41
  [22/36] gap=21.040103415103413 Df=82.00 Dr=79.17 MIA=61.96
  [23/36] gap=23.943181818181817 Df=88.00 Dr=69.68 MIA=55.18
  [24/36] gap=16.15446127946128 Df=72.00 Dr=75.29 MIA=53.43
  [25/36] gap=24.56673881673882 Df=88.00 Dr=79.25 MIA=66.62
  [26/36] gap=20.691498316498322 Df=82.00 Dr=80.18 MIA=61.93
  [27/36] gap=23.689694564694566 Df=88.00 Dr=77.15 MIA=61.89
  [28/36] gap=19.901996151996148 Df=84.00 Dr=79.82 MIA=57.20
  [29/36] gap=19.863035113035114 Df=78.00 Dr=72.36 MIA=55.62
  [30/36] gap=16.905964405964404 Df=74.00 Dr=76.48 MIA=54.87
  [31/36] gap=23.553451178451173 Df=88.00 Dr=79.60 MIA=63.93
  [32/36] gap=21.568241943241944 Df=84.00 Dr=80.44 MIA=62.82
  [33/36] gap=23.846861471861473 Df=88.00 Dr=77.86 MIA=63.07
  [34/36] gap=21.13317700817701 Df=84.00 Dr=79.54 MIA=60.61
  [35/36] gap=19.252224627224624 Df=76.00 Dr=73.54 MIA=56.96
  [36/36] gap=16.95376382876383 Df=72.00 Dr=76.79 MIA=57.32
final test: unsir {'impair_epochs': 1, 'repair_epochs': 3, 'impair_lr': 0.001, 'repair_lr': 0.01}
  Df=84.00 Dr=80.39 MIA=67.81 time=6.45s KL=0.0001

scrub: 0/24 candidates complete
  [1/24] gap=20.44047619047619 Df=80.00 Dr=81.13 MIA=64.12
  [2/24] gap=22.294312169312164 Df=84.00 Dr=81.35 MIA=65.46
  [3/24] gap=19.055916305916305 Df=78.00 Dr=81.07 MIA=61.91
  [4/24] gap=20.656625781625777 Df=80.00 Dr=81.33 MIA=64.57
  [5/24] gap=20.111832611832615 Df=78.00 Dr=81.01 MIA=65.02
  [6/24] gap=20.0775012025012 Df=80.00 Dr=81.60 MIA=62.57
  [7/24] gap=21.36026936026936 Df=82.00 Dr=81.21 MIA=64.80
  [8/24] gap=22.4702380952381 Df=82.00 Dr=81.13 MIA=68.21
  [9/24] gap=21.530062530062526 Df=82.00 Dr=81.29 MIA=65.23
  [10/24] gap=19.98322510822511 Df=80.00 Dr=81.31 MIA=62.57
  [11/24] gap=20.176046176046174 Df=78.00 Dr=81.37 MIA=65.09
  [12/24] gap=20.210197210197204 Df=80.00 Dr=81.33 MIA=63.23
  [13/24] gap=20.446729196729198 Df=78.00 Dr=81.29 MIA=65.98
  [14/24] gap=20.453944203944204 Df=80.00 Dr=81.17 MIA=64.12
  [15/24] gap=21.837241462241465 Df=80.00 Dr=81.23 MIA=68.21
  [16/24] gap=22.615440115440112 Df=82.00 Dr=81.07 MIA=68.59
  [17/24] gap=21.1475468975469 Df=82.00 Dr=81.01 MIA=64.12
  [18/24] gap=20.91979316979317 Df=80.00 Dr=81.05 MIA=65.48
  [19/24] gap=21.488876863876868 Df=82.00 Dr=81.11 MIA=65.25
  [20/24] gap=19.969757094757096 Df=78.00 Dr=81.27 MIA=64.57
  [21/24] gap=19.738876863876865 Df=82.00 Dr=81.15 MIA=60.00
  [22/24] gap=20.61135161135161 Df=78.00 Dr=81.39 MIA=66.38
  [23/24] gap=21.593193843193845 Df=80.00 Dr=81.03 MIA=67.48
  [24/24] gap=21.957371332371327 Df=80.00 Dr=81.41 MIA=68.39
final test: scrub {'msteps': 3, 'lr': 0.001, 'epochs': 10, 'max_grad_norm': 5.0}
  Df=79.00 Dr=81.06 MIA=64.13 time=15.27s KL=0.0000

mmu: 0/96 candidates complete
  [1/96] gap=20.832371332371334 Df=80.00 Dr=81.41 MIA=65.02
  [2/96] gap=21.187950937950934 Df=82.00 Dr=81.37 MIA=64.12
  [3/96] gap=20.883597883597876 Df=82.00 Dr=81.35 MIA=63.23
  [4/96] gap=21.232443482443482 Df=84.00 Dr=81.29 MIA=62.34
  [5/96] gap=21.827681577681577 Df=84.00 Dr=81.29 MIA=64.12
  [6/96] gap=21.451899951899957 Df=82.00 Dr=81.27 MIA=65.02
  [7/96] gap=20.301046176046174 Df=80.00 Dr=81.37 MIA=63.46
  [8/96] gap=21.56295093795094 Df=82.00 Dr=81.37 MIA=65.25
  [9/96] gap=20.061387686387686 Df=80.00 Dr=81.33 MIA=62.79
  [10/96] gap=20.196729196729194 Df=80.00 Dr=81.29 MIA=63.23
  [11/96] gap=19.26611351611351 Df=78.00 Dr=81.39 MIA=62.34
  [12/96] gap=19.421657046657046 Df=78.00 Dr=81.41 MIA=62.79
  [13/96] gap=20.48088023088023 Df=80.00 Dr=81.25 MIA=64.12
  [14/96] gap=20.507816257816256 Df=80.00 Dr=81.33 MIA=64.12
  [15/96] gap=20.643157768157767 Df=80.00 Dr=81.29 MIA=64.57
  [16/96] gap=20.21693121693121 Df=80.00 Dr=81.35 MIA=63.23
  [17/96] gap=19.80339105339105 Df=80.00 Dr=81.43 MIA=61.91
  [18/96] gap=20.6768278018278 Df=80.00 Dr=81.39 MIA=64.57
  [19/96] gap=19.252645502645496 Df=78.00 Dr=81.35 MIA=62.34
  [20/96] gap=19.132816257816256 Df=78.00 Dr=81.33 MIA=62.00
  [21/96] gap=20.639850889850887 Df=80.00 Dr=81.52 MIA=64.34
  [22/96] gap=19.381253006253008 Df=78.00 Dr=81.29 MIA=62.79
  [23/96] gap=20.006734006734007 Df=78.00 Dr=81.11 MIA=64.80
  [24/96] gap=20.237133237133232 Df=80.00 Dr=81.41 MIA=63.23
  [25/96] gap=22.420574795574797 Df=82.00 Dr=81.23 MIA=67.96
  [26/96] gap=19.81968494468494 Df=80.00 Dr=81.39 MIA=62.00
  [27/96] gap=21.01581289081289 Df=82.00 Dr=81.23 MIA=63.75
  [28/96] gap=19.252645502645496 Df=78.00 Dr=81.35 MIA=62.34
  [29/96] gap=22.195165945165943 Df=82.00 Dr=81.25 MIA=67.27
  [30/96] gap=19.21224146224146 Df=78.00 Dr=81.23 MIA=62.34
  [31/96] gap=21.864658489658485 Df=82.00 Dr=81.09 MIA=66.36
  [32/96] gap=20.15897065897066 Df=78.00 Dr=81.39 MIA=65.02
  [33/96] gap=21.134078884078885 Df=82.00 Dr=81.21 MIA=64.12
  [34/96] gap=21.187950937950934 Df=82.00 Dr=81.37 MIA=64.12
  [35/96] gap=20.58928571428571 Df=82.00 Dr=81.13 MIA=62.57
  [36/96] gap=20.98526936026936 Df=82.00 Dr=81.21 MIA=63.68
  [37/96] gap=20.61622174122174 Df=82.00 Dr=81.21 MIA=62.57
  [38/96] gap=21.56703944203944 Df=84.00 Dr=81.17 MIA=63.46
  [39/96] gap=21.10227272727273 Df=80.00 Dr=81.31 MIA=65.93
  [40/96] gap=20.210197210197204 Df=80.00 Dr=81.33 MIA=63.23
  [41/96] gap=20.98526936026936 Df=82.00 Dr=81.21 MIA=63.68
  [42/96] gap=19.33411495911496 Df=78.00 Dr=81.11 MIA=62.79
  [43/96] gap=20.984487734487733 Df=82.00 Dr=81.07 MIA=63.70
  [44/96] gap=20.30435305435305 Df=80.00 Dr=81.15 MIA=63.70
  [45/96] gap=21.052609427609426 Df=82.00 Dr=81.41 MIA=63.68
  [46/96] gap=19.814213564213567 Df=80.00 Dr=81.25 MIA=62.13
  [47/96] gap=20.500300625300625 Df=80.00 Dr=81.29 MIA=64.14
  [48/96] gap=19.678090428090425 Df=78.00 Dr=81.27 MIA=63.70
  [49/96] gap=20.14285714285714 Df=80.00 Dr=81.13 MIA=63.23
  [50/96] gap=19.072210197210197 Df=78.00 Dr=81.11 MIA=62.00
  [51/96] gap=21.47570947570948 Df=82.00 Dr=81.27 MIA=65.09
  [52/96] gap=20.493566618566618 Df=80.00 Dr=80.99 MIA=64.14
  [53/96] gap=21.692340067340066 Df=84.00 Dr=81.33 MIA=63.68
  [54/96] gap=20.081589706589707 Df=80.00 Dr=81.39 MIA=62.79
  [55/96] gap=20.20268157768158 Df=80.00 Dr=81.29 MIA=63.25
  [56/96] gap=20.73995911495911 Df=78.00 Dr=81.33 MIA=66.82
  [57/96] gap=20.474146224146224 Df=80.00 Dr=81.23 MIA=64.12
  [58/96] gap=20.983706108706112 Df=76.00 Dr=81.09 MIA=69.71
  [59/96] gap=19.81265031265031 Df=78.00 Dr=81.05 MIA=64.16
  [60/96] gap=20.93091630591631 Df=78.00 Dr=81.19 MIA=67.54
  [61/96] gap=22.33050745550746 Df=82.00 Dr=81.05 MIA=67.71
  [62/96] gap=22.090848965848966 Df=82.00 Dr=81.17 MIA=67.04
  [63/96] gap=22.21127946127946 Df=80.00 Dr=81.52 MIA=69.05
  [64/96] gap=20.162277537277543 Df=78.00 Dr=81.17 MIA=65.25
  [65/96] gap=20.25390812890813 Df=80.00 Dr=81.23 MIA=63.46
  [66/96] gap=20.11856661856662 Df=80.00 Dr=81.27 MIA=63.02
  [67/96] gap=20.105098605098608 Df=80.00 Dr=81.23 MIA=63.02
  [68/96] gap=20.111832611832615 Df=80.00 Dr=81.25 MIA=63.02
  [69/96] gap=20.33471620971621 Df=80.00 Dr=81.47 MIA=63.46
  [70/96] gap=20.538059163059163 Df=82.00 Dr=81.19 MIA=62.36
  [71/96] gap=20.836459836459834 Df=80.00 Dr=81.21 MIA=65.23
  [72/96] gap=20.449855699855696 Df=80.00 Dr=81.37 MIA=63.91
  [73/96] gap=20.90662578162578 Df=78.00 Dr=81.33 MIA=67.32
  [74/96] gap=20.483706108706112 Df=76.00 Dr=81.17 MIA=68.21
  [75/96] gap=21.17135642135642 Df=80.00 Dr=81.25 MIA=66.20
  [76/96] gap=20.038059163059163 Df=78.00 Dr=81.19 MIA=64.86
  [77/96] gap=21.370430495430494 Df=82.00 Dr=81.47 MIA=64.57
  [78/96] gap=19.67213804713805 Df=78.00 Dr=81.27 MIA=63.68
  [79/96] gap=20.132034632034635 Df=78.00 Dr=81.31 MIA=65.02
  [80/96] gap=19.93608706108706 Df=78.00 Dr=81.09 MIA=64.57
  [81/96] gap=21.256253006253008 Df=82.00 Dr=81.29 MIA=64.41
  [82/96] gap=18.92682780182781 Df=72.00 Dr=80.87 MIA=67.32
  [83/96] gap=20.491221741221747 Df=80.00 Dr=81.21 MIA=64.20
  [84/96] gap=19.23526936026936 Df=74.00 Dr=81.21 MIA=66.43
  [85/96] gap=22.427308802308804 Df=82.00 Dr=81.25 MIA=67.96
  [86/96] gap=20.84006734006734 Df=78.00 Dr=81.15 MIA=67.30
  [87/96] gap=20.538840788840787 Df=80.00 Dr=81.21 MIA=64.34
  [88/96] gap=19.381253006253008 Df=78.00 Dr=80.97 MIA=62.79
  [89/96] gap=23.023328523328527 Df=80.00 Dr=81.27 MIA=71.73
  [90/96] gap=18.416486291486294 Df=70.00 Dr=80.83 MIA=67.75
  [91/96] gap=21.80591630591631 Df=80.00 Dr=81.19 MIA=68.16
  [92/96] gap=19.770803270803274 Df=70.00 Dr=80.75 MIA=71.73
  [93/96] gap=22.598965848965847 Df=80.00 Dr=81.54 MIA=70.20
  [94/96] gap=21.17135642135642 Df=80.00 Dr=81.25 MIA=66.20
  [95/96] gap=21.896765271765272 Df=80.00 Dr=81.03 MIA=68.39
  [96/96] gap=20.933261183261184 Df=78.00 Dr=81.25 MIA=67.48
final test: mmu {'msteps': 3, 'lr': 0.005, 'epochs': 5, 'head_mode': 'independent', 'weighting': 'normalised', 'max_grad_norm': 5.0}
  Df=63.00 Dr=80.87 MIA=67.31 time=6.07s KL=0.0001

salun: 0/45 candidates complete
  [1/45] gap=13.926106301106294 Df=58.00 Dr=77.66 MIA=63.11
  [2/45] gap=12.179473304473305 Df=48.00 Dr=76.65 MIA=66.86
  [3/45] gap=12.322751322751325 Df=52.00 Dr=76.02 MIA=62.66
  [4/45] gap=9.173220298220299 Df=48.00 Dr=74.81 MIA=56.00
  [5/45] gap=12.207732082732086 Df=50.00 Dr=73.45 MIA=35.86
  [6/45] gap=12.047318422318426 Df=52.00 Dr=73.29 MIA=59.11
  [7/45] gap=8.877946127946126 Df=30.00 Dr=70.75 MIA=61.05
  [8/45] gap=11.467893217893215 Df=28.00 Dr=69.19 MIA=65.27
  [9/45] gap=12.138949013949011 Df=28.00 Dr=71.23 MIA=69.32
  [10/45] gap=13.993446368446364 Df=58.00 Dr=77.45 MIA=63.11
  [11/45] gap=14.606481481481481 Df=50.00 Dr=76.69 MIA=72.18
  [12/45] gap=13.858766233766234 Df=56.00 Dr=75.86 MIA=63.11
  [13/45] gap=9.798821548821548 Df=48.00 Dr=74.48 MIA=57.55
  [14/45] gap=13.398208273208274 Df=52.00 Dr=73.45 MIA=63.32
  [15/45] gap=11.751202501202505 Df=52.00 Dr=72.48 MIA=57.41
  [16/45] gap=9.188792688792688 Df=26.00 Dr=69.64 MIA=56.88
  [17/45] gap=8.05561568061568 Df=34.00 Dr=69.23 MIA=61.07
  [18/45] gap=12.307419432419437 Df=24.00 Dr=72.26 MIA=66.86
  [19/45] gap=15.871572871572873 Df=58.00 Dr=77.37 MIA=68.66
  [20/45] gap=8.909271284271282 Df=48.00 Dr=76.71 MIA=57.11
  [21/45] gap=10.579304954304952 Df=54.00 Dr=75.70 MIA=55.11
  [22/45] gap=14.836760461760461 Df=56.00 Dr=74.89 MIA=65.07
  [23/45] gap=9.360930735930738 Df=50.00 Dr=73.49 MIA=44.36
  [24/45] gap=11.099146224146223 Df=50.00 Dr=73.03 MIA=58.00
  [25/45] gap=9.864959114959118 Df=30.00 Dr=68.93 MIA=62.20
  [26/45] gap=8.713564213564217 Df=32.00 Dr=69.92 MIA=61.73
  [27/45] gap=12.06962481962482 Df=30.00 Dr=72.10 MIA=71.98
  [28/45] gap=15.211640211640217 Df=56.00 Dr=77.35 MIA=68.66
  [29/45] gap=11.545695045695046 Df=48.00 Dr=76.57 MIA=64.88
  [30/45] gap=10.491762866762867 Df=54.00 Dr=75.96 MIA=55.11
  [31/45] gap=8.903860028860029 Df=50.00 Dr=75.62 MIA=54.00
  [32/45] gap=13.527477152477154 Df=56.00 Dr=73.96 MIA=60.21
  [33/45] gap=11.085678210678212 Df=52.00 Dr=73.07 MIA=56.00
  [34/45] gap=9.211459836459836 Df=36.00 Dr=69.05 MIA=62.36
  [35/45] gap=12.021164021164024 Df=46.00 Dr=69.35 MIA=61.09
  [36/45] gap=9.338263588263592 Df=40.00 Dr=72.08 MIA=61.77
  [37/45] gap=14.033850408850405 Df=58.00 Dr=77.33 MIA=63.11
  [38/45] gap=8.909271284271282 Df=48.00 Dr=76.71 MIA=57.11
  [39/45] gap=13.144961519961518 Df=54.00 Dr=76.00 MIA=63.11
  [40/45] gap=10.841931216931213 Df=52.00 Dr=74.91 MIA=57.11
  [41/45] gap=10.081649831649834 Df=50.00 Dr=73.64 MIA=55.55
  [42/45] gap=12.999819624819622 Df=50.00 Dr=72.83 MIA=63.50
  [43/45] gap=10.436808561808562 Df=40.00 Dr=70.30 MIA=63.29
  [44/45] gap=12.26424963924964 Df=48.00 Dr=71.07 MIA=61.54
  [45/45] gap=10.893157768157769 Df=44.00 Dr=72.97 MIA=63.32
final test: salun {'sparsity': 0.1, 'lr': 0.0001, 'epochs': 3}
  Df=45.00 Dr=77.41 MIA=63.23 time=5.11s KL=0.0001

uniclun: 0/27 candidates complete
  [1/27] gap=13.535533910533907 Df=58.00 Dr=76.83 MIA=61.11
  [2/27] gap=13.535533910533907 Df=58.00 Dr=76.83 MIA=61.11
  [3/27] gap=13.535533910533907 Df=58.00 Dr=76.83 MIA=61.11
  [4/27] gap=13.125420875420879 Df=56.00 Dr=76.51 MIA=61.55
  [5/27] gap=13.125420875420879 Df=56.00 Dr=76.51 MIA=61.55
  [6/27] gap=13.125420875420879 Df=56.00 Dr=76.51 MIA=61.55
  [7/27] gap=12.349687349687352 Df=52.00 Dr=75.94 MIA=62.66
  [8/27] gap=12.349687349687352 Df=52.00 Dr=75.94 MIA=62.66
  [9/27] gap=12.349687349687352 Df=52.00 Dr=75.94 MIA=62.66
  [10/27] gap=12.815656565656568 Df=54.00 Dr=75.43 MIA=61.55
  [11/27] gap=12.815656565656568 Df=54.00 Dr=75.43 MIA=61.55
  [12/27] gap=12.815656565656568 Df=54.00 Dr=75.43 MIA=61.55
  [13/27] gap=11.354316979316982 Df=48.00 Dr=75.05 MIA=62.79
  [14/27] gap=11.354316979316982 Df=48.00 Dr=75.05 MIA=62.79
  [15/27] gap=11.354316979316982 Df=48.00 Dr=75.05 MIA=62.79
  [16/27] gap=11.706349206349211 Df=46.00 Dr=73.80 MIA=64.59
  [17/27] gap=11.706349206349211 Df=46.00 Dr=73.80 MIA=64.59
  [18/27] gap=11.706349206349211 Df=46.00 Dr=73.80 MIA=64.59
  [19/27] gap=10.307960557960556 Df=40.00 Dr=73.17 MIA=65.77
  [20/27] gap=10.307960557960556 Df=40.00 Dr=73.17 MIA=65.77
  [21/27] gap=10.307960557960556 Df=40.00 Dr=73.17 MIA=65.77
  [22/27] gap=13.19618807118807 Df=50.00 Dr=74.06 MIA=65.32
  [23/27] gap=13.19618807118807 Df=50.00 Dr=74.06 MIA=65.32
  [24/27] gap=13.19618807118807 Df=50.00 Dr=74.06 MIA=65.32
  [25/27] gap=12.724146224146224 Df=48.00 Dr=75.03 MIA=66.88
  [26/27] gap=12.724146224146224 Df=48.00 Dr=75.03 MIA=66.88
  [27/27] gap=12.724146224146224 Df=48.00 Dr=75.03 MIA=66.88
final test: uniclun {'lr': 0.0001, 'epochs': 3, 'buffer_size': 250}
  Df=48.00 Dr=76.94 MIA=61.12 time=5.19s KL=0.0001

