loaded shared source and Amnesiac ledger
loaded shared Retrain reference
shadow 0/16: training on D_r + 227 of D_f
Epoch 10/150: Train Loss=0.8222, Train Acc=0.7323, Val Acc=0.6846
Epoch 20/150: Train Loss=0.4582, Train Acc=0.8479, Val Acc=0.7514
Epoch 30/150: Train Loss=0.1677, Train Acc=0.9429, Val Acc=0.7762
Epoch 40/150: Train Loss=0.0509, Train Acc=0.9833, Val Acc=0.7858
Epoch 50/150: Train Loss=0.0323, Train Acc=0.9894, Val Acc=0.7924
Epoch 60/150: Train Loss=0.0248, Train Acc=0.9919, Val Acc=0.7950
Epoch 70/150: Train Loss=0.0211, Train Acc=0.9937, Val Acc=0.7914
Epoch 80/150: Train Loss=0.0205, Train Acc=0.9940, Val Acc=0.7932
Early stopping at epoch 80
shadow 1/16: training on D_r + 222 of D_f
Epoch 10/150: Train Loss=0.8150, Train Acc=0.7306, Val Acc=0.6980
Epoch 20/150: Train Loss=0.4428, Train Acc=0.8513, Val Acc=0.7456
Epoch 30/150: Train Loss=0.1546, Train Acc=0.9469, Val Acc=0.7772
Epoch 40/150: Train Loss=0.0495, Train Acc=0.9839, Val Acc=0.7824
Epoch 50/150: Train Loss=0.0278, Train Acc=0.9916, Val Acc=0.7938
Epoch 60/150: Train Loss=0.0223, Train Acc=0.9935, Val Acc=0.7946
Epoch 70/150: Train Loss=0.0207, Train Acc=0.9939, Val Acc=0.7952
Epoch 80/150: Train Loss=0.0204, Train Acc=0.9939, Val Acc=0.7972
Epoch 90/150: Train Loss=0.0191, Train Acc=0.9941, Val Acc=0.7948
Early stopping at epoch 90
shadow 2/16: training on D_r + 219 of D_f
Epoch 10/150: Train Loss=0.8048, Train Acc=0.7365, Val Acc=0.6622
Epoch 20/150: Train Loss=0.4376, Train Acc=0.8540, Val Acc=0.7414
Epoch 30/150: Train Loss=0.1177, Train Acc=0.9605, Val Acc=0.7832
Epoch 40/150: Train Loss=0.0539, Train Acc=0.9831, Val Acc=0.7814
Epoch 50/150: Train Loss=0.0313, Train Acc=0.9905, Val Acc=0.7892
Epoch 60/150: Train Loss=0.0279, Train Acc=0.9915, Val Acc=0.7902
Early stopping at epoch 62
shadow 3/16: training on D_r + 213 of D_f
Epoch 10/150: Train Loss=0.8151, Train Acc=0.7349, Val Acc=0.6962
Epoch 20/150: Train Loss=0.4490, Train Acc=0.8499, Val Acc=0.7430
Epoch 30/150: Train Loss=0.1641, Train Acc=0.9446, Val Acc=0.7798
Epoch 40/150: Train Loss=0.0498, Train Acc=0.9847, Val Acc=0.7964
Epoch 50/150: Train Loss=0.0297, Train Acc=0.9911, Val Acc=0.7972
Epoch 60/150: Train Loss=0.0224, Train Acc=0.9933, Val Acc=0.7968
Epoch 70/150: Train Loss=0.0228, Train Acc=0.9929, Val Acc=0.8006
Epoch 80/150: Train Loss=0.0216, Train Acc=0.9934, Val Acc=0.7964
Epoch 90/150: Train Loss=0.0209, Train Acc=0.9935, Val Acc=0.7992
Early stopping at epoch 91
shadow 4/16: training on D_r + 208 of D_f
Epoch 10/150: Train Loss=0.8088, Train Acc=0.7365, Val Acc=0.6692
Epoch 20/150: Train Loss=0.4392, Train Acc=0.8521, Val Acc=0.7484
Epoch 30/150: Train Loss=0.1315, Train Acc=0.9560, Val Acc=0.7856
Epoch 40/150: Train Loss=0.0584, Train Acc=0.9812, Val Acc=0.7930
Epoch 50/150: Train Loss=0.0321, Train Acc=0.9897, Val Acc=0.8016
Epoch 60/150: Train Loss=0.0265, Train Acc=0.9917, Val Acc=0.7994
Early stopping at epoch 65
shadow 5/16: training on D_r + 228 of D_f
Epoch 10/150: Train Loss=0.8163, Train Acc=0.7331, Val Acc=0.7014
Epoch 20/150: Train Loss=0.4460, Train Acc=0.8504, Val Acc=0.7504
Epoch 30/150: Train Loss=0.1269, Train Acc=0.9580, Val Acc=0.7902
Epoch 40/150: Train Loss=0.0533, Train Acc=0.9823, Val Acc=0.7944
Epoch 50/150: Train Loss=0.0405, Train Acc=0.9878, Val Acc=0.7938
Epoch 60/150: Train Loss=0.0329, Train Acc=0.9895, Val Acc=0.7930
Epoch 70/150: Train Loss=0.0330, Train Acc=0.9896, Val Acc=0.7960
Early stopping at epoch 79
shadow 6/16: training on D_r + 229 of D_f
Epoch 10/150: Train Loss=0.7995, Train Acc=0.7389, Val Acc=0.6986
Epoch 20/150: Train Loss=0.4303, Train Acc=0.8564, Val Acc=0.7418
Epoch 30/150: Train Loss=0.1542, Train Acc=0.9466, Val Acc=0.7838
Epoch 40/150: Train Loss=0.0482, Train Acc=0.9843, Val Acc=0.8000
Epoch 50/150: Train Loss=0.0291, Train Acc=0.9910, Val Acc=0.8026
Epoch 60/150: Train Loss=0.0241, Train Acc=0.9929, Val Acc=0.8028
Early stopping at epoch 63
shadow 7/16: training on D_r + 244 of D_f
Epoch 10/150: Train Loss=0.8076, Train Acc=0.7350, Val Acc=0.6998
Epoch 20/150: Train Loss=0.4393, Train Acc=0.8528, Val Acc=0.7304
Epoch 30/150: Train Loss=0.1500, Train Acc=0.9495, Val Acc=0.7866
Epoch 40/150: Train Loss=0.0646, Train Acc=0.9775, Val Acc=0.7932
Epoch 50/150: Train Loss=0.0244, Train Acc=0.9925, Val Acc=0.8038
Epoch 60/150: Train Loss=0.0187, Train Acc=0.9943, Val Acc=0.8030
Epoch 70/150: Train Loss=0.0161, Train Acc=0.9951, Val Acc=0.8074
Epoch 80/150: Train Loss=0.0150, Train Acc=0.9955, Val Acc=0.8074
Early stopping at epoch 80
shadow 8/16: training on D_r + 237 of D_f
Epoch 10/150: Train Loss=0.7897, Train Acc=0.7402, Val Acc=0.7014
Epoch 20/150: Train Loss=0.4264, Train Acc=0.8576, Val Acc=0.7520
Epoch 30/150: Train Loss=0.1577, Train Acc=0.9463, Val Acc=0.7798
Epoch 40/150: Train Loss=0.0490, Train Acc=0.9844, Val Acc=0.7918
Epoch 50/150: Train Loss=0.0291, Train Acc=0.9907, Val Acc=0.7972
Epoch 60/150: Train Loss=0.0218, Train Acc=0.9933, Val Acc=0.7948
Early stopping at epoch 63
shadow 9/16: training on D_r + 221 of D_f
Epoch 10/150: Train Loss=0.8125, Train Acc=0.7348, Val Acc=0.6978
Epoch 20/150: Train Loss=0.4366, Train Acc=0.8533, Val Acc=0.7438
Epoch 30/150: Train Loss=0.1620, Train Acc=0.9444, Val Acc=0.7720
Epoch 40/150: Train Loss=0.0512, Train Acc=0.9836, Val Acc=0.7852
Epoch 50/150: Train Loss=0.0288, Train Acc=0.9914, Val Acc=0.7910
Early stopping at epoch 59
shadow 10/16: training on D_r + 210 of D_f
Epoch 10/150: Train Loss=0.8186, Train Acc=0.7313, Val Acc=0.7006
Epoch 20/150: Train Loss=0.4451, Train Acc=0.8495, Val Acc=0.7440
Epoch 30/150: Train Loss=0.1247, Train Acc=0.9585, Val Acc=0.7848
Epoch 40/150: Train Loss=0.0569, Train Acc=0.9809, Val Acc=0.7920
Epoch 50/150: Train Loss=0.0379, Train Acc=0.9882, Val Acc=0.7882
Epoch 60/150: Train Loss=0.0320, Train Acc=0.9908, Val Acc=0.7920
Epoch 70/150: Train Loss=0.0302, Train Acc=0.9910, Val Acc=0.7892
Early stopping at epoch 72
shadow 11/16: training on D_r + 246 of D_f
Epoch 10/150: Train Loss=0.8027, Train Acc=0.7394, Val Acc=0.6936
Epoch 20/150: Train Loss=0.4348, Train Acc=0.8545, Val Acc=0.7548
Epoch 30/150: Train Loss=0.1150, Train Acc=0.9608, Val Acc=0.7890
Epoch 40/150: Train Loss=0.0514, Train Acc=0.9833, Val Acc=0.7920
Epoch 50/150: Train Loss=0.0349, Train Acc=0.9896, Val Acc=0.7902
Epoch 60/150: Train Loss=0.0296, Train Acc=0.9911, Val Acc=0.7930
Epoch 70/150: Train Loss=0.0280, Train Acc=0.9918, Val Acc=0.7930
Epoch 80/150: Train Loss=0.0252, Train Acc=0.9928, Val Acc=0.7922
Early stopping at epoch 82
shadow 12/16: training on D_r + 219 of D_f
Epoch 10/150: Train Loss=0.8106, Train Acc=0.7350, Val Acc=0.6918
Epoch 20/150: Train Loss=0.4389, Train Acc=0.8520, Val Acc=0.7506
Epoch 30/150: Train Loss=0.1611, Train Acc=0.9456, Val Acc=0.7718
Epoch 40/150: Train Loss=0.0494, Train Acc=0.9837, Val Acc=0.7920
Epoch 50/150: Train Loss=0.0267, Train Acc=0.9916, Val Acc=0.7880
Early stopping at epoch 54
shadow 13/16: training on D_r + 226 of D_f
Epoch 10/150: Train Loss=0.8243, Train Acc=0.7309, Val Acc=0.7008
Epoch 20/150: Train Loss=0.4515, Train Acc=0.8478, Val Acc=0.7576
Epoch 30/150: Train Loss=0.1674, Train Acc=0.9426, Val Acc=0.7726
Epoch 40/150: Train Loss=0.0481, Train Acc=0.9845, Val Acc=0.7964
Epoch 50/150: Train Loss=0.0303, Train Acc=0.9902, Val Acc=0.7916
Epoch 60/150: Train Loss=0.0212, Train Acc=0.9937, Val Acc=0.7944
Early stopping at epoch 61
shadow 14/16: training on D_r + 229 of D_f
Epoch 10/150: Train Loss=0.8165, Train Acc=0.7338, Val Acc=0.6892
Epoch 20/150: Train Loss=0.4430, Train Acc=0.8528, Val Acc=0.7336
Epoch 30/150: Train Loss=0.1177, Train Acc=0.9608, Val Acc=0.7850
Epoch 40/150: Train Loss=0.0575, Train Acc=0.9810, Val Acc=0.7872
Epoch 50/150: Train Loss=0.0334, Train Acc=0.9896, Val Acc=0.7922
Epoch 60/150: Train Loss=0.0276, Train Acc=0.9913, Val Acc=0.7924
Epoch 70/150: Train Loss=0.0274, Train Acc=0.9918, Val Acc=0.7912
Early stopping at epoch 74
shadow 15/16: training on D_r + 222 of D_f
Epoch 10/150: Train Loss=0.7977, Train Acc=0.7385, Val Acc=0.6782
Epoch 20/150: Train Loss=0.4355, Train Acc=0.8534, Val Acc=0.7468
Epoch 30/150: Train Loss=0.1574, Train Acc=0.9475, Val Acc=0.7802
Epoch 40/150: Train Loss=0.0471, Train Acc=0.9846, Val Acc=0.7952
Epoch 50/150: Train Loss=0.0272, Train Acc=0.9916, Val Acc=0.8004
Epoch 60/150: Train Loss=0.0212, Train Acc=0.9934, Val Acc=0.8016
Epoch 70/150: Train Loss=0.0187, Train Acc=0.9943, Val Acc=0.8048
Epoch 80/150: Train Loss=0.0189, Train Acc=0.9942, Val Acc=0.8030
Early stopping at epoch 89
baseline: unlearning 16 shadows
  AUC=96.71 TPR@1%FPR=36.00 bal.acc=89.00
finetune: unlearning 16 shadows
  AUC=94.54 TPR@1%FPR=34.00 bal.acc=83.78
ssd: unlearning 16 shadows
  AUC=80.65 TPR@1%FPR=6.22 bal.acc=73.56
badteacher: unlearning 16 shadows
  AUC=83.61 TPR@1%FPR=7.78 bal.acc=77.00
unsir: unlearning 16 shadows
  AUC=95.67 TPR@1%FPR=36.44 bal.acc=88.67
scrub: unlearning 16 shadows
  AUC=95.68 TPR@1%FPR=28.67 bal.acc=87.00
mmu: unlearning 16 shadows
  AUC=96.15 TPR@1%FPR=31.78 bal.acc=88.00
salun: unlearning 16 shadows
  AUC=75.43 TPR@1%FPR=6.00 bal.acc=70.00
uniclun: unlearning 16 shadows
  AUC=80.50 TPR@1%FPR=7.33 bal.acc=73.67
