loaded shared source and Amnesiac ledger
loaded shared Retrain reference
shadow 0/16: training on D_r + 227 of D_f
Epoch 10/150: Train Loss=0.7831, Train Acc=0.7425, Val Acc=0.7150
Epoch 20/150: Train Loss=0.3567, Train Acc=0.8792, Val Acc=0.7680
Epoch 30/150: Train Loss=0.0599, Train Acc=0.9807, Val Acc=0.7932
Epoch 40/150: Train Loss=0.0216, Train Acc=0.9934, Val Acc=0.8006
Epoch 50/150: Train Loss=0.0115, Train Acc=0.9968, Val Acc=0.8112
Epoch 60/150: Train Loss=0.0091, Train Acc=0.9978, Val Acc=0.8136
Epoch 70/150: Train Loss=0.0068, Train Acc=0.9986, Val Acc=0.8108
Epoch 80/150: Train Loss=0.0073, Train Acc=0.9981, Val Acc=0.8120
Early stopping at epoch 86
shadow 1/16: training on D_r + 222 of D_f
Epoch 10/150: Train Loss=0.7827, Train Acc=0.7431, Val Acc=0.7104
Epoch 20/150: Train Loss=0.3572, Train Acc=0.8780, Val Acc=0.7668
Epoch 30/150: Train Loss=0.0997, Train Acc=0.9657, Val Acc=0.7928
Epoch 40/150: Train Loss=0.0213, Train Acc=0.9936, Val Acc=0.8128
Epoch 50/150: Train Loss=0.0100, Train Acc=0.9972, Val Acc=0.8138
Epoch 60/150: Train Loss=0.0071, Train Acc=0.9982, Val Acc=0.8186
Epoch 70/150: Train Loss=0.0058, Train Acc=0.9986, Val Acc=0.8192
Epoch 80/150: Train Loss=0.0060, Train Acc=0.9986, Val Acc=0.8208
Epoch 90/150: Train Loss=0.0060, Train Acc=0.9986, Val Acc=0.8188
Early stopping at epoch 95
shadow 2/16: training on D_r + 219 of D_f
Epoch 10/150: Train Loss=0.7985, Train Acc=0.7392, Val Acc=0.6894
Epoch 20/150: Train Loss=0.3559, Train Acc=0.8796, Val Acc=0.7660
Epoch 30/150: Train Loss=0.0606, Train Acc=0.9799, Val Acc=0.7958
Epoch 40/150: Train Loss=0.0236, Train Acc=0.9930, Val Acc=0.8024
Epoch 50/150: Train Loss=0.0111, Train Acc=0.9971, Val Acc=0.8098
Epoch 60/150: Train Loss=0.0084, Train Acc=0.9981, Val Acc=0.8094
Early stopping at epoch 64
shadow 3/16: training on D_r + 213 of D_f
Epoch 10/150: Train Loss=0.7760, Train Acc=0.7460, Val Acc=0.7030
Epoch 20/150: Train Loss=0.3486, Train Acc=0.8818, Val Acc=0.7574
Epoch 30/150: Train Loss=0.0604, Train Acc=0.9793, Val Acc=0.7980
Epoch 40/150: Train Loss=0.0202, Train Acc=0.9941, Val Acc=0.7980
Epoch 50/150: Train Loss=0.0111, Train Acc=0.9971, Val Acc=0.8084
Epoch 60/150: Train Loss=0.0093, Train Acc=0.9976, Val Acc=0.8068
Early stopping at epoch 66
shadow 4/16: training on D_r + 208 of D_f
Epoch 10/150: Train Loss=0.7746, Train Acc=0.7480, Val Acc=0.6838
Epoch 20/150: Train Loss=0.3514, Train Acc=0.8805, Val Acc=0.7568
Epoch 30/150: Train Loss=0.0593, Train Acc=0.9803, Val Acc=0.7970
Epoch 40/150: Train Loss=0.0187, Train Acc=0.9941, Val Acc=0.8082
Epoch 50/150: Train Loss=0.0108, Train Acc=0.9972, Val Acc=0.8108
Epoch 60/150: Train Loss=0.0086, Train Acc=0.9976, Val Acc=0.8132
Epoch 70/150: Train Loss=0.0075, Train Acc=0.9981, Val Acc=0.8146
Early stopping at epoch 72
shadow 5/16: training on D_r + 228 of D_f
Epoch 10/150: Train Loss=0.8054, Train Acc=0.7365, Val Acc=0.7004
Epoch 20/150: Train Loss=0.3601, Train Acc=0.8776, Val Acc=0.7628
Epoch 30/150: Train Loss=0.0593, Train Acc=0.9812, Val Acc=0.7948
Epoch 40/150: Train Loss=0.0230, Train Acc=0.9927, Val Acc=0.7946
Epoch 50/150: Train Loss=0.0113, Train Acc=0.9969, Val Acc=0.8046
Epoch 60/150: Train Loss=0.0077, Train Acc=0.9980, Val Acc=0.8076
Epoch 70/150: Train Loss=0.0078, Train Acc=0.9979, Val Acc=0.8050
Early stopping at epoch 75
shadow 6/16: training on D_r + 229 of D_f
Epoch 10/150: Train Loss=0.7819, Train Acc=0.7426, Val Acc=0.6710
Epoch 20/150: Train Loss=0.3561, Train Acc=0.8790, Val Acc=0.7682
Epoch 30/150: Train Loss=0.0584, Train Acc=0.9814, Val Acc=0.8012
Epoch 40/150: Train Loss=0.0211, Train Acc=0.9939, Val Acc=0.8040
Epoch 50/150: Train Loss=0.0120, Train Acc=0.9964, Val Acc=0.8070
Epoch 60/150: Train Loss=0.0095, Train Acc=0.9975, Val Acc=0.8086
Epoch 70/150: Train Loss=0.0086, Train Acc=0.9979, Val Acc=0.8082
Epoch 80/150: Train Loss=0.0082, Train Acc=0.9981, Val Acc=0.8084
Early stopping at epoch 82
shadow 7/16: training on D_r + 244 of D_f
Epoch 10/150: Train Loss=0.7831, Train Acc=0.7452, Val Acc=0.6958
Epoch 20/150: Train Loss=0.2484, Train Acc=0.9173, Val Acc=0.7872
Epoch 30/150: Train Loss=0.0651, Train Acc=0.9791, Val Acc=0.7996
Epoch 40/150: Train Loss=0.0202, Train Acc=0.9942, Val Acc=0.8060
Epoch 50/150: Train Loss=0.0137, Train Acc=0.9961, Val Acc=0.8056
Epoch 60/150: Train Loss=0.0115, Train Acc=0.9971, Val Acc=0.8054
Epoch 70/150: Train Loss=0.0104, Train Acc=0.9974, Val Acc=0.8058
Early stopping at epoch 77
shadow 8/16: training on D_r + 237 of D_f
Epoch 10/150: Train Loss=0.8065, Train Acc=0.7339, Val Acc=0.6858
Epoch 20/150: Train Loss=0.3668, Train Acc=0.8768, Val Acc=0.7624
Epoch 30/150: Train Loss=0.0985, Train Acc=0.9662, Val Acc=0.8014
Epoch 40/150: Train Loss=0.0213, Train Acc=0.9935, Val Acc=0.8136
Epoch 50/150: Train Loss=0.0099, Train Acc=0.9973, Val Acc=0.8144
Epoch 60/150: Train Loss=0.0067, Train Acc=0.9984, Val Acc=0.8142
Early stopping at epoch 66
shadow 9/16: training on D_r + 221 of D_f
Epoch 10/150: Train Loss=0.7782, Train Acc=0.7456, Val Acc=0.7138
Epoch 20/150: Train Loss=0.2528, Train Acc=0.9154, Val Acc=0.7850
Epoch 30/150: Train Loss=0.0654, Train Acc=0.9778, Val Acc=0.8018
Epoch 40/150: Train Loss=0.0204, Train Acc=0.9940, Val Acc=0.8078
Epoch 50/150: Train Loss=0.0125, Train Acc=0.9967, Val Acc=0.8088
Epoch 60/150: Train Loss=0.0102, Train Acc=0.9977, Val Acc=0.8124
Epoch 70/150: Train Loss=0.0102, Train Acc=0.9975, Val Acc=0.8100
Early stopping at epoch 75
shadow 10/16: training on D_r + 210 of D_f
Epoch 10/150: Train Loss=0.7885, Train Acc=0.7428, Val Acc=0.6996
Epoch 20/150: Train Loss=0.3611, Train Acc=0.8757, Val Acc=0.7710
Epoch 30/150: Train Loss=0.0597, Train Acc=0.9804, Val Acc=0.8074
Epoch 40/150: Train Loss=0.0213, Train Acc=0.9937, Val Acc=0.8098
Epoch 50/150: Train Loss=0.0110, Train Acc=0.9967, Val Acc=0.8154
Epoch 60/150: Train Loss=0.0088, Train Acc=0.9977, Val Acc=0.8146
Epoch 70/150: Train Loss=0.0080, Train Acc=0.9979, Val Acc=0.8164
Early stopping at epoch 79
shadow 11/16: training on D_r + 246 of D_f
Epoch 10/150: Train Loss=0.7760, Train Acc=0.7461, Val Acc=0.6952
Epoch 20/150: Train Loss=0.3447, Train Acc=0.8827, Val Acc=0.7654
Epoch 30/150: Train Loss=0.0866, Train Acc=0.9711, Val Acc=0.7910
Epoch 40/150: Train Loss=0.0208, Train Acc=0.9935, Val Acc=0.8132
Epoch 50/150: Train Loss=0.0101, Train Acc=0.9972, Val Acc=0.8126
Epoch 60/150: Train Loss=0.0069, Train Acc=0.9981, Val Acc=0.8114
Epoch 70/150: Train Loss=0.0058, Train Acc=0.9985, Val Acc=0.8138
Epoch 80/150: Train Loss=0.0058, Train Acc=0.9985, Val Acc=0.8154
Early stopping at epoch 81
shadow 12/16: training on D_r + 219 of D_f
Epoch 10/150: Train Loss=0.7996, Train Acc=0.7361, Val Acc=0.7112
Epoch 20/150: Train Loss=0.3704, Train Acc=0.8739, Val Acc=0.7500
Epoch 30/150: Train Loss=0.1009, Train Acc=0.9656, Val Acc=0.7888
Epoch 40/150: Train Loss=0.0217, Train Acc=0.9934, Val Acc=0.8114
Epoch 50/150: Train Loss=0.0103, Train Acc=0.9971, Val Acc=0.8072
Epoch 60/150: Train Loss=0.0081, Train Acc=0.9978, Val Acc=0.8100
Epoch 70/150: Train Loss=0.0070, Train Acc=0.9982, Val Acc=0.8116
Epoch 80/150: Train Loss=0.0071, Train Acc=0.9982, Val Acc=0.8104
Early stopping at epoch 82
shadow 13/16: training on D_r + 226 of D_f
Epoch 10/150: Train Loss=0.7812, Train Acc=0.7446, Val Acc=0.6960
Epoch 20/150: Train Loss=0.2367, Train Acc=0.9201, Val Acc=0.7868
Epoch 30/150: Train Loss=0.0690, Train Acc=0.9769, Val Acc=0.8010
Epoch 40/150: Train Loss=0.0204, Train Acc=0.9941, Val Acc=0.8032
Epoch 50/150: Train Loss=0.0126, Train Acc=0.9968, Val Acc=0.8036
Epoch 60/150: Train Loss=0.0112, Train Acc=0.9971, Val Acc=0.8032
Epoch 70/150: Train Loss=0.0101, Train Acc=0.9975, Val Acc=0.8052
Early stopping at epoch 71
shadow 14/16: training on D_r + 229 of D_f
Epoch 10/150: Train Loss=0.7698, Train Acc=0.7456, Val Acc=0.6980
Epoch 20/150: Train Loss=0.2531, Train Acc=0.9141, Val Acc=0.7924
Epoch 30/150: Train Loss=0.0647, Train Acc=0.9784, Val Acc=0.8016
Epoch 40/150: Train Loss=0.0226, Train Acc=0.9933, Val Acc=0.8118
Epoch 50/150: Train Loss=0.0124, Train Acc=0.9966, Val Acc=0.8164
Epoch 60/150: Train Loss=0.0104, Train Acc=0.9976, Val Acc=0.8166
Epoch 70/150: Train Loss=0.0093, Train Acc=0.9977, Val Acc=0.8166
Epoch 80/150: Train Loss=0.0089, Train Acc=0.9977, Val Acc=0.8136
Early stopping at epoch 89
shadow 15/16: training on D_r + 222 of D_f
Epoch 10/150: Train Loss=0.7946, Train Acc=0.7405, Val Acc=0.7088
Epoch 20/150: Train Loss=0.3573, Train Acc=0.8792, Val Acc=0.7542
Epoch 30/150: Train Loss=0.0586, Train Acc=0.9810, Val Acc=0.7990
Epoch 40/150: Train Loss=0.0235, Train Acc=0.9928, Val Acc=0.7994
Epoch 50/150: Train Loss=0.0118, Train Acc=0.9968, Val Acc=0.8050
Early stopping at epoch 52
baseline: unlearning 16 shadows
  AUC=98.96 TPR@1%FPR=70.56 bal.acc=92.22
finetune: unlearning 16 shadows
  AUC=99.09 TPR@1%FPR=77.89 bal.acc=94.11
ssd: unlearning 16 shadows
  AUC=80.39 TPR@1%FPR=4.22 bal.acc=74.78
badteacher: unlearning 16 shadows
  AUC=87.56 TPR@1%FPR=11.56 bal.acc=80.78
unsir: unlearning 16 shadows
  AUC=98.10 TPR@1%FPR=60.89 bal.acc=89.78
scrub: unlearning 16 shadows
  AUC=98.81 TPR@1%FPR=66.93 bal.acc=91.33
mmu: unlearning 16 shadows
  AUC=95.96 TPR@1%FPR=47.56 bal.acc=83.11
salun: unlearning 16 shadows
  AUC=86.01 TPR@1%FPR=20.22 bal.acc=77.00
uniclun: unlearning 16 shadows
  AUC=85.04 TPR@1%FPR=20.67 bal.acc=76.33
