loaded shared source and Amnesiac ledger
loaded shared Retrain reference
shadow 0/16: training on D_r + 2272 of D_f
Epoch 10/150: Train Loss=1.1897, Train Acc=0.6526, Val Acc=0.5820
Epoch 20/150: Train Loss=0.4540, Train Acc=0.8543, Val Acc=0.6532
Epoch 30/150: Train Loss=0.0606, Train Acc=0.9847, Val Acc=0.6912
Epoch 40/150: Train Loss=0.0238, Train Acc=0.9951, Val Acc=0.6922
Epoch 50/150: Train Loss=0.0118, Train Acc=0.9980, Val Acc=0.7006
Early stopping at epoch 54
shadow 1/16: training on D_r + 2211 of D_f
Epoch 10/150: Train Loss=1.1622, Train Acc=0.6584, Val Acc=0.5710
Epoch 20/150: Train Loss=0.4365, Train Acc=0.8591, Val Acc=0.6548
Epoch 30/150: Train Loss=0.0591, Train Acc=0.9845, Val Acc=0.6880
Epoch 40/150: Train Loss=0.0198, Train Acc=0.9958, Val Acc=0.6986
Epoch 50/150: Train Loss=0.0111, Train Acc=0.9981, Val Acc=0.6978
Epoch 60/150: Train Loss=0.0088, Train Acc=0.9990, Val Acc=0.7014
Early stopping at epoch 69
shadow 2/16: training on D_r + 2218 of D_f
Epoch 10/150: Train Loss=1.1489, Train Acc=0.6618, Val Acc=0.6094
Epoch 20/150: Train Loss=0.2850, Train Acc=0.9105, Val Acc=0.6808
Epoch 30/150: Train Loss=0.0711, Train Acc=0.9807, Val Acc=0.6916
Epoch 40/150: Train Loss=0.0228, Train Acc=0.9953, Val Acc=0.7036
Epoch 50/150: Train Loss=0.0148, Train Acc=0.9975, Val Acc=0.7028
Epoch 60/150: Train Loss=0.0127, Train Acc=0.9982, Val Acc=0.7070
Epoch 70/150: Train Loss=0.0118, Train Acc=0.9982, Val Acc=0.7046
Early stopping at epoch 72
shadow 3/16: training on D_r + 2267 of D_f
Epoch 10/150: Train Loss=1.1472, Train Acc=0.6615, Val Acc=0.6034
Epoch 20/150: Train Loss=0.2945, Train Acc=0.9088, Val Acc=0.6898
Epoch 30/150: Train Loss=0.0622, Train Acc=0.9833, Val Acc=0.6970
Epoch 40/150: Train Loss=0.0200, Train Acc=0.9963, Val Acc=0.7170
Epoch 50/150: Train Loss=0.0120, Train Acc=0.9979, Val Acc=0.7150
Early stopping at epoch 55
shadow 4/16: training on D_r + 2241 of D_f
Epoch 10/150: Train Loss=1.1756, Train Acc=0.6530, Val Acc=0.6012
Epoch 20/150: Train Loss=0.3002, Train Acc=0.9080, Val Acc=0.6852
Epoch 30/150: Train Loss=0.0657, Train Acc=0.9816, Val Acc=0.6898
Epoch 40/150: Train Loss=0.0206, Train Acc=0.9959, Val Acc=0.7078
Epoch 50/150: Train Loss=0.0128, Train Acc=0.9979, Val Acc=0.7084
Epoch 60/150: Train Loss=0.0106, Train Acc=0.9984, Val Acc=0.7112
Epoch 70/150: Train Loss=0.0099, Train Acc=0.9986, Val Acc=0.7108
Epoch 80/150: Train Loss=0.0088, Train Acc=0.9989, Val Acc=0.7090
Early stopping at epoch 88
shadow 5/16: training on D_r + 2197 of D_f
Epoch 10/150: Train Loss=1.1602, Train Acc=0.6584, Val Acc=0.5810
Epoch 20/150: Train Loss=0.4428, Train Acc=0.8573, Val Acc=0.6484
Epoch 30/150: Train Loss=0.0594, Train Acc=0.9843, Val Acc=0.6950
Epoch 40/150: Train Loss=0.0207, Train Acc=0.9957, Val Acc=0.7036
Epoch 50/150: Train Loss=0.0132, Train Acc=0.9976, Val Acc=0.7024
Epoch 60/150: Train Loss=0.0101, Train Acc=0.9985, Val Acc=0.7054
Early stopping at epoch 67
shadow 6/16: training on D_r + 2294 of D_f
Epoch 10/150: Train Loss=1.1550, Train Acc=0.6571, Val Acc=0.5954
Epoch 20/150: Train Loss=0.2917, Train Acc=0.9096, Val Acc=0.6888
Epoch 30/150: Train Loss=0.0624, Train Acc=0.9838, Val Acc=0.7006
Epoch 40/150: Train Loss=0.0200, Train Acc=0.9962, Val Acc=0.7040
Epoch 50/150: Train Loss=0.0118, Train Acc=0.9982, Val Acc=0.7052
Epoch 60/150: Train Loss=0.0097, Train Acc=0.9986, Val Acc=0.7106
Epoch 70/150: Train Loss=0.0095, Train Acc=0.9985, Val Acc=0.7134
Epoch 80/150: Train Loss=0.0091, Train Acc=0.9988, Val Acc=0.7114
Epoch 90/150: Train Loss=0.0091, Train Acc=0.9987, Val Acc=0.7094
Early stopping at epoch 98
shadow 7/16: training on D_r + 2227 of D_f
Epoch 10/150: Train Loss=1.1377, Train Acc=0.6639, Val Acc=0.6080
Epoch 20/150: Train Loss=0.4265, Train Acc=0.8610, Val Acc=0.6594
Epoch 30/150: Train Loss=0.0515, Train Acc=0.9866, Val Acc=0.6920
Epoch 40/150: Train Loss=0.0194, Train Acc=0.9960, Val Acc=0.6982
Epoch 50/150: Train Loss=0.0095, Train Acc=0.9983, Val Acc=0.7048
Epoch 60/150: Train Loss=0.0075, Train Acc=0.9988, Val Acc=0.7078
Epoch 70/150: Train Loss=0.0067, Train Acc=0.9991, Val Acc=0.7092
Early stopping at epoch 71
shadow 8/16: training on D_r + 2243 of D_f
Epoch 10/150: Train Loss=1.1544, Train Acc=0.6588, Val Acc=0.6062
Epoch 20/150: Train Loss=0.4334, Train Acc=0.8604, Val Acc=0.6536
Epoch 30/150: Train Loss=0.0558, Train Acc=0.9862, Val Acc=0.6950
Epoch 40/150: Train Loss=0.0209, Train Acc=0.9953, Val Acc=0.7042
Epoch 50/150: Train Loss=0.0102, Train Acc=0.9982, Val Acc=0.7084
Epoch 60/150: Train Loss=0.0077, Train Acc=0.9990, Val Acc=0.7108
Early stopping at epoch 69
shadow 9/16: training on D_r + 2284 of D_f
Epoch 10/150: Train Loss=1.1526, Train Acc=0.6594, Val Acc=0.5964
Epoch 20/150: Train Loss=0.4267, Train Acc=0.8616, Val Acc=0.6530
Epoch 30/150: Train Loss=0.0549, Train Acc=0.9851, Val Acc=0.6928
Epoch 40/150: Train Loss=0.0176, Train Acc=0.9963, Val Acc=0.7024
Epoch 50/150: Train Loss=0.0114, Train Acc=0.9981, Val Acc=0.7044
Epoch 60/150: Train Loss=0.0089, Train Acc=0.9988, Val Acc=0.7064
Epoch 70/150: Train Loss=0.0081, Train Acc=0.9989, Val Acc=0.7060
Early stopping at epoch 73
shadow 10/16: training on D_r + 2272 of D_f
Epoch 10/150: Train Loss=1.1396, Train Acc=0.6633, Val Acc=0.5978
Epoch 20/150: Train Loss=0.2968, Train Acc=0.9069, Val Acc=0.6882
Epoch 30/150: Train Loss=0.0580, Train Acc=0.9854, Val Acc=0.6980
Epoch 40/150: Train Loss=0.0191, Train Acc=0.9965, Val Acc=0.7056
Epoch 50/150: Train Loss=0.0128, Train Acc=0.9977, Val Acc=0.7074
Epoch 60/150: Train Loss=0.0094, Train Acc=0.9986, Val Acc=0.7060
Epoch 70/150: Train Loss=0.0092, Train Acc=0.9984, Val Acc=0.7088
Early stopping at epoch 73
shadow 11/16: training on D_r + 2306 of D_f
Epoch 10/150: Train Loss=1.1510, Train Acc=0.6621, Val Acc=0.6038
Epoch 20/150: Train Loss=0.2824, Train Acc=0.9120, Val Acc=0.6838
Epoch 30/150: Train Loss=0.0564, Train Acc=0.9854, Val Acc=0.6874
Epoch 40/150: Train Loss=0.0179, Train Acc=0.9966, Val Acc=0.7014
Epoch 50/150: Train Loss=0.0117, Train Acc=0.9980, Val Acc=0.7066
Epoch 60/150: Train Loss=0.0096, Train Acc=0.9987, Val Acc=0.7078
Early stopping at epoch 68
shadow 12/16: training on D_r + 2214 of D_f
Epoch 10/150: Train Loss=1.1883, Train Acc=0.6512, Val Acc=0.5838
Epoch 20/150: Train Loss=0.4361, Train Acc=0.8578, Val Acc=0.6522
Epoch 30/150: Train Loss=0.0562, Train Acc=0.9856, Val Acc=0.6974
Epoch 40/150: Train Loss=0.0204, Train Acc=0.9959, Val Acc=0.6986
Epoch 50/150: Train Loss=0.0101, Train Acc=0.9982, Val Acc=0.7046
Epoch 60/150: Train Loss=0.0079, Train Acc=0.9989, Val Acc=0.7048
Epoch 70/150: Train Loss=0.0076, Train Acc=0.9989, Val Acc=0.7038
Epoch 80/150: Train Loss=0.0070, Train Acc=0.9992, Val Acc=0.7038
Early stopping at epoch 86
shadow 13/16: training on D_r + 2239 of D_f
Epoch 10/150: Train Loss=1.1738, Train Acc=0.6538, Val Acc=0.5880
Epoch 20/150: Train Loss=0.4425, Train Acc=0.8569, Val Acc=0.6336
Epoch 30/150: Train Loss=0.0562, Train Acc=0.9853, Val Acc=0.6968
Epoch 40/150: Train Loss=0.0225, Train Acc=0.9951, Val Acc=0.7012
Epoch 50/150: Train Loss=0.0112, Train Acc=0.9982, Val Acc=0.7058
Epoch 60/150: Train Loss=0.0086, Train Acc=0.9984, Val Acc=0.7074
Epoch 70/150: Train Loss=0.0071, Train Acc=0.9991, Val Acc=0.7090
Early stopping at epoch 72
shadow 14/16: training on D_r + 2278 of D_f
Epoch 10/150: Train Loss=1.2014, Train Acc=0.6496, Val Acc=0.5878
Epoch 20/150: Train Loss=0.4538, Train Acc=0.8541, Val Acc=0.6408
Epoch 30/150: Train Loss=0.0628, Train Acc=0.9837, Val Acc=0.6918
Epoch 40/150: Train Loss=0.0215, Train Acc=0.9958, Val Acc=0.7002
Epoch 50/150: Train Loss=0.0128, Train Acc=0.9977, Val Acc=0.7034
Epoch 60/150: Train Loss=0.0095, Train Acc=0.9989, Val Acc=0.7034
Epoch 70/150: Train Loss=0.0087, Train Acc=0.9989, Val Acc=0.7048
Early stopping at epoch 76
shadow 15/16: training on D_r + 2237 of D_f
Epoch 10/150: Train Loss=1.1595, Train Acc=0.6571, Val Acc=0.5910
Epoch 20/150: Train Loss=0.2946, Train Acc=0.9095, Val Acc=0.6828
Epoch 30/150: Train Loss=0.0648, Train Acc=0.9826, Val Acc=0.6900
Epoch 40/150: Train Loss=0.0193, Train Acc=0.9960, Val Acc=0.7064
Epoch 50/150: Train Loss=0.0122, Train Acc=0.9981, Val Acc=0.7080
Epoch 60/150: Train Loss=0.0095, Train Acc=0.9989, Val Acc=0.7090
Epoch 70/150: Train Loss=0.0091, Train Acc=0.9989, Val Acc=0.7068
Early stopping at epoch 74
baseline: unlearning 16 shadows
  AUC=93.05 TPR@1%FPR=48.38 bal.acc=83.69
finetune: unlearning 16 shadows
  AUC=92.15 TPR@1%FPR=46.78 bal.acc=82.76
ssd: unlearning 16 shadows
  AUC=88.66 TPR@1%FPR=41.71 bal.acc=78.23
badteacher: unlearning 16 shadows
  AUC=84.14 TPR@1%FPR=30.58 bal.acc=73.98
unsir: unlearning 16 shadows
  AUC=82.19 TPR@1%FPR=25.22 bal.acc=71.68
scrub: unlearning 16 shadows
  AUC=84.53 TPR@1%FPR=31.78 bal.acc=74.49
mmu: unlearning 16 shadows
  AUC=89.59 TPR@1%FPR=39.98 bal.acc=79.59
salun: unlearning 16 shadows
  AUC=73.82 TPR@1%FPR=1.36 bal.acc=69.88
uniclun: unlearning 16 shadows
  AUC=78.10 TPR@1%FPR=1.53 bal.acc=72.64
