V06 0 0.15900561137823388
V06 1 0.17189283872721717
V06 2 0.14371403079712763
V06 3 0.13454586261650547
V06 4 0.14044174522859976
RESULT class/seed42 V06 {'forget_acc': 93.30000000000001, 'retain_acc': 92.57777777777778, 'test_acc': 92.65, 'mia': 56.833333333333336, 'mia_auc': 57.51546666666667, 'kl_divergence': 0.035963521697725556, 'output_kl_divergence': 4.485442588283758}
V07 0 1.9363173861056566
V07 1 1.835334938019514
V07 2 1.7621744573116302
V07 3 1.5744846649467945
V07 4 1.5498157870024443
RESULT class/seed42 V07 {'forget_acc': 92.80000000000001, 'retain_acc': 92.72222222222221, 'test_acc': 92.73, 'mia': 57.37777777777777, 'mia_auc': 57.547777777777775, 'kl_divergence': 0.0359648824619374, 'output_kl_divergence': 4.490007003401495}
V08 0 0.700614171102643
V08 1 0.5711325416341424
V08 2 0.5220693862065673
V08 3 0.5074745183810592
V08 4 0.4961897893808782
RESULT class/seed42 V08 {'forget_acc': 94.39999999999999, 'retain_acc': 92.52222222222221, 'test_acc': 92.71000000000001, 'mia': 57.51111111111111, 'mia_auc': 57.96671111111111, 'kl_divergence': 0.03597491997076553, 'output_kl_divergence': 4.653683213671302}
V09 0 1.9515723083168268
V09 1 1.8506250027567148
V09 2 1.7392321731895208
V09 3 1.60155020467937
V09 4 1.562924874946475
RESULT class/seed42 V09 {'forget_acc': 92.0, 'retain_acc': 92.7, 'test_acc': 92.63, 'mia': 56.52222222222222, 'mia_auc': 57.02906666666667, 'kl_divergence': 0.03595819425179969, 'output_kl_divergence': 4.433055222414102}
V10 0 0.6820413181558251
V10 1 0.5666766772046685
V10 2 0.5290527665056288
V10 3 0.5184432198293507
V10 4 0.5064510544762015
RESULT class/seed42 V10 {'forget_acc': 93.8, 'retain_acc': 92.73333333333333, 'test_acc': 92.84, 'mia': 56.75, 'mia_auc': 57.44440000000001, 'kl_divergence': 0.03596612036856928, 'output_kl_divergence': 4.561331866653102}
V11 0 15.871882393956184
V11 1 4.187386021018028
V11 2 1.6058706976473331
V11 3 0.9747507609426975
V11 4 0.7379977651871741
RESULT class/seed42 V11 {'forget_acc': 93.2, 'retain_acc': 92.2, 'test_acc': 92.30000000000001, 'mia': 57.105555555555554, 'mia_auc': 57.67862222222222, 'kl_divergence': 0.03608897719548418, 'output_kl_divergence': 4.612285150084526}
V06 0 0.17325442336732522
V06 1 0.16616765200160444
V06 2 0.16146770701743662
V06 3 0.13559855555649847
V06 4 0.14522953616688028
V06 5 0.14965243224287406
V06 6 0.1412270357250236
V06 7 0.14040675363503397
V06 8 0.1455931171658449
V06 9 0.14013653091387823
RESULT class/seed43 V06 {'forget_acc': 94.0, 'retain_acc': 92.5111111111111, 'test_acc': 92.66, 'mia': 57.37777777777778, 'mia_auc': 57.62142222222222, 'kl_divergence': 0.005982037721060915, 'output_kl_divergence': 3.8586275395314407}
V07 0 1.76603302359581
V07 1 1.7775106094777584
V07 2 1.5520461648702621
V07 3 1.4820383805781603
V07 4 1.5144395232200623
V07 5 1.4682027380913496
V07 6 1.4888442065566778
V07 7 1.4297890067100525
V07 8 1.4961881842464209
V07 9 1.5597724374383688
RESULT class/seed43 V07 {'forget_acc': 92.9, 'retain_acc': 92.5111111111111, 'test_acc': 92.55, 'mia': 57.06111111111112, 'mia_auc': 57.8476, 'kl_divergence': 0.005991986074926334, 'output_kl_divergence': 3.7643877920831086}
V08 0 0.6151855485513806
V08 1 0.5120534589514136
V08 2 0.48031638795509934
V08 3 0.46750427642837167
V08 4 0.4648461793549359
V08 5 0.4569963179528713
V08 6 0.45928640896454453
V08 7 0.4487208491191268
V08 8 0.4555720752105117
V08 9 0.4527959320694208
RESULT class/seed43 V08 {'forget_acc': 94.39999999999999, 'retain_acc': 92.57777777777778, 'test_acc': 92.75999999999999, 'mia': 56.87777777777778, 'mia_auc': 57.79862222222222, 'kl_divergence': 0.005990442694809714, 'output_kl_divergence': 3.854090284390055}
V09 0 1.8152911849319935
V09 1 1.868774389848113
V09 2 1.6288810968399048
V09 3 1.5186569169163704
V09 4 1.5350034795701504
V09 5 1.5273552220314741
V09 6 1.5380644351243973
V09 7 1.4885177500545979
V09 8 1.4906104933470488
V09 9 1.4562274441123009
RESULT class/seed43 V09 {'forget_acc': 94.0, 'retain_acc': 92.71111111111111, 'test_acc': 92.84, 'mia': 57.52777777777778, 'mia_auc': 57.47888888888889, 'kl_divergence': 0.0059961627493495895, 'output_kl_divergence': 3.824231859984671}
V10 0 0.6018901807256043
V10 1 0.5137457614764571
V10 2 0.49376313015818596
V10 3 0.47385071171447635
V10 4 0.4741029255092144
V10 5 0.4675504290498793
V10 6 0.4607776249758899
V10 7 0.4566221199929714
V10 8 0.4516032771207392
V10 9 0.44888281216844916
RESULT class/seed43 V10 {'forget_acc': 94.69999999999999, 'retain_acc': 92.55555555555556, 'test_acc': 92.77, 'mia': 56.8, 'mia_auc': 57.89786666666667, 'kl_divergence': 0.00600217782298962, 'output_kl_divergence': 3.8788175734744708}
V11 0 14.546078138053417
V11 1 3.818399228155613
V11 2 1.5979845095425844
V11 3 1.0154907191172242
V11 4 0.7953316112980247
V11 5 0.5939578437246382
V11 6 0.5830176719464362
V11 7 0.4833183097653091
V11 8 0.5103212101384997
V11 9 0.49765963666141033
RESULT class/seed43 V11 {'forget_acc': 94.5, 'retain_acc': 92.21111111111111, 'test_acc': 92.44, 'mia': 57.13333333333333, 'mia_auc': 57.868177777777774, 'kl_divergence': 0.006125380993280979, 'output_kl_divergence': 3.9444489038673933}
V06 0 0.13808500935556367
V06 1 0.13602268451359123
V06 2 0.1480479333549738
V06 3 0.11715336231281981
V06 4 0.15588536020368338
V06 5 0.12822104076622054
V06 6 0.11666426376905292
V06 7 0.10690530191641301
V06 8 0.1417488342267461
V06 9 0.13938020926434547
RESULT class/seed44 V06 {'forget_acc': 91.9, 'retain_acc': 93.21111111111111, 'test_acc': 93.08, 'mia': 56.85555555555556, 'mia_auc': 57.84404444444444, 'kl_divergence': 0.00016813268910756044, 'output_kl_divergence': 3.8614530848090056}
V07 0 1.8892709128558636
V07 1 2.2241443265229464
V07 2 1.7312930505722761
V07 3 1.6026223916560411
V07 4 1.4814318176358938
V07 5 1.4614774212241173
V07 6 1.4916948452591896
V07 7 1.443922920152545
V07 8 1.4177813474088907
V07 9 1.4013341553509235
RESULT class/seed44 V07 {'forget_acc': 92.2, 'retain_acc': 93.04444444444444, 'test_acc': 92.96, 'mia': 57.47222222222222, 'mia_auc': 58.10808888888887, 'kl_divergence': 0.0001697745025413701, 'output_kl_divergence': 3.8791768163632434}
V08 0 0.6692685214802623
V08 1 0.5432776967063546
V08 2 0.5038000433705747
V08 3 0.4850886599160731
V08 4 0.4752593468874693
V08 5 0.46762801753357053
V08 6 0.46917296946048737
V08 7 0.46151098096743226
V08 8 0.4600419378839433
V08 9 0.4551346814259887
